?   	github.com/evmos/ethermint/api/ethermint/crypto/v1/ethsecp256k1	[no test files]
# github.com/keybase/go-keychain
cgo-gcc-prolog:57:11: warning: 'SecAccessCreate' is deprecated: first deprecated in macOS 10.10 - SecKeychain is deprecated [-Wdeprecated-declarations]
/Applications/Xcode.app/Contents/Developer/Platforms/MacOSX.platform/Developer/SDKs/MacOSX.sdk/System/Library/Frameworks/Security.framework/Headers/SecAccess.h:132:10: note: 'SecAccessCreate' has been explicitly marked deprecated here
cgo-gcc-prolog:83:11: warning: 'SecKeychainCreate' is deprecated: first deprecated in macOS 10.10 - SecKeychain is deprecated [-Wdeprecated-declarations]
/Applications/Xcode.app/Contents/Developer/Platforms/MacOSX.platform/Developer/SDKs/MacOSX.sdk/System/Library/Frameworks/Security.framework/Headers/SecKeychain.h:309:10: note: 'SecKeychainCreate' has been explicitly marked deprecated here
cgo-gcc-prolog:103:11: warning: 'SecKeychainGetStatus' is deprecated: first deprecated in macOS 10.10 - SecKeychain is deprecated [-Wdeprecated-declarations]
/Applications/Xcode.app/Contents/Developer/Platforms/MacOSX.platform/Developer/SDKs/MacOSX.sdk/System/Library/Frameworks/Security.framework/Headers/SecKeychain.h:462:10: note: 'SecKeychainGetStatus' has been explicitly marked deprecated here
cgo-gcc-prolog:122:11: warning: 'SecKeychainItemDelete' is deprecated: first deprecated in macOS 10.10 - SecKeychain is deprecated [-Wdeprecated-declarations]
/Applications/Xcode.app/Contents/Developer/Platforms/MacOSX.platform/Developer/SDKs/MacOSX.sdk/System/Library/Frameworks/Security.framework/Headers/SecKeychainItem.h:257:10: note: 'SecKeychainItemDelete' has been explicitly marked deprecated here
cgo-gcc-prolog:141:11: warning: 'SecKeychainLock' is deprecated: first deprecated in macOS 10.10 - SecKeychain is deprecated [-Wdeprecated-declarations]
/Applications/Xcode.app/Contents/Developer/Platforms/MacOSX.platform/Developer/SDKs/MacOSX.sdk/System/Library/Frameworks/Security.framework/Headers/SecKeychain.h:365:10: note: 'SecKeychainLock' has been explicitly marked deprecated here
cgo-gcc-prolog:161:11: warning: 'SecKeychainOpen' is deprecated: first deprecated in macOS 10.10 - SecKeychain is deprecated [-Wdeprecated-declarations]
/Applications/Xcode.app/Contents/Developer/Platforms/MacOSX.platform/Developer/SDKs/MacOSX.sdk/System/Library/Frameworks/Security.framework/Headers/SecKeychain.h:294:10: note: 'SecKeychainOpen' has been explicitly marked deprecated here
cgo-gcc-prolog:185:11: warning: 'SecKeychainUnlock' is deprecated: first deprecated in macOS 10.10 - SecKeychain is deprecated [-Wdeprecated-declarations]
/Applications/Xcode.app/Contents/Developer/Platforms/MacOSX.platform/Developer/SDKs/MacOSX.sdk/System/Library/Frameworks/Security.framework/Headers/SecKeychain.h:355:10: note: 'SecKeychainUnlock' has been explicitly marked deprecated here
cgo-gcc-prolog:205:11: warning: 'SecTrustedApplicationCreateFromPath' is deprecated: first deprecated in macOS 10.10 - SecKeychain is deprecated [-Wdeprecated-declarations]
/Applications/Xcode.app/Contents/Developer/Platforms/MacOSX.platform/Developer/SDKs/MacOSX.sdk/System/Library/Frameworks/Security.framework/Headers/SecTrustedApplication.h:61:10: note: 'SecTrustedApplicationCreateFromPath' has been explicitly marked deprecated here
# github.com/rjeczalik/notify
cgo-gcc-prolog:219:2: warning: 'FSEventStreamScheduleWithRunLoop' is deprecated: first deprecated in macOS 13.0 - Use FSEventStreamSetDispatchQueue instead. [-Wdeprecated-declarations]
/Applications/Xcode.app/Contents/Developer/Platforms/MacOSX.platform/Developer/SDKs/MacOSX.sdk/System/Library/Frameworks/CoreServices.framework/Frameworks/FSEvents.framework/Headers/FSEvents.h:1154:1: note: 'FSEventStreamScheduleWithRunLoop' has been explicitly marked deprecated here
?   	github.com/evmos/ethermint/api/ethermint/evm/v1	[no test files]
?   	github.com/evmos/ethermint/api/ethermint/feemarket/v1	[no test files]
?   	github.com/evmos/ethermint/api/ethermint/types/v1	[no test files]
?   	github.com/evmos/ethermint/app	[no test files]
?   	github.com/evmos/ethermint/client/debug	[no test files]
?   	github.com/evmos/ethermint/client/keys	[no test files]
?   	github.com/evmos/ethermint/crypto/codec	[no test files]
?   	github.com/evmos/ethermint/encoding/codec	[no test files]
--- FAIL: TestAnteTestSuite (5.70s)
    --- FAIL: TestAnteTestSuite/TestAnteHandler (0.55s)
        --- FAIL: TestAnteTestSuite/TestAnteHandler/success_-_DeliverTx_EIP712_signed_Cosmos_Tx_with_MsgSend (0.01s)
            ante_test.go:946: 
                	Error Trace:	/Users/keruch/Development/Dymension/ethermint/app/ante/ante_test.go:946
                	            				/Users/keruch/Go-workspace/pkg/mod/github.com/stretchr/testify@v1.9.0/suite/suite.go:115
                	Error:      	Received unexpected error:
                	            	
                	            	github.com/cosmos/cosmos-sdk/x/auth/ante.SigVerificationDecorator.AnteHandle
                	            		/Users/keruch/Go-workspace/pkg/mod/github.com/cosmos/cosmos-sdk@v0.50.11/x/auth/ante/sigverify.go:333
                	            	github.com/evmos/ethermint/app/ante.newCosmosAnteHandler.ChainAnteDecorators.func2
                	            		/Users/keruch/Go-workspace/pkg/mod/github.com/cosmos/cosmos-sdk@v0.50.11/types/handler.go:48
                	            	github.com/cosmos/cosmos-sdk/x/auth/ante.SigGasConsumeDecorator.AnteHandle
                	            		/Users/keruch/Go-workspace/pkg/mod/github.com/cosmos/cosmos-sdk@v0.50.11/x/auth/ante/sigverify.go:212
                	            	github.com/evmos/ethermint/app/ante.newCosmosAnteHandler.ChainAnteDecorators.func2
                	            		/Users/keruch/Go-workspace/pkg/mod/github.com/cosmos/cosmos-sdk@v0.50.11/types/handler.go:48
                	            	github.com/cosmos/cosmos-sdk/x/auth/ante.ValidateSigCountDecorator.AnteHandle
                	            		/Users/keruch/Go-workspace/pkg/mod/github.com/cosmos/cosmos-sdk@v0.50.11/x/auth/ante/sigverify.go:420
                	            	github.com/evmos/ethermint/app/ante.newCosmosAnteHandler.ChainAnteDecorators.func2
                	            		/Users/keruch/Go-workspace/pkg/mod/github.com/cosmos/cosmos-sdk@v0.50.11/types/handler.go:48
                	            	github.com/cosmos/cosmos-sdk/x/auth/ante.SetPubKeyDecorator.AnteHandle
                	            		/Users/keruch/Go-workspace/pkg/mod/github.com/cosmos/cosmos-sdk@v0.50.11/x/auth/ante/sigverify.go:141
                	            	github.com/evmos/ethermint/app/ante.newCosmosAnteHandler.ChainAnteDecorators.func2
                	            		/Users/keruch/Go-workspace/pkg/mod/github.com/cosmos/cosmos-sdk@v0.50.11/types/handler.go:48
                	            	github.com/cosmos/cosmos-sdk/x/auth/ante.DeductFeeDecorator.AnteHandle
                	            		/Users/keruch/Go-workspace/pkg/mod/github.com/cosmos/cosmos-sdk@v0.50.11/x/auth/ante/fee.go:70
                	            	github.com/evmos/ethermint/app/ante.newCosmosAnteHandler.ChainAnteDecorators.func2
                	            		/Users/keruch/Go-workspace/pkg/mod/github.com/cosmos/cosmos-sdk@v0.50.11/types/handler.go:48
                	            	github.com/cosmos/cosmos-sdk/x/auth/ante.ConsumeTxSizeGasDecorator.AnteHandle
                	            		/Users/keruch/Go-workspace/pkg/mod/github.com/cosmos/cosmos-sdk@v0.50.11/x/auth/ante/basic.go:153
                	            	github.com/evmos/ethermint/app/ante.newCosmosAnteHandler.ChainAnteDecorators.func2
                	            		/Users/keruch/Go-workspace/pkg/mod/github.com/cosmos/cosmos-sdk@v0.50.11/types/handler.go:48
                	            	github.com/cosmos/cosmos-sdk/x/auth/ante.ValidateMemoDecorator.AnteHandle
                	            		/Users/keruch/Go-workspace/pkg/mod/github.com/cosmos/cosmos-sdk@v0.50.11/x/auth/ante/basic.go:72
                	            	github.com/evmos/ethermint/app/ante.newCosmosAnteHandler.ChainAnteDecorators.func2
                	            		/Users/keruch/Go-workspace/pkg/mod/github.com/cosmos/cosmos-sdk@v0.50.11/types/handler.go:48
                	            	github.com/evmos/ethermint/app/ante.MinGasPriceDecorator.AnteHandle
                	            		/Users/keruch/Development/Dymension/ethermint/app/ante/fees.go:91
                	            	github.com/evmos/ethermint/app/ante.newCosmosAnteHandler.ChainAnteDecorators.func2
                	            		/Users/keruch/Go-workspace/pkg/mod/github.com/cosmos/cosmos-sdk@v0.50.11/types/handler.go:48
                	            	github.com/cosmos/cosmos-sdk/x/auth/ante.TxTimeoutHeightDecorator.AnteHandle
                	            		/Users/keruch/Go-workspace/pkg/mod/github.com/cosmos/cosmos-sdk@v0.50.11/x/auth/ante/basic.go:216
                	            	github.com/evmos/ethermint/app/ante.newCosmosAnteHandler.ChainAnteDecorators.func2
                	            		/Users/keruch/Go-workspace/pkg/mod/github.com/cosmos/cosmos-sdk@v0.50.11/types/handler.go:48
                	            	github.com/cosmos/cosmos-sdk/x/auth/ante.ValidateBasicDecorator.AnteHandle
                	            		/Users/keruch/Go-workspace/pkg/mod/github.com/cosmos/cosmos-sdk@v0.50.11/x/auth/ante/basic.go:39
                	            	github.com/evmos/ethermint/app/ante.newCosmosAnteHandler.ChainAnteDecorators.func2
                	            		/Users/keruch/Go-workspace/pkg/mod/github.com/cosmos/cosmos-sdk@v0.50.11/types/handler.go:48
                	            	github.com/cosmos/cosmos-sdk/x/auth/ante.RejectExtensionOptionsDecorator.AnteHandle
                	            		/Users/keruch/Go-workspace/pkg/mod/github.com/cosmos/cosmos-sdk@v0.50.11/x/auth/ante/ext.go:52
                	            	github.com/evmos/ethermint/app/ante.newCosmosAnteHandler.ChainAnteDecorators.func2
                	            		/Users/keruch/Go-workspace/pkg/mod/github.com/cosmos/cosmos-sdk@v0.50.11/types/handler.go:48
                	            	github.com/cosmos/cosmos-sdk/x/auth/ante.SetUpContextDecorator.AnteHandle
                	            		/Users/keruch/Go-workspace/pkg/mod/github.com/cosmos/cosmos-sdk@v0.50.11/x/auth/ante/setup.go:70
                	            	github.com/evmos/ethermint/app/ante.newCosmosAnteHandler.ChainAnteDecorators.func2
                	            		/Users/keruch/Go-workspace/pkg/mod/github.com/cosmos/cosmos-sdk@v0.50.11/types/handler.go:48
                	            	github.com/evmos/ethermint/app/ante.AuthzLimiterDecorator.AnteHandle
                	            		/Users/keruch/Development/Dymension/ethermint/app/ante/authz.go:54
                	            	github.com/evmos/ethermint/app/ante.newCosmosAnteHandler.ChainAnteDecorators.func2
                	            		/Users/keruch/Go-workspace/pkg/mod/github.com/cosmos/cosmos-sdk@v0.50.11/types/handler.go:48
                	            	github.com/evmos/ethermint/app/ante.RejectMessagesDecorator.AnteHandle
                	            		/Users/keruch/Development/Dymension/ethermint/app/ante/reject_msgs.go:40
                	            	github.com/evmos/ethermint/app/ante.newCosmosAnteHandler.ChainAnteDecorators.func2
                	            		/Users/keruch/Go-workspace/pkg/mod/github.com/cosmos/cosmos-sdk@v0.50.11/types/handler.go:48
                	            	github.com/evmos/ethermint/app/ante.NewAnteHandler.func1
                	            		/Users/keruch/Development/Dymension/ethermint/app/ante/ante.go:89
                	            	github.com/evmos/ethermint/app/ante_test.(*AnteTestSuite).TestAnteHandler.func48
                	            		/Users/keruch/Development/Dymension/ethermint/app/ante/ante_test.go:941
                	            	github.com/stretchr/testify/suite.(*Suite).Run.func1
                	            		/Users/keruch/Go-workspace/pkg/mod/github.com/stretchr/testify@v1.9.0/suite/suite.go:115
                	            	signature verification failed; please verify account number (0) and chain-id (ethermint_9000-1): (unable to verify single signer signature): unauthorized
                	Test:       	TestAnteTestSuite/TestAnteHandler/success_-_DeliverTx_EIP712_signed_Cosmos_Tx_with_MsgSend
        --- FAIL: TestAnteTestSuite/TestAnteHandler/success_-_DeliverTx_EIP712_signed_Cosmos_Tx_with_DelegateMsg (0.01s)
            ante_test.go:946: 
                	Error Trace:	/Users/keruch/Development/Dymension/ethermint/app/ante/ante_test.go:946
                	            				/Users/keruch/Go-workspace/pkg/mod/github.com/stretchr/testify@v1.9.0/suite/suite.go:115
                	Error:      	Received unexpected error:
                	            	
                	            	github.com/cosmos/cosmos-sdk/x/auth/ante.SigVerificationDecorator.AnteHandle
                	            		/Users/keruch/Go-workspace/pkg/mod/github.com/cosmos/cosmos-sdk@v0.50.11/x/auth/ante/sigverify.go:333
                	            	github.com/evmos/ethermint/app/ante.newCosmosAnteHandler.ChainAnteDecorators.func2
                	            		/Users/keruch/Go-workspace/pkg/mod/github.com/cosmos/cosmos-sdk@v0.50.11/types/handler.go:48
                	            	github.com/cosmos/cosmos-sdk/x/auth/ante.SigGasConsumeDecorator.AnteHandle
                	            		/Users/keruch/Go-workspace/pkg/mod/github.com/cosmos/cosmos-sdk@v0.50.11/x/auth/ante/sigverify.go:212
                	            	github.com/evmos/ethermint/app/ante.newCosmosAnteHandler.ChainAnteDecorators.func2
                	            		/Users/keruch/Go-workspace/pkg/mod/github.com/cosmos/cosmos-sdk@v0.50.11/types/handler.go:48
                	            	github.com/cosmos/cosmos-sdk/x/auth/ante.ValidateSigCountDecorator.AnteHandle
                	            		/Users/keruch/Go-workspace/pkg/mod/github.com/cosmos/cosmos-sdk@v0.50.11/x/auth/ante/sigverify.go:420
                	            	github.com/evmos/ethermint/app/ante.newCosmosAnteHandler.ChainAnteDecorators.func2
                	            		/Users/keruch/Go-workspace/pkg/mod/github.com/cosmos/cosmos-sdk@v0.50.11/types/handler.go:48
                	            	github.com/cosmos/cosmos-sdk/x/auth/ante.SetPubKeyDecorator.AnteHandle
                	            		/Users/keruch/Go-workspace/pkg/mod/github.com/cosmos/cosmos-sdk@v0.50.11/x/auth/ante/sigverify.go:141
                	            	github.com/evmos/ethermint/app/ante.newCosmosAnteHandler.ChainAnteDecorators.func2
                	            		/Users/keruch/Go-workspace/pkg/mod/github.com/cosmos/cosmos-sdk@v0.50.11/types/handler.go:48
                	            	github.com/cosmos/cosmos-sdk/x/auth/ante.DeductFeeDecorator.AnteHandle
                	            		/Users/keruch/Go-workspace/pkg/mod/github.com/cosmos/cosmos-sdk@v0.50.11/x/auth/ante/fee.go:70
                	            	github.com/evmos/ethermint/app/ante.newCosmosAnteHandler.ChainAnteDecorators.func2
                	            		/Users/keruch/Go-workspace/pkg/mod/github.com/cosmos/cosmos-sdk@v0.50.11/types/handler.go:48
                	            	github.com/cosmos/cosmos-sdk/x/auth/ante.ConsumeTxSizeGasDecorator.AnteHandle
                	            		/Users/keruch/Go-workspace/pkg/mod/github.com/cosmos/cosmos-sdk@v0.50.11/x/auth/ante/basic.go:153
                	            	github.com/evmos/ethermint/app/ante.newCosmosAnteHandler.ChainAnteDecorators.func2
                	            		/Users/keruch/Go-workspace/pkg/mod/github.com/cosmos/cosmos-sdk@v0.50.11/types/handler.go:48
                	            	github.com/cosmos/cosmos-sdk/x/auth/ante.ValidateMemoDecorator.AnteHandle
                	            		/Users/keruch/Go-workspace/pkg/mod/github.com/cosmos/cosmos-sdk@v0.50.11/x/auth/ante/basic.go:72
                	            	github.com/evmos/ethermint/app/ante.newCosmosAnteHandler.ChainAnteDecorators.func2
                	            		/Users/keruch/Go-workspace/pkg/mod/github.com/cosmos/cosmos-sdk@v0.50.11/types/handler.go:48
                	            	github.com/evmos/ethermint/app/ante.MinGasPriceDecorator.AnteHandle
                	            		/Users/keruch/Development/Dymension/ethermint/app/ante/fees.go:91
                	            	github.com/evmos/ethermint/app/ante.newCosmosAnteHandler.ChainAnteDecorators.func2
                	            		/Users/keruch/Go-workspace/pkg/mod/github.com/cosmos/cosmos-sdk@v0.50.11/types/handler.go:48
                	            	github.com/cosmos/cosmos-sdk/x/auth/ante.TxTimeoutHeightDecorator.AnteHandle
                	            		/Users/keruch/Go-workspace/pkg/mod/github.com/cosmos/cosmos-sdk@v0.50.11/x/auth/ante/basic.go:216
                	            	github.com/evmos/ethermint/app/ante.newCosmosAnteHandler.ChainAnteDecorators.func2
                	            		/Users/keruch/Go-workspace/pkg/mod/github.com/cosmos/cosmos-sdk@v0.50.11/types/handler.go:48
                	            	github.com/cosmos/cosmos-sdk/x/auth/ante.ValidateBasicDecorator.AnteHandle
                	            		/Users/keruch/Go-workspace/pkg/mod/github.com/cosmos/cosmos-sdk@v0.50.11/x/auth/ante/basic.go:39
                	            	github.com/evmos/ethermint/app/ante.newCosmosAnteHandler.ChainAnteDecorators.func2
                	            		/Users/keruch/Go-workspace/pkg/mod/github.com/cosmos/cosmos-sdk@v0.50.11/types/handler.go:48
                	            	github.com/cosmos/cosmos-sdk/x/auth/ante.RejectExtensionOptionsDecorator.AnteHandle
                	            		/Users/keruch/Go-workspace/pkg/mod/github.com/cosmos/cosmos-sdk@v0.50.11/x/auth/ante/ext.go:52
                	            	github.com/evmos/ethermint/app/ante.newCosmosAnteHandler.ChainAnteDecorators.func2
                	            		/Users/keruch/Go-workspace/pkg/mod/github.com/cosmos/cosmos-sdk@v0.50.11/types/handler.go:48
                	            	github.com/cosmos/cosmos-sdk/x/auth/ante.SetUpContextDecorator.AnteHandle
                	            		/Users/keruch/Go-workspace/pkg/mod/github.com/cosmos/cosmos-sdk@v0.50.11/x/auth/ante/setup.go:70
                	            	github.com/evmos/ethermint/app/ante.newCosmosAnteHandler.ChainAnteDecorators.func2
                	            		/Users/keruch/Go-workspace/pkg/mod/github.com/cosmos/cosmos-sdk@v0.50.11/types/handler.go:48
                	            	github.com/evmos/ethermint/app/ante.AuthzLimiterDecorator.AnteHandle
                	            		/Users/keruch/Development/Dymension/ethermint/app/ante/authz.go:54
                	            	github.com/evmos/ethermint/app/ante.newCosmosAnteHandler.ChainAnteDecorators.func2
                	            		/Users/keruch/Go-workspace/pkg/mod/github.com/cosmos/cosmos-sdk@v0.50.11/types/handler.go:48
                	            	github.com/evmos/ethermint/app/ante.RejectMessagesDecorator.AnteHandle
                	            		/Users/keruch/Development/Dymension/ethermint/app/ante/reject_msgs.go:40
                	            	github.com/evmos/ethermint/app/ante.newCosmosAnteHandler.ChainAnteDecorators.func2
                	            		/Users/keruch/Go-workspace/pkg/mod/github.com/cosmos/cosmos-sdk@v0.50.11/types/handler.go:48
                	            	github.com/evmos/ethermint/app/ante.NewAnteHandler.func1
                	            		/Users/keruch/Development/Dymension/ethermint/app/ante/ante.go:89
                	            	github.com/evmos/ethermint/app/ante_test.(*AnteTestSuite).TestAnteHandler.func48
                	            		/Users/keruch/Development/Dymension/ethermint/app/ante/ante_test.go:941
                	            	github.com/stretchr/testify/suite.(*Suite).Run.func1
                	            		/Users/keruch/Go-workspace/pkg/mod/github.com/stretchr/testify@v1.9.0/suite/suite.go:115
                	            	signature verification failed; please verify account number (0) and chain-id (ethermint_9000-1): (unable to verify single signer signature): unauthorized
                	Test:       	TestAnteTestSuite/TestAnteHandler/success_-_DeliverTx_EIP712_signed_Cosmos_Tx_with_DelegateMsg
        --- FAIL: TestAnteTestSuite/TestAnteHandler/success-_DeliverTx_EIP712_create_validator (0.01s)
            ante_test.go:946: 
                	Error Trace:	/Users/keruch/Development/Dymension/ethermint/app/ante/ante_test.go:946
                	            				/Users/keruch/Go-workspace/pkg/mod/github.com/stretchr/testify@v1.9.0/suite/suite.go:115
                	Error:      	Received unexpected error:
                	            	
                	            	github.com/cosmos/cosmos-sdk/x/auth/ante.SigVerificationDecorator.AnteHandle
                	            		/Users/keruch/Go-workspace/pkg/mod/github.com/cosmos/cosmos-sdk@v0.50.11/x/auth/ante/sigverify.go:333
                	            	github.com/evmos/ethermint/app/ante.newCosmosAnteHandler.ChainAnteDecorators.func2
                	            		/Users/keruch/Go-workspace/pkg/mod/github.com/cosmos/cosmos-sdk@v0.50.11/types/handler.go:48
                	            	github.com/cosmos/cosmos-sdk/x/auth/ante.SigGasConsumeDecorator.AnteHandle
                	            		/Users/keruch/Go-workspace/pkg/mod/github.com/cosmos/cosmos-sdk@v0.50.11/x/auth/ante/sigverify.go:212
                	            	github.com/evmos/ethermint/app/ante.newCosmosAnteHandler.ChainAnteDecorators.func2
                	            		/Users/keruch/Go-workspace/pkg/mod/github.com/cosmos/cosmos-sdk@v0.50.11/types/handler.go:48
                	            	github.com/cosmos/cosmos-sdk/x/auth/ante.ValidateSigCountDecorator.AnteHandle
                	            		/Users/keruch/Go-workspace/pkg/mod/github.com/cosmos/cosmos-sdk@v0.50.11/x/auth/ante/sigverify.go:420
                	            	github.com/evmos/ethermint/app/ante.newCosmosAnteHandler.ChainAnteDecorators.func2
                	            		/Users/keruch/Go-workspace/pkg/mod/github.com/cosmos/cosmos-sdk@v0.50.11/types/handler.go:48
                	            	github.com/cosmos/cosmos-sdk/x/auth/ante.SetPubKeyDecorator.AnteHandle
                	            		/Users/keruch/Go-workspace/pkg/mod/github.com/cosmos/cosmos-sdk@v0.50.11/x/auth/ante/sigverify.go:141
                	            	github.com/evmos/ethermint/app/ante.newCosmosAnteHandler.ChainAnteDecorators.func2
                	            		/Users/keruch/Go-workspace/pkg/mod/github.com/cosmos/cosmos-sdk@v0.50.11/types/handler.go:48
                	            	github.com/cosmos/cosmos-sdk/x/auth/ante.DeductFeeDecorator.AnteHandle
                	            		/Users/keruch/Go-workspace/pkg/mod/github.com/cosmos/cosmos-sdk@v0.50.11/x/auth/ante/fee.go:70
                	            	github.com/evmos/ethermint/app/ante.newCosmosAnteHandler.ChainAnteDecorators.func2
                	            		/Users/keruch/Go-workspace/pkg/mod/github.com/cosmos/cosmos-sdk@v0.50.11/types/handler.go:48
                	            	github.com/cosmos/cosmos-sdk/x/auth/ante.ConsumeTxSizeGasDecorator.AnteHandle
                	            		/Users/keruch/Go-workspace/pkg/mod/github.com/cosmos/cosmos-sdk@v0.50.11/x/auth/ante/basic.go:153
                	            	github.com/evmos/ethermint/app/ante.newCosmosAnteHandler.ChainAnteDecorators.func2
                	            		/Users/keruch/Go-workspace/pkg/mod/github.com/cosmos/cosmos-sdk@v0.50.11/types/handler.go:48
                	            	github.com/cosmos/cosmos-sdk/x/auth/ante.ValidateMemoDecorator.AnteHandle
                	            		/Users/keruch/Go-workspace/pkg/mod/github.com/cosmos/cosmos-sdk@v0.50.11/x/auth/ante/basic.go:72
                	            	github.com/evmos/ethermint/app/ante.newCosmosAnteHandler.ChainAnteDecorators.func2
                	            		/Users/keruch/Go-workspace/pkg/mod/github.com/cosmos/cosmos-sdk@v0.50.11/types/handler.go:48
                	            	github.com/evmos/ethermint/app/ante.MinGasPriceDecorator.AnteHandle
                	            		/Users/keruch/Development/Dymension/ethermint/app/ante/fees.go:91
                	            	github.com/evmos/ethermint/app/ante.newCosmosAnteHandler.ChainAnteDecorators.func2
                	            		/Users/keruch/Go-workspace/pkg/mod/github.com/cosmos/cosmos-sdk@v0.50.11/types/handler.go:48
                	            	github.com/cosmos/cosmos-sdk/x/auth/ante.TxTimeoutHeightDecorator.AnteHandle
                	            		/Users/keruch/Go-workspace/pkg/mod/github.com/cosmos/cosmos-sdk@v0.50.11/x/auth/ante/basic.go:216
                	            	github.com/evmos/ethermint/app/ante.newCosmosAnteHandler.ChainAnteDecorators.func2
                	            		/Users/keruch/Go-workspace/pkg/mod/github.com/cosmos/cosmos-sdk@v0.50.11/types/handler.go:48
                	            	github.com/cosmos/cosmos-sdk/x/auth/ante.ValidateBasicDecorator.AnteHandle
                	            		/Users/keruch/Go-workspace/pkg/mod/github.com/cosmos/cosmos-sdk@v0.50.11/x/auth/ante/basic.go:39
                	            	github.com/evmos/ethermint/app/ante.newCosmosAnteHandler.ChainAnteDecorators.func2
                	            		/Users/keruch/Go-workspace/pkg/mod/github.com/cosmos/cosmos-sdk@v0.50.11/types/handler.go:48
                	            	github.com/cosmos/cosmos-sdk/x/auth/ante.RejectExtensionOptionsDecorator.AnteHandle
                	            		/Users/keruch/Go-workspace/pkg/mod/github.com/cosmos/cosmos-sdk@v0.50.11/x/auth/ante/ext.go:52
                	            	github.com/evmos/ethermint/app/ante.newCosmosAnteHandler.ChainAnteDecorators.func2
                	            		/Users/keruch/Go-workspace/pkg/mod/github.com/cosmos/cosmos-sdk@v0.50.11/types/handler.go:48
                	            	github.com/cosmos/cosmos-sdk/x/auth/ante.SetUpContextDecorator.AnteHandle
                	            		/Users/keruch/Go-workspace/pkg/mod/github.com/cosmos/cosmos-sdk@v0.50.11/x/auth/ante/setup.go:70
                	            	github.com/evmos/ethermint/app/ante.newCosmosAnteHandler.ChainAnteDecorators.func2
                	            		/Users/keruch/Go-workspace/pkg/mod/github.com/cosmos/cosmos-sdk@v0.50.11/types/handler.go:48
                	            	github.com/evmos/ethermint/app/ante.AuthzLimiterDecorator.AnteHandle
                	            		/Users/keruch/Development/Dymension/ethermint/app/ante/authz.go:54
                	            	github.com/evmos/ethermint/app/ante.newCosmosAnteHandler.ChainAnteDecorators.func2
                	            		/Users/keruch/Go-workspace/pkg/mod/github.com/cosmos/cosmos-sdk@v0.50.11/types/handler.go:48
                	            	github.com/evmos/ethermint/app/ante.RejectMessagesDecorator.AnteHandle
                	            		/Users/keruch/Development/Dymension/ethermint/app/ante/reject_msgs.go:40
                	            	github.com/evmos/ethermint/app/ante.newCosmosAnteHandler.ChainAnteDecorators.func2
                	            		/Users/keruch/Go-workspace/pkg/mod/github.com/cosmos/cosmos-sdk@v0.50.11/types/handler.go:48
                	            	github.com/evmos/ethermint/app/ante.NewAnteHandler.func1
                	            		/Users/keruch/Development/Dymension/ethermint/app/ante/ante.go:89
                	            	github.com/evmos/ethermint/app/ante_test.(*AnteTestSuite).TestAnteHandler.func48
                	            		/Users/keruch/Development/Dymension/ethermint/app/ante/ante_test.go:941
                	            	github.com/stretchr/testify/suite.(*Suite).Run.func1
                	            		/Users/keruch/Go-workspace/pkg/mod/github.com/stretchr/testify@v1.9.0/suite/suite.go:115
                	            	signature verification failed; please verify account number (0) and chain-id (ethermint_9000-1): (unable to verify single signer signature): unauthorized
                	Test:       	TestAnteTestSuite/TestAnteHandler/success-_DeliverTx_EIP712_create_validator
        --- FAIL: TestAnteTestSuite/TestAnteHandler/success-_DeliverTx_EIP712_create_validator_(with_blank_fields) (0.01s)
            ante_test.go:946: 
                	Error Trace:	/Users/keruch/Development/Dymension/ethermint/app/ante/ante_test.go:946
                	            				/Users/keruch/Go-workspace/pkg/mod/github.com/stretchr/testify@v1.9.0/suite/suite.go:115
                	Error:      	Received unexpected error:
                	            	
                	            	github.com/cosmos/cosmos-sdk/x/auth/ante.SigVerificationDecorator.AnteHandle
                	            		/Users/keruch/Go-workspace/pkg/mod/github.com/cosmos/cosmos-sdk@v0.50.11/x/auth/ante/sigverify.go:333
                	            	github.com/evmos/ethermint/app/ante.newCosmosAnteHandler.ChainAnteDecorators.func2
                	            		/Users/keruch/Go-workspace/pkg/mod/github.com/cosmos/cosmos-sdk@v0.50.11/types/handler.go:48
                	            	github.com/cosmos/cosmos-sdk/x/auth/ante.SigGasConsumeDecorator.AnteHandle
                	            		/Users/keruch/Go-workspace/pkg/mod/github.com/cosmos/cosmos-sdk@v0.50.11/x/auth/ante/sigverify.go:212
                	            	github.com/evmos/ethermint/app/ante.newCosmosAnteHandler.ChainAnteDecorators.func2
                	            		/Users/keruch/Go-workspace/pkg/mod/github.com/cosmos/cosmos-sdk@v0.50.11/types/handler.go:48
                	            	github.com/cosmos/cosmos-sdk/x/auth/ante.ValidateSigCountDecorator.AnteHandle
                	            		/Users/keruch/Go-workspace/pkg/mod/github.com/cosmos/cosmos-sdk@v0.50.11/x/auth/ante/sigverify.go:420
                	            	github.com/evmos/ethermint/app/ante.newCosmosAnteHandler.ChainAnteDecorators.func2
                	            		/Users/keruch/Go-workspace/pkg/mod/github.com/cosmos/cosmos-sdk@v0.50.11/types/handler.go:48
                	            	github.com/cosmos/cosmos-sdk/x/auth/ante.SetPubKeyDecorator.AnteHandle
                	            		/Users/keruch/Go-workspace/pkg/mod/github.com/cosmos/cosmos-sdk@v0.50.11/x/auth/ante/sigverify.go:141
                	            	github.com/evmos/ethermint/app/ante.newCosmosAnteHandler.ChainAnteDecorators.func2
                	            		/Users/keruch/Go-workspace/pkg/mod/github.com/cosmos/cosmos-sdk@v0.50.11/types/handler.go:48
                	            	github.com/cosmos/cosmos-sdk/x/auth/ante.DeductFeeDecorator.AnteHandle
                	            		/Users/keruch/Go-workspace/pkg/mod/github.com/cosmos/cosmos-sdk@v0.50.11/x/auth/ante/fee.go:70
                	            	github.com/evmos/ethermint/app/ante.newCosmosAnteHandler.ChainAnteDecorators.func2
                	            		/Users/keruch/Go-workspace/pkg/mod/github.com/cosmos/cosmos-sdk@v0.50.11/types/handler.go:48
                	            	github.com/cosmos/cosmos-sdk/x/auth/ante.ConsumeTxSizeGasDecorator.AnteHandle
                	            		/Users/keruch/Go-workspace/pkg/mod/github.com/cosmos/cosmos-sdk@v0.50.11/x/auth/ante/basic.go:153
                	            	github.com/evmos/ethermint/app/ante.newCosmosAnteHandler.ChainAnteDecorators.func2
                	            		/Users/keruch/Go-workspace/pkg/mod/github.com/cosmos/cosmos-sdk@v0.50.11/types/handler.go:48
                	            	github.com/cosmos/cosmos-sdk/x/auth/ante.ValidateMemoDecorator.AnteHandle
                	            		/Users/keruch/Go-workspace/pkg/mod/github.com/cosmos/cosmos-sdk@v0.50.11/x/auth/ante/basic.go:72
                	            	github.com/evmos/ethermint/app/ante.newCosmosAnteHandler.ChainAnteDecorators.func2
                	            		/Users/keruch/Go-workspace/pkg/mod/github.com/cosmos/cosmos-sdk@v0.50.11/types/handler.go:48
                	            	github.com/evmos/ethermint/app/ante.MinGasPriceDecorator.AnteHandle
                	            		/Users/keruch/Development/Dymension/ethermint/app/ante/fees.go:91
                	            	github.com/evmos/ethermint/app/ante.newCosmosAnteHandler.ChainAnteDecorators.func2
                	            		/Users/keruch/Go-workspace/pkg/mod/github.com/cosmos/cosmos-sdk@v0.50.11/types/handler.go:48
                	            	github.com/cosmos/cosmos-sdk/x/auth/ante.TxTimeoutHeightDecorator.AnteHandle
                	            		/Users/keruch/Go-workspace/pkg/mod/github.com/cosmos/cosmos-sdk@v0.50.11/x/auth/ante/basic.go:216
                	            	github.com/evmos/ethermint/app/ante.newCosmosAnteHandler.ChainAnteDecorators.func2
                	            		/Users/keruch/Go-workspace/pkg/mod/github.com/cosmos/cosmos-sdk@v0.50.11/types/handler.go:48
                	            	github.com/cosmos/cosmos-sdk/x/auth/ante.ValidateBasicDecorator.AnteHandle
                	            		/Users/keruch/Go-workspace/pkg/mod/github.com/cosmos/cosmos-sdk@v0.50.11/x/auth/ante/basic.go:39
                	            	github.com/evmos/ethermint/app/ante.newCosmosAnteHandler.ChainAnteDecorators.func2
                	            		/Users/keruch/Go-workspace/pkg/mod/github.com/cosmos/cosmos-sdk@v0.50.11/types/handler.go:48
                	            	github.com/cosmos/cosmos-sdk/x/auth/ante.RejectExtensionOptionsDecorator.AnteHandle
                	            		/Users/keruch/Go-workspace/pkg/mod/github.com/cosmos/cosmos-sdk@v0.50.11/x/auth/ante/ext.go:52
                	            	github.com/evmos/ethermint/app/ante.newCosmosAnteHandler.ChainAnteDecorators.func2
                	            		/Users/keruch/Go-workspace/pkg/mod/github.com/cosmos/cosmos-sdk@v0.50.11/types/handler.go:48
                	            	github.com/cosmos/cosmos-sdk/x/auth/ante.SetUpContextDecorator.AnteHandle
                	            		/Users/keruch/Go-workspace/pkg/mod/github.com/cosmos/cosmos-sdk@v0.50.11/x/auth/ante/setup.go:70
                	            	github.com/evmos/ethermint/app/ante.newCosmosAnteHandler.ChainAnteDecorators.func2
                	            		/Users/keruch/Go-workspace/pkg/mod/github.com/cosmos/cosmos-sdk@v0.50.11/types/handler.go:48
                	            	github.com/evmos/ethermint/app/ante.AuthzLimiterDecorator.AnteHandle
                	            		/Users/keruch/Development/Dymension/ethermint/app/ante/authz.go:54
                	            	github.com/evmos/ethermint/app/ante.newCosmosAnteHandler.ChainAnteDecorators.func2
                	            		/Users/keruch/Go-workspace/pkg/mod/github.com/cosmos/cosmos-sdk@v0.50.11/types/handler.go:48
                	            	github.com/evmos/ethermint/app/ante.RejectMessagesDecorator.AnteHandle
                	            		/Users/keruch/Development/Dymension/ethermint/app/ante/reject_msgs.go:40
                	            	github.com/evmos/ethermint/app/ante.newCosmosAnteHandler.ChainAnteDecorators.func2
                	            		/Users/keruch/Go-workspace/pkg/mod/github.com/cosmos/cosmos-sdk@v0.50.11/types/handler.go:48
                	            	github.com/evmos/ethermint/app/ante.NewAnteHandler.func1
                	            		/Users/keruch/Development/Dymension/ethermint/app/ante/ante.go:89
                	            	github.com/evmos/ethermint/app/ante_test.(*AnteTestSuite).TestAnteHandler.func48
                	            		/Users/keruch/Development/Dymension/ethermint/app/ante/ante_test.go:941
                	            	github.com/stretchr/testify/suite.(*Suite).Run.func1
                	            		/Users/keruch/Go-workspace/pkg/mod/github.com/stretchr/testify@v1.9.0/suite/suite.go:115
                	            	signature verification failed; please verify account number (0) and chain-id (ethermint_9000-1): (unable to verify single signer signature): unauthorized
                	Test:       	TestAnteTestSuite/TestAnteHandler/success-_DeliverTx_EIP712_create_validator_(with_blank_fields)
        --- FAIL: TestAnteTestSuite/TestAnteHandler/success-_DeliverTx_EIP712_MsgSubmitProposal (0.01s)
            ante_test.go:946: 
                	Error Trace:	/Users/keruch/Development/Dymension/ethermint/app/ante/ante_test.go:946
                	            				/Users/keruch/Go-workspace/pkg/mod/github.com/stretchr/testify@v1.9.0/suite/suite.go:115
                	Error:      	Received unexpected error:
                	            	
                	            	github.com/cosmos/cosmos-sdk/x/auth/ante.SigVerificationDecorator.AnteHandle
                	            		/Users/keruch/Go-workspace/pkg/mod/github.com/cosmos/cosmos-sdk@v0.50.11/x/auth/ante/sigverify.go:333
                	            	github.com/evmos/ethermint/app/ante.newCosmosAnteHandler.ChainAnteDecorators.func2
                	            		/Users/keruch/Go-workspace/pkg/mod/github.com/cosmos/cosmos-sdk@v0.50.11/types/handler.go:48
                	            	github.com/cosmos/cosmos-sdk/x/auth/ante.SigGasConsumeDecorator.AnteHandle
                	            		/Users/keruch/Go-workspace/pkg/mod/github.com/cosmos/cosmos-sdk@v0.50.11/x/auth/ante/sigverify.go:212
                	            	github.com/evmos/ethermint/app/ante.newCosmosAnteHandler.ChainAnteDecorators.func2
                	            		/Users/keruch/Go-workspace/pkg/mod/github.com/cosmos/cosmos-sdk@v0.50.11/types/handler.go:48
                	            	github.com/cosmos/cosmos-sdk/x/auth/ante.ValidateSigCountDecorator.AnteHandle
                	            		/Users/keruch/Go-workspace/pkg/mod/github.com/cosmos/cosmos-sdk@v0.50.11/x/auth/ante/sigverify.go:420
                	            	github.com/evmos/ethermint/app/ante.newCosmosAnteHandler.ChainAnteDecorators.func2
                	            		/Users/keruch/Go-workspace/pkg/mod/github.com/cosmos/cosmos-sdk@v0.50.11/types/handler.go:48
                	            	github.com/cosmos/cosmos-sdk/x/auth/ante.SetPubKeyDecorator.AnteHandle
                	            		/Users/keruch/Go-workspace/pkg/mod/github.com/cosmos/cosmos-sdk@v0.50.11/x/auth/ante/sigverify.go:141
                	            	github.com/evmos/ethermint/app/ante.newCosmosAnteHandler.ChainAnteDecorators.func2
                	            		/Users/keruch/Go-workspace/pkg/mod/github.com/cosmos/cosmos-sdk@v0.50.11/types/handler.go:48
                	            	github.com/cosmos/cosmos-sdk/x/auth/ante.DeductFeeDecorator.AnteHandle
                	            		/Users/keruch/Go-workspace/pkg/mod/github.com/cosmos/cosmos-sdk@v0.50.11/x/auth/ante/fee.go:70
                	            	github.com/evmos/ethermint/app/ante.newCosmosAnteHandler.ChainAnteDecorators.func2
                	            		/Users/keruch/Go-workspace/pkg/mod/github.com/cosmos/cosmos-sdk@v0.50.11/types/handler.go:48
                	            	github.com/cosmos/cosmos-sdk/x/auth/ante.ConsumeTxSizeGasDecorator.AnteHandle
                	            		/Users/keruch/Go-workspace/pkg/mod/github.com/cosmos/cosmos-sdk@v0.50.11/x/auth/ante/basic.go:153
                	            	github.com/evmos/ethermint/app/ante.newCosmosAnteHandler.ChainAnteDecorators.func2
                	            		/Users/keruch/Go-workspace/pkg/mod/github.com/cosmos/cosmos-sdk@v0.50.11/types/handler.go:48
                	            	github.com/cosmos/cosmos-sdk/x/auth/ante.ValidateMemoDecorator.AnteHandle
                	            		/Users/keruch/Go-workspace/pkg/mod/github.com/cosmos/cosmos-sdk@v0.50.11/x/auth/ante/basic.go:72
                	            	github.com/evmos/ethermint/app/ante.newCosmosAnteHandler.ChainAnteDecorators.func2
                	            		/Users/keruch/Go-workspace/pkg/mod/github.com/cosmos/cosmos-sdk@v0.50.11/types/handler.go:48
                	            	github.com/evmos/ethermint/app/ante.MinGasPriceDecorator.AnteHandle
                	            		/Users/keruch/Development/Dymension/ethermint/app/ante/fees.go:91
                	            	github.com/evmos/ethermint/app/ante.newCosmosAnteHandler.ChainAnteDecorators.func2
                	            		/Users/keruch/Go-workspace/pkg/mod/github.com/cosmos/cosmos-sdk@v0.50.11/types/handler.go:48
                	            	github.com/cosmos/cosmos-sdk/x/auth/ante.TxTimeoutHeightDecorator.AnteHandle
                	            		/Users/keruch/Go-workspace/pkg/mod/github.com/cosmos/cosmos-sdk@v0.50.11/x/auth/ante/basic.go:216
                	            	github.com/evmos/ethermint/app/ante.newCosmosAnteHandler.ChainAnteDecorators.func2
                	            		/Users/keruch/Go-workspace/pkg/mod/github.com/cosmos/cosmos-sdk@v0.50.11/types/handler.go:48
                	            	github.com/cosmos/cosmos-sdk/x/auth/ante.ValidateBasicDecorator.AnteHandle
                	            		/Users/keruch/Go-workspace/pkg/mod/github.com/cosmos/cosmos-sdk@v0.50.11/x/auth/ante/basic.go:39
                	            	github.com/evmos/ethermint/app/ante.newCosmosAnteHandler.ChainAnteDecorators.func2
                	            		/Users/keruch/Go-workspace/pkg/mod/github.com/cosmos/cosmos-sdk@v0.50.11/types/handler.go:48
                	            	github.com/cosmos/cosmos-sdk/x/auth/ante.RejectExtensionOptionsDecorator.AnteHandle
                	            		/Users/keruch/Go-workspace/pkg/mod/github.com/cosmos/cosmos-sdk@v0.50.11/x/auth/ante/ext.go:52
                	            	github.com/evmos/ethermint/app/ante.newCosmosAnteHandler.ChainAnteDecorators.func2
                	            		/Users/keruch/Go-workspace/pkg/mod/github.com/cosmos/cosmos-sdk@v0.50.11/types/handler.go:48
                	            	github.com/cosmos/cosmos-sdk/x/auth/ante.SetUpContextDecorator.AnteHandle
                	            		/Users/keruch/Go-workspace/pkg/mod/github.com/cosmos/cosmos-sdk@v0.50.11/x/auth/ante/setup.go:70
                	            	github.com/evmos/ethermint/app/ante.newCosmosAnteHandler.ChainAnteDecorators.func2
                	            		/Users/keruch/Go-workspace/pkg/mod/github.com/cosmos/cosmos-sdk@v0.50.11/types/handler.go:48
                	            	github.com/evmos/ethermint/app/ante.AuthzLimiterDecorator.AnteHandle
                	            		/Users/keruch/Development/Dymension/ethermint/app/ante/authz.go:54
                	            	github.com/evmos/ethermint/app/ante.newCosmosAnteHandler.ChainAnteDecorators.func2
                	            		/Users/keruch/Go-workspace/pkg/mod/github.com/cosmos/cosmos-sdk@v0.50.11/types/handler.go:48
                	            	github.com/evmos/ethermint/app/ante.RejectMessagesDecorator.AnteHandle
                	            		/Users/keruch/Development/Dymension/ethermint/app/ante/reject_msgs.go:40
                	            	github.com/evmos/ethermint/app/ante.newCosmosAnteHandler.ChainAnteDecorators.func2
                	            		/Users/keruch/Go-workspace/pkg/mod/github.com/cosmos/cosmos-sdk@v0.50.11/types/handler.go:48
                	            	github.com/evmos/ethermint/app/ante.NewAnteHandler.func1
                	            		/Users/keruch/Development/Dymension/ethermint/app/ante/ante.go:89
                	            	github.com/evmos/ethermint/app/ante_test.(*AnteTestSuite).TestAnteHandler.func48
                	            		/Users/keruch/Development/Dymension/ethermint/app/ante/ante_test.go:941
                	            	github.com/stretchr/testify/suite.(*Suite).Run.func1
                	            		/Users/keruch/Go-workspace/pkg/mod/github.com/stretchr/testify@v1.9.0/suite/suite.go:115
                	            	signature verification failed; please verify account number (0) and chain-id (ethermint_9000-1): (unable to verify single signer signature): unauthorized
                	Test:       	TestAnteTestSuite/TestAnteHandler/success-_DeliverTx_EIP712_MsgSubmitProposal
        --- FAIL: TestAnteTestSuite/TestAnteHandler/success-_DeliverTx_EIP712_MsgGrant (0.01s)
            ante_test.go:946: 
                	Error Trace:	/Users/keruch/Development/Dymension/ethermint/app/ante/ante_test.go:946
                	            				/Users/keruch/Go-workspace/pkg/mod/github.com/stretchr/testify@v1.9.0/suite/suite.go:115
                	Error:      	Received unexpected error:
                	            	
                	            	github.com/cosmos/cosmos-sdk/x/auth/ante.SigVerificationDecorator.AnteHandle
                	            		/Users/keruch/Go-workspace/pkg/mod/github.com/cosmos/cosmos-sdk@v0.50.11/x/auth/ante/sigverify.go:333
                	            	github.com/evmos/ethermint/app/ante.newCosmosAnteHandler.ChainAnteDecorators.func2
                	            		/Users/keruch/Go-workspace/pkg/mod/github.com/cosmos/cosmos-sdk@v0.50.11/types/handler.go:48
                	            	github.com/cosmos/cosmos-sdk/x/auth/ante.SigGasConsumeDecorator.AnteHandle
                	            		/Users/keruch/Go-workspace/pkg/mod/github.com/cosmos/cosmos-sdk@v0.50.11/x/auth/ante/sigverify.go:212
                	            	github.com/evmos/ethermint/app/ante.newCosmosAnteHandler.ChainAnteDecorators.func2
                	            		/Users/keruch/Go-workspace/pkg/mod/github.com/cosmos/cosmos-sdk@v0.50.11/types/handler.go:48
                	            	github.com/cosmos/cosmos-sdk/x/auth/ante.ValidateSigCountDecorator.AnteHandle
                	            		/Users/keruch/Go-workspace/pkg/mod/github.com/cosmos/cosmos-sdk@v0.50.11/x/auth/ante/sigverify.go:420
                	            	github.com/evmos/ethermint/app/ante.newCosmosAnteHandler.ChainAnteDecorators.func2
                	            		/Users/keruch/Go-workspace/pkg/mod/github.com/cosmos/cosmos-sdk@v0.50.11/types/handler.go:48
                	            	github.com/cosmos/cosmos-sdk/x/auth/ante.SetPubKeyDecorator.AnteHandle
                	            		/Users/keruch/Go-workspace/pkg/mod/github.com/cosmos/cosmos-sdk@v0.50.11/x/auth/ante/sigverify.go:141
                	            	github.com/evmos/ethermint/app/ante.newCosmosAnteHandler.ChainAnteDecorators.func2
                	            		/Users/keruch/Go-workspace/pkg/mod/github.com/cosmos/cosmos-sdk@v0.50.11/types/handler.go:48
                	            	github.com/cosmos/cosmos-sdk/x/auth/ante.DeductFeeDecorator.AnteHandle
                	            		/Users/keruch/Go-workspace/pkg/mod/github.com/cosmos/cosmos-sdk@v0.50.11/x/auth/ante/fee.go:70
                	            	github.com/evmos/ethermint/app/ante.newCosmosAnteHandler.ChainAnteDecorators.func2
                	            		/Users/keruch/Go-workspace/pkg/mod/github.com/cosmos/cosmos-sdk@v0.50.11/types/handler.go:48
                	            	github.com/cosmos/cosmos-sdk/x/auth/ante.ConsumeTxSizeGasDecorator.AnteHandle
                	            		/Users/keruch/Go-workspace/pkg/mod/github.com/cosmos/cosmos-sdk@v0.50.11/x/auth/ante/basic.go:153
                	            	github.com/evmos/ethermint/app/ante.newCosmosAnteHandler.ChainAnteDecorators.func2
                	            		/Users/keruch/Go-workspace/pkg/mod/github.com/cosmos/cosmos-sdk@v0.50.11/types/handler.go:48
                	            	github.com/cosmos/cosmos-sdk/x/auth/ante.ValidateMemoDecorator.AnteHandle
                	            		/Users/keruch/Go-workspace/pkg/mod/github.com/cosmos/cosmos-sdk@v0.50.11/x/auth/ante/basic.go:72
                	            	github.com/evmos/ethermint/app/ante.newCosmosAnteHandler.ChainAnteDecorators.func2
                	            		/Users/keruch/Go-workspace/pkg/mod/github.com/cosmos/cosmos-sdk@v0.50.11/types/handler.go:48
                	            	github.com/evmos/ethermint/app/ante.MinGasPriceDecorator.AnteHandle
                	            		/Users/keruch/Development/Dymension/ethermint/app/ante/fees.go:91
                	            	github.com/evmos/ethermint/app/ante.newCosmosAnteHandler.ChainAnteDecorators.func2
                	            		/Users/keruch/Go-workspace/pkg/mod/github.com/cosmos/cosmos-sdk@v0.50.11/types/handler.go:48
                	            	github.com/cosmos/cosmos-sdk/x/auth/ante.TxTimeoutHeightDecorator.AnteHandle
                	            		/Users/keruch/Go-workspace/pkg/mod/github.com/cosmos/cosmos-sdk@v0.50.11/x/auth/ante/basic.go:216
                	            	github.com/evmos/ethermint/app/ante.newCosmosAnteHandler.ChainAnteDecorators.func2
                	            		/Users/keruch/Go-workspace/pkg/mod/github.com/cosmos/cosmos-sdk@v0.50.11/types/handler.go:48
                	            	github.com/cosmos/cosmos-sdk/x/auth/ante.ValidateBasicDecorator.AnteHandle
                	            		/Users/keruch/Go-workspace/pkg/mod/github.com/cosmos/cosmos-sdk@v0.50.11/x/auth/ante/basic.go:39
                	            	github.com/evmos/ethermint/app/ante.newCosmosAnteHandler.ChainAnteDecorators.func2
                	            		/Users/keruch/Go-workspace/pkg/mod/github.com/cosmos/cosmos-sdk@v0.50.11/types/handler.go:48
                	            	github.com/cosmos/cosmos-sdk/x/auth/ante.RejectExtensionOptionsDecorator.AnteHandle
                	            		/Users/keruch/Go-workspace/pkg/mod/github.com/cosmos/cosmos-sdk@v0.50.11/x/auth/ante/ext.go:52
                	            	github.com/evmos/ethermint/app/ante.newCosmosAnteHandler.ChainAnteDecorators.func2
                	            		/Users/keruch/Go-workspace/pkg/mod/github.com/cosmos/cosmos-sdk@v0.50.11/types/handler.go:48
                	            	github.com/cosmos/cosmos-sdk/x/auth/ante.SetUpContextDecorator.AnteHandle
                	            		/Users/keruch/Go-workspace/pkg/mod/github.com/cosmos/cosmos-sdk@v0.50.11/x/auth/ante/setup.go:70
                	            	github.com/evmos/ethermint/app/ante.newCosmosAnteHandler.ChainAnteDecorators.func2
                	            		/Users/keruch/Go-workspace/pkg/mod/github.com/cosmos/cosmos-sdk@v0.50.11/types/handler.go:48
                	            	github.com/evmos/ethermint/app/ante.AuthzLimiterDecorator.AnteHandle
                	            		/Users/keruch/Development/Dymension/ethermint/app/ante/authz.go:54
                	            	github.com/evmos/ethermint/app/ante.newCosmosAnteHandler.ChainAnteDecorators.func2
                	            		/Users/keruch/Go-workspace/pkg/mod/github.com/cosmos/cosmos-sdk@v0.50.11/types/handler.go:48
                	            	github.com/evmos/ethermint/app/ante.RejectMessagesDecorator.AnteHandle
                	            		/Users/keruch/Development/Dymension/ethermint/app/ante/reject_msgs.go:40
                	            	github.com/evmos/ethermint/app/ante.newCosmosAnteHandler.ChainAnteDecorators.func2
                	            		/Users/keruch/Go-workspace/pkg/mod/github.com/cosmos/cosmos-sdk@v0.50.11/types/handler.go:48
                	            	github.com/evmos/ethermint/app/ante.NewAnteHandler.func1
                	            		/Users/keruch/Development/Dymension/ethermint/app/ante/ante.go:89
                	            	github.com/evmos/ethermint/app/ante_test.(*AnteTestSuite).TestAnteHandler.func48
                	            		/Users/keruch/Development/Dymension/ethermint/app/ante/ante_test.go:941
                	            	github.com/stretchr/testify/suite.(*Suite).Run.func1
                	            		/Users/keruch/Go-workspace/pkg/mod/github.com/stretchr/testify@v1.9.0/suite/suite.go:115
                	            	signature verification failed; please verify account number (0) and chain-id (ethermint_9000-1): (unable to verify single signer signature): unauthorized
                	Test:       	TestAnteTestSuite/TestAnteHandler/success-_DeliverTx_EIP712_MsgGrant
        --- FAIL: TestAnteTestSuite/TestAnteHandler/success-_DeliverTx_EIP712_MsgGrantAllowance (0.01s)
            ante_test.go:946: 
                	Error Trace:	/Users/keruch/Development/Dymension/ethermint/app/ante/ante_test.go:946
                	            				/Users/keruch/Go-workspace/pkg/mod/github.com/stretchr/testify@v1.9.0/suite/suite.go:115
                	Error:      	Received unexpected error:
                	            	
                	            	github.com/cosmos/cosmos-sdk/x/auth/ante.SigVerificationDecorator.AnteHandle
                	            		/Users/keruch/Go-workspace/pkg/mod/github.com/cosmos/cosmos-sdk@v0.50.11/x/auth/ante/sigverify.go:333
                	            	github.com/evmos/ethermint/app/ante.newCosmosAnteHandler.ChainAnteDecorators.func2
                	            		/Users/keruch/Go-workspace/pkg/mod/github.com/cosmos/cosmos-sdk@v0.50.11/types/handler.go:48
                	            	github.com/cosmos/cosmos-sdk/x/auth/ante.SigGasConsumeDecorator.AnteHandle
                	            		/Users/keruch/Go-workspace/pkg/mod/github.com/cosmos/cosmos-sdk@v0.50.11/x/auth/ante/sigverify.go:212
                	            	github.com/evmos/ethermint/app/ante.newCosmosAnteHandler.ChainAnteDecorators.func2
                	            		/Users/keruch/Go-workspace/pkg/mod/github.com/cosmos/cosmos-sdk@v0.50.11/types/handler.go:48
                	            	github.com/cosmos/cosmos-sdk/x/auth/ante.ValidateSigCountDecorator.AnteHandle
                	            		/Users/keruch/Go-workspace/pkg/mod/github.com/cosmos/cosmos-sdk@v0.50.11/x/auth/ante/sigverify.go:420
                	            	github.com/evmos/ethermint/app/ante.newCosmosAnteHandler.ChainAnteDecorators.func2
                	            		/Users/keruch/Go-workspace/pkg/mod/github.com/cosmos/cosmos-sdk@v0.50.11/types/handler.go:48
                	            	github.com/cosmos/cosmos-sdk/x/auth/ante.SetPubKeyDecorator.AnteHandle
                	            		/Users/keruch/Go-workspace/pkg/mod/github.com/cosmos/cosmos-sdk@v0.50.11/x/auth/ante/sigverify.go:141
                	            	github.com/evmos/ethermint/app/ante.newCosmosAnteHandler.ChainAnteDecorators.func2
                	            		/Users/keruch/Go-workspace/pkg/mod/github.com/cosmos/cosmos-sdk@v0.50.11/types/handler.go:48
                	            	github.com/cosmos/cosmos-sdk/x/auth/ante.DeductFeeDecorator.AnteHandle
                	            		/Users/keruch/Go-workspace/pkg/mod/github.com/cosmos/cosmos-sdk@v0.50.11/x/auth/ante/fee.go:70
                	            	github.com/evmos/ethermint/app/ante.newCosmosAnteHandler.ChainAnteDecorators.func2
                	            		/Users/keruch/Go-workspace/pkg/mod/github.com/cosmos/cosmos-sdk@v0.50.11/types/handler.go:48
                	            	github.com/cosmos/cosmos-sdk/x/auth/ante.ConsumeTxSizeGasDecorator.AnteHandle
                	            		/Users/keruch/Go-workspace/pkg/mod/github.com/cosmos/cosmos-sdk@v0.50.11/x/auth/ante/basic.go:153
                	            	github.com/evmos/ethermint/app/ante.newCosmosAnteHandler.ChainAnteDecorators.func2
                	            		/Users/keruch/Go-workspace/pkg/mod/github.com/cosmos/cosmos-sdk@v0.50.11/types/handler.go:48
                	            	github.com/cosmos/cosmos-sdk/x/auth/ante.ValidateMemoDecorator.AnteHandle
                	            		/Users/keruch/Go-workspace/pkg/mod/github.com/cosmos/cosmos-sdk@v0.50.11/x/auth/ante/basic.go:72
                	            	github.com/evmos/ethermint/app/ante.newCosmosAnteHandler.ChainAnteDecorators.func2
                	            		/Users/keruch/Go-workspace/pkg/mod/github.com/cosmos/cosmos-sdk@v0.50.11/types/handler.go:48
                	            	github.com/evmos/ethermint/app/ante.MinGasPriceDecorator.AnteHandle
                	            		/Users/keruch/Development/Dymension/ethermint/app/ante/fees.go:91
                	            	github.com/evmos/ethermint/app/ante.newCosmosAnteHandler.ChainAnteDecorators.func2
                	            		/Users/keruch/Go-workspace/pkg/mod/github.com/cosmos/cosmos-sdk@v0.50.11/types/handler.go:48
                	            	github.com/cosmos/cosmos-sdk/x/auth/ante.TxTimeoutHeightDecorator.AnteHandle
                	            		/Users/keruch/Go-workspace/pkg/mod/github.com/cosmos/cosmos-sdk@v0.50.11/x/auth/ante/basic.go:216
                	            	github.com/evmos/ethermint/app/ante.newCosmosAnteHandler.ChainAnteDecorators.func2
                	            		/Users/keruch/Go-workspace/pkg/mod/github.com/cosmos/cosmos-sdk@v0.50.11/types/handler.go:48
                	            	github.com/cosmos/cosmos-sdk/x/auth/ante.ValidateBasicDecorator.AnteHandle
                	            		/Users/keruch/Go-workspace/pkg/mod/github.com/cosmos/cosmos-sdk@v0.50.11/x/auth/ante/basic.go:39
                	            	github.com/evmos/ethermint/app/ante.newCosmosAnteHandler.ChainAnteDecorators.func2
                	            		/Users/keruch/Go-workspace/pkg/mod/github.com/cosmos/cosmos-sdk@v0.50.11/types/handler.go:48
                	            	github.com/cosmos/cosmos-sdk/x/auth/ante.RejectExtensionOptionsDecorator.AnteHandle
                	            		/Users/keruch/Go-workspace/pkg/mod/github.com/cosmos/cosmos-sdk@v0.50.11/x/auth/ante/ext.go:52
                	            	github.com/evmos/ethermint/app/ante.newCosmosAnteHandler.ChainAnteDecorators.func2
                	            		/Users/keruch/Go-workspace/pkg/mod/github.com/cosmos/cosmos-sdk@v0.50.11/types/handler.go:48
                	            	github.com/cosmos/cosmos-sdk/x/auth/ante.SetUpContextDecorator.AnteHandle
                	            		/Users/keruch/Go-workspace/pkg/mod/github.com/cosmos/cosmos-sdk@v0.50.11/x/auth/ante/setup.go:70
                	            	github.com/evmos/ethermint/app/ante.newCosmosAnteHandler.ChainAnteDecorators.func2
                	            		/Users/keruch/Go-workspace/pkg/mod/github.com/cosmos/cosmos-sdk@v0.50.11/types/handler.go:48
                	            	github.com/evmos/ethermint/app/ante.AuthzLimiterDecorator.AnteHandle
                	            		/Users/keruch/Development/Dymension/ethermint/app/ante/authz.go:54
                	            	github.com/evmos/ethermint/app/ante.newCosmosAnteHandler.ChainAnteDecorators.func2
                	            		/Users/keruch/Go-workspace/pkg/mod/github.com/cosmos/cosmos-sdk@v0.50.11/types/handler.go:48
                	            	github.com/evmos/ethermint/app/ante.RejectMessagesDecorator.AnteHandle
                	            		/Users/keruch/Development/Dymension/ethermint/app/ante/reject_msgs.go:40
                	            	github.com/evmos/ethermint/app/ante.newCosmosAnteHandler.ChainAnteDecorators.func2
                	            		/Users/keruch/Go-workspace/pkg/mod/github.com/cosmos/cosmos-sdk@v0.50.11/types/handler.go:48
                	            	github.com/evmos/ethermint/app/ante.NewAnteHandler.func1
                	            		/Users/keruch/Development/Dymension/ethermint/app/ante/ante.go:89
                	            	github.com/evmos/ethermint/app/ante_test.(*AnteTestSuite).TestAnteHandler.func48
                	            		/Users/keruch/Development/Dymension/ethermint/app/ante/ante_test.go:941
                	            	github.com/stretchr/testify/suite.(*Suite).Run.func1
                	            		/Users/keruch/Go-workspace/pkg/mod/github.com/stretchr/testify@v1.9.0/suite/suite.go:115
                	            	signature verification failed; please verify account number (0) and chain-id (ethermint_9000-1): (unable to verify single signer signature): unauthorized
                	Test:       	TestAnteTestSuite/TestAnteHandler/success-_DeliverTx_EIP712_MsgGrantAllowance
        --- FAIL: TestAnteTestSuite/TestAnteHandler/success-_DeliverTx_EIP712_edit_validator (0.01s)
            ante_test.go:946: 
                	Error Trace:	/Users/keruch/Development/Dymension/ethermint/app/ante/ante_test.go:946
                	            				/Users/keruch/Go-workspace/pkg/mod/github.com/stretchr/testify@v1.9.0/suite/suite.go:115
                	Error:      	Received unexpected error:
                	            	
                	            	github.com/cosmos/cosmos-sdk/x/auth/ante.SigVerificationDecorator.AnteHandle
                	            		/Users/keruch/Go-workspace/pkg/mod/github.com/cosmos/cosmos-sdk@v0.50.11/x/auth/ante/sigverify.go:333
                	            	github.com/evmos/ethermint/app/ante.newCosmosAnteHandler.ChainAnteDecorators.func2
                	            		/Users/keruch/Go-workspace/pkg/mod/github.com/cosmos/cosmos-sdk@v0.50.11/types/handler.go:48
                	            	github.com/cosmos/cosmos-sdk/x/auth/ante.SigGasConsumeDecorator.AnteHandle
                	            		/Users/keruch/Go-workspace/pkg/mod/github.com/cosmos/cosmos-sdk@v0.50.11/x/auth/ante/sigverify.go:212
                	            	github.com/evmos/ethermint/app/ante.newCosmosAnteHandler.ChainAnteDecorators.func2
                	            		/Users/keruch/Go-workspace/pkg/mod/github.com/cosmos/cosmos-sdk@v0.50.11/types/handler.go:48
                	            	github.com/cosmos/cosmos-sdk/x/auth/ante.ValidateSigCountDecorator.AnteHandle
                	            		/Users/keruch/Go-workspace/pkg/mod/github.com/cosmos/cosmos-sdk@v0.50.11/x/auth/ante/sigverify.go:420
                	            	github.com/evmos/ethermint/app/ante.newCosmosAnteHandler.ChainAnteDecorators.func2
                	            		/Users/keruch/Go-workspace/pkg/mod/github.com/cosmos/cosmos-sdk@v0.50.11/types/handler.go:48
                	            	github.com/cosmos/cosmos-sdk/x/auth/ante.SetPubKeyDecorator.AnteHandle
                	            		/Users/keruch/Go-workspace/pkg/mod/github.com/cosmos/cosmos-sdk@v0.50.11/x/auth/ante/sigverify.go:141
                	            	github.com/evmos/ethermint/app/ante.newCosmosAnteHandler.ChainAnteDecorators.func2
                	            		/Users/keruch/Go-workspace/pkg/mod/github.com/cosmos/cosmos-sdk@v0.50.11/types/handler.go:48
                	            	github.com/cosmos/cosmos-sdk/x/auth/ante.DeductFeeDecorator.AnteHandle
                	            		/Users/keruch/Go-workspace/pkg/mod/github.com/cosmos/cosmos-sdk@v0.50.11/x/auth/ante/fee.go:70
                	            	github.com/evmos/ethermint/app/ante.newCosmosAnteHandler.ChainAnteDecorators.func2
                	            		/Users/keruch/Go-workspace/pkg/mod/github.com/cosmos/cosmos-sdk@v0.50.11/types/handler.go:48
                	            	github.com/cosmos/cosmos-sdk/x/auth/ante.ConsumeTxSizeGasDecorator.AnteHandle
                	            		/Users/keruch/Go-workspace/pkg/mod/github.com/cosmos/cosmos-sdk@v0.50.11/x/auth/ante/basic.go:153
                	            	github.com/evmos/ethermint/app/ante.newCosmosAnteHandler.ChainAnteDecorators.func2
                	            		/Users/keruch/Go-workspace/pkg/mod/github.com/cosmos/cosmos-sdk@v0.50.11/types/handler.go:48
                	            	github.com/cosmos/cosmos-sdk/x/auth/ante.ValidateMemoDecorator.AnteHandle
                	            		/Users/keruch/Go-workspace/pkg/mod/github.com/cosmos/cosmos-sdk@v0.50.11/x/auth/ante/basic.go:72
                	            	github.com/evmos/ethermint/app/ante.newCosmosAnteHandler.ChainAnteDecorators.func2
                	            		/Users/keruch/Go-workspace/pkg/mod/github.com/cosmos/cosmos-sdk@v0.50.11/types/handler.go:48
                	            	github.com/evmos/ethermint/app/ante.MinGasPriceDecorator.AnteHandle
                	            		/Users/keruch/Development/Dymension/ethermint/app/ante/fees.go:91
                	            	github.com/evmos/ethermint/app/ante.newCosmosAnteHandler.ChainAnteDecorators.func2
                	            		/Users/keruch/Go-workspace/pkg/mod/github.com/cosmos/cosmos-sdk@v0.50.11/types/handler.go:48
                	            	github.com/cosmos/cosmos-sdk/x/auth/ante.TxTimeoutHeightDecorator.AnteHandle
                	            		/Users/keruch/Go-workspace/pkg/mod/github.com/cosmos/cosmos-sdk@v0.50.11/x/auth/ante/basic.go:216
                	            	github.com/evmos/ethermint/app/ante.newCosmosAnteHandler.ChainAnteDecorators.func2
                	            		/Users/keruch/Go-workspace/pkg/mod/github.com/cosmos/cosmos-sdk@v0.50.11/types/handler.go:48
                	            	github.com/cosmos/cosmos-sdk/x/auth/ante.ValidateBasicDecorator.AnteHandle
                	            		/Users/keruch/Go-workspace/pkg/mod/github.com/cosmos/cosmos-sdk@v0.50.11/x/auth/ante/basic.go:39
                	            	github.com/evmos/ethermint/app/ante.newCosmosAnteHandler.ChainAnteDecorators.func2
                	            		/Users/keruch/Go-workspace/pkg/mod/github.com/cosmos/cosmos-sdk@v0.50.11/types/handler.go:48
                	            	github.com/cosmos/cosmos-sdk/x/auth/ante.RejectExtensionOptionsDecorator.AnteHandle
                	            		/Users/keruch/Go-workspace/pkg/mod/github.com/cosmos/cosmos-sdk@v0.50.11/x/auth/ante/ext.go:52
                	            	github.com/evmos/ethermint/app/ante.newCosmosAnteHandler.ChainAnteDecorators.func2
                	            		/Users/keruch/Go-workspace/pkg/mod/github.com/cosmos/cosmos-sdk@v0.50.11/types/handler.go:48
                	            	github.com/cosmos/cosmos-sdk/x/auth/ante.SetUpContextDecorator.AnteHandle
                	            		/Users/keruch/Go-workspace/pkg/mod/github.com/cosmos/cosmos-sdk@v0.50.11/x/auth/ante/setup.go:70
                	            	github.com/evmos/ethermint/app/ante.newCosmosAnteHandler.ChainAnteDecorators.func2
                	            		/Users/keruch/Go-workspace/pkg/mod/github.com/cosmos/cosmos-sdk@v0.50.11/types/handler.go:48
                	            	github.com/evmos/ethermint/app/ante.AuthzLimiterDecorator.AnteHandle
                	            		/Users/keruch/Development/Dymension/ethermint/app/ante/authz.go:54
                	            	github.com/evmos/ethermint/app/ante.newCosmosAnteHandler.ChainAnteDecorators.func2
                	            		/Users/keruch/Go-workspace/pkg/mod/github.com/cosmos/cosmos-sdk@v0.50.11/types/handler.go:48
                	            	github.com/evmos/ethermint/app/ante.RejectMessagesDecorator.AnteHandle
                	            		/Users/keruch/Development/Dymension/ethermint/app/ante/reject_msgs.go:40
                	            	github.com/evmos/ethermint/app/ante.newCosmosAnteHandler.ChainAnteDecorators.func2
                	            		/Users/keruch/Go-workspace/pkg/mod/github.com/cosmos/cosmos-sdk@v0.50.11/types/handler.go:48
                	            	github.com/evmos/ethermint/app/ante.NewAnteHandler.func1
                	            		/Users/keruch/Development/Dymension/ethermint/app/ante/ante.go:89
                	            	github.com/evmos/ethermint/app/ante_test.(*AnteTestSuite).TestAnteHandler.func48
                	            		/Users/keruch/Development/Dymension/ethermint/app/ante/ante_test.go:941
                	            	github.com/stretchr/testify/suite.(*Suite).Run.func1
                	            		/Users/keruch/Go-workspace/pkg/mod/github.com/stretchr/testify@v1.9.0/suite/suite.go:115
                	            	signature verification failed; please verify account number (0) and chain-id (ethermint_9000-1): (unable to verify single signer signature): unauthorized
                	Test:       	TestAnteTestSuite/TestAnteHandler/success-_DeliverTx_EIP712_edit_validator
        --- FAIL: TestAnteTestSuite/TestAnteHandler/success-_DeliverTx_EIP712_submit_evidence (0.01s)
            ante_test.go:946: 
                	Error Trace:	/Users/keruch/Development/Dymension/ethermint/app/ante/ante_test.go:946
                	            				/Users/keruch/Go-workspace/pkg/mod/github.com/stretchr/testify@v1.9.0/suite/suite.go:115
                	Error:      	Received unexpected error:
                	            	
                	            	github.com/cosmos/cosmos-sdk/x/auth/ante.SigVerificationDecorator.AnteHandle
                	            		/Users/keruch/Go-workspace/pkg/mod/github.com/cosmos/cosmos-sdk@v0.50.11/x/auth/ante/sigverify.go:333
                	            	github.com/evmos/ethermint/app/ante.newCosmosAnteHandler.ChainAnteDecorators.func2
                	            		/Users/keruch/Go-workspace/pkg/mod/github.com/cosmos/cosmos-sdk@v0.50.11/types/handler.go:48
                	            	github.com/cosmos/cosmos-sdk/x/auth/ante.SigGasConsumeDecorator.AnteHandle
                	            		/Users/keruch/Go-workspace/pkg/mod/github.com/cosmos/cosmos-sdk@v0.50.11/x/auth/ante/sigverify.go:212
                	            	github.com/evmos/ethermint/app/ante.newCosmosAnteHandler.ChainAnteDecorators.func2
                	            		/Users/keruch/Go-workspace/pkg/mod/github.com/cosmos/cosmos-sdk@v0.50.11/types/handler.go:48
                	            	github.com/cosmos/cosmos-sdk/x/auth/ante.ValidateSigCountDecorator.AnteHandle
                	            		/Users/keruch/Go-workspace/pkg/mod/github.com/cosmos/cosmos-sdk@v0.50.11/x/auth/ante/sigverify.go:420
                	            	github.com/evmos/ethermint/app/ante.newCosmosAnteHandler.ChainAnteDecorators.func2
                	            		/Users/keruch/Go-workspace/pkg/mod/github.com/cosmos/cosmos-sdk@v0.50.11/types/handler.go:48
                	            	github.com/cosmos/cosmos-sdk/x/auth/ante.SetPubKeyDecorator.AnteHandle
                	            		/Users/keruch/Go-workspace/pkg/mod/github.com/cosmos/cosmos-sdk@v0.50.11/x/auth/ante/sigverify.go:141
                	            	github.com/evmos/ethermint/app/ante.newCosmosAnteHandler.ChainAnteDecorators.func2
                	            		/Users/keruch/Go-workspace/pkg/mod/github.com/cosmos/cosmos-sdk@v0.50.11/types/handler.go:48
                	            	github.com/cosmos/cosmos-sdk/x/auth/ante.DeductFeeDecorator.AnteHandle
                	            		/Users/keruch/Go-workspace/pkg/mod/github.com/cosmos/cosmos-sdk@v0.50.11/x/auth/ante/fee.go:70
                	            	github.com/evmos/ethermint/app/ante.newCosmosAnteHandler.ChainAnteDecorators.func2
                	            		/Users/keruch/Go-workspace/pkg/mod/github.com/cosmos/cosmos-sdk@v0.50.11/types/handler.go:48
                	            	github.com/cosmos/cosmos-sdk/x/auth/ante.ConsumeTxSizeGasDecorator.AnteHandle
                	            		/Users/keruch/Go-workspace/pkg/mod/github.com/cosmos/cosmos-sdk@v0.50.11/x/auth/ante/basic.go:153
                	            	github.com/evmos/ethermint/app/ante.newCosmosAnteHandler.ChainAnteDecorators.func2
                	            		/Users/keruch/Go-workspace/pkg/mod/github.com/cosmos/cosmos-sdk@v0.50.11/types/handler.go:48
                	            	github.com/cosmos/cosmos-sdk/x/auth/ante.ValidateMemoDecorator.AnteHandle
                	            		/Users/keruch/Go-workspace/pkg/mod/github.com/cosmos/cosmos-sdk@v0.50.11/x/auth/ante/basic.go:72
                	            	github.com/evmos/ethermint/app/ante.newCosmosAnteHandler.ChainAnteDecorators.func2
                	            		/Users/keruch/Go-workspace/pkg/mod/github.com/cosmos/cosmos-sdk@v0.50.11/types/handler.go:48
                	            	github.com/evmos/ethermint/app/ante.MinGasPriceDecorator.AnteHandle
                	            		/Users/keruch/Development/Dymension/ethermint/app/ante/fees.go:91
                	            	github.com/evmos/ethermint/app/ante.newCosmosAnteHandler.ChainAnteDecorators.func2
                	            		/Users/keruch/Go-workspace/pkg/mod/github.com/cosmos/cosmos-sdk@v0.50.11/types/handler.go:48
                	            	github.com/cosmos/cosmos-sdk/x/auth/ante.TxTimeoutHeightDecorator.AnteHandle
                	            		/Users/keruch/Go-workspace/pkg/mod/github.com/cosmos/cosmos-sdk@v0.50.11/x/auth/ante/basic.go:216
                	            	github.com/evmos/ethermint/app/ante.newCosmosAnteHandler.ChainAnteDecorators.func2
                	            		/Users/keruch/Go-workspace/pkg/mod/github.com/cosmos/cosmos-sdk@v0.50.11/types/handler.go:48
                	            	github.com/cosmos/cosmos-sdk/x/auth/ante.ValidateBasicDecorator.AnteHandle
                	            		/Users/keruch/Go-workspace/pkg/mod/github.com/cosmos/cosmos-sdk@v0.50.11/x/auth/ante/basic.go:39
                	            	github.com/evmos/ethermint/app/ante.newCosmosAnteHandler.ChainAnteDecorators.func2
                	            		/Users/keruch/Go-workspace/pkg/mod/github.com/cosmos/cosmos-sdk@v0.50.11/types/handler.go:48
                	            	github.com/cosmos/cosmos-sdk/x/auth/ante.RejectExtensionOptionsDecorator.AnteHandle
                	            		/Users/keruch/Go-workspace/pkg/mod/github.com/cosmos/cosmos-sdk@v0.50.11/x/auth/ante/ext.go:52
                	            	github.com/evmos/ethermint/app/ante.newCosmosAnteHandler.ChainAnteDecorators.func2
                	            		/Users/keruch/Go-workspace/pkg/mod/github.com/cosmos/cosmos-sdk@v0.50.11/types/handler.go:48
                	            	github.com/cosmos/cosmos-sdk/x/auth/ante.SetUpContextDecorator.AnteHandle
                	            		/Users/keruch/Go-workspace/pkg/mod/github.com/cosmos/cosmos-sdk@v0.50.11/x/auth/ante/setup.go:70
                	            	github.com/evmos/ethermint/app/ante.newCosmosAnteHandler.ChainAnteDecorators.func2
                	            		/Users/keruch/Go-workspace/pkg/mod/github.com/cosmos/cosmos-sdk@v0.50.11/types/handler.go:48
                	            	github.com/evmos/ethermint/app/ante.AuthzLimiterDecorator.AnteHandle
                	            		/Users/keruch/Development/Dymension/ethermint/app/ante/authz.go:54
                	            	github.com/evmos/ethermint/app/ante.newCosmosAnteHandler.ChainAnteDecorators.func2
                	            		/Users/keruch/Go-workspace/pkg/mod/github.com/cosmos/cosmos-sdk@v0.50.11/types/handler.go:48
                	            	github.com/evmos/ethermint/app/ante.RejectMessagesDecorator.AnteHandle
                	            		/Users/keruch/Development/Dymension/ethermint/app/ante/reject_msgs.go:40
                	            	github.com/evmos/ethermint/app/ante.newCosmosAnteHandler.ChainAnteDecorators.func2
                	            		/Users/keruch/Go-workspace/pkg/mod/github.com/cosmos/cosmos-sdk@v0.50.11/types/handler.go:48
                	            	github.com/evmos/ethermint/app/ante.NewAnteHandler.func1
                	            		/Users/keruch/Development/Dymension/ethermint/app/ante/ante.go:89
                	            	github.com/evmos/ethermint/app/ante_test.(*AnteTestSuite).TestAnteHandler.func48
                	            		/Users/keruch/Development/Dymension/ethermint/app/ante/ante_test.go:941
                	            	github.com/stretchr/testify/suite.(*Suite).Run.func1
                	            		/Users/keruch/Go-workspace/pkg/mod/github.com/stretchr/testify@v1.9.0/suite/suite.go:115
                	            	signature verification failed; please verify account number (0) and chain-id (ethermint_9000-1): (unable to verify single signer signature): unauthorized
                	Test:       	TestAnteTestSuite/TestAnteHandler/success-_DeliverTx_EIP712_submit_evidence
        --- FAIL: TestAnteTestSuite/TestAnteHandler/success-_DeliverTx_EIP712_submit_proposal_v1 (0.01s)
            ante_test.go:946: 
                	Error Trace:	/Users/keruch/Development/Dymension/ethermint/app/ante/ante_test.go:946
                	            				/Users/keruch/Go-workspace/pkg/mod/github.com/stretchr/testify@v1.9.0/suite/suite.go:115
                	Error:      	Received unexpected error:
                	            	
                	            	github.com/cosmos/cosmos-sdk/x/auth/ante.SigVerificationDecorator.AnteHandle
                	            		/Users/keruch/Go-workspace/pkg/mod/github.com/cosmos/cosmos-sdk@v0.50.11/x/auth/ante/sigverify.go:333
                	            	github.com/evmos/ethermint/app/ante.newCosmosAnteHandler.ChainAnteDecorators.func2
                	            		/Users/keruch/Go-workspace/pkg/mod/github.com/cosmos/cosmos-sdk@v0.50.11/types/handler.go:48
                	            	github.com/cosmos/cosmos-sdk/x/auth/ante.SigGasConsumeDecorator.AnteHandle
                	            		/Users/keruch/Go-workspace/pkg/mod/github.com/cosmos/cosmos-sdk@v0.50.11/x/auth/ante/sigverify.go:212
                	            	github.com/evmos/ethermint/app/ante.newCosmosAnteHandler.ChainAnteDecorators.func2
                	            		/Users/keruch/Go-workspace/pkg/mod/github.com/cosmos/cosmos-sdk@v0.50.11/types/handler.go:48
                	            	github.com/cosmos/cosmos-sdk/x/auth/ante.ValidateSigCountDecorator.AnteHandle
                	            		/Users/keruch/Go-workspace/pkg/mod/github.com/cosmos/cosmos-sdk@v0.50.11/x/auth/ante/sigverify.go:420
                	            	github.com/evmos/ethermint/app/ante.newCosmosAnteHandler.ChainAnteDecorators.func2
                	            		/Users/keruch/Go-workspace/pkg/mod/github.com/cosmos/cosmos-sdk@v0.50.11/types/handler.go:48
                	            	github.com/cosmos/cosmos-sdk/x/auth/ante.SetPubKeyDecorator.AnteHandle
                	            		/Users/keruch/Go-workspace/pkg/mod/github.com/cosmos/cosmos-sdk@v0.50.11/x/auth/ante/sigverify.go:141
                	            	github.com/evmos/ethermint/app/ante.newCosmosAnteHandler.ChainAnteDecorators.func2
                	            		/Users/keruch/Go-workspace/pkg/mod/github.com/cosmos/cosmos-sdk@v0.50.11/types/handler.go:48
                	            	github.com/cosmos/cosmos-sdk/x/auth/ante.DeductFeeDecorator.AnteHandle
                	            		/Users/keruch/Go-workspace/pkg/mod/github.com/cosmos/cosmos-sdk@v0.50.11/x/auth/ante/fee.go:70
                	            	github.com/evmos/ethermint/app/ante.newCosmosAnteHandler.ChainAnteDecorators.func2
                	            		/Users/keruch/Go-workspace/pkg/mod/github.com/cosmos/cosmos-sdk@v0.50.11/types/handler.go:48
                	            	github.com/cosmos/cosmos-sdk/x/auth/ante.ConsumeTxSizeGasDecorator.AnteHandle
                	            		/Users/keruch/Go-workspace/pkg/mod/github.com/cosmos/cosmos-sdk@v0.50.11/x/auth/ante/basic.go:153
                	            	github.com/evmos/ethermint/app/ante.newCosmosAnteHandler.ChainAnteDecorators.func2
                	            		/Users/keruch/Go-workspace/pkg/mod/github.com/cosmos/cosmos-sdk@v0.50.11/types/handler.go:48
                	            	github.com/cosmos/cosmos-sdk/x/auth/ante.ValidateMemoDecorator.AnteHandle
                	            		/Users/keruch/Go-workspace/pkg/mod/github.com/cosmos/cosmos-sdk@v0.50.11/x/auth/ante/basic.go:72
                	            	github.com/evmos/ethermint/app/ante.newCosmosAnteHandler.ChainAnteDecorators.func2
                	            		/Users/keruch/Go-workspace/pkg/mod/github.com/cosmos/cosmos-sdk@v0.50.11/types/handler.go:48
                	            	github.com/evmos/ethermint/app/ante.MinGasPriceDecorator.AnteHandle
                	            		/Users/keruch/Development/Dymension/ethermint/app/ante/fees.go:91
                	            	github.com/evmos/ethermint/app/ante.newCosmosAnteHandler.ChainAnteDecorators.func2
                	            		/Users/keruch/Go-workspace/pkg/mod/github.com/cosmos/cosmos-sdk@v0.50.11/types/handler.go:48
                	            	github.com/cosmos/cosmos-sdk/x/auth/ante.TxTimeoutHeightDecorator.AnteHandle
                	            		/Users/keruch/Go-workspace/pkg/mod/github.com/cosmos/cosmos-sdk@v0.50.11/x/auth/ante/basic.go:216
                	            	github.com/evmos/ethermint/app/ante.newCosmosAnteHandler.ChainAnteDecorators.func2
                	            		/Users/keruch/Go-workspace/pkg/mod/github.com/cosmos/cosmos-sdk@v0.50.11/types/handler.go:48
                	            	github.com/cosmos/cosmos-sdk/x/auth/ante.ValidateBasicDecorator.AnteHandle
                	            		/Users/keruch/Go-workspace/pkg/mod/github.com/cosmos/cosmos-sdk@v0.50.11/x/auth/ante/basic.go:39
                	            	github.com/evmos/ethermint/app/ante.newCosmosAnteHandler.ChainAnteDecorators.func2
                	            		/Users/keruch/Go-workspace/pkg/mod/github.com/cosmos/cosmos-sdk@v0.50.11/types/handler.go:48
                	            	github.com/cosmos/cosmos-sdk/x/auth/ante.RejectExtensionOptionsDecorator.AnteHandle
                	            		/Users/keruch/Go-workspace/pkg/mod/github.com/cosmos/cosmos-sdk@v0.50.11/x/auth/ante/ext.go:52
                	            	github.com/evmos/ethermint/app/ante.newCosmosAnteHandler.ChainAnteDecorators.func2
                	            		/Users/keruch/Go-workspace/pkg/mod/github.com/cosmos/cosmos-sdk@v0.50.11/types/handler.go:48
                	            	github.com/cosmos/cosmos-sdk/x/auth/ante.SetUpContextDecorator.AnteHandle
                	            		/Users/keruch/Go-workspace/pkg/mod/github.com/cosmos/cosmos-sdk@v0.50.11/x/auth/ante/setup.go:70
                	            	github.com/evmos/ethermint/app/ante.newCosmosAnteHandler.ChainAnteDecorators.func2
                	            		/Users/keruch/Go-workspace/pkg/mod/github.com/cosmos/cosmos-sdk@v0.50.11/types/handler.go:48
                	            	github.com/evmos/ethermint/app/ante.AuthzLimiterDecorator.AnteHandle
                	            		/Users/keruch/Development/Dymension/ethermint/app/ante/authz.go:54
                	            	github.com/evmos/ethermint/app/ante.newCosmosAnteHandler.ChainAnteDecorators.func2
                	            		/Users/keruch/Go-workspace/pkg/mod/github.com/cosmos/cosmos-sdk@v0.50.11/types/handler.go:48
                	            	github.com/evmos/ethermint/app/ante.RejectMessagesDecorator.AnteHandle
                	            		/Users/keruch/Development/Dymension/ethermint/app/ante/reject_msgs.go:40
                	            	github.com/evmos/ethermint/app/ante.newCosmosAnteHandler.ChainAnteDecorators.func2
                	            		/Users/keruch/Go-workspace/pkg/mod/github.com/cosmos/cosmos-sdk@v0.50.11/types/handler.go:48
                	            	github.com/evmos/ethermint/app/ante.NewAnteHandler.func1
                	            		/Users/keruch/Development/Dymension/ethermint/app/ante/ante.go:89
                	            	github.com/evmos/ethermint/app/ante_test.(*AnteTestSuite).TestAnteHandler.func48
                	            		/Users/keruch/Development/Dymension/ethermint/app/ante/ante_test.go:941
                	            	github.com/stretchr/testify/suite.(*Suite).Run.func1
                	            		/Users/keruch/Go-workspace/pkg/mod/github.com/stretchr/testify@v1.9.0/suite/suite.go:115
                	            	signature verification failed; please verify account number (0) and chain-id (ethermint_9000-1): (unable to verify single signer signature): unauthorized
                	Test:       	TestAnteTestSuite/TestAnteHandler/success-_DeliverTx_EIP712_submit_proposal_v1
        --- FAIL: TestAnteTestSuite/TestAnteHandler/success-_DeliverTx_EIP712_MsgExec (0.01s)
            ante_test.go:946: 
                	Error Trace:	/Users/keruch/Development/Dymension/ethermint/app/ante/ante_test.go:946
                	            				/Users/keruch/Go-workspace/pkg/mod/github.com/stretchr/testify@v1.9.0/suite/suite.go:115
                	Error:      	Received unexpected error:
                	            	
                	            	github.com/cosmos/cosmos-sdk/x/auth/ante.SigVerificationDecorator.AnteHandle
                	            		/Users/keruch/Go-workspace/pkg/mod/github.com/cosmos/cosmos-sdk@v0.50.11/x/auth/ante/sigverify.go:333
                	            	github.com/evmos/ethermint/app/ante.newCosmosAnteHandler.ChainAnteDecorators.func2
                	            		/Users/keruch/Go-workspace/pkg/mod/github.com/cosmos/cosmos-sdk@v0.50.11/types/handler.go:48
                	            	github.com/cosmos/cosmos-sdk/x/auth/ante.SigGasConsumeDecorator.AnteHandle
                	            		/Users/keruch/Go-workspace/pkg/mod/github.com/cosmos/cosmos-sdk@v0.50.11/x/auth/ante/sigverify.go:212
                	            	github.com/evmos/ethermint/app/ante.newCosmosAnteHandler.ChainAnteDecorators.func2
                	            		/Users/keruch/Go-workspace/pkg/mod/github.com/cosmos/cosmos-sdk@v0.50.11/types/handler.go:48
                	            	github.com/cosmos/cosmos-sdk/x/auth/ante.ValidateSigCountDecorator.AnteHandle
                	            		/Users/keruch/Go-workspace/pkg/mod/github.com/cosmos/cosmos-sdk@v0.50.11/x/auth/ante/sigverify.go:420
                	            	github.com/evmos/ethermint/app/ante.newCosmosAnteHandler.ChainAnteDecorators.func2
                	            		/Users/keruch/Go-workspace/pkg/mod/github.com/cosmos/cosmos-sdk@v0.50.11/types/handler.go:48
                	            	github.com/cosmos/cosmos-sdk/x/auth/ante.SetPubKeyDecorator.AnteHandle
                	            		/Users/keruch/Go-workspace/pkg/mod/github.com/cosmos/cosmos-sdk@v0.50.11/x/auth/ante/sigverify.go:141
                	            	github.com/evmos/ethermint/app/ante.newCosmosAnteHandler.ChainAnteDecorators.func2
                	            		/Users/keruch/Go-workspace/pkg/mod/github.com/cosmos/cosmos-sdk@v0.50.11/types/handler.go:48
                	            	github.com/cosmos/cosmos-sdk/x/auth/ante.DeductFeeDecorator.AnteHandle
                	            		/Users/keruch/Go-workspace/pkg/mod/github.com/cosmos/cosmos-sdk@v0.50.11/x/auth/ante/fee.go:70
                	            	github.com/evmos/ethermint/app/ante.newCosmosAnteHandler.ChainAnteDecorators.func2
                	            		/Users/keruch/Go-workspace/pkg/mod/github.com/cosmos/cosmos-sdk@v0.50.11/types/handler.go:48
                	            	github.com/cosmos/cosmos-sdk/x/auth/ante.ConsumeTxSizeGasDecorator.AnteHandle
                	            		/Users/keruch/Go-workspace/pkg/mod/github.com/cosmos/cosmos-sdk@v0.50.11/x/auth/ante/basic.go:153
                	            	github.com/evmos/ethermint/app/ante.newCosmosAnteHandler.ChainAnteDecorators.func2
                	            		/Users/keruch/Go-workspace/pkg/mod/github.com/cosmos/cosmos-sdk@v0.50.11/types/handler.go:48
                	            	github.com/cosmos/cosmos-sdk/x/auth/ante.ValidateMemoDecorator.AnteHandle
                	            		/Users/keruch/Go-workspace/pkg/mod/github.com/cosmos/cosmos-sdk@v0.50.11/x/auth/ante/basic.go:72
                	            	github.com/evmos/ethermint/app/ante.newCosmosAnteHandler.ChainAnteDecorators.func2
                	            		/Users/keruch/Go-workspace/pkg/mod/github.com/cosmos/cosmos-sdk@v0.50.11/types/handler.go:48
                	            	github.com/evmos/ethermint/app/ante.MinGasPriceDecorator.AnteHandle
                	            		/Users/keruch/Development/Dymension/ethermint/app/ante/fees.go:91
                	            	github.com/evmos/ethermint/app/ante.newCosmosAnteHandler.ChainAnteDecorators.func2
                	            		/Users/keruch/Go-workspace/pkg/mod/github.com/cosmos/cosmos-sdk@v0.50.11/types/handler.go:48
                	            	github.com/cosmos/cosmos-sdk/x/auth/ante.TxTimeoutHeightDecorator.AnteHandle
                	            		/Users/keruch/Go-workspace/pkg/mod/github.com/cosmos/cosmos-sdk@v0.50.11/x/auth/ante/basic.go:216
                	            	github.com/evmos/ethermint/app/ante.newCosmosAnteHandler.ChainAnteDecorators.func2
                	            		/Users/keruch/Go-workspace/pkg/mod/github.com/cosmos/cosmos-sdk@v0.50.11/types/handler.go:48
                	            	github.com/cosmos/cosmos-sdk/x/auth/ante.ValidateBasicDecorator.AnteHandle
                	            		/Users/keruch/Go-workspace/pkg/mod/github.com/cosmos/cosmos-sdk@v0.50.11/x/auth/ante/basic.go:39
                	            	github.com/evmos/ethermint/app/ante.newCosmosAnteHandler.ChainAnteDecorators.func2
                	            		/Users/keruch/Go-workspace/pkg/mod/github.com/cosmos/cosmos-sdk@v0.50.11/types/handler.go:48
                	            	github.com/cosmos/cosmos-sdk/x/auth/ante.RejectExtensionOptionsDecorator.AnteHandle
                	            		/Users/keruch/Go-workspace/pkg/mod/github.com/cosmos/cosmos-sdk@v0.50.11/x/auth/ante/ext.go:52
                	            	github.com/evmos/ethermint/app/ante.newCosmosAnteHandler.ChainAnteDecorators.func2
                	            		/Users/keruch/Go-workspace/pkg/mod/github.com/cosmos/cosmos-sdk@v0.50.11/types/handler.go:48
                	            	github.com/cosmos/cosmos-sdk/x/auth/ante.SetUpContextDecorator.AnteHandle
                	            		/Users/keruch/Go-workspace/pkg/mod/github.com/cosmos/cosmos-sdk@v0.50.11/x/auth/ante/setup.go:70
                	            	github.com/evmos/ethermint/app/ante.newCosmosAnteHandler.ChainAnteDecorators.func2
                	            		/Users/keruch/Go-workspace/pkg/mod/github.com/cosmos/cosmos-sdk@v0.50.11/types/handler.go:48
                	            	github.com/evmos/ethermint/app/ante.AuthzLimiterDecorator.AnteHandle
                	            		/Users/keruch/Development/Dymension/ethermint/app/ante/authz.go:54
                	            	github.com/evmos/ethermint/app/ante.newCosmosAnteHandler.ChainAnteDecorators.func2
                	            		/Users/keruch/Go-workspace/pkg/mod/github.com/cosmos/cosmos-sdk@v0.50.11/types/handler.go:48
                	            	github.com/evmos/ethermint/app/ante.RejectMessagesDecorator.AnteHandle
                	            		/Users/keruch/Development/Dymension/ethermint/app/ante/reject_msgs.go:40
                	            	github.com/evmos/ethermint/app/ante.newCosmosAnteHandler.ChainAnteDecorators.func2
                	            		/Users/keruch/Go-workspace/pkg/mod/github.com/cosmos/cosmos-sdk@v0.50.11/types/handler.go:48
                	            	github.com/evmos/ethermint/app/ante.NewAnteHandler.func1
                	            		/Users/keruch/Development/Dymension/ethermint/app/ante/ante.go:89
                	            	github.com/evmos/ethermint/app/ante_test.(*AnteTestSuite).TestAnteHandler.func48
                	            		/Users/keruch/Development/Dymension/ethermint/app/ante/ante_test.go:941
                	            	github.com/stretchr/testify/suite.(*Suite).Run.func1
                	            		/Users/keruch/Go-workspace/pkg/mod/github.com/stretchr/testify@v1.9.0/suite/suite.go:115
                	            	signature verification failed; please verify account number (0) and chain-id (ethermint_9000-1): (unable to verify single signer signature): unauthorized
                	Test:       	TestAnteTestSuite/TestAnteHandler/success-_DeliverTx_EIP712_MsgExec
        --- FAIL: TestAnteTestSuite/TestAnteHandler/success-_DeliverTx_EIP712_MsgVoteV1 (0.01s)
            ante_test.go:946: 
                	Error Trace:	/Users/keruch/Development/Dymension/ethermint/app/ante/ante_test.go:946
                	            				/Users/keruch/Go-workspace/pkg/mod/github.com/stretchr/testify@v1.9.0/suite/suite.go:115
                	Error:      	Received unexpected error:
                	            	
                	            	github.com/cosmos/cosmos-sdk/x/auth/ante.SigVerificationDecorator.AnteHandle
                	            		/Users/keruch/Go-workspace/pkg/mod/github.com/cosmos/cosmos-sdk@v0.50.11/x/auth/ante/sigverify.go:333
                	            	github.com/evmos/ethermint/app/ante.newCosmosAnteHandler.ChainAnteDecorators.func2
                	            		/Users/keruch/Go-workspace/pkg/mod/github.com/cosmos/cosmos-sdk@v0.50.11/types/handler.go:48
                	            	github.com/cosmos/cosmos-sdk/x/auth/ante.SigGasConsumeDecorator.AnteHandle
                	            		/Users/keruch/Go-workspace/pkg/mod/github.com/cosmos/cosmos-sdk@v0.50.11/x/auth/ante/sigverify.go:212
                	            	github.com/evmos/ethermint/app/ante.newCosmosAnteHandler.ChainAnteDecorators.func2
                	            		/Users/keruch/Go-workspace/pkg/mod/github.com/cosmos/cosmos-sdk@v0.50.11/types/handler.go:48
                	            	github.com/cosmos/cosmos-sdk/x/auth/ante.ValidateSigCountDecorator.AnteHandle
                	            		/Users/keruch/Go-workspace/pkg/mod/github.com/cosmos/cosmos-sdk@v0.50.11/x/auth/ante/sigverify.go:420
                	            	github.com/evmos/ethermint/app/ante.newCosmosAnteHandler.ChainAnteDecorators.func2
                	            		/Users/keruch/Go-workspace/pkg/mod/github.com/cosmos/cosmos-sdk@v0.50.11/types/handler.go:48
                	            	github.com/cosmos/cosmos-sdk/x/auth/ante.SetPubKeyDecorator.AnteHandle
                	            		/Users/keruch/Go-workspace/pkg/mod/github.com/cosmos/cosmos-sdk@v0.50.11/x/auth/ante/sigverify.go:141
                	            	github.com/evmos/ethermint/app/ante.newCosmosAnteHandler.ChainAnteDecorators.func2
                	            		/Users/keruch/Go-workspace/pkg/mod/github.com/cosmos/cosmos-sdk@v0.50.11/types/handler.go:48
                	            	github.com/cosmos/cosmos-sdk/x/auth/ante.DeductFeeDecorator.AnteHandle
                	            		/Users/keruch/Go-workspace/pkg/mod/github.com/cosmos/cosmos-sdk@v0.50.11/x/auth/ante/fee.go:70
                	            	github.com/evmos/ethermint/app/ante.newCosmosAnteHandler.ChainAnteDecorators.func2
                	            		/Users/keruch/Go-workspace/pkg/mod/github.com/cosmos/cosmos-sdk@v0.50.11/types/handler.go:48
                	            	github.com/cosmos/cosmos-sdk/x/auth/ante.ConsumeTxSizeGasDecorator.AnteHandle
                	            		/Users/keruch/Go-workspace/pkg/mod/github.com/cosmos/cosmos-sdk@v0.50.11/x/auth/ante/basic.go:153
                	            	github.com/evmos/ethermint/app/ante.newCosmosAnteHandler.ChainAnteDecorators.func2
                	            		/Users/keruch/Go-workspace/pkg/mod/github.com/cosmos/cosmos-sdk@v0.50.11/types/handler.go:48
                	            	github.com/cosmos/cosmos-sdk/x/auth/ante.ValidateMemoDecorator.AnteHandle
                	            		/Users/keruch/Go-workspace/pkg/mod/github.com/cosmos/cosmos-sdk@v0.50.11/x/auth/ante/basic.go:72
                	            	github.com/evmos/ethermint/app/ante.newCosmosAnteHandler.ChainAnteDecorators.func2
                	            		/Users/keruch/Go-workspace/pkg/mod/github.com/cosmos/cosmos-sdk@v0.50.11/types/handler.go:48
                	            	github.com/evmos/ethermint/app/ante.MinGasPriceDecorator.AnteHandle
                	            		/Users/keruch/Development/Dymension/ethermint/app/ante/fees.go:91
                	            	github.com/evmos/ethermint/app/ante.newCosmosAnteHandler.ChainAnteDecorators.func2
                	            		/Users/keruch/Go-workspace/pkg/mod/github.com/cosmos/cosmos-sdk@v0.50.11/types/handler.go:48
                	            	github.com/cosmos/cosmos-sdk/x/auth/ante.TxTimeoutHeightDecorator.AnteHandle
                	            		/Users/keruch/Go-workspace/pkg/mod/github.com/cosmos/cosmos-sdk@v0.50.11/x/auth/ante/basic.go:216
                	            	github.com/evmos/ethermint/app/ante.newCosmosAnteHandler.ChainAnteDecorators.func2
                	            		/Users/keruch/Go-workspace/pkg/mod/github.com/cosmos/cosmos-sdk@v0.50.11/types/handler.go:48
                	            	github.com/cosmos/cosmos-sdk/x/auth/ante.ValidateBasicDecorator.AnteHandle
                	            		/Users/keruch/Go-workspace/pkg/mod/github.com/cosmos/cosmos-sdk@v0.50.11/x/auth/ante/basic.go:39
                	            	github.com/evmos/ethermint/app/ante.newCosmosAnteHandler.ChainAnteDecorators.func2
                	            		/Users/keruch/Go-workspace/pkg/mod/github.com/cosmos/cosmos-sdk@v0.50.11/types/handler.go:48
                	            	github.com/cosmos/cosmos-sdk/x/auth/ante.RejectExtensionOptionsDecorator.AnteHandle
                	            		/Users/keruch/Go-workspace/pkg/mod/github.com/cosmos/cosmos-sdk@v0.50.11/x/auth/ante/ext.go:52
                	            	github.com/evmos/ethermint/app/ante.newCosmosAnteHandler.ChainAnteDecorators.func2
                	            		/Users/keruch/Go-workspace/pkg/mod/github.com/cosmos/cosmos-sdk@v0.50.11/types/handler.go:48
                	            	github.com/cosmos/cosmos-sdk/x/auth/ante.SetUpContextDecorator.AnteHandle
                	            		/Users/keruch/Go-workspace/pkg/mod/github.com/cosmos/cosmos-sdk@v0.50.11/x/auth/ante/setup.go:70
                	            	github.com/evmos/ethermint/app/ante.newCosmosAnteHandler.ChainAnteDecorators.func2
                	            		/Users/keruch/Go-workspace/pkg/mod/github.com/cosmos/cosmos-sdk@v0.50.11/types/handler.go:48
                	            	github.com/evmos/ethermint/app/ante.AuthzLimiterDecorator.AnteHandle
                	            		/Users/keruch/Development/Dymension/ethermint/app/ante/authz.go:54
                	            	github.com/evmos/ethermint/app/ante.newCosmosAnteHandler.ChainAnteDecorators.func2
                	            		/Users/keruch/Go-workspace/pkg/mod/github.com/cosmos/cosmos-sdk@v0.50.11/types/handler.go:48
                	            	github.com/evmos/ethermint/app/ante.RejectMessagesDecorator.AnteHandle
                	            		/Users/keruch/Development/Dymension/ethermint/app/ante/reject_msgs.go:40
                	            	github.com/evmos/ethermint/app/ante.newCosmosAnteHandler.ChainAnteDecorators.func2
                	            		/Users/keruch/Go-workspace/pkg/mod/github.com/cosmos/cosmos-sdk@v0.50.11/types/handler.go:48
                	            	github.com/evmos/ethermint/app/ante.NewAnteHandler.func1
                	            		/Users/keruch/Development/Dymension/ethermint/app/ante/ante.go:89
                	            	github.com/evmos/ethermint/app/ante_test.(*AnteTestSuite).TestAnteHandler.func48
                	            		/Users/keruch/Development/Dymension/ethermint/app/ante/ante_test.go:941
                	            	github.com/stretchr/testify/suite.(*Suite).Run.func1
                	            		/Users/keruch/Go-workspace/pkg/mod/github.com/stretchr/testify@v1.9.0/suite/suite.go:115
                	            	signature verification failed; please verify account number (0) and chain-id (ethermint_9000-1): (unable to verify single signer signature): unauthorized
                	Test:       	TestAnteTestSuite/TestAnteHandler/success-_DeliverTx_EIP712_MsgVoteV1
        --- FAIL: TestAnteTestSuite/TestAnteHandler/success-_DeliverTx_EIP712_Multiple_MsgSend (0.01s)
            ante_test.go:946: 
                	Error Trace:	/Users/keruch/Development/Dymension/ethermint/app/ante/ante_test.go:946
                	            				/Users/keruch/Go-workspace/pkg/mod/github.com/stretchr/testify@v1.9.0/suite/suite.go:115
                	Error:      	Received unexpected error:
                	            	
                	            	github.com/cosmos/cosmos-sdk/x/auth/ante.SigVerificationDecorator.AnteHandle
                	            		/Users/keruch/Go-workspace/pkg/mod/github.com/cosmos/cosmos-sdk@v0.50.11/x/auth/ante/sigverify.go:333
                	            	github.com/evmos/ethermint/app/ante.newCosmosAnteHandler.ChainAnteDecorators.func2
                	            		/Users/keruch/Go-workspace/pkg/mod/github.com/cosmos/cosmos-sdk@v0.50.11/types/handler.go:48
                	            	github.com/cosmos/cosmos-sdk/x/auth/ante.SigGasConsumeDecorator.AnteHandle
                	            		/Users/keruch/Go-workspace/pkg/mod/github.com/cosmos/cosmos-sdk@v0.50.11/x/auth/ante/sigverify.go:212
                	            	github.com/evmos/ethermint/app/ante.newCosmosAnteHandler.ChainAnteDecorators.func2
                	            		/Users/keruch/Go-workspace/pkg/mod/github.com/cosmos/cosmos-sdk@v0.50.11/types/handler.go:48
                	            	github.com/cosmos/cosmos-sdk/x/auth/ante.ValidateSigCountDecorator.AnteHandle
                	            		/Users/keruch/Go-workspace/pkg/mod/github.com/cosmos/cosmos-sdk@v0.50.11/x/auth/ante/sigverify.go:420
                	            	github.com/evmos/ethermint/app/ante.newCosmosAnteHandler.ChainAnteDecorators.func2
                	            		/Users/keruch/Go-workspace/pkg/mod/github.com/cosmos/cosmos-sdk@v0.50.11/types/handler.go:48
                	            	github.com/cosmos/cosmos-sdk/x/auth/ante.SetPubKeyDecorator.AnteHandle
                	            		/Users/keruch/Go-workspace/pkg/mod/github.com/cosmos/cosmos-sdk@v0.50.11/x/auth/ante/sigverify.go:141
                	            	github.com/evmos/ethermint/app/ante.newCosmosAnteHandler.ChainAnteDecorators.func2
                	            		/Users/keruch/Go-workspace/pkg/mod/github.com/cosmos/cosmos-sdk@v0.50.11/types/handler.go:48
                	            	github.com/cosmos/cosmos-sdk/x/auth/ante.DeductFeeDecorator.AnteHandle
                	            		/Users/keruch/Go-workspace/pkg/mod/github.com/cosmos/cosmos-sdk@v0.50.11/x/auth/ante/fee.go:70
                	            	github.com/evmos/ethermint/app/ante.newCosmosAnteHandler.ChainAnteDecorators.func2
                	            		/Users/keruch/Go-workspace/pkg/mod/github.com/cosmos/cosmos-sdk@v0.50.11/types/handler.go:48
                	            	github.com/cosmos/cosmos-sdk/x/auth/ante.ConsumeTxSizeGasDecorator.AnteHandle
                	            		/Users/keruch/Go-workspace/pkg/mod/github.com/cosmos/cosmos-sdk@v0.50.11/x/auth/ante/basic.go:153
                	            	github.com/evmos/ethermint/app/ante.newCosmosAnteHandler.ChainAnteDecorators.func2
                	            		/Users/keruch/Go-workspace/pkg/mod/github.com/cosmos/cosmos-sdk@v0.50.11/types/handler.go:48
                	            	github.com/cosmos/cosmos-sdk/x/auth/ante.ValidateMemoDecorator.AnteHandle
                	            		/Users/keruch/Go-workspace/pkg/mod/github.com/cosmos/cosmos-sdk@v0.50.11/x/auth/ante/basic.go:72
                	            	github.com/evmos/ethermint/app/ante.newCosmosAnteHandler.ChainAnteDecorators.func2
                	            		/Users/keruch/Go-workspace/pkg/mod/github.com/cosmos/cosmos-sdk@v0.50.11/types/handler.go:48
                	            	github.com/evmos/ethermint/app/ante.MinGasPriceDecorator.AnteHandle
                	            		/Users/keruch/Development/Dymension/ethermint/app/ante/fees.go:91
                	            	github.com/evmos/ethermint/app/ante.newCosmosAnteHandler.ChainAnteDecorators.func2
                	            		/Users/keruch/Go-workspace/pkg/mod/github.com/cosmos/cosmos-sdk@v0.50.11/types/handler.go:48
                	            	github.com/cosmos/cosmos-sdk/x/auth/ante.TxTimeoutHeightDecorator.AnteHandle
                	            		/Users/keruch/Go-workspace/pkg/mod/github.com/cosmos/cosmos-sdk@v0.50.11/x/auth/ante/basic.go:216
                	            	github.com/evmos/ethermint/app/ante.newCosmosAnteHandler.ChainAnteDecorators.func2
                	            		/Users/keruch/Go-workspace/pkg/mod/github.com/cosmos/cosmos-sdk@v0.50.11/types/handler.go:48
                	            	github.com/cosmos/cosmos-sdk/x/auth/ante.ValidateBasicDecorator.AnteHandle
                	            		/Users/keruch/Go-workspace/pkg/mod/github.com/cosmos/cosmos-sdk@v0.50.11/x/auth/ante/basic.go:39
                	            	github.com/evmos/ethermint/app/ante.newCosmosAnteHandler.ChainAnteDecorators.func2
                	            		/Users/keruch/Go-workspace/pkg/mod/github.com/cosmos/cosmos-sdk@v0.50.11/types/handler.go:48
                	            	github.com/cosmos/cosmos-sdk/x/auth/ante.RejectExtensionOptionsDecorator.AnteHandle
                	            		/Users/keruch/Go-workspace/pkg/mod/github.com/cosmos/cosmos-sdk@v0.50.11/x/auth/ante/ext.go:52
                	            	github.com/evmos/ethermint/app/ante.newCosmosAnteHandler.ChainAnteDecorators.func2
                	            		/Users/keruch/Go-workspace/pkg/mod/github.com/cosmos/cosmos-sdk@v0.50.11/types/handler.go:48
                	            	github.com/cosmos/cosmos-sdk/x/auth/ante.SetUpContextDecorator.AnteHandle
                	            		/Users/keruch/Go-workspace/pkg/mod/github.com/cosmos/cosmos-sdk@v0.50.11/x/auth/ante/setup.go:70
                	            	github.com/evmos/ethermint/app/ante.newCosmosAnteHandler.ChainAnteDecorators.func2
                	            		/Users/keruch/Go-workspace/pkg/mod/github.com/cosmos/cosmos-sdk@v0.50.11/types/handler.go:48
                	            	github.com/evmos/ethermint/app/ante.AuthzLimiterDecorator.AnteHandle
                	            		/Users/keruch/Development/Dymension/ethermint/app/ante/authz.go:54
                	            	github.com/evmos/ethermint/app/ante.newCosmosAnteHandler.ChainAnteDecorators.func2
                	            		/Users/keruch/Go-workspace/pkg/mod/github.com/cosmos/cosmos-sdk@v0.50.11/types/handler.go:48
                	            	github.com/evmos/ethermint/app/ante.RejectMessagesDecorator.AnteHandle
                	            		/Users/keruch/Development/Dymension/ethermint/app/ante/reject_msgs.go:40
                	            	github.com/evmos/ethermint/app/ante.newCosmosAnteHandler.ChainAnteDecorators.func2
                	            		/Users/keruch/Go-workspace/pkg/mod/github.com/cosmos/cosmos-sdk@v0.50.11/types/handler.go:48
                	            	github.com/evmos/ethermint/app/ante.NewAnteHandler.func1
                	            		/Users/keruch/Development/Dymension/ethermint/app/ante/ante.go:89
                	            	github.com/evmos/ethermint/app/ante_test.(*AnteTestSuite).TestAnteHandler.func48
                	            		/Users/keruch/Development/Dymension/ethermint/app/ante/ante_test.go:941
                	            	github.com/stretchr/testify/suite.(*Suite).Run.func1
                	            		/Users/keruch/Go-workspace/pkg/mod/github.com/stretchr/testify@v1.9.0/suite/suite.go:115
                	            	signature verification failed; please verify account number (0) and chain-id (ethermint_9000-1): (unable to verify single signer signature): unauthorized
                	Test:       	TestAnteTestSuite/TestAnteHandler/success-_DeliverTx_EIP712_Multiple_MsgSend
        --- FAIL: TestAnteTestSuite/TestAnteHandler/passes_-_Single-signer_EIP-712 (0.01s)
            ante_test.go:946: 
                	Error Trace:	/Users/keruch/Development/Dymension/ethermint/app/ante/ante_test.go:946
                	            				/Users/keruch/Go-workspace/pkg/mod/github.com/stretchr/testify@v1.9.0/suite/suite.go:115
                	Error:      	Received unexpected error:
                	            	
                	            	github.com/cosmos/cosmos-sdk/x/auth/ante.SigVerificationDecorator.AnteHandle
                	            		/Users/keruch/Go-workspace/pkg/mod/github.com/cosmos/cosmos-sdk@v0.50.11/x/auth/ante/sigverify.go:333
                	            	github.com/evmos/ethermint/app/ante.newCosmosAnteHandler.ChainAnteDecorators.func2
                	            		/Users/keruch/Go-workspace/pkg/mod/github.com/cosmos/cosmos-sdk@v0.50.11/types/handler.go:48
                	            	github.com/cosmos/cosmos-sdk/x/auth/ante.SigGasConsumeDecorator.AnteHandle
                	            		/Users/keruch/Go-workspace/pkg/mod/github.com/cosmos/cosmos-sdk@v0.50.11/x/auth/ante/sigverify.go:212
                	            	github.com/evmos/ethermint/app/ante.newCosmosAnteHandler.ChainAnteDecorators.func2
                	            		/Users/keruch/Go-workspace/pkg/mod/github.com/cosmos/cosmos-sdk@v0.50.11/types/handler.go:48
                	            	github.com/cosmos/cosmos-sdk/x/auth/ante.ValidateSigCountDecorator.AnteHandle
                	            		/Users/keruch/Go-workspace/pkg/mod/github.com/cosmos/cosmos-sdk@v0.50.11/x/auth/ante/sigverify.go:420
                	            	github.com/evmos/ethermint/app/ante.newCosmosAnteHandler.ChainAnteDecorators.func2
                	            		/Users/keruch/Go-workspace/pkg/mod/github.com/cosmos/cosmos-sdk@v0.50.11/types/handler.go:48
                	            	github.com/cosmos/cosmos-sdk/x/auth/ante.SetPubKeyDecorator.AnteHandle
                	            		/Users/keruch/Go-workspace/pkg/mod/github.com/cosmos/cosmos-sdk@v0.50.11/x/auth/ante/sigverify.go:141
                	            	github.com/evmos/ethermint/app/ante.newCosmosAnteHandler.ChainAnteDecorators.func2
                	            		/Users/keruch/Go-workspace/pkg/mod/github.com/cosmos/cosmos-sdk@v0.50.11/types/handler.go:48
                	            	github.com/cosmos/cosmos-sdk/x/auth/ante.DeductFeeDecorator.AnteHandle
                	            		/Users/keruch/Go-workspace/pkg/mod/github.com/cosmos/cosmos-sdk@v0.50.11/x/auth/ante/fee.go:70
                	            	github.com/evmos/ethermint/app/ante.newCosmosAnteHandler.ChainAnteDecorators.func2
                	            		/Users/keruch/Go-workspace/pkg/mod/github.com/cosmos/cosmos-sdk@v0.50.11/types/handler.go:48
                	            	github.com/cosmos/cosmos-sdk/x/auth/ante.ConsumeTxSizeGasDecorator.AnteHandle
                	            		/Users/keruch/Go-workspace/pkg/mod/github.com/cosmos/cosmos-sdk@v0.50.11/x/auth/ante/basic.go:153
                	            	github.com/evmos/ethermint/app/ante.newCosmosAnteHandler.ChainAnteDecorators.func2
                	            		/Users/keruch/Go-workspace/pkg/mod/github.com/cosmos/cosmos-sdk@v0.50.11/types/handler.go:48
                	            	github.com/cosmos/cosmos-sdk/x/auth/ante.ValidateMemoDecorator.AnteHandle
                	            		/Users/keruch/Go-workspace/pkg/mod/github.com/cosmos/cosmos-sdk@v0.50.11/x/auth/ante/basic.go:72
                	            	github.com/evmos/ethermint/app/ante.newCosmosAnteHandler.ChainAnteDecorators.func2
                	            		/Users/keruch/Go-workspace/pkg/mod/github.com/cosmos/cosmos-sdk@v0.50.11/types/handler.go:48
                	            	github.com/evmos/ethermint/app/ante.MinGasPriceDecorator.AnteHandle
                	            		/Users/keruch/Development/Dymension/ethermint/app/ante/fees.go:91
                	            	github.com/evmos/ethermint/app/ante.newCosmosAnteHandler.ChainAnteDecorators.func2
                	            		/Users/keruch/Go-workspace/pkg/mod/github.com/cosmos/cosmos-sdk@v0.50.11/types/handler.go:48
                	            	github.com/cosmos/cosmos-sdk/x/auth/ante.TxTimeoutHeightDecorator.AnteHandle
                	            		/Users/keruch/Go-workspace/pkg/mod/github.com/cosmos/cosmos-sdk@v0.50.11/x/auth/ante/basic.go:216
                	            	github.com/evmos/ethermint/app/ante.newCosmosAnteHandler.ChainAnteDecorators.func2
                	            		/Users/keruch/Go-workspace/pkg/mod/github.com/cosmos/cosmos-sdk@v0.50.11/types/handler.go:48
                	            	github.com/cosmos/cosmos-sdk/x/auth/ante.ValidateBasicDecorator.AnteHandle
                	            		/Users/keruch/Go-workspace/pkg/mod/github.com/cosmos/cosmos-sdk@v0.50.11/x/auth/ante/basic.go:39
                	            	github.com/evmos/ethermint/app/ante.newCosmosAnteHandler.ChainAnteDecorators.func2
                	            		/Users/keruch/Go-workspace/pkg/mod/github.com/cosmos/cosmos-sdk@v0.50.11/types/handler.go:48
                	            	github.com/cosmos/cosmos-sdk/x/auth/ante.RejectExtensionOptionsDecorator.AnteHandle
                	            		/Users/keruch/Go-workspace/pkg/mod/github.com/cosmos/cosmos-sdk@v0.50.11/x/auth/ante/ext.go:52
                	            	github.com/evmos/ethermint/app/ante.newCosmosAnteHandler.ChainAnteDecorators.func2
                	            		/Users/keruch/Go-workspace/pkg/mod/github.com/cosmos/cosmos-sdk@v0.50.11/types/handler.go:48
                	            	github.com/cosmos/cosmos-sdk/x/auth/ante.SetUpContextDecorator.AnteHandle
                	            		/Users/keruch/Go-workspace/pkg/mod/github.com/cosmos/cosmos-sdk@v0.50.11/x/auth/ante/setup.go:70
                	            	github.com/evmos/ethermint/app/ante.newCosmosAnteHandler.ChainAnteDecorators.func2
                	            		/Users/keruch/Go-workspace/pkg/mod/github.com/cosmos/cosmos-sdk@v0.50.11/types/handler.go:48
                	            	github.com/evmos/ethermint/app/ante.AuthzLimiterDecorator.AnteHandle
                	            		/Users/keruch/Development/Dymension/ethermint/app/ante/authz.go:54
                	            	github.com/evmos/ethermint/app/ante.newCosmosAnteHandler.ChainAnteDecorators.func2
                	            		/Users/keruch/Go-workspace/pkg/mod/github.com/cosmos/cosmos-sdk@v0.50.11/types/handler.go:48
                	            	github.com/evmos/ethermint/app/ante.RejectMessagesDecorator.AnteHandle
                	            		/Users/keruch/Development/Dymension/ethermint/app/ante/reject_msgs.go:40
                	            	github.com/evmos/ethermint/app/ante.newCosmosAnteHandler.ChainAnteDecorators.func2
                	            		/Users/keruch/Go-workspace/pkg/mod/github.com/cosmos/cosmos-sdk@v0.50.11/types/handler.go:48
                	            	github.com/evmos/ethermint/app/ante.NewAnteHandler.func1
                	            		/Users/keruch/Development/Dymension/ethermint/app/ante/ante.go:89
                	            	github.com/evmos/ethermint/app/ante_test.(*AnteTestSuite).TestAnteHandler.func48
                	            		/Users/keruch/Development/Dymension/ethermint/app/ante/ante_test.go:941
                	            	github.com/stretchr/testify/suite.(*Suite).Run.func1
                	            		/Users/keruch/Go-workspace/pkg/mod/github.com/stretchr/testify@v1.9.0/suite/suite.go:115
                	            	signature verification failed; please verify account number (0), sequence (0) and chain-id (ethermint_9000-1): unauthorized
                	Test:       	TestAnteTestSuite/TestAnteHandler/passes_-_Single-signer_EIP-712
        --- FAIL: TestAnteTestSuite/TestAnteHandler/passes_-_EIP-712_multi-key (0.01s)
            ante_test.go:946: 
                	Error Trace:	/Users/keruch/Development/Dymension/ethermint/app/ante/ante_test.go:946
                	            				/Users/keruch/Go-workspace/pkg/mod/github.com/stretchr/testify@v1.9.0/suite/suite.go:115
                	Error:      	Received unexpected error:
                	            	
                	            	github.com/cosmos/cosmos-sdk/x/auth/ante.SigVerificationDecorator.AnteHandle
                	            		/Users/keruch/Go-workspace/pkg/mod/github.com/cosmos/cosmos-sdk@v0.50.11/x/auth/ante/sigverify.go:333
                	            	github.com/evmos/ethermint/app/ante.newCosmosAnteHandler.ChainAnteDecorators.func2
                	            		/Users/keruch/Go-workspace/pkg/mod/github.com/cosmos/cosmos-sdk@v0.50.11/types/handler.go:48
                	            	github.com/cosmos/cosmos-sdk/x/auth/ante.SigGasConsumeDecorator.AnteHandle
                	            		/Users/keruch/Go-workspace/pkg/mod/github.com/cosmos/cosmos-sdk@v0.50.11/x/auth/ante/sigverify.go:212
                	            	github.com/evmos/ethermint/app/ante.newCosmosAnteHandler.ChainAnteDecorators.func2
                	            		/Users/keruch/Go-workspace/pkg/mod/github.com/cosmos/cosmos-sdk@v0.50.11/types/handler.go:48
                	            	github.com/cosmos/cosmos-sdk/x/auth/ante.ValidateSigCountDecorator.AnteHandle
                	            		/Users/keruch/Go-workspace/pkg/mod/github.com/cosmos/cosmos-sdk@v0.50.11/x/auth/ante/sigverify.go:420
                	            	github.com/evmos/ethermint/app/ante.newCosmosAnteHandler.ChainAnteDecorators.func2
                	            		/Users/keruch/Go-workspace/pkg/mod/github.com/cosmos/cosmos-sdk@v0.50.11/types/handler.go:48
                	            	github.com/cosmos/cosmos-sdk/x/auth/ante.SetPubKeyDecorator.AnteHandle
                	            		/Users/keruch/Go-workspace/pkg/mod/github.com/cosmos/cosmos-sdk@v0.50.11/x/auth/ante/sigverify.go:141
                	            	github.com/evmos/ethermint/app/ante.newCosmosAnteHandler.ChainAnteDecorators.func2
                	            		/Users/keruch/Go-workspace/pkg/mod/github.com/cosmos/cosmos-sdk@v0.50.11/types/handler.go:48
                	            	github.com/cosmos/cosmos-sdk/x/auth/ante.DeductFeeDecorator.AnteHandle
                	            		/Users/keruch/Go-workspace/pkg/mod/github.com/cosmos/cosmos-sdk@v0.50.11/x/auth/ante/fee.go:70
                	            	github.com/evmos/ethermint/app/ante.newCosmosAnteHandler.ChainAnteDecorators.func2
                	            		/Users/keruch/Go-workspace/pkg/mod/github.com/cosmos/cosmos-sdk@v0.50.11/types/handler.go:48
                	            	github.com/cosmos/cosmos-sdk/x/auth/ante.ConsumeTxSizeGasDecorator.AnteHandle
                	            		/Users/keruch/Go-workspace/pkg/mod/github.com/cosmos/cosmos-sdk@v0.50.11/x/auth/ante/basic.go:153
                	            	github.com/evmos/ethermint/app/ante.newCosmosAnteHandler.ChainAnteDecorators.func2
                	            		/Users/keruch/Go-workspace/pkg/mod/github.com/cosmos/cosmos-sdk@v0.50.11/types/handler.go:48
                	            	github.com/cosmos/cosmos-sdk/x/auth/ante.ValidateMemoDecorator.AnteHandle
                	            		/Users/keruch/Go-workspace/pkg/mod/github.com/cosmos/cosmos-sdk@v0.50.11/x/auth/ante/basic.go:72
                	            	github.com/evmos/ethermint/app/ante.newCosmosAnteHandler.ChainAnteDecorators.func2
                	            		/Users/keruch/Go-workspace/pkg/mod/github.com/cosmos/cosmos-sdk@v0.50.11/types/handler.go:48
                	            	github.com/evmos/ethermint/app/ante.MinGasPriceDecorator.AnteHandle
                	            		/Users/keruch/Development/Dymension/ethermint/app/ante/fees.go:91
                	            	github.com/evmos/ethermint/app/ante.newCosmosAnteHandler.ChainAnteDecorators.func2
                	            		/Users/keruch/Go-workspace/pkg/mod/github.com/cosmos/cosmos-sdk@v0.50.11/types/handler.go:48
                	            	github.com/cosmos/cosmos-sdk/x/auth/ante.TxTimeoutHeightDecorator.AnteHandle
                	            		/Users/keruch/Go-workspace/pkg/mod/github.com/cosmos/cosmos-sdk@v0.50.11/x/auth/ante/basic.go:216
                	            	github.com/evmos/ethermint/app/ante.newCosmosAnteHandler.ChainAnteDecorators.func2
                	            		/Users/keruch/Go-workspace/pkg/mod/github.com/cosmos/cosmos-sdk@v0.50.11/types/handler.go:48
                	            	github.com/cosmos/cosmos-sdk/x/auth/ante.ValidateBasicDecorator.AnteHandle
                	            		/Users/keruch/Go-workspace/pkg/mod/github.com/cosmos/cosmos-sdk@v0.50.11/x/auth/ante/basic.go:39
                	            	github.com/evmos/ethermint/app/ante.newCosmosAnteHandler.ChainAnteDecorators.func2
                	            		/Users/keruch/Go-workspace/pkg/mod/github.com/cosmos/cosmos-sdk@v0.50.11/types/handler.go:48
                	            	github.com/cosmos/cosmos-sdk/x/auth/ante.RejectExtensionOptionsDecorator.AnteHandle
                	            		/Users/keruch/Go-workspace/pkg/mod/github.com/cosmos/cosmos-sdk@v0.50.11/x/auth/ante/ext.go:52
                	            	github.com/evmos/ethermint/app/ante.newCosmosAnteHandler.ChainAnteDecorators.func2
                	            		/Users/keruch/Go-workspace/pkg/mod/github.com/cosmos/cosmos-sdk@v0.50.11/types/handler.go:48
                	            	github.com/cosmos/cosmos-sdk/x/auth/ante.SetUpContextDecorator.AnteHandle
                	            		/Users/keruch/Go-workspace/pkg/mod/github.com/cosmos/cosmos-sdk@v0.50.11/x/auth/ante/setup.go:70
                	            	github.com/evmos/ethermint/app/ante.newCosmosAnteHandler.ChainAnteDecorators.func2
                	            		/Users/keruch/Go-workspace/pkg/mod/github.com/cosmos/cosmos-sdk@v0.50.11/types/handler.go:48
                	            	github.com/evmos/ethermint/app/ante.AuthzLimiterDecorator.AnteHandle
                	            		/Users/keruch/Development/Dymension/ethermint/app/ante/authz.go:54
                	            	github.com/evmos/ethermint/app/ante.newCosmosAnteHandler.ChainAnteDecorators.func2
                	            		/Users/keruch/Go-workspace/pkg/mod/github.com/cosmos/cosmos-sdk@v0.50.11/types/handler.go:48
                	            	github.com/evmos/ethermint/app/ante.RejectMessagesDecorator.AnteHandle
                	            		/Users/keruch/Development/Dymension/ethermint/app/ante/reject_msgs.go:40
                	            	github.com/evmos/ethermint/app/ante.newCosmosAnteHandler.ChainAnteDecorators.func2
                	            		/Users/keruch/Go-workspace/pkg/mod/github.com/cosmos/cosmos-sdk@v0.50.11/types/handler.go:48
                	            	github.com/evmos/ethermint/app/ante.NewAnteHandler.func1
                	            		/Users/keruch/Development/Dymension/ethermint/app/ante/ante.go:89
                	            	github.com/evmos/ethermint/app/ante_test.(*AnteTestSuite).TestAnteHandler.func48
                	            		/Users/keruch/Development/Dymension/ethermint/app/ante/ante_test.go:941
                	            	github.com/stretchr/testify/suite.(*Suite).Run.func1
                	            		/Users/keruch/Go-workspace/pkg/mod/github.com/stretchr/testify@v1.9.0/suite/suite.go:115
                	            	signature verification failed; please verify account number (0), sequence (0) and chain-id (ethermint_9000-1): unauthorized
                	Test:       	TestAnteTestSuite/TestAnteHandler/passes_-_EIP-712_multi-key
        --- FAIL: TestAnteTestSuite/TestAnteHandler/passes_-_Mixed_multi-key (0.01s)
            ante_test.go:946: 
                	Error Trace:	/Users/keruch/Development/Dymension/ethermint/app/ante/ante_test.go:946
                	            				/Users/keruch/Go-workspace/pkg/mod/github.com/stretchr/testify@v1.9.0/suite/suite.go:115
                	Error:      	Received unexpected error:
                	            	
                	            	github.com/cosmos/cosmos-sdk/x/auth/ante.SigVerificationDecorator.AnteHandle
                	            		/Users/keruch/Go-workspace/pkg/mod/github.com/cosmos/cosmos-sdk@v0.50.11/x/auth/ante/sigverify.go:333
                	            	github.com/evmos/ethermint/app/ante.newCosmosAnteHandler.ChainAnteDecorators.func2
                	            		/Users/keruch/Go-workspace/pkg/mod/github.com/cosmos/cosmos-sdk@v0.50.11/types/handler.go:48
                	            	github.com/cosmos/cosmos-sdk/x/auth/ante.SigGasConsumeDecorator.AnteHandle
                	            		/Users/keruch/Go-workspace/pkg/mod/github.com/cosmos/cosmos-sdk@v0.50.11/x/auth/ante/sigverify.go:212
                	            	github.com/evmos/ethermint/app/ante.newCosmosAnteHandler.ChainAnteDecorators.func2
                	            		/Users/keruch/Go-workspace/pkg/mod/github.com/cosmos/cosmos-sdk@v0.50.11/types/handler.go:48
                	            	github.com/cosmos/cosmos-sdk/x/auth/ante.ValidateSigCountDecorator.AnteHandle
                	            		/Users/keruch/Go-workspace/pkg/mod/github.com/cosmos/cosmos-sdk@v0.50.11/x/auth/ante/sigverify.go:420
                	            	github.com/evmos/ethermint/app/ante.newCosmosAnteHandler.ChainAnteDecorators.func2
                	            		/Users/keruch/Go-workspace/pkg/mod/github.com/cosmos/cosmos-sdk@v0.50.11/types/handler.go:48
                	            	github.com/cosmos/cosmos-sdk/x/auth/ante.SetPubKeyDecorator.AnteHandle
                	            		/Users/keruch/Go-workspace/pkg/mod/github.com/cosmos/cosmos-sdk@v0.50.11/x/auth/ante/sigverify.go:141
                	            	github.com/evmos/ethermint/app/ante.newCosmosAnteHandler.ChainAnteDecorators.func2
                	            		/Users/keruch/Go-workspace/pkg/mod/github.com/cosmos/cosmos-sdk@v0.50.11/types/handler.go:48
                	            	github.com/cosmos/cosmos-sdk/x/auth/ante.DeductFeeDecorator.AnteHandle
                	            		/Users/keruch/Go-workspace/pkg/mod/github.com/cosmos/cosmos-sdk@v0.50.11/x/auth/ante/fee.go:70
                	            	github.com/evmos/ethermint/app/ante.newCosmosAnteHandler.ChainAnteDecorators.func2
                	            		/Users/keruch/Go-workspace/pkg/mod/github.com/cosmos/cosmos-sdk@v0.50.11/types/handler.go:48
                	            	github.com/cosmos/cosmos-sdk/x/auth/ante.ConsumeTxSizeGasDecorator.AnteHandle
                	            		/Users/keruch/Go-workspace/pkg/mod/github.com/cosmos/cosmos-sdk@v0.50.11/x/auth/ante/basic.go:153
                	            	github.com/evmos/ethermint/app/ante.newCosmosAnteHandler.ChainAnteDecorators.func2
                	            		/Users/keruch/Go-workspace/pkg/mod/github.com/cosmos/cosmos-sdk@v0.50.11/types/handler.go:48
                	            	github.com/cosmos/cosmos-sdk/x/auth/ante.ValidateMemoDecorator.AnteHandle
                	            		/Users/keruch/Go-workspace/pkg/mod/github.com/cosmos/cosmos-sdk@v0.50.11/x/auth/ante/basic.go:72
                	            	github.com/evmos/ethermint/app/ante.newCosmosAnteHandler.ChainAnteDecorators.func2
                	            		/Users/keruch/Go-workspace/pkg/mod/github.com/cosmos/cosmos-sdk@v0.50.11/types/handler.go:48
                	            	github.com/evmos/ethermint/app/ante.MinGasPriceDecorator.AnteHandle
                	            		/Users/keruch/Development/Dymension/ethermint/app/ante/fees.go:91
                	            	github.com/evmos/ethermint/app/ante.newCosmosAnteHandler.ChainAnteDecorators.func2
                	            		/Users/keruch/Go-workspace/pkg/mod/github.com/cosmos/cosmos-sdk@v0.50.11/types/handler.go:48
                	            	github.com/cosmos/cosmos-sdk/x/auth/ante.TxTimeoutHeightDecorator.AnteHandle
                	            		/Users/keruch/Go-workspace/pkg/mod/github.com/cosmos/cosmos-sdk@v0.50.11/x/auth/ante/basic.go:216
                	            	github.com/evmos/ethermint/app/ante.newCosmosAnteHandler.ChainAnteDecorators.func2
                	            		/Users/keruch/Go-workspace/pkg/mod/github.com/cosmos/cosmos-sdk@v0.50.11/types/handler.go:48
                	            	github.com/cosmos/cosmos-sdk/x/auth/ante.ValidateBasicDecorator.AnteHandle
                	            		/Users/keruch/Go-workspace/pkg/mod/github.com/cosmos/cosmos-sdk@v0.50.11/x/auth/ante/basic.go:39
                	            	github.com/evmos/ethermint/app/ante.newCosmosAnteHandler.ChainAnteDecorators.func2
                	            		/Users/keruch/Go-workspace/pkg/mod/github.com/cosmos/cosmos-sdk@v0.50.11/types/handler.go:48
                	            	github.com/cosmos/cosmos-sdk/x/auth/ante.RejectExtensionOptionsDecorator.AnteHandle
                	            		/Users/keruch/Go-workspace/pkg/mod/github.com/cosmos/cosmos-sdk@v0.50.11/x/auth/ante/ext.go:52
                	            	github.com/evmos/ethermint/app/ante.newCosmosAnteHandler.ChainAnteDecorators.func2
                	            		/Users/keruch/Go-workspace/pkg/mod/github.com/cosmos/cosmos-sdk@v0.50.11/types/handler.go:48
                	            	github.com/cosmos/cosmos-sdk/x/auth/ante.SetUpContextDecorator.AnteHandle
                	            		/Users/keruch/Go-workspace/pkg/mod/github.com/cosmos/cosmos-sdk@v0.50.11/x/auth/ante/setup.go:70
                	            	github.com/evmos/ethermint/app/ante.newCosmosAnteHandler.ChainAnteDecorators.func2
                	            		/Users/keruch/Go-workspace/pkg/mod/github.com/cosmos/cosmos-sdk@v0.50.11/types/handler.go:48
                	            	github.com/evmos/ethermint/app/ante.AuthzLimiterDecorator.AnteHandle
                	            		/Users/keruch/Development/Dymension/ethermint/app/ante/authz.go:54
                	            	github.com/evmos/ethermint/app/ante.newCosmosAnteHandler.ChainAnteDecorators.func2
                	            		/Users/keruch/Go-workspace/pkg/mod/github.com/cosmos/cosmos-sdk@v0.50.11/types/handler.go:48
                	            	github.com/evmos/ethermint/app/ante.RejectMessagesDecorator.AnteHandle
                	            		/Users/keruch/Development/Dymension/ethermint/app/ante/reject_msgs.go:40
                	            	github.com/evmos/ethermint/app/ante.newCosmosAnteHandler.ChainAnteDecorators.func2
                	            		/Users/keruch/Go-workspace/pkg/mod/github.com/cosmos/cosmos-sdk@v0.50.11/types/handler.go:48
                	            	github.com/evmos/ethermint/app/ante.NewAnteHandler.func1
                	            		/Users/keruch/Development/Dymension/ethermint/app/ante/ante.go:89
                	            	github.com/evmos/ethermint/app/ante_test.(*AnteTestSuite).TestAnteHandler.func48
                	            		/Users/keruch/Development/Dymension/ethermint/app/ante/ante_test.go:941
                	            	github.com/stretchr/testify/suite.(*Suite).Run.func1
                	            		/Users/keruch/Go-workspace/pkg/mod/github.com/stretchr/testify@v1.9.0/suite/suite.go:115
                	            	signature verification failed; please verify account number (0), sequence (0) and chain-id (ethermint_9000-1): unauthorized
                	Test:       	TestAnteTestSuite/TestAnteHandler/passes_-_Mixed_multi-key
        --- FAIL: TestAnteTestSuite/TestAnteHandler/passes_-_Mixed_multi-key_with_MsgVote (0.01s)
            ante_test.go:946: 
                	Error Trace:	/Users/keruch/Development/Dymension/ethermint/app/ante/ante_test.go:946
                	            				/Users/keruch/Go-workspace/pkg/mod/github.com/stretchr/testify@v1.9.0/suite/suite.go:115
                	Error:      	Received unexpected error:
                	            	
                	            	github.com/cosmos/cosmos-sdk/x/auth/ante.SigVerificationDecorator.AnteHandle
                	            		/Users/keruch/Go-workspace/pkg/mod/github.com/cosmos/cosmos-sdk@v0.50.11/x/auth/ante/sigverify.go:333
                	            	github.com/evmos/ethermint/app/ante.newCosmosAnteHandler.ChainAnteDecorators.func2
                	            		/Users/keruch/Go-workspace/pkg/mod/github.com/cosmos/cosmos-sdk@v0.50.11/types/handler.go:48
                	            	github.com/cosmos/cosmos-sdk/x/auth/ante.SigGasConsumeDecorator.AnteHandle
                	            		/Users/keruch/Go-workspace/pkg/mod/github.com/cosmos/cosmos-sdk@v0.50.11/x/auth/ante/sigverify.go:212
                	            	github.com/evmos/ethermint/app/ante.newCosmosAnteHandler.ChainAnteDecorators.func2
                	            		/Users/keruch/Go-workspace/pkg/mod/github.com/cosmos/cosmos-sdk@v0.50.11/types/handler.go:48
                	            	github.com/cosmos/cosmos-sdk/x/auth/ante.ValidateSigCountDecorator.AnteHandle
                	            		/Users/keruch/Go-workspace/pkg/mod/github.com/cosmos/cosmos-sdk@v0.50.11/x/auth/ante/sigverify.go:420
                	            	github.com/evmos/ethermint/app/ante.newCosmosAnteHandler.ChainAnteDecorators.func2
                	            		/Users/keruch/Go-workspace/pkg/mod/github.com/cosmos/cosmos-sdk@v0.50.11/types/handler.go:48
                	            	github.com/cosmos/cosmos-sdk/x/auth/ante.SetPubKeyDecorator.AnteHandle
                	            		/Users/keruch/Go-workspace/pkg/mod/github.com/cosmos/cosmos-sdk@v0.50.11/x/auth/ante/sigverify.go:141
                	            	github.com/evmos/ethermint/app/ante.newCosmosAnteHandler.ChainAnteDecorators.func2
                	            		/Users/keruch/Go-workspace/pkg/mod/github.com/cosmos/cosmos-sdk@v0.50.11/types/handler.go:48
                	            	github.com/cosmos/cosmos-sdk/x/auth/ante.DeductFeeDecorator.AnteHandle
                	            		/Users/keruch/Go-workspace/pkg/mod/github.com/cosmos/cosmos-sdk@v0.50.11/x/auth/ante/fee.go:70
                	            	github.com/evmos/ethermint/app/ante.newCosmosAnteHandler.ChainAnteDecorators.func2
                	            		/Users/keruch/Go-workspace/pkg/mod/github.com/cosmos/cosmos-sdk@v0.50.11/types/handler.go:48
                	            	github.com/cosmos/cosmos-sdk/x/auth/ante.ConsumeTxSizeGasDecorator.AnteHandle
                	            		/Users/keruch/Go-workspace/pkg/mod/github.com/cosmos/cosmos-sdk@v0.50.11/x/auth/ante/basic.go:153
                	            	github.com/evmos/ethermint/app/ante.newCosmosAnteHandler.ChainAnteDecorators.func2
                	            		/Users/keruch/Go-workspace/pkg/mod/github.com/cosmos/cosmos-sdk@v0.50.11/types/handler.go:48
                	            	github.com/cosmos/cosmos-sdk/x/auth/ante.ValidateMemoDecorator.AnteHandle
                	            		/Users/keruch/Go-workspace/pkg/mod/github.com/cosmos/cosmos-sdk@v0.50.11/x/auth/ante/basic.go:72
                	            	github.com/evmos/ethermint/app/ante.newCosmosAnteHandler.ChainAnteDecorators.func2
                	            		/Users/keruch/Go-workspace/pkg/mod/github.com/cosmos/cosmos-sdk@v0.50.11/types/handler.go:48
                	            	github.com/evmos/ethermint/app/ante.MinGasPriceDecorator.AnteHandle
                	            		/Users/keruch/Development/Dymension/ethermint/app/ante/fees.go:91
                	            	github.com/evmos/ethermint/app/ante.newCosmosAnteHandler.ChainAnteDecorators.func2
                	            		/Users/keruch/Go-workspace/pkg/mod/github.com/cosmos/cosmos-sdk@v0.50.11/types/handler.go:48
                	            	github.com/cosmos/cosmos-sdk/x/auth/ante.TxTimeoutHeightDecorator.AnteHandle
                	            		/Users/keruch/Go-workspace/pkg/mod/github.com/cosmos/cosmos-sdk@v0.50.11/x/auth/ante/basic.go:216
                	            	github.com/evmos/ethermint/app/ante.newCosmosAnteHandler.ChainAnteDecorators.func2
                	            		/Users/keruch/Go-workspace/pkg/mod/github.com/cosmos/cosmos-sdk@v0.50.11/types/handler.go:48
                	            	github.com/cosmos/cosmos-sdk/x/auth/ante.ValidateBasicDecorator.AnteHandle
                	            		/Users/keruch/Go-workspace/pkg/mod/github.com/cosmos/cosmos-sdk@v0.50.11/x/auth/ante/basic.go:39
                	            	github.com/evmos/ethermint/app/ante.newCosmosAnteHandler.ChainAnteDecorators.func2
                	            		/Users/keruch/Go-workspace/pkg/mod/github.com/cosmos/cosmos-sdk@v0.50.11/types/handler.go:48
                	            	github.com/cosmos/cosmos-sdk/x/auth/ante.RejectExtensionOptionsDecorator.AnteHandle
                	            		/Users/keruch/Go-workspace/pkg/mod/github.com/cosmos/cosmos-sdk@v0.50.11/x/auth/ante/ext.go:52
                	            	github.com/evmos/ethermint/app/ante.newCosmosAnteHandler.ChainAnteDecorators.func2
                	            		/Users/keruch/Go-workspace/pkg/mod/github.com/cosmos/cosmos-sdk@v0.50.11/types/handler.go:48
                	            	github.com/cosmos/cosmos-sdk/x/auth/ante.SetUpContextDecorator.AnteHandle
                	            		/Users/keruch/Go-workspace/pkg/mod/github.com/cosmos/cosmos-sdk@v0.50.11/x/auth/ante/setup.go:70
                	            	github.com/evmos/ethermint/app/ante.newCosmosAnteHandler.ChainAnteDecorators.func2
                	            		/Users/keruch/Go-workspace/pkg/mod/github.com/cosmos/cosmos-sdk@v0.50.11/types/handler.go:48
                	            	github.com/evmos/ethermint/app/ante.AuthzLimiterDecorator.AnteHandle
                	            		/Users/keruch/Development/Dymension/ethermint/app/ante/authz.go:54
                	            	github.com/evmos/ethermint/app/ante.newCosmosAnteHandler.ChainAnteDecorators.func2
                	            		/Users/keruch/Go-workspace/pkg/mod/github.com/cosmos/cosmos-sdk@v0.50.11/types/handler.go:48
                	            	github.com/evmos/ethermint/app/ante.RejectMessagesDecorator.AnteHandle
                	            		/Users/keruch/Development/Dymension/ethermint/app/ante/reject_msgs.go:40
                	            	github.com/evmos/ethermint/app/ante.newCosmosAnteHandler.ChainAnteDecorators.func2
                	            		/Users/keruch/Go-workspace/pkg/mod/github.com/cosmos/cosmos-sdk@v0.50.11/types/handler.go:48
                	            	github.com/evmos/ethermint/app/ante.NewAnteHandler.func1
                	            		/Users/keruch/Development/Dymension/ethermint/app/ante/ante.go:89
                	            	github.com/evmos/ethermint/app/ante_test.(*AnteTestSuite).TestAnteHandler.func48
                	            		/Users/keruch/Development/Dymension/ethermint/app/ante/ante_test.go:941
                	            	github.com/stretchr/testify/suite.(*Suite).Run.func1
                	            		/Users/keruch/Go-workspace/pkg/mod/github.com/stretchr/testify@v1.9.0/suite/suite.go:115
                	            	signature verification failed; please verify account number (0), sequence (0) and chain-id (ethermint_9000-1): unauthorized
                	Test:       	TestAnteTestSuite/TestAnteHandler/passes_-_Mixed_multi-key_with_MsgVote
    --- FAIL: TestAnteTestSuite/TestCanTransferDecorator (0.01s)
        --- FAIL: TestAnteTestSuite/TestCanTransferDecorator/invalid_transaction_type (0.00s)
            eth_test.go:402: 
                	Error Trace:	/Users/keruch/Development/Dymension/ethermint/app/ante/eth_test.go:402
                	            				/Users/keruch/Go-workspace/pkg/mod/github.com/stretchr/testify@v1.9.0/suite/suite.go:115
                	Error:      	An error is expected but got nil.
                	Test:       	TestAnteTestSuite/TestCanTransferDecorator/invalid_transaction_type
    --- FAIL: TestAnteTestSuite/TestEthGasConsumeDecorator (0.01s)
        --- FAIL: TestAnteTestSuite/TestEthGasConsumeDecorator/invalid_transaction_type (0.00s)
            eth_test.go:317: 
                	Error Trace:	/Users/keruch/Development/Dymension/ethermint/app/ante/eth_test.go:317
                	            				/Users/keruch/Go-workspace/pkg/mod/github.com/stretchr/testify@v1.9.0/suite/suite.go:115
                	Error:      	An error is expected but got nil.
                	Test:       	TestAnteTestSuite/TestEthGasConsumeDecorator/invalid_transaction_type
    --- FAIL: TestAnteTestSuite/TestEthIncrementSenderSequenceDecorator (0.01s)
        --- FAIL: TestAnteTestSuite/TestEthIncrementSenderSequenceDecorator/invalid_transaction_type (0.00s)
            eth_test.go:493: 
                	Error Trace:	/Users/keruch/Development/Dymension/ethermint/app/ante/eth_test.go:493
                	            				/Users/keruch/Go-workspace/pkg/mod/github.com/stretchr/testify@v1.9.0/suite/suite.go:115
                	Error:      	An error is expected but got nil.
                	Test:       	TestAnteTestSuite/TestEthIncrementSenderSequenceDecorator/invalid_transaction_type
    --- FAIL: TestAnteTestSuite/TestEthMinGasPriceDecorator (0.35s)
        --- FAIL: TestAnteTestSuite/TestEthMinGasPriceDecorator/deliverTx_invalid_tx_type (0.01s)
            fees_test.go:357: 
                	Error Trace:	/Users/keruch/Development/Dymension/ethermint/app/ante/fees_test.go:357
                	            				/Users/keruch/Go-workspace/pkg/mod/github.com/stretchr/testify@v1.9.0/suite/suite.go:115
                	Error:      	An error is expected but got nil.
                	Test:       	TestAnteTestSuite/TestEthMinGasPriceDecorator/deliverTx_invalid_tx_type
                	Messages:   	invalid tx type
        --- FAIL: TestAnteTestSuite/TestEthMinGasPriceDecorator/deliverTxSimulate_invalid_tx_type (0.01s)
            fees_test.go:357: 
                	Error Trace:	/Users/keruch/Development/Dymension/ethermint/app/ante/fees_test.go:357
                	            				/Users/keruch/Go-workspace/pkg/mod/github.com/stretchr/testify@v1.9.0/suite/suite.go:115
                	Error:      	An error is expected but got nil.
                	Test:       	TestAnteTestSuite/TestEthMinGasPriceDecorator/deliverTxSimulate_invalid_tx_type
                	Messages:   	invalid tx type
    --- FAIL: TestAnteTestSuite/TestEthNonceVerificationDecorator (0.02s)
        --- FAIL: TestAnteTestSuite/TestEthNonceVerificationDecorator/ReCheckTx (0.00s)
            eth_test.go:161: 
                	Error Trace:	/Users/keruch/Development/Dymension/ethermint/app/ante/eth_test.go:161
                	            				/Users/keruch/Go-workspace/pkg/mod/github.com/stretchr/testify@v1.9.0/suite/suite.go:115
                	Error:      	An error is expected but got nil.
                	Test:       	TestAnteTestSuite/TestEthNonceVerificationDecorator/ReCheckTx
        --- FAIL: TestAnteTestSuite/TestEthNonceVerificationDecorator/invalid_transaction_type (0.00s)
            eth_test.go:161: 
                	Error Trace:	/Users/keruch/Development/Dymension/ethermint/app/ante/eth_test.go:161
                	            				/Users/keruch/Go-workspace/pkg/mod/github.com/stretchr/testify@v1.9.0/suite/suite.go:115
                	Error:      	An error is expected but got nil.
                	Test:       	TestAnteTestSuite/TestEthNonceVerificationDecorator/invalid_transaction_type
    --- FAIL: TestAnteTestSuite/TestEthSigVerificationDecorator (0.09s)
        --- FAIL: TestAnteTestSuite/TestEthSigVerificationDecorator/ReCheckTx (0.01s)
            signverify_test.go:60: 
                	Error Trace:	/Users/keruch/Development/Dymension/ethermint/app/ante/signverify_test.go:60
                	            				/Users/keruch/Go-workspace/pkg/mod/github.com/stretchr/testify@v1.9.0/suite/suite.go:115
                	Error:      	An error is expected but got nil.
                	Test:       	TestAnteTestSuite/TestEthSigVerificationDecorator/ReCheckTx
        --- FAIL: TestAnteTestSuite/TestEthSigVerificationDecorator/invalid_transaction_type (0.01s)
            signverify_test.go:60: 
                	Error Trace:	/Users/keruch/Development/Dymension/ethermint/app/ante/signverify_test.go:60
                	            				/Users/keruch/Go-workspace/pkg/mod/github.com/stretchr/testify@v1.9.0/suite/suite.go:115
                	Error:      	An error is expected but got nil.
                	Test:       	TestAnteTestSuite/TestEthSigVerificationDecorator/invalid_transaction_type
    --- FAIL: TestAnteTestSuite/TestGasWantedDecorator (0.03s)
        --- FAIL: TestAnteTestSuite/TestGasWantedDecorator/Cosmos_Tx (0.00s)
            fee_market_test.go:92: 
                	Error Trace:	/Users/keruch/Development/Dymension/ethermint/app/ante/fee_market_test.go:92
                	            				/Users/keruch/Go-workspace/pkg/mod/github.com/stretchr/testify@v1.9.0/suite/suite.go:115
                	Error:      	Not equal: 
                	            	expected: 0x186a0
                	            	actual  : 0x0
                	Test:       	TestAnteTestSuite/TestGasWantedDecorator/Cosmos_Tx
        --- FAIL: TestAnteTestSuite/TestGasWantedDecorator/Ethereum_Legacy_Tx (0.00s)
            fee_market_test.go:92: 
                	Error Trace:	/Users/keruch/Development/Dymension/ethermint/app/ante/fee_market_test.go:92
                	            				/Users/keruch/Go-workspace/pkg/mod/github.com/stretchr/testify@v1.9.0/suite/suite.go:115
                	Error:      	Not equal: 
                	            	expected: 0x30d40
                	            	actual  : 0x0
                	Test:       	TestAnteTestSuite/TestGasWantedDecorator/Ethereum_Legacy_Tx
        --- FAIL: TestAnteTestSuite/TestGasWantedDecorator/Ethereum_Access_List_Tx (0.00s)
            fee_market_test.go:92: 
                	Error Trace:	/Users/keruch/Development/Dymension/ethermint/app/ante/fee_market_test.go:92
                	            				/Users/keruch/Go-workspace/pkg/mod/github.com/stretchr/testify@v1.9.0/suite/suite.go:115
                	Error:      	Not equal: 
                	            	expected: 0x493e0
                	            	actual  : 0x0
                	Test:       	TestAnteTestSuite/TestGasWantedDecorator/Ethereum_Access_List_Tx
        --- FAIL: TestAnteTestSuite/TestGasWantedDecorator/Ethereum_Dynamic_Fee_Tx_(EIP1559) (0.00s)
            fee_market_test.go:92: 
                	Error Trace:	/Users/keruch/Development/Dymension/ethermint/app/ante/fee_market_test.go:92
                	            				/Users/keruch/Go-workspace/pkg/mod/github.com/stretchr/testify@v1.9.0/suite/suite.go:115
                	Error:      	Not equal: 
                	            	expected: 0x61a80
                	            	actual  : 0x0
                	Test:       	TestAnteTestSuite/TestGasWantedDecorator/Ethereum_Dynamic_Fee_Tx_(EIP1559)
        --- FAIL: TestAnteTestSuite/TestGasWantedDecorator/EIP712_message (0.00s)
            fee_market_test.go:92: 
                	Error Trace:	/Users/keruch/Development/Dymension/ethermint/app/ante/fee_market_test.go:92
                	            				/Users/keruch/Go-workspace/pkg/mod/github.com/stretchr/testify@v1.9.0/suite/suite.go:115
                	Error:      	Not equal: 
                	            	expected: 0x927c0
                	            	actual  : 0x0
                	Test:       	TestAnteTestSuite/TestGasWantedDecorator/EIP712_message
    --- FAIL: TestAnteTestSuite/TestNewEthAccountVerificationDecorator (0.01s)
        --- FAIL: TestAnteTestSuite/TestNewEthAccountVerificationDecorator/invalid_transaction_type (0.00s)
            eth_test.go:105: 
                	Error Trace:	/Users/keruch/Development/Dymension/ethermint/app/ante/eth_test.go:105
                	            				/Users/keruch/Go-workspace/pkg/mod/github.com/stretchr/testify@v1.9.0/suite/suite.go:115
                	Error:      	An error is expected but got nil.
                	Test:       	TestAnteTestSuite/TestNewEthAccountVerificationDecorator/invalid_transaction_type
    --- FAIL: TestAnteTestSuite/TestRejectDeliverMsgsInAuthz (0.11s)
        --- FAIL: TestAnteTestSuite/TestRejectDeliverMsgsInAuthz/Case_a_MsgGrant_with_MsgEthereumTx_typeURL_on_the_authorization_field_is_blocked (0.02s)
            authz_test.go:365: 
                	Error Trace:	/Users/keruch/Development/Dymension/ethermint/app/ante/authz_test.go:365
                	            				/Users/keruch/Go-workspace/pkg/mod/github.com/stretchr/testify@v1.9.0/suite/suite.go:115
                	Error:      	Received unexpected error:
                	            	invalid height: 1; expected: 2
                	Test:       	TestAnteTestSuite/TestRejectDeliverMsgsInAuthz/Case_a_MsgGrant_with_MsgEthereumTx_typeURL_on_the_authorization_field_is_blocked
        --- FAIL: TestAnteTestSuite/TestRejectDeliverMsgsInAuthz/Case_a_MsgGrant_with_MsgCreateVestingAccount_typeURL_on_the_authorization_field_is_blocked (0.01s)
            authz_test.go:365: 
                	Error Trace:	/Users/keruch/Development/Dymension/ethermint/app/ante/authz_test.go:365
                	            				/Users/keruch/Go-workspace/pkg/mod/github.com/stretchr/testify@v1.9.0/suite/suite.go:115
                	Error:      	Received unexpected error:
                	            	invalid height: 1; expected: 2
                	Test:       	TestAnteTestSuite/TestRejectDeliverMsgsInAuthz/Case_a_MsgGrant_with_MsgCreateVestingAccount_typeURL_on_the_authorization_field_is_blocked
        --- FAIL: TestAnteTestSuite/TestRejectDeliverMsgsInAuthz/Case_a_MsgGrant_with_MsgEthereumTx_typeURL_on_the_authorization_field_included_on_EIP712_tx_is_blocked (0.01s)
            authz_test.go:365: 
                	Error Trace:	/Users/keruch/Development/Dymension/ethermint/app/ante/authz_test.go:365
                	            				/Users/keruch/Go-workspace/pkg/mod/github.com/stretchr/testify@v1.9.0/suite/suite.go:115
                	Error:      	Received unexpected error:
                	            	invalid height: 1; expected: 2
                	Test:       	TestAnteTestSuite/TestRejectDeliverMsgsInAuthz/Case_a_MsgGrant_with_MsgEthereumTx_typeURL_on_the_authorization_field_included_on_EIP712_tx_is_blocked
        --- FAIL: TestAnteTestSuite/TestRejectDeliverMsgsInAuthz/Case_a_MsgExec_with_nested_messages_(valid:_MsgSend_and_invalid:_MsgEthereumTx)_is_blocked (0.01s)
            authz_test.go:365: 
                	Error Trace:	/Users/keruch/Development/Dymension/ethermint/app/ante/authz_test.go:365
                	            				/Users/keruch/Go-workspace/pkg/mod/github.com/stretchr/testify@v1.9.0/suite/suite.go:115
                	Error:      	Received unexpected error:
                	            	invalid height: 1; expected: 2
                	Test:       	TestAnteTestSuite/TestRejectDeliverMsgsInAuthz/Case_a_MsgExec_with_nested_messages_(valid:_MsgSend_and_invalid:_MsgEthereumTx)_is_blocked
        --- FAIL: TestAnteTestSuite/TestRejectDeliverMsgsInAuthz/Case_a_MsgExec_with_nested_MsgExec_messages_that_has_invalid_messages_is_blocked (0.01s)
            authz_test.go:365: 
                	Error Trace:	/Users/keruch/Development/Dymension/ethermint/app/ante/authz_test.go:365
                	            				/Users/keruch/Go-workspace/pkg/mod/github.com/stretchr/testify@v1.9.0/suite/suite.go:115
                	Error:      	Received unexpected error:
                	            	invalid height: 1; expected: 2
                	Test:       	TestAnteTestSuite/TestRejectDeliverMsgsInAuthz/Case_a_MsgExec_with_nested_MsgExec_messages_that_has_invalid_messages_is_blocked
        --- FAIL: TestAnteTestSuite/TestRejectDeliverMsgsInAuthz/Case_a_MsgExec_with_more_nested_MsgExec_messages_than_allowed_and_with_valid_messages_is_blocked (0.01s)
            authz_test.go:365: 
                	Error Trace:	/Users/keruch/Development/Dymension/ethermint/app/ante/authz_test.go:365
                	            				/Users/keruch/Go-workspace/pkg/mod/github.com/stretchr/testify@v1.9.0/suite/suite.go:115
                	Error:      	Received unexpected error:
                	            	invalid height: 1; expected: 2
                	Test:       	TestAnteTestSuite/TestRejectDeliverMsgsInAuthz/Case_a_MsgExec_with_more_nested_MsgExec_messages_than_allowed_and_with_valid_messages_is_blocked
        --- FAIL: TestAnteTestSuite/TestRejectDeliverMsgsInAuthz/Case_two_MsgExec_messages_NOT_containing_a_blocked_msg_but_between_the_two_have_more_nesting_than_the_allowed._Then,_is_blocked (0.01s)
            authz_test.go:365: 
                	Error Trace:	/Users/keruch/Development/Dymension/ethermint/app/ante/authz_test.go:365
                	            				/Users/keruch/Go-workspace/pkg/mod/github.com/stretchr/testify@v1.9.0/suite/suite.go:115
                	Error:      	Received unexpected error:
                	            	invalid height: 1; expected: 2
                	Test:       	TestAnteTestSuite/TestRejectDeliverMsgsInAuthz/Case_two_MsgExec_messages_NOT_containing_a_blocked_msg_but_between_the_two_have_more_nesting_than_the_allowed._Then,_is_blocked
    --- FAIL: TestAnteTestSuite/TestAnteHandler#01 (0.64s)
        --- FAIL: TestAnteTestSuite/TestAnteHandler#01/success_-_DeliverTx_EIP712_signed_Cosmos_Tx_with_MsgSend (0.01s)
            ante_test.go:946: 
                	Error Trace:	/Users/keruch/Development/Dymension/ethermint/app/ante/ante_test.go:946
                	            				/Users/keruch/Go-workspace/pkg/mod/github.com/stretchr/testify@v1.9.0/suite/suite.go:115
                	Error:      	Received unexpected error:
                	            	
                	            	github.com/cosmos/cosmos-sdk/x/auth/ante.SigVerificationDecorator.AnteHandle
                	            		/Users/keruch/Go-workspace/pkg/mod/github.com/cosmos/cosmos-sdk@v0.50.11/x/auth/ante/sigverify.go:333
                	            	github.com/evmos/ethermint/app/ante.newCosmosAnteHandler.ChainAnteDecorators.func2
                	            		/Users/keruch/Go-workspace/pkg/mod/github.com/cosmos/cosmos-sdk@v0.50.11/types/handler.go:48
                	            	github.com/cosmos/cosmos-sdk/x/auth/ante.SigGasConsumeDecorator.AnteHandle
                	            		/Users/keruch/Go-workspace/pkg/mod/github.com/cosmos/cosmos-sdk@v0.50.11/x/auth/ante/sigverify.go:212
                	            	github.com/evmos/ethermint/app/ante.newCosmosAnteHandler.ChainAnteDecorators.func2
                	            		/Users/keruch/Go-workspace/pkg/mod/github.com/cosmos/cosmos-sdk@v0.50.11/types/handler.go:48
                	            	github.com/cosmos/cosmos-sdk/x/auth/ante.ValidateSigCountDecorator.AnteHandle
                	            		/Users/keruch/Go-workspace/pkg/mod/github.com/cosmos/cosmos-sdk@v0.50.11/x/auth/ante/sigverify.go:420
                	            	github.com/evmos/ethermint/app/ante.newCosmosAnteHandler.ChainAnteDecorators.func2
                	            		/Users/keruch/Go-workspace/pkg/mod/github.com/cosmos/cosmos-sdk@v0.50.11/types/handler.go:48
                	            	github.com/cosmos/cosmos-sdk/x/auth/ante.SetPubKeyDecorator.AnteHandle
                	            		/Users/keruch/Go-workspace/pkg/mod/github.com/cosmos/cosmos-sdk@v0.50.11/x/auth/ante/sigverify.go:141
                	            	github.com/evmos/ethermint/app/ante.newCosmosAnteHandler.ChainAnteDecorators.func2
                	            		/Users/keruch/Go-workspace/pkg/mod/github.com/cosmos/cosmos-sdk@v0.50.11/types/handler.go:48
                	            	github.com/cosmos/cosmos-sdk/x/auth/ante.DeductFeeDecorator.AnteHandle
                	            		/Users/keruch/Go-workspace/pkg/mod/github.com/cosmos/cosmos-sdk@v0.50.11/x/auth/ante/fee.go:70
                	            	github.com/evmos/ethermint/app/ante.newCosmosAnteHandler.ChainAnteDecorators.func2
                	            		/Users/keruch/Go-workspace/pkg/mod/github.com/cosmos/cosmos-sdk@v0.50.11/types/handler.go:48
                	            	github.com/cosmos/cosmos-sdk/x/auth/ante.ConsumeTxSizeGasDecorator.AnteHandle
                	            		/Users/keruch/Go-workspace/pkg/mod/github.com/cosmos/cosmos-sdk@v0.50.11/x/auth/ante/basic.go:153
                	            	github.com/evmos/ethermint/app/ante.newCosmosAnteHandler.ChainAnteDecorators.func2
                	            		/Users/keruch/Go-workspace/pkg/mod/github.com/cosmos/cosmos-sdk@v0.50.11/types/handler.go:48
                	            	github.com/cosmos/cosmos-sdk/x/auth/ante.ValidateMemoDecorator.AnteHandle
                	            		/Users/keruch/Go-workspace/pkg/mod/github.com/cosmos/cosmos-sdk@v0.50.11/x/auth/ante/basic.go:72
                	            	github.com/evmos/ethermint/app/ante.newCosmosAnteHandler.ChainAnteDecorators.func2
                	            		/Users/keruch/Go-workspace/pkg/mod/github.com/cosmos/cosmos-sdk@v0.50.11/types/handler.go:48
                	            	github.com/evmos/ethermint/app/ante.MinGasPriceDecorator.AnteHandle
                	            		/Users/keruch/Development/Dymension/ethermint/app/ante/fees.go:91
                	            	github.com/evmos/ethermint/app/ante.newCosmosAnteHandler.ChainAnteDecorators.func2
                	            		/Users/keruch/Go-workspace/pkg/mod/github.com/cosmos/cosmos-sdk@v0.50.11/types/handler.go:48
                	            	github.com/cosmos/cosmos-sdk/x/auth/ante.TxTimeoutHeightDecorator.AnteHandle
                	            		/Users/keruch/Go-workspace/pkg/mod/github.com/cosmos/cosmos-sdk@v0.50.11/x/auth/ante/basic.go:216
                	            	github.com/evmos/ethermint/app/ante.newCosmosAnteHandler.ChainAnteDecorators.func2
                	            		/Users/keruch/Go-workspace/pkg/mod/github.com/cosmos/cosmos-sdk@v0.50.11/types/handler.go:48
                	            	github.com/cosmos/cosmos-sdk/x/auth/ante.ValidateBasicDecorator.AnteHandle
                	            		/Users/keruch/Go-workspace/pkg/mod/github.com/cosmos/cosmos-sdk@v0.50.11/x/auth/ante/basic.go:39
                	            	github.com/evmos/ethermint/app/ante.newCosmosAnteHandler.ChainAnteDecorators.func2
                	            		/Users/keruch/Go-workspace/pkg/mod/github.com/cosmos/cosmos-sdk@v0.50.11/types/handler.go:48
                	            	github.com/cosmos/cosmos-sdk/x/auth/ante.RejectExtensionOptionsDecorator.AnteHandle
                	            		/Users/keruch/Go-workspace/pkg/mod/github.com/cosmos/cosmos-sdk@v0.50.11/x/auth/ante/ext.go:52
                	            	github.com/evmos/ethermint/app/ante.newCosmosAnteHandler.ChainAnteDecorators.func2
                	            		/Users/keruch/Go-workspace/pkg/mod/github.com/cosmos/cosmos-sdk@v0.50.11/types/handler.go:48
                	            	github.com/cosmos/cosmos-sdk/x/auth/ante.SetUpContextDecorator.AnteHandle
                	            		/Users/keruch/Go-workspace/pkg/mod/github.com/cosmos/cosmos-sdk@v0.50.11/x/auth/ante/setup.go:70
                	            	github.com/evmos/ethermint/app/ante.newCosmosAnteHandler.ChainAnteDecorators.func2
                	            		/Users/keruch/Go-workspace/pkg/mod/github.com/cosmos/cosmos-sdk@v0.50.11/types/handler.go:48
                	            	github.com/evmos/ethermint/app/ante.AuthzLimiterDecorator.AnteHandle
                	            		/Users/keruch/Development/Dymension/ethermint/app/ante/authz.go:54
                	            	github.com/evmos/ethermint/app/ante.newCosmosAnteHandler.ChainAnteDecorators.func2
                	            		/Users/keruch/Go-workspace/pkg/mod/github.com/cosmos/cosmos-sdk@v0.50.11/types/handler.go:48
                	            	github.com/evmos/ethermint/app/ante.RejectMessagesDecorator.AnteHandle
                	            		/Users/keruch/Development/Dymension/ethermint/app/ante/reject_msgs.go:40
                	            	github.com/evmos/ethermint/app/ante.newCosmosAnteHandler.ChainAnteDecorators.func2
                	            		/Users/keruch/Go-workspace/pkg/mod/github.com/cosmos/cosmos-sdk@v0.50.11/types/handler.go:48
                	            	github.com/evmos/ethermint/app/ante.NewAnteHandler.func1
                	            		/Users/keruch/Development/Dymension/ethermint/app/ante/ante.go:89
                	            	github.com/evmos/ethermint/app/ante_test.(*AnteTestSuite).TestAnteHandler.func48
                	            		/Users/keruch/Development/Dymension/ethermint/app/ante/ante_test.go:941
                	            	github.com/stretchr/testify/suite.(*Suite).Run.func1
                	            		/Users/keruch/Go-workspace/pkg/mod/github.com/stretchr/testify@v1.9.0/suite/suite.go:115
                	            	signature verification failed; please verify account number (0) and chain-id (ethermint_9000-1): (unable to verify single signer signature): unauthorized
                	Test:       	TestAnteTestSuite/TestAnteHandler#01/success_-_DeliverTx_EIP712_signed_Cosmos_Tx_with_MsgSend
        --- FAIL: TestAnteTestSuite/TestAnteHandler#01/success_-_DeliverTx_EIP712_signed_Cosmos_Tx_with_DelegateMsg (0.01s)
            ante_test.go:946: 
                	Error Trace:	/Users/keruch/Development/Dymension/ethermint/app/ante/ante_test.go:946
                	            				/Users/keruch/Go-workspace/pkg/mod/github.com/stretchr/testify@v1.9.0/suite/suite.go:115
                	Error:      	Received unexpected error:
                	            	
                	            	github.com/cosmos/cosmos-sdk/x/auth/ante.SigVerificationDecorator.AnteHandle
                	            		/Users/keruch/Go-workspace/pkg/mod/github.com/cosmos/cosmos-sdk@v0.50.11/x/auth/ante/sigverify.go:333
                	            	github.com/evmos/ethermint/app/ante.newCosmosAnteHandler.ChainAnteDecorators.func2
                	            		/Users/keruch/Go-workspace/pkg/mod/github.com/cosmos/cosmos-sdk@v0.50.11/types/handler.go:48
                	            	github.com/cosmos/cosmos-sdk/x/auth/ante.SigGasConsumeDecorator.AnteHandle
                	            		/Users/keruch/Go-workspace/pkg/mod/github.com/cosmos/cosmos-sdk@v0.50.11/x/auth/ante/sigverify.go:212
                	            	github.com/evmos/ethermint/app/ante.newCosmosAnteHandler.ChainAnteDecorators.func2
                	            		/Users/keruch/Go-workspace/pkg/mod/github.com/cosmos/cosmos-sdk@v0.50.11/types/handler.go:48
                	            	github.com/cosmos/cosmos-sdk/x/auth/ante.ValidateSigCountDecorator.AnteHandle
                	            		/Users/keruch/Go-workspace/pkg/mod/github.com/cosmos/cosmos-sdk@v0.50.11/x/auth/ante/sigverify.go:420
                	            	github.com/evmos/ethermint/app/ante.newCosmosAnteHandler.ChainAnteDecorators.func2
                	            		/Users/keruch/Go-workspace/pkg/mod/github.com/cosmos/cosmos-sdk@v0.50.11/types/handler.go:48
                	            	github.com/cosmos/cosmos-sdk/x/auth/ante.SetPubKeyDecorator.AnteHandle
                	            		/Users/keruch/Go-workspace/pkg/mod/github.com/cosmos/cosmos-sdk@v0.50.11/x/auth/ante/sigverify.go:141
                	            	github.com/evmos/ethermint/app/ante.newCosmosAnteHandler.ChainAnteDecorators.func2
                	            		/Users/keruch/Go-workspace/pkg/mod/github.com/cosmos/cosmos-sdk@v0.50.11/types/handler.go:48
                	            	github.com/cosmos/cosmos-sdk/x/auth/ante.DeductFeeDecorator.AnteHandle
                	            		/Users/keruch/Go-workspace/pkg/mod/github.com/cosmos/cosmos-sdk@v0.50.11/x/auth/ante/fee.go:70
                	            	github.com/evmos/ethermint/app/ante.newCosmosAnteHandler.ChainAnteDecorators.func2
                	            		/Users/keruch/Go-workspace/pkg/mod/github.com/cosmos/cosmos-sdk@v0.50.11/types/handler.go:48
                	            	github.com/cosmos/cosmos-sdk/x/auth/ante.ConsumeTxSizeGasDecorator.AnteHandle
                	            		/Users/keruch/Go-workspace/pkg/mod/github.com/cosmos/cosmos-sdk@v0.50.11/x/auth/ante/basic.go:153
                	            	github.com/evmos/ethermint/app/ante.newCosmosAnteHandler.ChainAnteDecorators.func2
                	            		/Users/keruch/Go-workspace/pkg/mod/github.com/cosmos/cosmos-sdk@v0.50.11/types/handler.go:48
                	            	github.com/cosmos/cosmos-sdk/x/auth/ante.ValidateMemoDecorator.AnteHandle
                	            		/Users/keruch/Go-workspace/pkg/mod/github.com/cosmos/cosmos-sdk@v0.50.11/x/auth/ante/basic.go:72
                	            	github.com/evmos/ethermint/app/ante.newCosmosAnteHandler.ChainAnteDecorators.func2
                	            		/Users/keruch/Go-workspace/pkg/mod/github.com/cosmos/cosmos-sdk@v0.50.11/types/handler.go:48
                	            	github.com/evmos/ethermint/app/ante.MinGasPriceDecorator.AnteHandle
                	            		/Users/keruch/Development/Dymension/ethermint/app/ante/fees.go:91
                	            	github.com/evmos/ethermint/app/ante.newCosmosAnteHandler.ChainAnteDecorators.func2
                	            		/Users/keruch/Go-workspace/pkg/mod/github.com/cosmos/cosmos-sdk@v0.50.11/types/handler.go:48
                	            	github.com/cosmos/cosmos-sdk/x/auth/ante.TxTimeoutHeightDecorator.AnteHandle
                	            		/Users/keruch/Go-workspace/pkg/mod/github.com/cosmos/cosmos-sdk@v0.50.11/x/auth/ante/basic.go:216
                	            	github.com/evmos/ethermint/app/ante.newCosmosAnteHandler.ChainAnteDecorators.func2
                	            		/Users/keruch/Go-workspace/pkg/mod/github.com/cosmos/cosmos-sdk@v0.50.11/types/handler.go:48
                	            	github.com/cosmos/cosmos-sdk/x/auth/ante.ValidateBasicDecorator.AnteHandle
                	            		/Users/keruch/Go-workspace/pkg/mod/github.com/cosmos/cosmos-sdk@v0.50.11/x/auth/ante/basic.go:39
                	            	github.com/evmos/ethermint/app/ante.newCosmosAnteHandler.ChainAnteDecorators.func2
                	            		/Users/keruch/Go-workspace/pkg/mod/github.com/cosmos/cosmos-sdk@v0.50.11/types/handler.go:48
                	            	github.com/cosmos/cosmos-sdk/x/auth/ante.RejectExtensionOptionsDecorator.AnteHandle
                	            		/Users/keruch/Go-workspace/pkg/mod/github.com/cosmos/cosmos-sdk@v0.50.11/x/auth/ante/ext.go:52
                	            	github.com/evmos/ethermint/app/ante.newCosmosAnteHandler.ChainAnteDecorators.func2
                	            		/Users/keruch/Go-workspace/pkg/mod/github.com/cosmos/cosmos-sdk@v0.50.11/types/handler.go:48
                	            	github.com/cosmos/cosmos-sdk/x/auth/ante.SetUpContextDecorator.AnteHandle
                	            		/Users/keruch/Go-workspace/pkg/mod/github.com/cosmos/cosmos-sdk@v0.50.11/x/auth/ante/setup.go:70
                	            	github.com/evmos/ethermint/app/ante.newCosmosAnteHandler.ChainAnteDecorators.func2
                	            		/Users/keruch/Go-workspace/pkg/mod/github.com/cosmos/cosmos-sdk@v0.50.11/types/handler.go:48
                	            	github.com/evmos/ethermint/app/ante.AuthzLimiterDecorator.AnteHandle
                	            		/Users/keruch/Development/Dymension/ethermint/app/ante/authz.go:54
                	            	github.com/evmos/ethermint/app/ante.newCosmosAnteHandler.ChainAnteDecorators.func2
                	            		/Users/keruch/Go-workspace/pkg/mod/github.com/cosmos/cosmos-sdk@v0.50.11/types/handler.go:48
                	            	github.com/evmos/ethermint/app/ante.RejectMessagesDecorator.AnteHandle
                	            		/Users/keruch/Development/Dymension/ethermint/app/ante/reject_msgs.go:40
                	            	github.com/evmos/ethermint/app/ante.newCosmosAnteHandler.ChainAnteDecorators.func2
                	            		/Users/keruch/Go-workspace/pkg/mod/github.com/cosmos/cosmos-sdk@v0.50.11/types/handler.go:48
                	            	github.com/evmos/ethermint/app/ante.NewAnteHandler.func1
                	            		/Users/keruch/Development/Dymension/ethermint/app/ante/ante.go:89
                	            	github.com/evmos/ethermint/app/ante_test.(*AnteTestSuite).TestAnteHandler.func48
                	            		/Users/keruch/Development/Dymension/ethermint/app/ante/ante_test.go:941
                	            	github.com/stretchr/testify/suite.(*Suite).Run.func1
                	            		/Users/keruch/Go-workspace/pkg/mod/github.com/stretchr/testify@v1.9.0/suite/suite.go:115
                	            	signature verification failed; please verify account number (0) and chain-id (ethermint_9000-1): (unable to verify single signer signature): unauthorized
                	Test:       	TestAnteTestSuite/TestAnteHandler#01/success_-_DeliverTx_EIP712_signed_Cosmos_Tx_with_DelegateMsg
        --- FAIL: TestAnteTestSuite/TestAnteHandler#01/success-_DeliverTx_EIP712_create_validator (0.01s)
            ante_test.go:946: 
                	Error Trace:	/Users/keruch/Development/Dymension/ethermint/app/ante/ante_test.go:946
                	            				/Users/keruch/Go-workspace/pkg/mod/github.com/stretchr/testify@v1.9.0/suite/suite.go:115
                	Error:      	Received unexpected error:
                	            	
                	            	github.com/cosmos/cosmos-sdk/x/auth/ante.SigVerificationDecorator.AnteHandle
                	            		/Users/keruch/Go-workspace/pkg/mod/github.com/cosmos/cosmos-sdk@v0.50.11/x/auth/ante/sigverify.go:333
                	            	github.com/evmos/ethermint/app/ante.newCosmosAnteHandler.ChainAnteDecorators.func2
                	            		/Users/keruch/Go-workspace/pkg/mod/github.com/cosmos/cosmos-sdk@v0.50.11/types/handler.go:48
                	            	github.com/cosmos/cosmos-sdk/x/auth/ante.SigGasConsumeDecorator.AnteHandle
                	            		/Users/keruch/Go-workspace/pkg/mod/github.com/cosmos/cosmos-sdk@v0.50.11/x/auth/ante/sigverify.go:212
                	            	github.com/evmos/ethermint/app/ante.newCosmosAnteHandler.ChainAnteDecorators.func2
                	            		/Users/keruch/Go-workspace/pkg/mod/github.com/cosmos/cosmos-sdk@v0.50.11/types/handler.go:48
                	            	github.com/cosmos/cosmos-sdk/x/auth/ante.ValidateSigCountDecorator.AnteHandle
                	            		/Users/keruch/Go-workspace/pkg/mod/github.com/cosmos/cosmos-sdk@v0.50.11/x/auth/ante/sigverify.go:420
                	            	github.com/evmos/ethermint/app/ante.newCosmosAnteHandler.ChainAnteDecorators.func2
                	            		/Users/keruch/Go-workspace/pkg/mod/github.com/cosmos/cosmos-sdk@v0.50.11/types/handler.go:48
                	            	github.com/cosmos/cosmos-sdk/x/auth/ante.SetPubKeyDecorator.AnteHandle
                	            		/Users/keruch/Go-workspace/pkg/mod/github.com/cosmos/cosmos-sdk@v0.50.11/x/auth/ante/sigverify.go:141
                	            	github.com/evmos/ethermint/app/ante.newCosmosAnteHandler.ChainAnteDecorators.func2
                	            		/Users/keruch/Go-workspace/pkg/mod/github.com/cosmos/cosmos-sdk@v0.50.11/types/handler.go:48
                	            	github.com/cosmos/cosmos-sdk/x/auth/ante.DeductFeeDecorator.AnteHandle
                	            		/Users/keruch/Go-workspace/pkg/mod/github.com/cosmos/cosmos-sdk@v0.50.11/x/auth/ante/fee.go:70
                	            	github.com/evmos/ethermint/app/ante.newCosmosAnteHandler.ChainAnteDecorators.func2
                	            		/Users/keruch/Go-workspace/pkg/mod/github.com/cosmos/cosmos-sdk@v0.50.11/types/handler.go:48
                	            	github.com/cosmos/cosmos-sdk/x/auth/ante.ConsumeTxSizeGasDecorator.AnteHandle
                	            		/Users/keruch/Go-workspace/pkg/mod/github.com/cosmos/cosmos-sdk@v0.50.11/x/auth/ante/basic.go:153
                	            	github.com/evmos/ethermint/app/ante.newCosmosAnteHandler.ChainAnteDecorators.func2
                	            		/Users/keruch/Go-workspace/pkg/mod/github.com/cosmos/cosmos-sdk@v0.50.11/types/handler.go:48
                	            	github.com/cosmos/cosmos-sdk/x/auth/ante.ValidateMemoDecorator.AnteHandle
                	            		/Users/keruch/Go-workspace/pkg/mod/github.com/cosmos/cosmos-sdk@v0.50.11/x/auth/ante/basic.go:72
                	            	github.com/evmos/ethermint/app/ante.newCosmosAnteHandler.ChainAnteDecorators.func2
                	            		/Users/keruch/Go-workspace/pkg/mod/github.com/cosmos/cosmos-sdk@v0.50.11/types/handler.go:48
                	            	github.com/evmos/ethermint/app/ante.MinGasPriceDecorator.AnteHandle
                	            		/Users/keruch/Development/Dymension/ethermint/app/ante/fees.go:91
                	            	github.com/evmos/ethermint/app/ante.newCosmosAnteHandler.ChainAnteDecorators.func2
                	            		/Users/keruch/Go-workspace/pkg/mod/github.com/cosmos/cosmos-sdk@v0.50.11/types/handler.go:48
                	            	github.com/cosmos/cosmos-sdk/x/auth/ante.TxTimeoutHeightDecorator.AnteHandle
                	            		/Users/keruch/Go-workspace/pkg/mod/github.com/cosmos/cosmos-sdk@v0.50.11/x/auth/ante/basic.go:216
                	            	github.com/evmos/ethermint/app/ante.newCosmosAnteHandler.ChainAnteDecorators.func2
                	            		/Users/keruch/Go-workspace/pkg/mod/github.com/cosmos/cosmos-sdk@v0.50.11/types/handler.go:48
                	            	github.com/cosmos/cosmos-sdk/x/auth/ante.ValidateBasicDecorator.AnteHandle
                	            		/Users/keruch/Go-workspace/pkg/mod/github.com/cosmos/cosmos-sdk@v0.50.11/x/auth/ante/basic.go:39
                	            	github.com/evmos/ethermint/app/ante.newCosmosAnteHandler.ChainAnteDecorators.func2
                	            		/Users/keruch/Go-workspace/pkg/mod/github.com/cosmos/cosmos-sdk@v0.50.11/types/handler.go:48
                	            	github.com/cosmos/cosmos-sdk/x/auth/ante.RejectExtensionOptionsDecorator.AnteHandle
                	            		/Users/keruch/Go-workspace/pkg/mod/github.com/cosmos/cosmos-sdk@v0.50.11/x/auth/ante/ext.go:52
                	            	github.com/evmos/ethermint/app/ante.newCosmosAnteHandler.ChainAnteDecorators.func2
                	            		/Users/keruch/Go-workspace/pkg/mod/github.com/cosmos/cosmos-sdk@v0.50.11/types/handler.go:48
                	            	github.com/cosmos/cosmos-sdk/x/auth/ante.SetUpContextDecorator.AnteHandle
                	            		/Users/keruch/Go-workspace/pkg/mod/github.com/cosmos/cosmos-sdk@v0.50.11/x/auth/ante/setup.go:70
                	            	github.com/evmos/ethermint/app/ante.newCosmosAnteHandler.ChainAnteDecorators.func2
                	            		/Users/keruch/Go-workspace/pkg/mod/github.com/cosmos/cosmos-sdk@v0.50.11/types/handler.go:48
                	            	github.com/evmos/ethermint/app/ante.AuthzLimiterDecorator.AnteHandle
                	            		/Users/keruch/Development/Dymension/ethermint/app/ante/authz.go:54
                	            	github.com/evmos/ethermint/app/ante.newCosmosAnteHandler.ChainAnteDecorators.func2
                	            		/Users/keruch/Go-workspace/pkg/mod/github.com/cosmos/cosmos-sdk@v0.50.11/types/handler.go:48
                	            	github.com/evmos/ethermint/app/ante.RejectMessagesDecorator.AnteHandle
                	            		/Users/keruch/Development/Dymension/ethermint/app/ante/reject_msgs.go:40
                	            	github.com/evmos/ethermint/app/ante.newCosmosAnteHandler.ChainAnteDecorators.func2
                	            		/Users/keruch/Go-workspace/pkg/mod/github.com/cosmos/cosmos-sdk@v0.50.11/types/handler.go:48
                	            	github.com/evmos/ethermint/app/ante.NewAnteHandler.func1
                	            		/Users/keruch/Development/Dymension/ethermint/app/ante/ante.go:89
                	            	github.com/evmos/ethermint/app/ante_test.(*AnteTestSuite).TestAnteHandler.func48
                	            		/Users/keruch/Development/Dymension/ethermint/app/ante/ante_test.go:941
                	            	github.com/stretchr/testify/suite.(*Suite).Run.func1
                	            		/Users/keruch/Go-workspace/pkg/mod/github.com/stretchr/testify@v1.9.0/suite/suite.go:115
                	            	signature verification failed; please verify account number (0) and chain-id (ethermint_9000-1): (unable to verify single signer signature): unauthorized
                	Test:       	TestAnteTestSuite/TestAnteHandler#01/success-_DeliverTx_EIP712_create_validator
        --- FAIL: TestAnteTestSuite/TestAnteHandler#01/success-_DeliverTx_EIP712_create_validator_(with_blank_fields) (0.01s)
            ante_test.go:946: 
                	Error Trace:	/Users/keruch/Development/Dymension/ethermint/app/ante/ante_test.go:946
                	            				/Users/keruch/Go-workspace/pkg/mod/github.com/stretchr/testify@v1.9.0/suite/suite.go:115
                	Error:      	Received unexpected error:
                	            	
                	            	github.com/cosmos/cosmos-sdk/x/auth/ante.SigVerificationDecorator.AnteHandle
                	            		/Users/keruch/Go-workspace/pkg/mod/github.com/cosmos/cosmos-sdk@v0.50.11/x/auth/ante/sigverify.go:333
                	            	github.com/evmos/ethermint/app/ante.newCosmosAnteHandler.ChainAnteDecorators.func2
                	            		/Users/keruch/Go-workspace/pkg/mod/github.com/cosmos/cosmos-sdk@v0.50.11/types/handler.go:48
                	            	github.com/cosmos/cosmos-sdk/x/auth/ante.SigGasConsumeDecorator.AnteHandle
                	            		/Users/keruch/Go-workspace/pkg/mod/github.com/cosmos/cosmos-sdk@v0.50.11/x/auth/ante/sigverify.go:212
                	            	github.com/evmos/ethermint/app/ante.newCosmosAnteHandler.ChainAnteDecorators.func2
                	            		/Users/keruch/Go-workspace/pkg/mod/github.com/cosmos/cosmos-sdk@v0.50.11/types/handler.go:48
                	            	github.com/cosmos/cosmos-sdk/x/auth/ante.ValidateSigCountDecorator.AnteHandle
                	            		/Users/keruch/Go-workspace/pkg/mod/github.com/cosmos/cosmos-sdk@v0.50.11/x/auth/ante/sigverify.go:420
                	            	github.com/evmos/ethermint/app/ante.newCosmosAnteHandler.ChainAnteDecorators.func2
                	            		/Users/keruch/Go-workspace/pkg/mod/github.com/cosmos/cosmos-sdk@v0.50.11/types/handler.go:48
                	            	github.com/cosmos/cosmos-sdk/x/auth/ante.SetPubKeyDecorator.AnteHandle
                	            		/Users/keruch/Go-workspace/pkg/mod/github.com/cosmos/cosmos-sdk@v0.50.11/x/auth/ante/sigverify.go:141
                	            	github.com/evmos/ethermint/app/ante.newCosmosAnteHandler.ChainAnteDecorators.func2
                	            		/Users/keruch/Go-workspace/pkg/mod/github.com/cosmos/cosmos-sdk@v0.50.11/types/handler.go:48
                	            	github.com/cosmos/cosmos-sdk/x/auth/ante.DeductFeeDecorator.AnteHandle
                	            		/Users/keruch/Go-workspace/pkg/mod/github.com/cosmos/cosmos-sdk@v0.50.11/x/auth/ante/fee.go:70
                	            	github.com/evmos/ethermint/app/ante.newCosmosAnteHandler.ChainAnteDecorators.func2
                	            		/Users/keruch/Go-workspace/pkg/mod/github.com/cosmos/cosmos-sdk@v0.50.11/types/handler.go:48
                	            	github.com/cosmos/cosmos-sdk/x/auth/ante.ConsumeTxSizeGasDecorator.AnteHandle
                	            		/Users/keruch/Go-workspace/pkg/mod/github.com/cosmos/cosmos-sdk@v0.50.11/x/auth/ante/basic.go:153
                	            	github.com/evmos/ethermint/app/ante.newCosmosAnteHandler.ChainAnteDecorators.func2
                	            		/Users/keruch/Go-workspace/pkg/mod/github.com/cosmos/cosmos-sdk@v0.50.11/types/handler.go:48
                	            	github.com/cosmos/cosmos-sdk/x/auth/ante.ValidateMemoDecorator.AnteHandle
                	            		/Users/keruch/Go-workspace/pkg/mod/github.com/cosmos/cosmos-sdk@v0.50.11/x/auth/ante/basic.go:72
                	            	github.com/evmos/ethermint/app/ante.newCosmosAnteHandler.ChainAnteDecorators.func2
                	            		/Users/keruch/Go-workspace/pkg/mod/github.com/cosmos/cosmos-sdk@v0.50.11/types/handler.go:48
                	            	github.com/evmos/ethermint/app/ante.MinGasPriceDecorator.AnteHandle
                	            		/Users/keruch/Development/Dymension/ethermint/app/ante/fees.go:91
                	            	github.com/evmos/ethermint/app/ante.newCosmosAnteHandler.ChainAnteDecorators.func2
                	            		/Users/keruch/Go-workspace/pkg/mod/github.com/cosmos/cosmos-sdk@v0.50.11/types/handler.go:48
                	            	github.com/cosmos/cosmos-sdk/x/auth/ante.TxTimeoutHeightDecorator.AnteHandle
                	            		/Users/keruch/Go-workspace/pkg/mod/github.com/cosmos/cosmos-sdk@v0.50.11/x/auth/ante/basic.go:216
                	            	github.com/evmos/ethermint/app/ante.newCosmosAnteHandler.ChainAnteDecorators.func2
                	            		/Users/keruch/Go-workspace/pkg/mod/github.com/cosmos/cosmos-sdk@v0.50.11/types/handler.go:48
                	            	github.com/cosmos/cosmos-sdk/x/auth/ante.ValidateBasicDecorator.AnteHandle
                	            		/Users/keruch/Go-workspace/pkg/mod/github.com/cosmos/cosmos-sdk@v0.50.11/x/auth/ante/basic.go:39
                	            	github.com/evmos/ethermint/app/ante.newCosmosAnteHandler.ChainAnteDecorators.func2
                	            		/Users/keruch/Go-workspace/pkg/mod/github.com/cosmos/cosmos-sdk@v0.50.11/types/handler.go:48
                	            	github.com/cosmos/cosmos-sdk/x/auth/ante.RejectExtensionOptionsDecorator.AnteHandle
                	            		/Users/keruch/Go-workspace/pkg/mod/github.com/cosmos/cosmos-sdk@v0.50.11/x/auth/ante/ext.go:52
                	            	github.com/evmos/ethermint/app/ante.newCosmosAnteHandler.ChainAnteDecorators.func2
                	            		/Users/keruch/Go-workspace/pkg/mod/github.com/cosmos/cosmos-sdk@v0.50.11/types/handler.go:48
                	            	github.com/cosmos/cosmos-sdk/x/auth/ante.SetUpContextDecorator.AnteHandle
                	            		/Users/keruch/Go-workspace/pkg/mod/github.com/cosmos/cosmos-sdk@v0.50.11/x/auth/ante/setup.go:70
                	            	github.com/evmos/ethermint/app/ante.newCosmosAnteHandler.ChainAnteDecorators.func2
                	            		/Users/keruch/Go-workspace/pkg/mod/github.com/cosmos/cosmos-sdk@v0.50.11/types/handler.go:48
                	            	github.com/evmos/ethermint/app/ante.AuthzLimiterDecorator.AnteHandle
                	            		/Users/keruch/Development/Dymension/ethermint/app/ante/authz.go:54
                	            	github.com/evmos/ethermint/app/ante.newCosmosAnteHandler.ChainAnteDecorators.func2
                	            		/Users/keruch/Go-workspace/pkg/mod/github.com/cosmos/cosmos-sdk@v0.50.11/types/handler.go:48
                	            	github.com/evmos/ethermint/app/ante.RejectMessagesDecorator.AnteHandle
                	            		/Users/keruch/Development/Dymension/ethermint/app/ante/reject_msgs.go:40
                	            	github.com/evmos/ethermint/app/ante.newCosmosAnteHandler.ChainAnteDecorators.func2
                	            		/Users/keruch/Go-workspace/pkg/mod/github.com/cosmos/cosmos-sdk@v0.50.11/types/handler.go:48
                	            	github.com/evmos/ethermint/app/ante.NewAnteHandler.func1
                	            		/Users/keruch/Development/Dymension/ethermint/app/ante/ante.go:89
                	            	github.com/evmos/ethermint/app/ante_test.(*AnteTestSuite).TestAnteHandler.func48
                	            		/Users/keruch/Development/Dymension/ethermint/app/ante/ante_test.go:941
                	            	github.com/stretchr/testify/suite.(*Suite).Run.func1
                	            		/Users/keruch/Go-workspace/pkg/mod/github.com/stretchr/testify@v1.9.0/suite/suite.go:115
                	            	signature verification failed; please verify account number (0) and chain-id (ethermint_9000-1): (unable to verify single signer signature): unauthorized
                	Test:       	TestAnteTestSuite/TestAnteHandler#01/success-_DeliverTx_EIP712_create_validator_(with_blank_fields)
        --- FAIL: TestAnteTestSuite/TestAnteHandler#01/success-_DeliverTx_EIP712_MsgSubmitProposal (0.01s)
            ante_test.go:946: 
                	Error Trace:	/Users/keruch/Development/Dymension/ethermint/app/ante/ante_test.go:946
                	            				/Users/keruch/Go-workspace/pkg/mod/github.com/stretchr/testify@v1.9.0/suite/suite.go:115
                	Error:      	Received unexpected error:
                	            	
                	            	github.com/cosmos/cosmos-sdk/x/auth/ante.SigVerificationDecorator.AnteHandle
                	            		/Users/keruch/Go-workspace/pkg/mod/github.com/cosmos/cosmos-sdk@v0.50.11/x/auth/ante/sigverify.go:333
                	            	github.com/evmos/ethermint/app/ante.newCosmosAnteHandler.ChainAnteDecorators.func2
                	            		/Users/keruch/Go-workspace/pkg/mod/github.com/cosmos/cosmos-sdk@v0.50.11/types/handler.go:48
                	            	github.com/cosmos/cosmos-sdk/x/auth/ante.SigGasConsumeDecorator.AnteHandle
                	            		/Users/keruch/Go-workspace/pkg/mod/github.com/cosmos/cosmos-sdk@v0.50.11/x/auth/ante/sigverify.go:212
                	            	github.com/evmos/ethermint/app/ante.newCosmosAnteHandler.ChainAnteDecorators.func2
                	            		/Users/keruch/Go-workspace/pkg/mod/github.com/cosmos/cosmos-sdk@v0.50.11/types/handler.go:48
                	            	github.com/cosmos/cosmos-sdk/x/auth/ante.ValidateSigCountDecorator.AnteHandle
                	            		/Users/keruch/Go-workspace/pkg/mod/github.com/cosmos/cosmos-sdk@v0.50.11/x/auth/ante/sigverify.go:420
                	            	github.com/evmos/ethermint/app/ante.newCosmosAnteHandler.ChainAnteDecorators.func2
                	            		/Users/keruch/Go-workspace/pkg/mod/github.com/cosmos/cosmos-sdk@v0.50.11/types/handler.go:48
                	            	github.com/cosmos/cosmos-sdk/x/auth/ante.SetPubKeyDecorator.AnteHandle
                	            		/Users/keruch/Go-workspace/pkg/mod/github.com/cosmos/cosmos-sdk@v0.50.11/x/auth/ante/sigverify.go:141
                	            	github.com/evmos/ethermint/app/ante.newCosmosAnteHandler.ChainAnteDecorators.func2
                	            		/Users/keruch/Go-workspace/pkg/mod/github.com/cosmos/cosmos-sdk@v0.50.11/types/handler.go:48
                	            	github.com/cosmos/cosmos-sdk/x/auth/ante.DeductFeeDecorator.AnteHandle
                	            		/Users/keruch/Go-workspace/pkg/mod/github.com/cosmos/cosmos-sdk@v0.50.11/x/auth/ante/fee.go:70
                	            	github.com/evmos/ethermint/app/ante.newCosmosAnteHandler.ChainAnteDecorators.func2
                	            		/Users/keruch/Go-workspace/pkg/mod/github.com/cosmos/cosmos-sdk@v0.50.11/types/handler.go:48
                	            	github.com/cosmos/cosmos-sdk/x/auth/ante.ConsumeTxSizeGasDecorator.AnteHandle
                	            		/Users/keruch/Go-workspace/pkg/mod/github.com/cosmos/cosmos-sdk@v0.50.11/x/auth/ante/basic.go:153
                	            	github.com/evmos/ethermint/app/ante.newCosmosAnteHandler.ChainAnteDecorators.func2
                	            		/Users/keruch/Go-workspace/pkg/mod/github.com/cosmos/cosmos-sdk@v0.50.11/types/handler.go:48
                	            	github.com/cosmos/cosmos-sdk/x/auth/ante.ValidateMemoDecorator.AnteHandle
                	            		/Users/keruch/Go-workspace/pkg/mod/github.com/cosmos/cosmos-sdk@v0.50.11/x/auth/ante/basic.go:72
                	            	github.com/evmos/ethermint/app/ante.newCosmosAnteHandler.ChainAnteDecorators.func2
                	            		/Users/keruch/Go-workspace/pkg/mod/github.com/cosmos/cosmos-sdk@v0.50.11/types/handler.go:48
                	            	github.com/evmos/ethermint/app/ante.MinGasPriceDecorator.AnteHandle
                	            		/Users/keruch/Development/Dymension/ethermint/app/ante/fees.go:91
                	            	github.com/evmos/ethermint/app/ante.newCosmosAnteHandler.ChainAnteDecorators.func2
                	            		/Users/keruch/Go-workspace/pkg/mod/github.com/cosmos/cosmos-sdk@v0.50.11/types/handler.go:48
                	            	github.com/cosmos/cosmos-sdk/x/auth/ante.TxTimeoutHeightDecorator.AnteHandle
                	            		/Users/keruch/Go-workspace/pkg/mod/github.com/cosmos/cosmos-sdk@v0.50.11/x/auth/ante/basic.go:216
                	            	github.com/evmos/ethermint/app/ante.newCosmosAnteHandler.ChainAnteDecorators.func2
                	            		/Users/keruch/Go-workspace/pkg/mod/github.com/cosmos/cosmos-sdk@v0.50.11/types/handler.go:48
                	            	github.com/cosmos/cosmos-sdk/x/auth/ante.ValidateBasicDecorator.AnteHandle
                	            		/Users/keruch/Go-workspace/pkg/mod/github.com/cosmos/cosmos-sdk@v0.50.11/x/auth/ante/basic.go:39
                	            	github.com/evmos/ethermint/app/ante.newCosmosAnteHandler.ChainAnteDecorators.func2
                	            		/Users/keruch/Go-workspace/pkg/mod/github.com/cosmos/cosmos-sdk@v0.50.11/types/handler.go:48
                	            	github.com/cosmos/cosmos-sdk/x/auth/ante.RejectExtensionOptionsDecorator.AnteHandle
                	            		/Users/keruch/Go-workspace/pkg/mod/github.com/cosmos/cosmos-sdk@v0.50.11/x/auth/ante/ext.go:52
                	            	github.com/evmos/ethermint/app/ante.newCosmosAnteHandler.ChainAnteDecorators.func2
                	            		/Users/keruch/Go-workspace/pkg/mod/github.com/cosmos/cosmos-sdk@v0.50.11/types/handler.go:48
                	            	github.com/cosmos/cosmos-sdk/x/auth/ante.SetUpContextDecorator.AnteHandle
                	            		/Users/keruch/Go-workspace/pkg/mod/github.com/cosmos/cosmos-sdk@v0.50.11/x/auth/ante/setup.go:70
                	            	github.com/evmos/ethermint/app/ante.newCosmosAnteHandler.ChainAnteDecorators.func2
                	            		/Users/keruch/Go-workspace/pkg/mod/github.com/cosmos/cosmos-sdk@v0.50.11/types/handler.go:48
                	            	github.com/evmos/ethermint/app/ante.AuthzLimiterDecorator.AnteHandle
                	            		/Users/keruch/Development/Dymension/ethermint/app/ante/authz.go:54
                	            	github.com/evmos/ethermint/app/ante.newCosmosAnteHandler.ChainAnteDecorators.func2
                	            		/Users/keruch/Go-workspace/pkg/mod/github.com/cosmos/cosmos-sdk@v0.50.11/types/handler.go:48
                	            	github.com/evmos/ethermint/app/ante.RejectMessagesDecorator.AnteHandle
                	            		/Users/keruch/Development/Dymension/ethermint/app/ante/reject_msgs.go:40
                	            	github.com/evmos/ethermint/app/ante.newCosmosAnteHandler.ChainAnteDecorators.func2
                	            		/Users/keruch/Go-workspace/pkg/mod/github.com/cosmos/cosmos-sdk@v0.50.11/types/handler.go:48
                	            	github.com/evmos/ethermint/app/ante.NewAnteHandler.func1
                	            		/Users/keruch/Development/Dymension/ethermint/app/ante/ante.go:89
                	            	github.com/evmos/ethermint/app/ante_test.(*AnteTestSuite).TestAnteHandler.func48
                	            		/Users/keruch/Development/Dymension/ethermint/app/ante/ante_test.go:941
                	            	github.com/stretchr/testify/suite.(*Suite).Run.func1
                	            		/Users/keruch/Go-workspace/pkg/mod/github.com/stretchr/testify@v1.9.0/suite/suite.go:115
                	            	signature verification failed; please verify account number (0) and chain-id (ethermint_9000-1): (unable to verify single signer signature): unauthorized
                	Test:       	TestAnteTestSuite/TestAnteHandler#01/success-_DeliverTx_EIP712_MsgSubmitProposal
        --- FAIL: TestAnteTestSuite/TestAnteHandler#01/success-_DeliverTx_EIP712_MsgGrant (0.01s)
            ante_test.go:946: 
                	Error Trace:	/Users/keruch/Development/Dymension/ethermint/app/ante/ante_test.go:946
                	            				/Users/keruch/Go-workspace/pkg/mod/github.com/stretchr/testify@v1.9.0/suite/suite.go:115
                	Error:      	Received unexpected error:
                	            	
                	            	github.com/cosmos/cosmos-sdk/x/auth/ante.SigVerificationDecorator.AnteHandle
                	            		/Users/keruch/Go-workspace/pkg/mod/github.com/cosmos/cosmos-sdk@v0.50.11/x/auth/ante/sigverify.go:333
                	            	github.com/evmos/ethermint/app/ante.newCosmosAnteHandler.ChainAnteDecorators.func2
                	            		/Users/keruch/Go-workspace/pkg/mod/github.com/cosmos/cosmos-sdk@v0.50.11/types/handler.go:48
                	            	github.com/cosmos/cosmos-sdk/x/auth/ante.SigGasConsumeDecorator.AnteHandle
                	            		/Users/keruch/Go-workspace/pkg/mod/github.com/cosmos/cosmos-sdk@v0.50.11/x/auth/ante/sigverify.go:212
                	            	github.com/evmos/ethermint/app/ante.newCosmosAnteHandler.ChainAnteDecorators.func2
                	            		/Users/keruch/Go-workspace/pkg/mod/github.com/cosmos/cosmos-sdk@v0.50.11/types/handler.go:48
                	            	github.com/cosmos/cosmos-sdk/x/auth/ante.ValidateSigCountDecorator.AnteHandle
                	            		/Users/keruch/Go-workspace/pkg/mod/github.com/cosmos/cosmos-sdk@v0.50.11/x/auth/ante/sigverify.go:420
                	            	github.com/evmos/ethermint/app/ante.newCosmosAnteHandler.ChainAnteDecorators.func2
                	            		/Users/keruch/Go-workspace/pkg/mod/github.com/cosmos/cosmos-sdk@v0.50.11/types/handler.go:48
                	            	github.com/cosmos/cosmos-sdk/x/auth/ante.SetPubKeyDecorator.AnteHandle
                	            		/Users/keruch/Go-workspace/pkg/mod/github.com/cosmos/cosmos-sdk@v0.50.11/x/auth/ante/sigverify.go:141
                	            	github.com/evmos/ethermint/app/ante.newCosmosAnteHandler.ChainAnteDecorators.func2
                	            		/Users/keruch/Go-workspace/pkg/mod/github.com/cosmos/cosmos-sdk@v0.50.11/types/handler.go:48
                	            	github.com/cosmos/cosmos-sdk/x/auth/ante.DeductFeeDecorator.AnteHandle
                	            		/Users/keruch/Go-workspace/pkg/mod/github.com/cosmos/cosmos-sdk@v0.50.11/x/auth/ante/fee.go:70
                	            	github.com/evmos/ethermint/app/ante.newCosmosAnteHandler.ChainAnteDecorators.func2
                	            		/Users/keruch/Go-workspace/pkg/mod/github.com/cosmos/cosmos-sdk@v0.50.11/types/handler.go:48
                	            	github.com/cosmos/cosmos-sdk/x/auth/ante.ConsumeTxSizeGasDecorator.AnteHandle
                	            		/Users/keruch/Go-workspace/pkg/mod/github.com/cosmos/cosmos-sdk@v0.50.11/x/auth/ante/basic.go:153
                	            	github.com/evmos/ethermint/app/ante.newCosmosAnteHandler.ChainAnteDecorators.func2
                	            		/Users/keruch/Go-workspace/pkg/mod/github.com/cosmos/cosmos-sdk@v0.50.11/types/handler.go:48
                	            	github.com/cosmos/cosmos-sdk/x/auth/ante.ValidateMemoDecorator.AnteHandle
                	            		/Users/keruch/Go-workspace/pkg/mod/github.com/cosmos/cosmos-sdk@v0.50.11/x/auth/ante/basic.go:72
                	            	github.com/evmos/ethermint/app/ante.newCosmosAnteHandler.ChainAnteDecorators.func2
                	            		/Users/keruch/Go-workspace/pkg/mod/github.com/cosmos/cosmos-sdk@v0.50.11/types/handler.go:48
                	            	github.com/evmos/ethermint/app/ante.MinGasPriceDecorator.AnteHandle
                	            		/Users/keruch/Development/Dymension/ethermint/app/ante/fees.go:91
                	            	github.com/evmos/ethermint/app/ante.newCosmosAnteHandler.ChainAnteDecorators.func2
                	            		/Users/keruch/Go-workspace/pkg/mod/github.com/cosmos/cosmos-sdk@v0.50.11/types/handler.go:48
                	            	github.com/cosmos/cosmos-sdk/x/auth/ante.TxTimeoutHeightDecorator.AnteHandle
                	            		/Users/keruch/Go-workspace/pkg/mod/github.com/cosmos/cosmos-sdk@v0.50.11/x/auth/ante/basic.go:216
                	            	github.com/evmos/ethermint/app/ante.newCosmosAnteHandler.ChainAnteDecorators.func2
                	            		/Users/keruch/Go-workspace/pkg/mod/github.com/cosmos/cosmos-sdk@v0.50.11/types/handler.go:48
                	            	github.com/cosmos/cosmos-sdk/x/auth/ante.ValidateBasicDecorator.AnteHandle
                	            		/Users/keruch/Go-workspace/pkg/mod/github.com/cosmos/cosmos-sdk@v0.50.11/x/auth/ante/basic.go:39
                	            	github.com/evmos/ethermint/app/ante.newCosmosAnteHandler.ChainAnteDecorators.func2
                	            		/Users/keruch/Go-workspace/pkg/mod/github.com/cosmos/cosmos-sdk@v0.50.11/types/handler.go:48
                	            	github.com/cosmos/cosmos-sdk/x/auth/ante.RejectExtensionOptionsDecorator.AnteHandle
                	            		/Users/keruch/Go-workspace/pkg/mod/github.com/cosmos/cosmos-sdk@v0.50.11/x/auth/ante/ext.go:52
                	            	github.com/evmos/ethermint/app/ante.newCosmosAnteHandler.ChainAnteDecorators.func2
                	            		/Users/keruch/Go-workspace/pkg/mod/github.com/cosmos/cosmos-sdk@v0.50.11/types/handler.go:48
                	            	github.com/cosmos/cosmos-sdk/x/auth/ante.SetUpContextDecorator.AnteHandle
                	            		/Users/keruch/Go-workspace/pkg/mod/github.com/cosmos/cosmos-sdk@v0.50.11/x/auth/ante/setup.go:70
                	            	github.com/evmos/ethermint/app/ante.newCosmosAnteHandler.ChainAnteDecorators.func2
                	            		/Users/keruch/Go-workspace/pkg/mod/github.com/cosmos/cosmos-sdk@v0.50.11/types/handler.go:48
                	            	github.com/evmos/ethermint/app/ante.AuthzLimiterDecorator.AnteHandle
                	            		/Users/keruch/Development/Dymension/ethermint/app/ante/authz.go:54
                	            	github.com/evmos/ethermint/app/ante.newCosmosAnteHandler.ChainAnteDecorators.func2
                	            		/Users/keruch/Go-workspace/pkg/mod/github.com/cosmos/cosmos-sdk@v0.50.11/types/handler.go:48
                	            	github.com/evmos/ethermint/app/ante.RejectMessagesDecorator.AnteHandle
                	            		/Users/keruch/Development/Dymension/ethermint/app/ante/reject_msgs.go:40
                	            	github.com/evmos/ethermint/app/ante.newCosmosAnteHandler.ChainAnteDecorators.func2
                	            		/Users/keruch/Go-workspace/pkg/mod/github.com/cosmos/cosmos-sdk@v0.50.11/types/handler.go:48
                	            	github.com/evmos/ethermint/app/ante.NewAnteHandler.func1
                	            		/Users/keruch/Development/Dymension/ethermint/app/ante/ante.go:89
                	            	github.com/evmos/ethermint/app/ante_test.(*AnteTestSuite).TestAnteHandler.func48
                	            		/Users/keruch/Development/Dymension/ethermint/app/ante/ante_test.go:941
                	            	github.com/stretchr/testify/suite.(*Suite).Run.func1
                	            		/Users/keruch/Go-workspace/pkg/mod/github.com/stretchr/testify@v1.9.0/suite/suite.go:115
                	            	signature verification failed; please verify account number (0) and chain-id (ethermint_9000-1): (unable to verify single signer signature): unauthorized
                	Test:       	TestAnteTestSuite/TestAnteHandler#01/success-_DeliverTx_EIP712_MsgGrant
        --- FAIL: TestAnteTestSuite/TestAnteHandler#01/success-_DeliverTx_EIP712_MsgGrantAllowance (0.01s)
            ante_test.go:946: 
                	Error Trace:	/Users/keruch/Development/Dymension/ethermint/app/ante/ante_test.go:946
                	            				/Users/keruch/Go-workspace/pkg/mod/github.com/stretchr/testify@v1.9.0/suite/suite.go:115
                	Error:      	Received unexpected error:
                	            	
                	            	github.com/cosmos/cosmos-sdk/x/auth/ante.SigVerificationDecorator.AnteHandle
                	            		/Users/keruch/Go-workspace/pkg/mod/github.com/cosmos/cosmos-sdk@v0.50.11/x/auth/ante/sigverify.go:333
                	            	github.com/evmos/ethermint/app/ante.newCosmosAnteHandler.ChainAnteDecorators.func2
                	            		/Users/keruch/Go-workspace/pkg/mod/github.com/cosmos/cosmos-sdk@v0.50.11/types/handler.go:48
                	            	github.com/cosmos/cosmos-sdk/x/auth/ante.SigGasConsumeDecorator.AnteHandle
                	            		/Users/keruch/Go-workspace/pkg/mod/github.com/cosmos/cosmos-sdk@v0.50.11/x/auth/ante/sigverify.go:212
                	            	github.com/evmos/ethermint/app/ante.newCosmosAnteHandler.ChainAnteDecorators.func2
                	            		/Users/keruch/Go-workspace/pkg/mod/github.com/cosmos/cosmos-sdk@v0.50.11/types/handler.go:48
                	            	github.com/cosmos/cosmos-sdk/x/auth/ante.ValidateSigCountDecorator.AnteHandle
                	            		/Users/keruch/Go-workspace/pkg/mod/github.com/cosmos/cosmos-sdk@v0.50.11/x/auth/ante/sigverify.go:420
                	            	github.com/evmos/ethermint/app/ante.newCosmosAnteHandler.ChainAnteDecorators.func2
                	            		/Users/keruch/Go-workspace/pkg/mod/github.com/cosmos/cosmos-sdk@v0.50.11/types/handler.go:48
                	            	github.com/cosmos/cosmos-sdk/x/auth/ante.SetPubKeyDecorator.AnteHandle
                	            		/Users/keruch/Go-workspace/pkg/mod/github.com/cosmos/cosmos-sdk@v0.50.11/x/auth/ante/sigverify.go:141
                	            	github.com/evmos/ethermint/app/ante.newCosmosAnteHandler.ChainAnteDecorators.func2
                	            		/Users/keruch/Go-workspace/pkg/mod/github.com/cosmos/cosmos-sdk@v0.50.11/types/handler.go:48
                	            	github.com/cosmos/cosmos-sdk/x/auth/ante.DeductFeeDecorator.AnteHandle
                	            		/Users/keruch/Go-workspace/pkg/mod/github.com/cosmos/cosmos-sdk@v0.50.11/x/auth/ante/fee.go:70
                	            	github.com/evmos/ethermint/app/ante.newCosmosAnteHandler.ChainAnteDecorators.func2
                	            		/Users/keruch/Go-workspace/pkg/mod/github.com/cosmos/cosmos-sdk@v0.50.11/types/handler.go:48
                	            	github.com/cosmos/cosmos-sdk/x/auth/ante.ConsumeTxSizeGasDecorator.AnteHandle
                	            		/Users/keruch/Go-workspace/pkg/mod/github.com/cosmos/cosmos-sdk@v0.50.11/x/auth/ante/basic.go:153
                	            	github.com/evmos/ethermint/app/ante.newCosmosAnteHandler.ChainAnteDecorators.func2
                	            		/Users/keruch/Go-workspace/pkg/mod/github.com/cosmos/cosmos-sdk@v0.50.11/types/handler.go:48
                	            	github.com/cosmos/cosmos-sdk/x/auth/ante.ValidateMemoDecorator.AnteHandle
                	            		/Users/keruch/Go-workspace/pkg/mod/github.com/cosmos/cosmos-sdk@v0.50.11/x/auth/ante/basic.go:72
                	            	github.com/evmos/ethermint/app/ante.newCosmosAnteHandler.ChainAnteDecorators.func2
                	            		/Users/keruch/Go-workspace/pkg/mod/github.com/cosmos/cosmos-sdk@v0.50.11/types/handler.go:48
                	            	github.com/evmos/ethermint/app/ante.MinGasPriceDecorator.AnteHandle
                	            		/Users/keruch/Development/Dymension/ethermint/app/ante/fees.go:91
                	            	github.com/evmos/ethermint/app/ante.newCosmosAnteHandler.ChainAnteDecorators.func2
                	            		/Users/keruch/Go-workspace/pkg/mod/github.com/cosmos/cosmos-sdk@v0.50.11/types/handler.go:48
                	            	github.com/cosmos/cosmos-sdk/x/auth/ante.TxTimeoutHeightDecorator.AnteHandle
                	            		/Users/keruch/Go-workspace/pkg/mod/github.com/cosmos/cosmos-sdk@v0.50.11/x/auth/ante/basic.go:216
                	            	github.com/evmos/ethermint/app/ante.newCosmosAnteHandler.ChainAnteDecorators.func2
                	            		/Users/keruch/Go-workspace/pkg/mod/github.com/cosmos/cosmos-sdk@v0.50.11/types/handler.go:48
                	            	github.com/cosmos/cosmos-sdk/x/auth/ante.ValidateBasicDecorator.AnteHandle
                	            		/Users/keruch/Go-workspace/pkg/mod/github.com/cosmos/cosmos-sdk@v0.50.11/x/auth/ante/basic.go:39
                	            	github.com/evmos/ethermint/app/ante.newCosmosAnteHandler.ChainAnteDecorators.func2
                	            		/Users/keruch/Go-workspace/pkg/mod/github.com/cosmos/cosmos-sdk@v0.50.11/types/handler.go:48
                	            	github.com/cosmos/cosmos-sdk/x/auth/ante.RejectExtensionOptionsDecorator.AnteHandle
                	            		/Users/keruch/Go-workspace/pkg/mod/github.com/cosmos/cosmos-sdk@v0.50.11/x/auth/ante/ext.go:52
                	            	github.com/evmos/ethermint/app/ante.newCosmosAnteHandler.ChainAnteDecorators.func2
                	            		/Users/keruch/Go-workspace/pkg/mod/github.com/cosmos/cosmos-sdk@v0.50.11/types/handler.go:48
                	            	github.com/cosmos/cosmos-sdk/x/auth/ante.SetUpContextDecorator.AnteHandle
                	            		/Users/keruch/Go-workspace/pkg/mod/github.com/cosmos/cosmos-sdk@v0.50.11/x/auth/ante/setup.go:70
                	            	github.com/evmos/ethermint/app/ante.newCosmosAnteHandler.ChainAnteDecorators.func2
                	            		/Users/keruch/Go-workspace/pkg/mod/github.com/cosmos/cosmos-sdk@v0.50.11/types/handler.go:48
                	            	github.com/evmos/ethermint/app/ante.AuthzLimiterDecorator.AnteHandle
                	            		/Users/keruch/Development/Dymension/ethermint/app/ante/authz.go:54
                	            	github.com/evmos/ethermint/app/ante.newCosmosAnteHandler.ChainAnteDecorators.func2
                	            		/Users/keruch/Go-workspace/pkg/mod/github.com/cosmos/cosmos-sdk@v0.50.11/types/handler.go:48
                	            	github.com/evmos/ethermint/app/ante.RejectMessagesDecorator.AnteHandle
                	            		/Users/keruch/Development/Dymension/ethermint/app/ante/reject_msgs.go:40
                	            	github.com/evmos/ethermint/app/ante.newCosmosAnteHandler.ChainAnteDecorators.func2
                	            		/Users/keruch/Go-workspace/pkg/mod/github.com/cosmos/cosmos-sdk@v0.50.11/types/handler.go:48
                	            	github.com/evmos/ethermint/app/ante.NewAnteHandler.func1
                	            		/Users/keruch/Development/Dymension/ethermint/app/ante/ante.go:89
                	            	github.com/evmos/ethermint/app/ante_test.(*AnteTestSuite).TestAnteHandler.func48
                	            		/Users/keruch/Development/Dymension/ethermint/app/ante/ante_test.go:941
                	            	github.com/stretchr/testify/suite.(*Suite).Run.func1
                	            		/Users/keruch/Go-workspace/pkg/mod/github.com/stretchr/testify@v1.9.0/suite/suite.go:115
                	            	signature verification failed; please verify account number (0) and chain-id (ethermint_9000-1): (unable to verify single signer signature): unauthorized
                	Test:       	TestAnteTestSuite/TestAnteHandler#01/success-_DeliverTx_EIP712_MsgGrantAllowance
        --- FAIL: TestAnteTestSuite/TestAnteHandler#01/success-_DeliverTx_EIP712_edit_validator (0.01s)
            ante_test.go:946: 
                	Error Trace:	/Users/keruch/Development/Dymension/ethermint/app/ante/ante_test.go:946
                	            				/Users/keruch/Go-workspace/pkg/mod/github.com/stretchr/testify@v1.9.0/suite/suite.go:115
                	Error:      	Received unexpected error:
                	            	
                	            	github.com/cosmos/cosmos-sdk/x/auth/ante.SigVerificationDecorator.AnteHandle
                	            		/Users/keruch/Go-workspace/pkg/mod/github.com/cosmos/cosmos-sdk@v0.50.11/x/auth/ante/sigverify.go:333
                	            	github.com/evmos/ethermint/app/ante.newCosmosAnteHandler.ChainAnteDecorators.func2
                	            		/Users/keruch/Go-workspace/pkg/mod/github.com/cosmos/cosmos-sdk@v0.50.11/types/handler.go:48
                	            	github.com/cosmos/cosmos-sdk/x/auth/ante.SigGasConsumeDecorator.AnteHandle
                	            		/Users/keruch/Go-workspace/pkg/mod/github.com/cosmos/cosmos-sdk@v0.50.11/x/auth/ante/sigverify.go:212
                	            	github.com/evmos/ethermint/app/ante.newCosmosAnteHandler.ChainAnteDecorators.func2
                	            		/Users/keruch/Go-workspace/pkg/mod/github.com/cosmos/cosmos-sdk@v0.50.11/types/handler.go:48
                	            	github.com/cosmos/cosmos-sdk/x/auth/ante.ValidateSigCountDecorator.AnteHandle
                	            		/Users/keruch/Go-workspace/pkg/mod/github.com/cosmos/cosmos-sdk@v0.50.11/x/auth/ante/sigverify.go:420
                	            	github.com/evmos/ethermint/app/ante.newCosmosAnteHandler.ChainAnteDecorators.func2
                	            		/Users/keruch/Go-workspace/pkg/mod/github.com/cosmos/cosmos-sdk@v0.50.11/types/handler.go:48
                	            	github.com/cosmos/cosmos-sdk/x/auth/ante.SetPubKeyDecorator.AnteHandle
                	            		/Users/keruch/Go-workspace/pkg/mod/github.com/cosmos/cosmos-sdk@v0.50.11/x/auth/ante/sigverify.go:141
                	            	github.com/evmos/ethermint/app/ante.newCosmosAnteHandler.ChainAnteDecorators.func2
                	            		/Users/keruch/Go-workspace/pkg/mod/github.com/cosmos/cosmos-sdk@v0.50.11/types/handler.go:48
                	            	github.com/cosmos/cosmos-sdk/x/auth/ante.DeductFeeDecorator.AnteHandle
                	            		/Users/keruch/Go-workspace/pkg/mod/github.com/cosmos/cosmos-sdk@v0.50.11/x/auth/ante/fee.go:70
                	            	github.com/evmos/ethermint/app/ante.newCosmosAnteHandler.ChainAnteDecorators.func2
                	            		/Users/keruch/Go-workspace/pkg/mod/github.com/cosmos/cosmos-sdk@v0.50.11/types/handler.go:48
                	            	github.com/cosmos/cosmos-sdk/x/auth/ante.ConsumeTxSizeGasDecorator.AnteHandle
                	            		/Users/keruch/Go-workspace/pkg/mod/github.com/cosmos/cosmos-sdk@v0.50.11/x/auth/ante/basic.go:153
                	            	github.com/evmos/ethermint/app/ante.newCosmosAnteHandler.ChainAnteDecorators.func2
                	            		/Users/keruch/Go-workspace/pkg/mod/github.com/cosmos/cosmos-sdk@v0.50.11/types/handler.go:48
                	            	github.com/cosmos/cosmos-sdk/x/auth/ante.ValidateMemoDecorator.AnteHandle
                	            		/Users/keruch/Go-workspace/pkg/mod/github.com/cosmos/cosmos-sdk@v0.50.11/x/auth/ante/basic.go:72
                	            	github.com/evmos/ethermint/app/ante.newCosmosAnteHandler.ChainAnteDecorators.func2
                	            		/Users/keruch/Go-workspace/pkg/mod/github.com/cosmos/cosmos-sdk@v0.50.11/types/handler.go:48
                	            	github.com/evmos/ethermint/app/ante.MinGasPriceDecorator.AnteHandle
                	            		/Users/keruch/Development/Dymension/ethermint/app/ante/fees.go:91
                	            	github.com/evmos/ethermint/app/ante.newCosmosAnteHandler.ChainAnteDecorators.func2
                	            		/Users/keruch/Go-workspace/pkg/mod/github.com/cosmos/cosmos-sdk@v0.50.11/types/handler.go:48
                	            	github.com/cosmos/cosmos-sdk/x/auth/ante.TxTimeoutHeightDecorator.AnteHandle
                	            		/Users/keruch/Go-workspace/pkg/mod/github.com/cosmos/cosmos-sdk@v0.50.11/x/auth/ante/basic.go:216
                	            	github.com/evmos/ethermint/app/ante.newCosmosAnteHandler.ChainAnteDecorators.func2
                	            		/Users/keruch/Go-workspace/pkg/mod/github.com/cosmos/cosmos-sdk@v0.50.11/types/handler.go:48
                	            	github.com/cosmos/cosmos-sdk/x/auth/ante.ValidateBasicDecorator.AnteHandle
                	            		/Users/keruch/Go-workspace/pkg/mod/github.com/cosmos/cosmos-sdk@v0.50.11/x/auth/ante/basic.go:39
                	            	github.com/evmos/ethermint/app/ante.newCosmosAnteHandler.ChainAnteDecorators.func2
                	            		/Users/keruch/Go-workspace/pkg/mod/github.com/cosmos/cosmos-sdk@v0.50.11/types/handler.go:48
                	            	github.com/cosmos/cosmos-sdk/x/auth/ante.RejectExtensionOptionsDecorator.AnteHandle
                	            		/Users/keruch/Go-workspace/pkg/mod/github.com/cosmos/cosmos-sdk@v0.50.11/x/auth/ante/ext.go:52
                	            	github.com/evmos/ethermint/app/ante.newCosmosAnteHandler.ChainAnteDecorators.func2
                	            		/Users/keruch/Go-workspace/pkg/mod/github.com/cosmos/cosmos-sdk@v0.50.11/types/handler.go:48
                	            	github.com/cosmos/cosmos-sdk/x/auth/ante.SetUpContextDecorator.AnteHandle
                	            		/Users/keruch/Go-workspace/pkg/mod/github.com/cosmos/cosmos-sdk@v0.50.11/x/auth/ante/setup.go:70
                	            	github.com/evmos/ethermint/app/ante.newCosmosAnteHandler.ChainAnteDecorators.func2
                	            		/Users/keruch/Go-workspace/pkg/mod/github.com/cosmos/cosmos-sdk@v0.50.11/types/handler.go:48
                	            	github.com/evmos/ethermint/app/ante.AuthzLimiterDecorator.AnteHandle
                	            		/Users/keruch/Development/Dymension/ethermint/app/ante/authz.go:54
                	            	github.com/evmos/ethermint/app/ante.newCosmosAnteHandler.ChainAnteDecorators.func2
                	            		/Users/keruch/Go-workspace/pkg/mod/github.com/cosmos/cosmos-sdk@v0.50.11/types/handler.go:48
                	            	github.com/evmos/ethermint/app/ante.RejectMessagesDecorator.AnteHandle
                	            		/Users/keruch/Development/Dymension/ethermint/app/ante/reject_msgs.go:40
                	            	github.com/evmos/ethermint/app/ante.newCosmosAnteHandler.ChainAnteDecorators.func2
                	            		/Users/keruch/Go-workspace/pkg/mod/github.com/cosmos/cosmos-sdk@v0.50.11/types/handler.go:48
                	            	github.com/evmos/ethermint/app/ante.NewAnteHandler.func1
                	            		/Users/keruch/Development/Dymension/ethermint/app/ante/ante.go:89
                	            	github.com/evmos/ethermint/app/ante_test.(*AnteTestSuite).TestAnteHandler.func48
                	            		/Users/keruch/Development/Dymension/ethermint/app/ante/ante_test.go:941
                	            	github.com/stretchr/testify/suite.(*Suite).Run.func1
                	            		/Users/keruch/Go-workspace/pkg/mod/github.com/stretchr/testify@v1.9.0/suite/suite.go:115
                	            	signature verification failed; please verify account number (0) and chain-id (ethermint_9000-1): (unable to verify single signer signature): unauthorized
                	Test:       	TestAnteTestSuite/TestAnteHandler#01/success-_DeliverTx_EIP712_edit_validator
        --- FAIL: TestAnteTestSuite/TestAnteHandler#01/success-_DeliverTx_EIP712_submit_evidence (0.01s)
            ante_test.go:946: 
                	Error Trace:	/Users/keruch/Development/Dymension/ethermint/app/ante/ante_test.go:946
                	            				/Users/keruch/Go-workspace/pkg/mod/github.com/stretchr/testify@v1.9.0/suite/suite.go:115
                	Error:      	Received unexpected error:
                	            	
                	            	github.com/cosmos/cosmos-sdk/x/auth/ante.SigVerificationDecorator.AnteHandle
                	            		/Users/keruch/Go-workspace/pkg/mod/github.com/cosmos/cosmos-sdk@v0.50.11/x/auth/ante/sigverify.go:333
                	            	github.com/evmos/ethermint/app/ante.newCosmosAnteHandler.ChainAnteDecorators.func2
                	            		/Users/keruch/Go-workspace/pkg/mod/github.com/cosmos/cosmos-sdk@v0.50.11/types/handler.go:48
                	            	github.com/cosmos/cosmos-sdk/x/auth/ante.SigGasConsumeDecorator.AnteHandle
                	            		/Users/keruch/Go-workspace/pkg/mod/github.com/cosmos/cosmos-sdk@v0.50.11/x/auth/ante/sigverify.go:212
                	            	github.com/evmos/ethermint/app/ante.newCosmosAnteHandler.ChainAnteDecorators.func2
                	            		/Users/keruch/Go-workspace/pkg/mod/github.com/cosmos/cosmos-sdk@v0.50.11/types/handler.go:48
                	            	github.com/cosmos/cosmos-sdk/x/auth/ante.ValidateSigCountDecorator.AnteHandle
                	            		/Users/keruch/Go-workspace/pkg/mod/github.com/cosmos/cosmos-sdk@v0.50.11/x/auth/ante/sigverify.go:420
                	            	github.com/evmos/ethermint/app/ante.newCosmosAnteHandler.ChainAnteDecorators.func2
                	            		/Users/keruch/Go-workspace/pkg/mod/github.com/cosmos/cosmos-sdk@v0.50.11/types/handler.go:48
                	            	github.com/cosmos/cosmos-sdk/x/auth/ante.SetPubKeyDecorator.AnteHandle
                	            		/Users/keruch/Go-workspace/pkg/mod/github.com/cosmos/cosmos-sdk@v0.50.11/x/auth/ante/sigverify.go:141
                	            	github.com/evmos/ethermint/app/ante.newCosmosAnteHandler.ChainAnteDecorators.func2
                	            		/Users/keruch/Go-workspace/pkg/mod/github.com/cosmos/cosmos-sdk@v0.50.11/types/handler.go:48
                	            	github.com/cosmos/cosmos-sdk/x/auth/ante.DeductFeeDecorator.AnteHandle
                	            		/Users/keruch/Go-workspace/pkg/mod/github.com/cosmos/cosmos-sdk@v0.50.11/x/auth/ante/fee.go:70
                	            	github.com/evmos/ethermint/app/ante.newCosmosAnteHandler.ChainAnteDecorators.func2
                	            		/Users/keruch/Go-workspace/pkg/mod/github.com/cosmos/cosmos-sdk@v0.50.11/types/handler.go:48
                	            	github.com/cosmos/cosmos-sdk/x/auth/ante.ConsumeTxSizeGasDecorator.AnteHandle
                	            		/Users/keruch/Go-workspace/pkg/mod/github.com/cosmos/cosmos-sdk@v0.50.11/x/auth/ante/basic.go:153
                	            	github.com/evmos/ethermint/app/ante.newCosmosAnteHandler.ChainAnteDecorators.func2
                	            		/Users/keruch/Go-workspace/pkg/mod/github.com/cosmos/cosmos-sdk@v0.50.11/types/handler.go:48
                	            	github.com/cosmos/cosmos-sdk/x/auth/ante.ValidateMemoDecorator.AnteHandle
                	            		/Users/keruch/Go-workspace/pkg/mod/github.com/cosmos/cosmos-sdk@v0.50.11/x/auth/ante/basic.go:72
                	            	github.com/evmos/ethermint/app/ante.newCosmosAnteHandler.ChainAnteDecorators.func2
                	            		/Users/keruch/Go-workspace/pkg/mod/github.com/cosmos/cosmos-sdk@v0.50.11/types/handler.go:48
                	            	github.com/evmos/ethermint/app/ante.MinGasPriceDecorator.AnteHandle
                	            		/Users/keruch/Development/Dymension/ethermint/app/ante/fees.go:91
                	            	github.com/evmos/ethermint/app/ante.newCosmosAnteHandler.ChainAnteDecorators.func2
                	            		/Users/keruch/Go-workspace/pkg/mod/github.com/cosmos/cosmos-sdk@v0.50.11/types/handler.go:48
                	            	github.com/cosmos/cosmos-sdk/x/auth/ante.TxTimeoutHeightDecorator.AnteHandle
                	            		/Users/keruch/Go-workspace/pkg/mod/github.com/cosmos/cosmos-sdk@v0.50.11/x/auth/ante/basic.go:216
                	            	github.com/evmos/ethermint/app/ante.newCosmosAnteHandler.ChainAnteDecorators.func2
                	            		/Users/keruch/Go-workspace/pkg/mod/github.com/cosmos/cosmos-sdk@v0.50.11/types/handler.go:48
                	            	github.com/cosmos/cosmos-sdk/x/auth/ante.ValidateBasicDecorator.AnteHandle
                	            		/Users/keruch/Go-workspace/pkg/mod/github.com/cosmos/cosmos-sdk@v0.50.11/x/auth/ante/basic.go:39
                	            	github.com/evmos/ethermint/app/ante.newCosmosAnteHandler.ChainAnteDecorators.func2
                	            		/Users/keruch/Go-workspace/pkg/mod/github.com/cosmos/cosmos-sdk@v0.50.11/types/handler.go:48
                	            	github.com/cosmos/cosmos-sdk/x/auth/ante.RejectExtensionOptionsDecorator.AnteHandle
                	            		/Users/keruch/Go-workspace/pkg/mod/github.com/cosmos/cosmos-sdk@v0.50.11/x/auth/ante/ext.go:52
                	            	github.com/evmos/ethermint/app/ante.newCosmosAnteHandler.ChainAnteDecorators.func2
                	            		/Users/keruch/Go-workspace/pkg/mod/github.com/cosmos/cosmos-sdk@v0.50.11/types/handler.go:48
                	            	github.com/cosmos/cosmos-sdk/x/auth/ante.SetUpContextDecorator.AnteHandle
                	            		/Users/keruch/Go-workspace/pkg/mod/github.com/cosmos/cosmos-sdk@v0.50.11/x/auth/ante/setup.go:70
                	            	github.com/evmos/ethermint/app/ante.newCosmosAnteHandler.ChainAnteDecorators.func2
                	            		/Users/keruch/Go-workspace/pkg/mod/github.com/cosmos/cosmos-sdk@v0.50.11/types/handler.go:48
                	            	github.com/evmos/ethermint/app/ante.AuthzLimiterDecorator.AnteHandle
                	            		/Users/keruch/Development/Dymension/ethermint/app/ante/authz.go:54
                	            	github.com/evmos/ethermint/app/ante.newCosmosAnteHandler.ChainAnteDecorators.func2
                	            		/Users/keruch/Go-workspace/pkg/mod/github.com/cosmos/cosmos-sdk@v0.50.11/types/handler.go:48
                	            	github.com/evmos/ethermint/app/ante.RejectMessagesDecorator.AnteHandle
                	            		/Users/keruch/Development/Dymension/ethermint/app/ante/reject_msgs.go:40
                	            	github.com/evmos/ethermint/app/ante.newCosmosAnteHandler.ChainAnteDecorators.func2
                	            		/Users/keruch/Go-workspace/pkg/mod/github.com/cosmos/cosmos-sdk@v0.50.11/types/handler.go:48
                	            	github.com/evmos/ethermint/app/ante.NewAnteHandler.func1
                	            		/Users/keruch/Development/Dymension/ethermint/app/ante/ante.go:89
                	            	github.com/evmos/ethermint/app/ante_test.(*AnteTestSuite).TestAnteHandler.func48
                	            		/Users/keruch/Development/Dymension/ethermint/app/ante/ante_test.go:941
                	            	github.com/stretchr/testify/suite.(*Suite).Run.func1
                	            		/Users/keruch/Go-workspace/pkg/mod/github.com/stretchr/testify@v1.9.0/suite/suite.go:115
                	            	signature verification failed; please verify account number (0) and chain-id (ethermint_9000-1): (unable to verify single signer signature): unauthorized
                	Test:       	TestAnteTestSuite/TestAnteHandler#01/success-_DeliverTx_EIP712_submit_evidence
        --- FAIL: TestAnteTestSuite/TestAnteHandler#01/success-_DeliverTx_EIP712_submit_proposal_v1 (0.01s)
            ante_test.go:946: 
                	Error Trace:	/Users/keruch/Development/Dymension/ethermint/app/ante/ante_test.go:946
                	            				/Users/keruch/Go-workspace/pkg/mod/github.com/stretchr/testify@v1.9.0/suite/suite.go:115
                	Error:      	Received unexpected error:
                	            	
                	            	github.com/cosmos/cosmos-sdk/x/auth/ante.SigVerificationDecorator.AnteHandle
                	            		/Users/keruch/Go-workspace/pkg/mod/github.com/cosmos/cosmos-sdk@v0.50.11/x/auth/ante/sigverify.go:333
                	            	github.com/evmos/ethermint/app/ante.newCosmosAnteHandler.ChainAnteDecorators.func2
                	            		/Users/keruch/Go-workspace/pkg/mod/github.com/cosmos/cosmos-sdk@v0.50.11/types/handler.go:48
                	            	github.com/cosmos/cosmos-sdk/x/auth/ante.SigGasConsumeDecorator.AnteHandle
                	            		/Users/keruch/Go-workspace/pkg/mod/github.com/cosmos/cosmos-sdk@v0.50.11/x/auth/ante/sigverify.go:212
                	            	github.com/evmos/ethermint/app/ante.newCosmosAnteHandler.ChainAnteDecorators.func2
                	            		/Users/keruch/Go-workspace/pkg/mod/github.com/cosmos/cosmos-sdk@v0.50.11/types/handler.go:48
                	            	github.com/cosmos/cosmos-sdk/x/auth/ante.ValidateSigCountDecorator.AnteHandle
                	            		/Users/keruch/Go-workspace/pkg/mod/github.com/cosmos/cosmos-sdk@v0.50.11/x/auth/ante/sigverify.go:420
                	            	github.com/evmos/ethermint/app/ante.newCosmosAnteHandler.ChainAnteDecorators.func2
                	            		/Users/keruch/Go-workspace/pkg/mod/github.com/cosmos/cosmos-sdk@v0.50.11/types/handler.go:48
                	            	github.com/cosmos/cosmos-sdk/x/auth/ante.SetPubKeyDecorator.AnteHandle
                	            		/Users/keruch/Go-workspace/pkg/mod/github.com/cosmos/cosmos-sdk@v0.50.11/x/auth/ante/sigverify.go:141
                	            	github.com/evmos/ethermint/app/ante.newCosmosAnteHandler.ChainAnteDecorators.func2
                	            		/Users/keruch/Go-workspace/pkg/mod/github.com/cosmos/cosmos-sdk@v0.50.11/types/handler.go:48
                	            	github.com/cosmos/cosmos-sdk/x/auth/ante.DeductFeeDecorator.AnteHandle
                	            		/Users/keruch/Go-workspace/pkg/mod/github.com/cosmos/cosmos-sdk@v0.50.11/x/auth/ante/fee.go:70
                	            	github.com/evmos/ethermint/app/ante.newCosmosAnteHandler.ChainAnteDecorators.func2
                	            		/Users/keruch/Go-workspace/pkg/mod/github.com/cosmos/cosmos-sdk@v0.50.11/types/handler.go:48
                	            	github.com/cosmos/cosmos-sdk/x/auth/ante.ConsumeTxSizeGasDecorator.AnteHandle
                	            		/Users/keruch/Go-workspace/pkg/mod/github.com/cosmos/cosmos-sdk@v0.50.11/x/auth/ante/basic.go:153
                	            	github.com/evmos/ethermint/app/ante.newCosmosAnteHandler.ChainAnteDecorators.func2
                	            		/Users/keruch/Go-workspace/pkg/mod/github.com/cosmos/cosmos-sdk@v0.50.11/types/handler.go:48
                	            	github.com/cosmos/cosmos-sdk/x/auth/ante.ValidateMemoDecorator.AnteHandle
                	            		/Users/keruch/Go-workspace/pkg/mod/github.com/cosmos/cosmos-sdk@v0.50.11/x/auth/ante/basic.go:72
                	            	github.com/evmos/ethermint/app/ante.newCosmosAnteHandler.ChainAnteDecorators.func2
                	            		/Users/keruch/Go-workspace/pkg/mod/github.com/cosmos/cosmos-sdk@v0.50.11/types/handler.go:48
                	            	github.com/evmos/ethermint/app/ante.MinGasPriceDecorator.AnteHandle
                	            		/Users/keruch/Development/Dymension/ethermint/app/ante/fees.go:91
                	            	github.com/evmos/ethermint/app/ante.newCosmosAnteHandler.ChainAnteDecorators.func2
                	            		/Users/keruch/Go-workspace/pkg/mod/github.com/cosmos/cosmos-sdk@v0.50.11/types/handler.go:48
                	            	github.com/cosmos/cosmos-sdk/x/auth/ante.TxTimeoutHeightDecorator.AnteHandle
                	            		/Users/keruch/Go-workspace/pkg/mod/github.com/cosmos/cosmos-sdk@v0.50.11/x/auth/ante/basic.go:216
                	            	github.com/evmos/ethermint/app/ante.newCosmosAnteHandler.ChainAnteDecorators.func2
                	            		/Users/keruch/Go-workspace/pkg/mod/github.com/cosmos/cosmos-sdk@v0.50.11/types/handler.go:48
                	            	github.com/cosmos/cosmos-sdk/x/auth/ante.ValidateBasicDecorator.AnteHandle
                	            		/Users/keruch/Go-workspace/pkg/mod/github.com/cosmos/cosmos-sdk@v0.50.11/x/auth/ante/basic.go:39
                	            	github.com/evmos/ethermint/app/ante.newCosmosAnteHandler.ChainAnteDecorators.func2
                	            		/Users/keruch/Go-workspace/pkg/mod/github.com/cosmos/cosmos-sdk@v0.50.11/types/handler.go:48
                	            	github.com/cosmos/cosmos-sdk/x/auth/ante.RejectExtensionOptionsDecorator.AnteHandle
                	            		/Users/keruch/Go-workspace/pkg/mod/github.com/cosmos/cosmos-sdk@v0.50.11/x/auth/ante/ext.go:52
                	            	github.com/evmos/ethermint/app/ante.newCosmosAnteHandler.ChainAnteDecorators.func2
                	            		/Users/keruch/Go-workspace/pkg/mod/github.com/cosmos/cosmos-sdk@v0.50.11/types/handler.go:48
                	            	github.com/cosmos/cosmos-sdk/x/auth/ante.SetUpContextDecorator.AnteHandle
                	            		/Users/keruch/Go-workspace/pkg/mod/github.com/cosmos/cosmos-sdk@v0.50.11/x/auth/ante/setup.go:70
                	            	github.com/evmos/ethermint/app/ante.newCosmosAnteHandler.ChainAnteDecorators.func2
                	            		/Users/keruch/Go-workspace/pkg/mod/github.com/cosmos/cosmos-sdk@v0.50.11/types/handler.go:48
                	            	github.com/evmos/ethermint/app/ante.AuthzLimiterDecorator.AnteHandle
                	            		/Users/keruch/Development/Dymension/ethermint/app/ante/authz.go:54
                	            	github.com/evmos/ethermint/app/ante.newCosmosAnteHandler.ChainAnteDecorators.func2
                	            		/Users/keruch/Go-workspace/pkg/mod/github.com/cosmos/cosmos-sdk@v0.50.11/types/handler.go:48
                	            	github.com/evmos/ethermint/app/ante.RejectMessagesDecorator.AnteHandle
                	            		/Users/keruch/Development/Dymension/ethermint/app/ante/reject_msgs.go:40
                	            	github.com/evmos/ethermint/app/ante.newCosmosAnteHandler.ChainAnteDecorators.func2
                	            		/Users/keruch/Go-workspace/pkg/mod/github.com/cosmos/cosmos-sdk@v0.50.11/types/handler.go:48
                	            	github.com/evmos/ethermint/app/ante.NewAnteHandler.func1
                	            		/Users/keruch/Development/Dymension/ethermint/app/ante/ante.go:89
                	            	github.com/evmos/ethermint/app/ante_test.(*AnteTestSuite).TestAnteHandler.func48
                	            		/Users/keruch/Development/Dymension/ethermint/app/ante/ante_test.go:941
                	            	github.com/stretchr/testify/suite.(*Suite).Run.func1
                	            		/Users/keruch/Go-workspace/pkg/mod/github.com/stretchr/testify@v1.9.0/suite/suite.go:115
                	            	signature verification failed; please verify account number (0) and chain-id (ethermint_9000-1): (unable to verify single signer signature): unauthorized
                	Test:       	TestAnteTestSuite/TestAnteHandler#01/success-_DeliverTx_EIP712_submit_proposal_v1
        --- FAIL: TestAnteTestSuite/TestAnteHandler#01/success-_DeliverTx_EIP712_MsgExec (0.01s)
            ante_test.go:946: 
                	Error Trace:	/Users/keruch/Development/Dymension/ethermint/app/ante/ante_test.go:946
                	            				/Users/keruch/Go-workspace/pkg/mod/github.com/stretchr/testify@v1.9.0/suite/suite.go:115
                	Error:      	Received unexpected error:
                	            	
                	            	github.com/cosmos/cosmos-sdk/x/auth/ante.SigVerificationDecorator.AnteHandle
                	            		/Users/keruch/Go-workspace/pkg/mod/github.com/cosmos/cosmos-sdk@v0.50.11/x/auth/ante/sigverify.go:333
                	            	github.com/evmos/ethermint/app/ante.newCosmosAnteHandler.ChainAnteDecorators.func2
                	            		/Users/keruch/Go-workspace/pkg/mod/github.com/cosmos/cosmos-sdk@v0.50.11/types/handler.go:48
                	            	github.com/cosmos/cosmos-sdk/x/auth/ante.SigGasConsumeDecorator.AnteHandle
                	            		/Users/keruch/Go-workspace/pkg/mod/github.com/cosmos/cosmos-sdk@v0.50.11/x/auth/ante/sigverify.go:212
                	            	github.com/evmos/ethermint/app/ante.newCosmosAnteHandler.ChainAnteDecorators.func2
                	            		/Users/keruch/Go-workspace/pkg/mod/github.com/cosmos/cosmos-sdk@v0.50.11/types/handler.go:48
                	            	github.com/cosmos/cosmos-sdk/x/auth/ante.ValidateSigCountDecorator.AnteHandle
                	            		/Users/keruch/Go-workspace/pkg/mod/github.com/cosmos/cosmos-sdk@v0.50.11/x/auth/ante/sigverify.go:420
                	            	github.com/evmos/ethermint/app/ante.newCosmosAnteHandler.ChainAnteDecorators.func2
                	            		/Users/keruch/Go-workspace/pkg/mod/github.com/cosmos/cosmos-sdk@v0.50.11/types/handler.go:48
                	            	github.com/cosmos/cosmos-sdk/x/auth/ante.SetPubKeyDecorator.AnteHandle
                	            		/Users/keruch/Go-workspace/pkg/mod/github.com/cosmos/cosmos-sdk@v0.50.11/x/auth/ante/sigverify.go:141
                	            	github.com/evmos/ethermint/app/ante.newCosmosAnteHandler.ChainAnteDecorators.func2
                	            		/Users/keruch/Go-workspace/pkg/mod/github.com/cosmos/cosmos-sdk@v0.50.11/types/handler.go:48
                	            	github.com/cosmos/cosmos-sdk/x/auth/ante.DeductFeeDecorator.AnteHandle
                	            		/Users/keruch/Go-workspace/pkg/mod/github.com/cosmos/cosmos-sdk@v0.50.11/x/auth/ante/fee.go:70
                	            	github.com/evmos/ethermint/app/ante.newCosmosAnteHandler.ChainAnteDecorators.func2
                	            		/Users/keruch/Go-workspace/pkg/mod/github.com/cosmos/cosmos-sdk@v0.50.11/types/handler.go:48
                	            	github.com/cosmos/cosmos-sdk/x/auth/ante.ConsumeTxSizeGasDecorator.AnteHandle
                	            		/Users/keruch/Go-workspace/pkg/mod/github.com/cosmos/cosmos-sdk@v0.50.11/x/auth/ante/basic.go:153
                	            	github.com/evmos/ethermint/app/ante.newCosmosAnteHandler.ChainAnteDecorators.func2
                	            		/Users/keruch/Go-workspace/pkg/mod/github.com/cosmos/cosmos-sdk@v0.50.11/types/handler.go:48
                	            	github.com/cosmos/cosmos-sdk/x/auth/ante.ValidateMemoDecorator.AnteHandle
                	            		/Users/keruch/Go-workspace/pkg/mod/github.com/cosmos/cosmos-sdk@v0.50.11/x/auth/ante/basic.go:72
                	            	github.com/evmos/ethermint/app/ante.newCosmosAnteHandler.ChainAnteDecorators.func2
                	            		/Users/keruch/Go-workspace/pkg/mod/github.com/cosmos/cosmos-sdk@v0.50.11/types/handler.go:48
                	            	github.com/evmos/ethermint/app/ante.MinGasPriceDecorator.AnteHandle
                	            		/Users/keruch/Development/Dymension/ethermint/app/ante/fees.go:91
                	            	github.com/evmos/ethermint/app/ante.newCosmosAnteHandler.ChainAnteDecorators.func2
                	            		/Users/keruch/Go-workspace/pkg/mod/github.com/cosmos/cosmos-sdk@v0.50.11/types/handler.go:48
                	            	github.com/cosmos/cosmos-sdk/x/auth/ante.TxTimeoutHeightDecorator.AnteHandle
                	            		/Users/keruch/Go-workspace/pkg/mod/github.com/cosmos/cosmos-sdk@v0.50.11/x/auth/ante/basic.go:216
                	            	github.com/evmos/ethermint/app/ante.newCosmosAnteHandler.ChainAnteDecorators.func2
                	            		/Users/keruch/Go-workspace/pkg/mod/github.com/cosmos/cosmos-sdk@v0.50.11/types/handler.go:48
                	            	github.com/cosmos/cosmos-sdk/x/auth/ante.ValidateBasicDecorator.AnteHandle
                	            		/Users/keruch/Go-workspace/pkg/mod/github.com/cosmos/cosmos-sdk@v0.50.11/x/auth/ante/basic.go:39
                	            	github.com/evmos/ethermint/app/ante.newCosmosAnteHandler.ChainAnteDecorators.func2
                	            		/Users/keruch/Go-workspace/pkg/mod/github.com/cosmos/cosmos-sdk@v0.50.11/types/handler.go:48
                	            	github.com/cosmos/cosmos-sdk/x/auth/ante.RejectExtensionOptionsDecorator.AnteHandle
                	            		/Users/keruch/Go-workspace/pkg/mod/github.com/cosmos/cosmos-sdk@v0.50.11/x/auth/ante/ext.go:52
                	            	github.com/evmos/ethermint/app/ante.newCosmosAnteHandler.ChainAnteDecorators.func2
                	            		/Users/keruch/Go-workspace/pkg/mod/github.com/cosmos/cosmos-sdk@v0.50.11/types/handler.go:48
                	            	github.com/cosmos/cosmos-sdk/x/auth/ante.SetUpContextDecorator.AnteHandle
                	            		/Users/keruch/Go-workspace/pkg/mod/github.com/cosmos/cosmos-sdk@v0.50.11/x/auth/ante/setup.go:70
                	            	github.com/evmos/ethermint/app/ante.newCosmosAnteHandler.ChainAnteDecorators.func2
                	            		/Users/keruch/Go-workspace/pkg/mod/github.com/cosmos/cosmos-sdk@v0.50.11/types/handler.go:48
                	            	github.com/evmos/ethermint/app/ante.AuthzLimiterDecorator.AnteHandle
                	            		/Users/keruch/Development/Dymension/ethermint/app/ante/authz.go:54
                	            	github.com/evmos/ethermint/app/ante.newCosmosAnteHandler.ChainAnteDecorators.func2
                	            		/Users/keruch/Go-workspace/pkg/mod/github.com/cosmos/cosmos-sdk@v0.50.11/types/handler.go:48
                	            	github.com/evmos/ethermint/app/ante.RejectMessagesDecorator.AnteHandle
                	            		/Users/keruch/Development/Dymension/ethermint/app/ante/reject_msgs.go:40
                	            	github.com/evmos/ethermint/app/ante.newCosmosAnteHandler.ChainAnteDecorators.func2
                	            		/Users/keruch/Go-workspace/pkg/mod/github.com/cosmos/cosmos-sdk@v0.50.11/types/handler.go:48
                	            	github.com/evmos/ethermint/app/ante.NewAnteHandler.func1
                	            		/Users/keruch/Development/Dymension/ethermint/app/ante/ante.go:89
                	            	github.com/evmos/ethermint/app/ante_test.(*AnteTestSuite).TestAnteHandler.func48
                	            		/Users/keruch/Development/Dymension/ethermint/app/ante/ante_test.go:941
                	            	github.com/stretchr/testify/suite.(*Suite).Run.func1
                	            		/Users/keruch/Go-workspace/pkg/mod/github.com/stretchr/testify@v1.9.0/suite/suite.go:115
                	            	signature verification failed; please verify account number (0) and chain-id (ethermint_9000-1): (unable to verify single signer signature): unauthorized
                	Test:       	TestAnteTestSuite/TestAnteHandler#01/success-_DeliverTx_EIP712_MsgExec
        --- FAIL: TestAnteTestSuite/TestAnteHandler#01/success-_DeliverTx_EIP712_MsgVoteV1 (0.01s)
            ante_test.go:946: 
                	Error Trace:	/Users/keruch/Development/Dymension/ethermint/app/ante/ante_test.go:946
                	            				/Users/keruch/Go-workspace/pkg/mod/github.com/stretchr/testify@v1.9.0/suite/suite.go:115
                	Error:      	Received unexpected error:
                	            	
                	            	github.com/cosmos/cosmos-sdk/x/auth/ante.SigVerificationDecorator.AnteHandle
                	            		/Users/keruch/Go-workspace/pkg/mod/github.com/cosmos/cosmos-sdk@v0.50.11/x/auth/ante/sigverify.go:333
                	            	github.com/evmos/ethermint/app/ante.newCosmosAnteHandler.ChainAnteDecorators.func2
                	            		/Users/keruch/Go-workspace/pkg/mod/github.com/cosmos/cosmos-sdk@v0.50.11/types/handler.go:48
                	            	github.com/cosmos/cosmos-sdk/x/auth/ante.SigGasConsumeDecorator.AnteHandle
                	            		/Users/keruch/Go-workspace/pkg/mod/github.com/cosmos/cosmos-sdk@v0.50.11/x/auth/ante/sigverify.go:212
                	            	github.com/evmos/ethermint/app/ante.newCosmosAnteHandler.ChainAnteDecorators.func2
                	            		/Users/keruch/Go-workspace/pkg/mod/github.com/cosmos/cosmos-sdk@v0.50.11/types/handler.go:48
                	            	github.com/cosmos/cosmos-sdk/x/auth/ante.ValidateSigCountDecorator.AnteHandle
                	            		/Users/keruch/Go-workspace/pkg/mod/github.com/cosmos/cosmos-sdk@v0.50.11/x/auth/ante/sigverify.go:420
                	            	github.com/evmos/ethermint/app/ante.newCosmosAnteHandler.ChainAnteDecorators.func2
                	            		/Users/keruch/Go-workspace/pkg/mod/github.com/cosmos/cosmos-sdk@v0.50.11/types/handler.go:48
                	            	github.com/cosmos/cosmos-sdk/x/auth/ante.SetPubKeyDecorator.AnteHandle
                	            		/Users/keruch/Go-workspace/pkg/mod/github.com/cosmos/cosmos-sdk@v0.50.11/x/auth/ante/sigverify.go:141
                	            	github.com/evmos/ethermint/app/ante.newCosmosAnteHandler.ChainAnteDecorators.func2
                	            		/Users/keruch/Go-workspace/pkg/mod/github.com/cosmos/cosmos-sdk@v0.50.11/types/handler.go:48
                	            	github.com/cosmos/cosmos-sdk/x/auth/ante.DeductFeeDecorator.AnteHandle
                	            		/Users/keruch/Go-workspace/pkg/mod/github.com/cosmos/cosmos-sdk@v0.50.11/x/auth/ante/fee.go:70
                	            	github.com/evmos/ethermint/app/ante.newCosmosAnteHandler.ChainAnteDecorators.func2
                	            		/Users/keruch/Go-workspace/pkg/mod/github.com/cosmos/cosmos-sdk@v0.50.11/types/handler.go:48
                	            	github.com/cosmos/cosmos-sdk/x/auth/ante.ConsumeTxSizeGasDecorator.AnteHandle
                	            		/Users/keruch/Go-workspace/pkg/mod/github.com/cosmos/cosmos-sdk@v0.50.11/x/auth/ante/basic.go:153
                	            	github.com/evmos/ethermint/app/ante.newCosmosAnteHandler.ChainAnteDecorators.func2
                	            		/Users/keruch/Go-workspace/pkg/mod/github.com/cosmos/cosmos-sdk@v0.50.11/types/handler.go:48
                	            	github.com/cosmos/cosmos-sdk/x/auth/ante.ValidateMemoDecorator.AnteHandle
                	            		/Users/keruch/Go-workspace/pkg/mod/github.com/cosmos/cosmos-sdk@v0.50.11/x/auth/ante/basic.go:72
                	            	github.com/evmos/ethermint/app/ante.newCosmosAnteHandler.ChainAnteDecorators.func2
                	            		/Users/keruch/Go-workspace/pkg/mod/github.com/cosmos/cosmos-sdk@v0.50.11/types/handler.go:48
                	            	github.com/evmos/ethermint/app/ante.MinGasPriceDecorator.AnteHandle
                	            		/Users/keruch/Development/Dymension/ethermint/app/ante/fees.go:91
                	            	github.com/evmos/ethermint/app/ante.newCosmosAnteHandler.ChainAnteDecorators.func2
                	            		/Users/keruch/Go-workspace/pkg/mod/github.com/cosmos/cosmos-sdk@v0.50.11/types/handler.go:48
                	            	github.com/cosmos/cosmos-sdk/x/auth/ante.TxTimeoutHeightDecorator.AnteHandle
                	            		/Users/keruch/Go-workspace/pkg/mod/github.com/cosmos/cosmos-sdk@v0.50.11/x/auth/ante/basic.go:216
                	            	github.com/evmos/ethermint/app/ante.newCosmosAnteHandler.ChainAnteDecorators.func2
                	            		/Users/keruch/Go-workspace/pkg/mod/github.com/cosmos/cosmos-sdk@v0.50.11/types/handler.go:48
                	            	github.com/cosmos/cosmos-sdk/x/auth/ante.ValidateBasicDecorator.AnteHandle
                	            		/Users/keruch/Go-workspace/pkg/mod/github.com/cosmos/cosmos-sdk@v0.50.11/x/auth/ante/basic.go:39
                	            	github.com/evmos/ethermint/app/ante.newCosmosAnteHandler.ChainAnteDecorators.func2
                	            		/Users/keruch/Go-workspace/pkg/mod/github.com/cosmos/cosmos-sdk@v0.50.11/types/handler.go:48
                	            	github.com/cosmos/cosmos-sdk/x/auth/ante.RejectExtensionOptionsDecorator.AnteHandle
                	            		/Users/keruch/Go-workspace/pkg/mod/github.com/cosmos/cosmos-sdk@v0.50.11/x/auth/ante/ext.go:52
                	            	github.com/evmos/ethermint/app/ante.newCosmosAnteHandler.ChainAnteDecorators.func2
                	            		/Users/keruch/Go-workspace/pkg/mod/github.com/cosmos/cosmos-sdk@v0.50.11/types/handler.go:48
                	            	github.com/cosmos/cosmos-sdk/x/auth/ante.SetUpContextDecorator.AnteHandle
                	            		/Users/keruch/Go-workspace/pkg/mod/github.com/cosmos/cosmos-sdk@v0.50.11/x/auth/ante/setup.go:70
                	            	github.com/evmos/ethermint/app/ante.newCosmosAnteHandler.ChainAnteDecorators.func2
                	            		/Users/keruch/Go-workspace/pkg/mod/github.com/cosmos/cosmos-sdk@v0.50.11/types/handler.go:48
                	            	github.com/evmos/ethermint/app/ante.AuthzLimiterDecorator.AnteHandle
                	            		/Users/keruch/Development/Dymension/ethermint/app/ante/authz.go:54
                	            	github.com/evmos/ethermint/app/ante.newCosmosAnteHandler.ChainAnteDecorators.func2
                	            		/Users/keruch/Go-workspace/pkg/mod/github.com/cosmos/cosmos-sdk@v0.50.11/types/handler.go:48
                	            	github.com/evmos/ethermint/app/ante.RejectMessagesDecorator.AnteHandle
                	            		/Users/keruch/Development/Dymension/ethermint/app/ante/reject_msgs.go:40
                	            	github.com/evmos/ethermint/app/ante.newCosmosAnteHandler.ChainAnteDecorators.func2
                	            		/Users/keruch/Go-workspace/pkg/mod/github.com/cosmos/cosmos-sdk@v0.50.11/types/handler.go:48
                	            	github.com/evmos/ethermint/app/ante.NewAnteHandler.func1
                	            		/Users/keruch/Development/Dymension/ethermint/app/ante/ante.go:89
                	            	github.com/evmos/ethermint/app/ante_test.(*AnteTestSuite).TestAnteHandler.func48
                	            		/Users/keruch/Development/Dymension/ethermint/app/ante/ante_test.go:941
                	            	github.com/stretchr/testify/suite.(*Suite).Run.func1
                	            		/Users/keruch/Go-workspace/pkg/mod/github.com/stretchr/testify@v1.9.0/suite/suite.go:115
                	            	signature verification failed; please verify account number (0) and chain-id (ethermint_9000-1): (unable to verify single signer signature): unauthorized
                	Test:       	TestAnteTestSuite/TestAnteHandler#01/success-_DeliverTx_EIP712_MsgVoteV1
        --- FAIL: TestAnteTestSuite/TestAnteHandler#01/success-_DeliverTx_EIP712_Multiple_MsgSend (0.01s)
            ante_test.go:946: 
                	Error Trace:	/Users/keruch/Development/Dymension/ethermint/app/ante/ante_test.go:946
                	            				/Users/keruch/Go-workspace/pkg/mod/github.com/stretchr/testify@v1.9.0/suite/suite.go:115
                	Error:      	Received unexpected error:
                	            	
                	            	github.com/cosmos/cosmos-sdk/x/auth/ante.SigVerificationDecorator.AnteHandle
                	            		/Users/keruch/Go-workspace/pkg/mod/github.com/cosmos/cosmos-sdk@v0.50.11/x/auth/ante/sigverify.go:333
                	            	github.com/evmos/ethermint/app/ante.newCosmosAnteHandler.ChainAnteDecorators.func2
                	            		/Users/keruch/Go-workspace/pkg/mod/github.com/cosmos/cosmos-sdk@v0.50.11/types/handler.go:48
                	            	github.com/cosmos/cosmos-sdk/x/auth/ante.SigGasConsumeDecorator.AnteHandle
                	            		/Users/keruch/Go-workspace/pkg/mod/github.com/cosmos/cosmos-sdk@v0.50.11/x/auth/ante/sigverify.go:212
                	            	github.com/evmos/ethermint/app/ante.newCosmosAnteHandler.ChainAnteDecorators.func2
                	            		/Users/keruch/Go-workspace/pkg/mod/github.com/cosmos/cosmos-sdk@v0.50.11/types/handler.go:48
                	            	github.com/cosmos/cosmos-sdk/x/auth/ante.ValidateSigCountDecorator.AnteHandle
                	            		/Users/keruch/Go-workspace/pkg/mod/github.com/cosmos/cosmos-sdk@v0.50.11/x/auth/ante/sigverify.go:420
                	            	github.com/evmos/ethermint/app/ante.newCosmosAnteHandler.ChainAnteDecorators.func2
                	            		/Users/keruch/Go-workspace/pkg/mod/github.com/cosmos/cosmos-sdk@v0.50.11/types/handler.go:48
                	            	github.com/cosmos/cosmos-sdk/x/auth/ante.SetPubKeyDecorator.AnteHandle
                	            		/Users/keruch/Go-workspace/pkg/mod/github.com/cosmos/cosmos-sdk@v0.50.11/x/auth/ante/sigverify.go:141
                	            	github.com/evmos/ethermint/app/ante.newCosmosAnteHandler.ChainAnteDecorators.func2
                	            		/Users/keruch/Go-workspace/pkg/mod/github.com/cosmos/cosmos-sdk@v0.50.11/types/handler.go:48
                	            	github.com/cosmos/cosmos-sdk/x/auth/ante.DeductFeeDecorator.AnteHandle
                	            		/Users/keruch/Go-workspace/pkg/mod/github.com/cosmos/cosmos-sdk@v0.50.11/x/auth/ante/fee.go:70
                	            	github.com/evmos/ethermint/app/ante.newCosmosAnteHandler.ChainAnteDecorators.func2
                	            		/Users/keruch/Go-workspace/pkg/mod/github.com/cosmos/cosmos-sdk@v0.50.11/types/handler.go:48
                	            	github.com/cosmos/cosmos-sdk/x/auth/ante.ConsumeTxSizeGasDecorator.AnteHandle
                	            		/Users/keruch/Go-workspace/pkg/mod/github.com/cosmos/cosmos-sdk@v0.50.11/x/auth/ante/basic.go:153
                	            	github.com/evmos/ethermint/app/ante.newCosmosAnteHandler.ChainAnteDecorators.func2
                	            		/Users/keruch/Go-workspace/pkg/mod/github.com/cosmos/cosmos-sdk@v0.50.11/types/handler.go:48
                	            	github.com/cosmos/cosmos-sdk/x/auth/ante.ValidateMemoDecorator.AnteHandle
                	            		/Users/keruch/Go-workspace/pkg/mod/github.com/cosmos/cosmos-sdk@v0.50.11/x/auth/ante/basic.go:72
                	            	github.com/evmos/ethermint/app/ante.newCosmosAnteHandler.ChainAnteDecorators.func2
                	            		/Users/keruch/Go-workspace/pkg/mod/github.com/cosmos/cosmos-sdk@v0.50.11/types/handler.go:48
                	            	github.com/evmos/ethermint/app/ante.MinGasPriceDecorator.AnteHandle
                	            		/Users/keruch/Development/Dymension/ethermint/app/ante/fees.go:91
                	            	github.com/evmos/ethermint/app/ante.newCosmosAnteHandler.ChainAnteDecorators.func2
                	            		/Users/keruch/Go-workspace/pkg/mod/github.com/cosmos/cosmos-sdk@v0.50.11/types/handler.go:48
                	            	github.com/cosmos/cosmos-sdk/x/auth/ante.TxTimeoutHeightDecorator.AnteHandle
                	            		/Users/keruch/Go-workspace/pkg/mod/github.com/cosmos/cosmos-sdk@v0.50.11/x/auth/ante/basic.go:216
                	            	github.com/evmos/ethermint/app/ante.newCosmosAnteHandler.ChainAnteDecorators.func2
                	            		/Users/keruch/Go-workspace/pkg/mod/github.com/cosmos/cosmos-sdk@v0.50.11/types/handler.go:48
                	            	github.com/cosmos/cosmos-sdk/x/auth/ante.ValidateBasicDecorator.AnteHandle
                	            		/Users/keruch/Go-workspace/pkg/mod/github.com/cosmos/cosmos-sdk@v0.50.11/x/auth/ante/basic.go:39
                	            	github.com/evmos/ethermint/app/ante.newCosmosAnteHandler.ChainAnteDecorators.func2
                	            		/Users/keruch/Go-workspace/pkg/mod/github.com/cosmos/cosmos-sdk@v0.50.11/types/handler.go:48
                	            	github.com/cosmos/cosmos-sdk/x/auth/ante.RejectExtensionOptionsDecorator.AnteHandle
                	            		/Users/keruch/Go-workspace/pkg/mod/github.com/cosmos/cosmos-sdk@v0.50.11/x/auth/ante/ext.go:52
                	            	github.com/evmos/ethermint/app/ante.newCosmosAnteHandler.ChainAnteDecorators.func2
                	            		/Users/keruch/Go-workspace/pkg/mod/github.com/cosmos/cosmos-sdk@v0.50.11/types/handler.go:48
                	            	github.com/cosmos/cosmos-sdk/x/auth/ante.SetUpContextDecorator.AnteHandle
                	            		/Users/keruch/Go-workspace/pkg/mod/github.com/cosmos/cosmos-sdk@v0.50.11/x/auth/ante/setup.go:70
                	            	github.com/evmos/ethermint/app/ante.newCosmosAnteHandler.ChainAnteDecorators.func2
                	            		/Users/keruch/Go-workspace/pkg/mod/github.com/cosmos/cosmos-sdk@v0.50.11/types/handler.go:48
                	            	github.com/evmos/ethermint/app/ante.AuthzLimiterDecorator.AnteHandle
                	            		/Users/keruch/Development/Dymension/ethermint/app/ante/authz.go:54
                	            	github.com/evmos/ethermint/app/ante.newCosmosAnteHandler.ChainAnteDecorators.func2
                	            		/Users/keruch/Go-workspace/pkg/mod/github.com/cosmos/cosmos-sdk@v0.50.11/types/handler.go:48
                	            	github.com/evmos/ethermint/app/ante.RejectMessagesDecorator.AnteHandle
                	            		/Users/keruch/Development/Dymension/ethermint/app/ante/reject_msgs.go:40
                	            	github.com/evmos/ethermint/app/ante.newCosmosAnteHandler.ChainAnteDecorators.func2
                	            		/Users/keruch/Go-workspace/pkg/mod/github.com/cosmos/cosmos-sdk@v0.50.11/types/handler.go:48
                	            	github.com/evmos/ethermint/app/ante.NewAnteHandler.func1
                	            		/Users/keruch/Development/Dymension/ethermint/app/ante/ante.go:89
                	            	github.com/evmos/ethermint/app/ante_test.(*AnteTestSuite).TestAnteHandler.func48
                	            		/Users/keruch/Development/Dymension/ethermint/app/ante/ante_test.go:941
                	            	github.com/stretchr/testify/suite.(*Suite).Run.func1
                	            		/Users/keruch/Go-workspace/pkg/mod/github.com/stretchr/testify@v1.9.0/suite/suite.go:115
                	            	signature verification failed; please verify account number (0) and chain-id (ethermint_9000-1): (unable to verify single signer signature): unauthorized
                	Test:       	TestAnteTestSuite/TestAnteHandler#01/success-_DeliverTx_EIP712_Multiple_MsgSend
        --- FAIL: TestAnteTestSuite/TestAnteHandler#01/passes_-_Single-signer_EIP-712 (0.01s)
            ante_test.go:946: 
                	Error Trace:	/Users/keruch/Development/Dymension/ethermint/app/ante/ante_test.go:946
                	            				/Users/keruch/Go-workspace/pkg/mod/github.com/stretchr/testify@v1.9.0/suite/suite.go:115
                	Error:      	Received unexpected error:
                	            	
                	            	github.com/cosmos/cosmos-sdk/x/auth/ante.SigVerificationDecorator.AnteHandle
                	            		/Users/keruch/Go-workspace/pkg/mod/github.com/cosmos/cosmos-sdk@v0.50.11/x/auth/ante/sigverify.go:333
                	            	github.com/evmos/ethermint/app/ante.newCosmosAnteHandler.ChainAnteDecorators.func2
                	            		/Users/keruch/Go-workspace/pkg/mod/github.com/cosmos/cosmos-sdk@v0.50.11/types/handler.go:48
                	            	github.com/cosmos/cosmos-sdk/x/auth/ante.SigGasConsumeDecorator.AnteHandle
                	            		/Users/keruch/Go-workspace/pkg/mod/github.com/cosmos/cosmos-sdk@v0.50.11/x/auth/ante/sigverify.go:212
                	            	github.com/evmos/ethermint/app/ante.newCosmosAnteHandler.ChainAnteDecorators.func2
                	            		/Users/keruch/Go-workspace/pkg/mod/github.com/cosmos/cosmos-sdk@v0.50.11/types/handler.go:48
                	            	github.com/cosmos/cosmos-sdk/x/auth/ante.ValidateSigCountDecorator.AnteHandle
                	            		/Users/keruch/Go-workspace/pkg/mod/github.com/cosmos/cosmos-sdk@v0.50.11/x/auth/ante/sigverify.go:420
                	            	github.com/evmos/ethermint/app/ante.newCosmosAnteHandler.ChainAnteDecorators.func2
                	            		/Users/keruch/Go-workspace/pkg/mod/github.com/cosmos/cosmos-sdk@v0.50.11/types/handler.go:48
                	            	github.com/cosmos/cosmos-sdk/x/auth/ante.SetPubKeyDecorator.AnteHandle
                	            		/Users/keruch/Go-workspace/pkg/mod/github.com/cosmos/cosmos-sdk@v0.50.11/x/auth/ante/sigverify.go:141
                	            	github.com/evmos/ethermint/app/ante.newCosmosAnteHandler.ChainAnteDecorators.func2
                	            		/Users/keruch/Go-workspace/pkg/mod/github.com/cosmos/cosmos-sdk@v0.50.11/types/handler.go:48
                	            	github.com/cosmos/cosmos-sdk/x/auth/ante.DeductFeeDecorator.AnteHandle
                	            		/Users/keruch/Go-workspace/pkg/mod/github.com/cosmos/cosmos-sdk@v0.50.11/x/auth/ante/fee.go:70
                	            	github.com/evmos/ethermint/app/ante.newCosmosAnteHandler.ChainAnteDecorators.func2
                	            		/Users/keruch/Go-workspace/pkg/mod/github.com/cosmos/cosmos-sdk@v0.50.11/types/handler.go:48
                	            	github.com/cosmos/cosmos-sdk/x/auth/ante.ConsumeTxSizeGasDecorator.AnteHandle
                	            		/Users/keruch/Go-workspace/pkg/mod/github.com/cosmos/cosmos-sdk@v0.50.11/x/auth/ante/basic.go:153
                	            	github.com/evmos/ethermint/app/ante.newCosmosAnteHandler.ChainAnteDecorators.func2
                	            		/Users/keruch/Go-workspace/pkg/mod/github.com/cosmos/cosmos-sdk@v0.50.11/types/handler.go:48
                	            	github.com/cosmos/cosmos-sdk/x/auth/ante.ValidateMemoDecorator.AnteHandle
                	            		/Users/keruch/Go-workspace/pkg/mod/github.com/cosmos/cosmos-sdk@v0.50.11/x/auth/ante/basic.go:72
                	            	github.com/evmos/ethermint/app/ante.newCosmosAnteHandler.ChainAnteDecorators.func2
                	            		/Users/keruch/Go-workspace/pkg/mod/github.com/cosmos/cosmos-sdk@v0.50.11/types/handler.go:48
                	            	github.com/evmos/ethermint/app/ante.MinGasPriceDecorator.AnteHandle
                	            		/Users/keruch/Development/Dymension/ethermint/app/ante/fees.go:91
                	            	github.com/evmos/ethermint/app/ante.newCosmosAnteHandler.ChainAnteDecorators.func2
                	            		/Users/keruch/Go-workspace/pkg/mod/github.com/cosmos/cosmos-sdk@v0.50.11/types/handler.go:48
                	            	github.com/cosmos/cosmos-sdk/x/auth/ante.TxTimeoutHeightDecorator.AnteHandle
                	            		/Users/keruch/Go-workspace/pkg/mod/github.com/cosmos/cosmos-sdk@v0.50.11/x/auth/ante/basic.go:216
                	            	github.com/evmos/ethermint/app/ante.newCosmosAnteHandler.ChainAnteDecorators.func2
                	            		/Users/keruch/Go-workspace/pkg/mod/github.com/cosmos/cosmos-sdk@v0.50.11/types/handler.go:48
                	            	github.com/cosmos/cosmos-sdk/x/auth/ante.ValidateBasicDecorator.AnteHandle
                	            		/Users/keruch/Go-workspace/pkg/mod/github.com/cosmos/cosmos-sdk@v0.50.11/x/auth/ante/basic.go:39
                	            	github.com/evmos/ethermint/app/ante.newCosmosAnteHandler.ChainAnteDecorators.func2
                	            		/Users/keruch/Go-workspace/pkg/mod/github.com/cosmos/cosmos-sdk@v0.50.11/types/handler.go:48
                	            	github.com/cosmos/cosmos-sdk/x/auth/ante.RejectExtensionOptionsDecorator.AnteHandle
                	            		/Users/keruch/Go-workspace/pkg/mod/github.com/cosmos/cosmos-sdk@v0.50.11/x/auth/ante/ext.go:52
                	            	github.com/evmos/ethermint/app/ante.newCosmosAnteHandler.ChainAnteDecorators.func2
                	            		/Users/keruch/Go-workspace/pkg/mod/github.com/cosmos/cosmos-sdk@v0.50.11/types/handler.go:48
                	            	github.com/cosmos/cosmos-sdk/x/auth/ante.SetUpContextDecorator.AnteHandle
                	            		/Users/keruch/Go-workspace/pkg/mod/github.com/cosmos/cosmos-sdk@v0.50.11/x/auth/ante/setup.go:70
                	            	github.com/evmos/ethermint/app/ante.newCosmosAnteHandler.ChainAnteDecorators.func2
                	            		/Users/keruch/Go-workspace/pkg/mod/github.com/cosmos/cosmos-sdk@v0.50.11/types/handler.go:48
                	            	github.com/evmos/ethermint/app/ante.AuthzLimiterDecorator.AnteHandle
                	            		/Users/keruch/Development/Dymension/ethermint/app/ante/authz.go:54
                	            	github.com/evmos/ethermint/app/ante.newCosmosAnteHandler.ChainAnteDecorators.func2
                	            		/Users/keruch/Go-workspace/pkg/mod/github.com/cosmos/cosmos-sdk@v0.50.11/types/handler.go:48
                	            	github.com/evmos/ethermint/app/ante.RejectMessagesDecorator.AnteHandle
                	            		/Users/keruch/Development/Dymension/ethermint/app/ante/reject_msgs.go:40
                	            	github.com/evmos/ethermint/app/ante.newCosmosAnteHandler.ChainAnteDecorators.func2
                	            		/Users/keruch/Go-workspace/pkg/mod/github.com/cosmos/cosmos-sdk@v0.50.11/types/handler.go:48
                	            	github.com/evmos/ethermint/app/ante.NewAnteHandler.func1
                	            		/Users/keruch/Development/Dymension/ethermint/app/ante/ante.go:89
                	            	github.com/evmos/ethermint/app/ante_test.(*AnteTestSuite).TestAnteHandler.func48
                	            		/Users/keruch/Development/Dymension/ethermint/app/ante/ante_test.go:941
                	            	github.com/stretchr/testify/suite.(*Suite).Run.func1
                	            		/Users/keruch/Go-workspace/pkg/mod/github.com/stretchr/testify@v1.9.0/suite/suite.go:115
                	            	signature verification failed; please verify account number (0), sequence (0) and chain-id (ethermint_9000-1): unauthorized
                	Test:       	TestAnteTestSuite/TestAnteHandler#01/passes_-_Single-signer_EIP-712
        --- FAIL: TestAnteTestSuite/TestAnteHandler#01/passes_-_EIP-712_multi-key (0.01s)
            ante_test.go:946: 
                	Error Trace:	/Users/keruch/Development/Dymension/ethermint/app/ante/ante_test.go:946
                	            				/Users/keruch/Go-workspace/pkg/mod/github.com/stretchr/testify@v1.9.0/suite/suite.go:115
                	Error:      	Received unexpected error:
                	            	
                	            	github.com/cosmos/cosmos-sdk/x/auth/ante.SigVerificationDecorator.AnteHandle
                	            		/Users/keruch/Go-workspace/pkg/mod/github.com/cosmos/cosmos-sdk@v0.50.11/x/auth/ante/sigverify.go:333
                	            	github.com/evmos/ethermint/app/ante.newCosmosAnteHandler.ChainAnteDecorators.func2
                	            		/Users/keruch/Go-workspace/pkg/mod/github.com/cosmos/cosmos-sdk@v0.50.11/types/handler.go:48
                	            	github.com/cosmos/cosmos-sdk/x/auth/ante.SigGasConsumeDecorator.AnteHandle
                	            		/Users/keruch/Go-workspace/pkg/mod/github.com/cosmos/cosmos-sdk@v0.50.11/x/auth/ante/sigverify.go:212
                	            	github.com/evmos/ethermint/app/ante.newCosmosAnteHandler.ChainAnteDecorators.func2
                	            		/Users/keruch/Go-workspace/pkg/mod/github.com/cosmos/cosmos-sdk@v0.50.11/types/handler.go:48
                	            	github.com/cosmos/cosmos-sdk/x/auth/ante.ValidateSigCountDecorator.AnteHandle
                	            		/Users/keruch/Go-workspace/pkg/mod/github.com/cosmos/cosmos-sdk@v0.50.11/x/auth/ante/sigverify.go:420
                	            	github.com/evmos/ethermint/app/ante.newCosmosAnteHandler.ChainAnteDecorators.func2
                	            		/Users/keruch/Go-workspace/pkg/mod/github.com/cosmos/cosmos-sdk@v0.50.11/types/handler.go:48
                	            	github.com/cosmos/cosmos-sdk/x/auth/ante.SetPubKeyDecorator.AnteHandle
                	            		/Users/keruch/Go-workspace/pkg/mod/github.com/cosmos/cosmos-sdk@v0.50.11/x/auth/ante/sigverify.go:141
                	            	github.com/evmos/ethermint/app/ante.newCosmosAnteHandler.ChainAnteDecorators.func2
                	            		/Users/keruch/Go-workspace/pkg/mod/github.com/cosmos/cosmos-sdk@v0.50.11/types/handler.go:48
                	            	github.com/cosmos/cosmos-sdk/x/auth/ante.DeductFeeDecorator.AnteHandle
                	            		/Users/keruch/Go-workspace/pkg/mod/github.com/cosmos/cosmos-sdk@v0.50.11/x/auth/ante/fee.go:70
                	            	github.com/evmos/ethermint/app/ante.newCosmosAnteHandler.ChainAnteDecorators.func2
                	            		/Users/keruch/Go-workspace/pkg/mod/github.com/cosmos/cosmos-sdk@v0.50.11/types/handler.go:48
                	            	github.com/cosmos/cosmos-sdk/x/auth/ante.ConsumeTxSizeGasDecorator.AnteHandle
                	            		/Users/keruch/Go-workspace/pkg/mod/github.com/cosmos/cosmos-sdk@v0.50.11/x/auth/ante/basic.go:153
                	            	github.com/evmos/ethermint/app/ante.newCosmosAnteHandler.ChainAnteDecorators.func2
                	            		/Users/keruch/Go-workspace/pkg/mod/github.com/cosmos/cosmos-sdk@v0.50.11/types/handler.go:48
                	            	github.com/cosmos/cosmos-sdk/x/auth/ante.ValidateMemoDecorator.AnteHandle
                	            		/Users/keruch/Go-workspace/pkg/mod/github.com/cosmos/cosmos-sdk@v0.50.11/x/auth/ante/basic.go:72
                	            	github.com/evmos/ethermint/app/ante.newCosmosAnteHandler.ChainAnteDecorators.func2
                	            		/Users/keruch/Go-workspace/pkg/mod/github.com/cosmos/cosmos-sdk@v0.50.11/types/handler.go:48
                	            	github.com/evmos/ethermint/app/ante.MinGasPriceDecorator.AnteHandle
                	            		/Users/keruch/Development/Dymension/ethermint/app/ante/fees.go:91
                	            	github.com/evmos/ethermint/app/ante.newCosmosAnteHandler.ChainAnteDecorators.func2
                	            		/Users/keruch/Go-workspace/pkg/mod/github.com/cosmos/cosmos-sdk@v0.50.11/types/handler.go:48
                	            	github.com/cosmos/cosmos-sdk/x/auth/ante.TxTimeoutHeightDecorator.AnteHandle
                	            		/Users/keruch/Go-workspace/pkg/mod/github.com/cosmos/cosmos-sdk@v0.50.11/x/auth/ante/basic.go:216
                	            	github.com/evmos/ethermint/app/ante.newCosmosAnteHandler.ChainAnteDecorators.func2
                	            		/Users/keruch/Go-workspace/pkg/mod/github.com/cosmos/cosmos-sdk@v0.50.11/types/handler.go:48
                	            	github.com/cosmos/cosmos-sdk/x/auth/ante.ValidateBasicDecorator.AnteHandle
                	            		/Users/keruch/Go-workspace/pkg/mod/github.com/cosmos/cosmos-sdk@v0.50.11/x/auth/ante/basic.go:39
                	            	github.com/evmos/ethermint/app/ante.newCosmosAnteHandler.ChainAnteDecorators.func2
                	            		/Users/keruch/Go-workspace/pkg/mod/github.com/cosmos/cosmos-sdk@v0.50.11/types/handler.go:48
                	            	github.com/cosmos/cosmos-sdk/x/auth/ante.RejectExtensionOptionsDecorator.AnteHandle
                	            		/Users/keruch/Go-workspace/pkg/mod/github.com/cosmos/cosmos-sdk@v0.50.11/x/auth/ante/ext.go:52
                	            	github.com/evmos/ethermint/app/ante.newCosmosAnteHandler.ChainAnteDecorators.func2
                	            		/Users/keruch/Go-workspace/pkg/mod/github.com/cosmos/cosmos-sdk@v0.50.11/types/handler.go:48
                	            	github.com/cosmos/cosmos-sdk/x/auth/ante.SetUpContextDecorator.AnteHandle
                	            		/Users/keruch/Go-workspace/pkg/mod/github.com/cosmos/cosmos-sdk@v0.50.11/x/auth/ante/setup.go:70
                	            	github.com/evmos/ethermint/app/ante.newCosmosAnteHandler.ChainAnteDecorators.func2
                	            		/Users/keruch/Go-workspace/pkg/mod/github.com/cosmos/cosmos-sdk@v0.50.11/types/handler.go:48
                	            	github.com/evmos/ethermint/app/ante.AuthzLimiterDecorator.AnteHandle
                	            		/Users/keruch/Development/Dymension/ethermint/app/ante/authz.go:54
                	            	github.com/evmos/ethermint/app/ante.newCosmosAnteHandler.ChainAnteDecorators.func2
                	            		/Users/keruch/Go-workspace/pkg/mod/github.com/cosmos/cosmos-sdk@v0.50.11/types/handler.go:48
                	            	github.com/evmos/ethermint/app/ante.RejectMessagesDecorator.AnteHandle
                	            		/Users/keruch/Development/Dymension/ethermint/app/ante/reject_msgs.go:40
                	            	github.com/evmos/ethermint/app/ante.newCosmosAnteHandler.ChainAnteDecorators.func2
                	            		/Users/keruch/Go-workspace/pkg/mod/github.com/cosmos/cosmos-sdk@v0.50.11/types/handler.go:48
                	            	github.com/evmos/ethermint/app/ante.NewAnteHandler.func1
                	            		/Users/keruch/Development/Dymension/ethermint/app/ante/ante.go:89
                	            	github.com/evmos/ethermint/app/ante_test.(*AnteTestSuite).TestAnteHandler.func48
                	            		/Users/keruch/Development/Dymension/ethermint/app/ante/ante_test.go:941
                	            	github.com/stretchr/testify/suite.(*Suite).Run.func1
                	            		/Users/keruch/Go-workspace/pkg/mod/github.com/stretchr/testify@v1.9.0/suite/suite.go:115
                	            	signature verification failed; please verify account number (0), sequence (0) and chain-id (ethermint_9000-1): unauthorized
                	Test:       	TestAnteTestSuite/TestAnteHandler#01/passes_-_EIP-712_multi-key
        --- FAIL: TestAnteTestSuite/TestAnteHandler#01/passes_-_Mixed_multi-key (0.01s)
            ante_test.go:946: 
                	Error Trace:	/Users/keruch/Development/Dymension/ethermint/app/ante/ante_test.go:946
                	            				/Users/keruch/Go-workspace/pkg/mod/github.com/stretchr/testify@v1.9.0/suite/suite.go:115
                	Error:      	Received unexpected error:
                	            	
                	            	github.com/cosmos/cosmos-sdk/x/auth/ante.SigVerificationDecorator.AnteHandle
                	            		/Users/keruch/Go-workspace/pkg/mod/github.com/cosmos/cosmos-sdk@v0.50.11/x/auth/ante/sigverify.go:333
                	            	github.com/evmos/ethermint/app/ante.newCosmosAnteHandler.ChainAnteDecorators.func2
                	            		/Users/keruch/Go-workspace/pkg/mod/github.com/cosmos/cosmos-sdk@v0.50.11/types/handler.go:48
                	            	github.com/cosmos/cosmos-sdk/x/auth/ante.SigGasConsumeDecorator.AnteHandle
                	            		/Users/keruch/Go-workspace/pkg/mod/github.com/cosmos/cosmos-sdk@v0.50.11/x/auth/ante/sigverify.go:212
                	            	github.com/evmos/ethermint/app/ante.newCosmosAnteHandler.ChainAnteDecorators.func2
                	            		/Users/keruch/Go-workspace/pkg/mod/github.com/cosmos/cosmos-sdk@v0.50.11/types/handler.go:48
                	            	github.com/cosmos/cosmos-sdk/x/auth/ante.ValidateSigCountDecorator.AnteHandle
                	            		/Users/keruch/Go-workspace/pkg/mod/github.com/cosmos/cosmos-sdk@v0.50.11/x/auth/ante/sigverify.go:420
                	            	github.com/evmos/ethermint/app/ante.newCosmosAnteHandler.ChainAnteDecorators.func2
                	            		/Users/keruch/Go-workspace/pkg/mod/github.com/cosmos/cosmos-sdk@v0.50.11/types/handler.go:48
                	            	github.com/cosmos/cosmos-sdk/x/auth/ante.SetPubKeyDecorator.AnteHandle
                	            		/Users/keruch/Go-workspace/pkg/mod/github.com/cosmos/cosmos-sdk@v0.50.11/x/auth/ante/sigverify.go:141
                	            	github.com/evmos/ethermint/app/ante.newCosmosAnteHandler.ChainAnteDecorators.func2
                	            		/Users/keruch/Go-workspace/pkg/mod/github.com/cosmos/cosmos-sdk@v0.50.11/types/handler.go:48
                	            	github.com/cosmos/cosmos-sdk/x/auth/ante.DeductFeeDecorator.AnteHandle
                	            		/Users/keruch/Go-workspace/pkg/mod/github.com/cosmos/cosmos-sdk@v0.50.11/x/auth/ante/fee.go:70
                	            	github.com/evmos/ethermint/app/ante.newCosmosAnteHandler.ChainAnteDecorators.func2
                	            		/Users/keruch/Go-workspace/pkg/mod/github.com/cosmos/cosmos-sdk@v0.50.11/types/handler.go:48
                	            	github.com/cosmos/cosmos-sdk/x/auth/ante.ConsumeTxSizeGasDecorator.AnteHandle
                	            		/Users/keruch/Go-workspace/pkg/mod/github.com/cosmos/cosmos-sdk@v0.50.11/x/auth/ante/basic.go:153
                	            	github.com/evmos/ethermint/app/ante.newCosmosAnteHandler.ChainAnteDecorators.func2
                	            		/Users/keruch/Go-workspace/pkg/mod/github.com/cosmos/cosmos-sdk@v0.50.11/types/handler.go:48
                	            	github.com/cosmos/cosmos-sdk/x/auth/ante.ValidateMemoDecorator.AnteHandle
                	            		/Users/keruch/Go-workspace/pkg/mod/github.com/cosmos/cosmos-sdk@v0.50.11/x/auth/ante/basic.go:72
                	            	github.com/evmos/ethermint/app/ante.newCosmosAnteHandler.ChainAnteDecorators.func2
                	            		/Users/keruch/Go-workspace/pkg/mod/github.com/cosmos/cosmos-sdk@v0.50.11/types/handler.go:48
                	            	github.com/evmos/ethermint/app/ante.MinGasPriceDecorator.AnteHandle
                	            		/Users/keruch/Development/Dymension/ethermint/app/ante/fees.go:91
                	            	github.com/evmos/ethermint/app/ante.newCosmosAnteHandler.ChainAnteDecorators.func2
                	            		/Users/keruch/Go-workspace/pkg/mod/github.com/cosmos/cosmos-sdk@v0.50.11/types/handler.go:48
                	            	github.com/cosmos/cosmos-sdk/x/auth/ante.TxTimeoutHeightDecorator.AnteHandle
                	            		/Users/keruch/Go-workspace/pkg/mod/github.com/cosmos/cosmos-sdk@v0.50.11/x/auth/ante/basic.go:216
                	            	github.com/evmos/ethermint/app/ante.newCosmosAnteHandler.ChainAnteDecorators.func2
                	            		/Users/keruch/Go-workspace/pkg/mod/github.com/cosmos/cosmos-sdk@v0.50.11/types/handler.go:48
                	            	github.com/cosmos/cosmos-sdk/x/auth/ante.ValidateBasicDecorator.AnteHandle
                	            		/Users/keruch/Go-workspace/pkg/mod/github.com/cosmos/cosmos-sdk@v0.50.11/x/auth/ante/basic.go:39
                	            	github.com/evmos/ethermint/app/ante.newCosmosAnteHandler.ChainAnteDecorators.func2
                	            		/Users/keruch/Go-workspace/pkg/mod/github.com/cosmos/cosmos-sdk@v0.50.11/types/handler.go:48
                	            	github.com/cosmos/cosmos-sdk/x/auth/ante.RejectExtensionOptionsDecorator.AnteHandle
                	            		/Users/keruch/Go-workspace/pkg/mod/github.com/cosmos/cosmos-sdk@v0.50.11/x/auth/ante/ext.go:52
                	            	github.com/evmos/ethermint/app/ante.newCosmosAnteHandler.ChainAnteDecorators.func2
                	            		/Users/keruch/Go-workspace/pkg/mod/github.com/cosmos/cosmos-sdk@v0.50.11/types/handler.go:48
                	            	github.com/cosmos/cosmos-sdk/x/auth/ante.SetUpContextDecorator.AnteHandle
                	            		/Users/keruch/Go-workspace/pkg/mod/github.com/cosmos/cosmos-sdk@v0.50.11/x/auth/ante/setup.go:70
                	            	github.com/evmos/ethermint/app/ante.newCosmosAnteHandler.ChainAnteDecorators.func2
                	            		/Users/keruch/Go-workspace/pkg/mod/github.com/cosmos/cosmos-sdk@v0.50.11/types/handler.go:48
                	            	github.com/evmos/ethermint/app/ante.AuthzLimiterDecorator.AnteHandle
                	            		/Users/keruch/Development/Dymension/ethermint/app/ante/authz.go:54
                	            	github.com/evmos/ethermint/app/ante.newCosmosAnteHandler.ChainAnteDecorators.func2
                	            		/Users/keruch/Go-workspace/pkg/mod/github.com/cosmos/cosmos-sdk@v0.50.11/types/handler.go:48
                	            	github.com/evmos/ethermint/app/ante.RejectMessagesDecorator.AnteHandle
                	            		/Users/keruch/Development/Dymension/ethermint/app/ante/reject_msgs.go:40
                	            	github.com/evmos/ethermint/app/ante.newCosmosAnteHandler.ChainAnteDecorators.func2
                	            		/Users/keruch/Go-workspace/pkg/mod/github.com/cosmos/cosmos-sdk@v0.50.11/types/handler.go:48
                	            	github.com/evmos/ethermint/app/ante.NewAnteHandler.func1
                	            		/Users/keruch/Development/Dymension/ethermint/app/ante/ante.go:89
                	            	github.com/evmos/ethermint/app/ante_test.(*AnteTestSuite).TestAnteHandler.func48
                	            		/Users/keruch/Development/Dymension/ethermint/app/ante/ante_test.go:941
                	            	github.com/stretchr/testify/suite.(*Suite).Run.func1
                	            		/Users/keruch/Go-workspace/pkg/mod/github.com/stretchr/testify@v1.9.0/suite/suite.go:115
                	            	signature verification failed; please verify account number (0), sequence (0) and chain-id (ethermint_9000-1): unauthorized
                	Test:       	TestAnteTestSuite/TestAnteHandler#01/passes_-_Mixed_multi-key
        --- FAIL: TestAnteTestSuite/TestAnteHandler#01/passes_-_Mixed_multi-key_with_MsgVote (0.02s)
            ante_test.go:946: 
                	Error Trace:	/Users/keruch/Development/Dymension/ethermint/app/ante/ante_test.go:946
                	            				/Users/keruch/Go-workspace/pkg/mod/github.com/stretchr/testify@v1.9.0/suite/suite.go:115
                	Error:      	Received unexpected error:
                	            	
                	            	github.com/cosmos/cosmos-sdk/x/auth/ante.SigVerificationDecorator.AnteHandle
                	            		/Users/keruch/Go-workspace/pkg/mod/github.com/cosmos/cosmos-sdk@v0.50.11/x/auth/ante/sigverify.go:333
                	            	github.com/evmos/ethermint/app/ante.newCosmosAnteHandler.ChainAnteDecorators.func2
                	            		/Users/keruch/Go-workspace/pkg/mod/github.com/cosmos/cosmos-sdk@v0.50.11/types/handler.go:48
                	            	github.com/cosmos/cosmos-sdk/x/auth/ante.SigGasConsumeDecorator.AnteHandle
                	            		/Users/keruch/Go-workspace/pkg/mod/github.com/cosmos/cosmos-sdk@v0.50.11/x/auth/ante/sigverify.go:212
                	            	github.com/evmos/ethermint/app/ante.newCosmosAnteHandler.ChainAnteDecorators.func2
                	            		/Users/keruch/Go-workspace/pkg/mod/github.com/cosmos/cosmos-sdk@v0.50.11/types/handler.go:48
                	            	github.com/cosmos/cosmos-sdk/x/auth/ante.ValidateSigCountDecorator.AnteHandle
                	            		/Users/keruch/Go-workspace/pkg/mod/github.com/cosmos/cosmos-sdk@v0.50.11/x/auth/ante/sigverify.go:420
                	            	github.com/evmos/ethermint/app/ante.newCosmosAnteHandler.ChainAnteDecorators.func2
                	            		/Users/keruch/Go-workspace/pkg/mod/github.com/cosmos/cosmos-sdk@v0.50.11/types/handler.go:48
                	            	github.com/cosmos/cosmos-sdk/x/auth/ante.SetPubKeyDecorator.AnteHandle
                	            		/Users/keruch/Go-workspace/pkg/mod/github.com/cosmos/cosmos-sdk@v0.50.11/x/auth/ante/sigverify.go:141
                	            	github.com/evmos/ethermint/app/ante.newCosmosAnteHandler.ChainAnteDecorators.func2
                	            		/Users/keruch/Go-workspace/pkg/mod/github.com/cosmos/cosmos-sdk@v0.50.11/types/handler.go:48
                	            	github.com/cosmos/cosmos-sdk/x/auth/ante.DeductFeeDecorator.AnteHandle
                	            		/Users/keruch/Go-workspace/pkg/mod/github.com/cosmos/cosmos-sdk@v0.50.11/x/auth/ante/fee.go:70
                	            	github.com/evmos/ethermint/app/ante.newCosmosAnteHandler.ChainAnteDecorators.func2
                	            		/Users/keruch/Go-workspace/pkg/mod/github.com/cosmos/cosmos-sdk@v0.50.11/types/handler.go:48
                	            	github.com/cosmos/cosmos-sdk/x/auth/ante.ConsumeTxSizeGasDecorator.AnteHandle
                	            		/Users/keruch/Go-workspace/pkg/mod/github.com/cosmos/cosmos-sdk@v0.50.11/x/auth/ante/basic.go:153
                	            	github.com/evmos/ethermint/app/ante.newCosmosAnteHandler.ChainAnteDecorators.func2
                	            		/Users/keruch/Go-workspace/pkg/mod/github.com/cosmos/cosmos-sdk@v0.50.11/types/handler.go:48
                	            	github.com/cosmos/cosmos-sdk/x/auth/ante.ValidateMemoDecorator.AnteHandle
                	            		/Users/keruch/Go-workspace/pkg/mod/github.com/cosmos/cosmos-sdk@v0.50.11/x/auth/ante/basic.go:72
                	            	github.com/evmos/ethermint/app/ante.newCosmosAnteHandler.ChainAnteDecorators.func2
                	            		/Users/keruch/Go-workspace/pkg/mod/github.com/cosmos/cosmos-sdk@v0.50.11/types/handler.go:48
                	            	github.com/evmos/ethermint/app/ante.MinGasPriceDecorator.AnteHandle
                	            		/Users/keruch/Development/Dymension/ethermint/app/ante/fees.go:91
                	            	github.com/evmos/ethermint/app/ante.newCosmosAnteHandler.ChainAnteDecorators.func2
                	            		/Users/keruch/Go-workspace/pkg/mod/github.com/cosmos/cosmos-sdk@v0.50.11/types/handler.go:48
                	            	github.com/cosmos/cosmos-sdk/x/auth/ante.TxTimeoutHeightDecorator.AnteHandle
                	            		/Users/keruch/Go-workspace/pkg/mod/github.com/cosmos/cosmos-sdk@v0.50.11/x/auth/ante/basic.go:216
                	            	github.com/evmos/ethermint/app/ante.newCosmosAnteHandler.ChainAnteDecorators.func2
                	            		/Users/keruch/Go-workspace/pkg/mod/github.com/cosmos/cosmos-sdk@v0.50.11/types/handler.go:48
                	            	github.com/cosmos/cosmos-sdk/x/auth/ante.ValidateBasicDecorator.AnteHandle
                	            		/Users/keruch/Go-workspace/pkg/mod/github.com/cosmos/cosmos-sdk@v0.50.11/x/auth/ante/basic.go:39
                	            	github.com/evmos/ethermint/app/ante.newCosmosAnteHandler.ChainAnteDecorators.func2
                	            		/Users/keruch/Go-workspace/pkg/mod/github.com/cosmos/cosmos-sdk@v0.50.11/types/handler.go:48
                	            	github.com/cosmos/cosmos-sdk/x/auth/ante.RejectExtensionOptionsDecorator.AnteHandle
                	            		/Users/keruch/Go-workspace/pkg/mod/github.com/cosmos/cosmos-sdk@v0.50.11/x/auth/ante/ext.go:52
                	            	github.com/evmos/ethermint/app/ante.newCosmosAnteHandler.ChainAnteDecorators.func2
                	            		/Users/keruch/Go-workspace/pkg/mod/github.com/cosmos/cosmos-sdk@v0.50.11/types/handler.go:48
                	            	github.com/cosmos/cosmos-sdk/x/auth/ante.SetUpContextDecorator.AnteHandle
                	            		/Users/keruch/Go-workspace/pkg/mod/github.com/cosmos/cosmos-sdk@v0.50.11/x/auth/ante/setup.go:70
                	            	github.com/evmos/ethermint/app/ante.newCosmosAnteHandler.ChainAnteDecorators.func2
                	            		/Users/keruch/Go-workspace/pkg/mod/github.com/cosmos/cosmos-sdk@v0.50.11/types/handler.go:48
                	            	github.com/evmos/ethermint/app/ante.AuthzLimiterDecorator.AnteHandle
                	            		/Users/keruch/Development/Dymension/ethermint/app/ante/authz.go:54
                	            	github.com/evmos/ethermint/app/ante.newCosmosAnteHandler.ChainAnteDecorators.func2
                	            		/Users/keruch/Go-workspace/pkg/mod/github.com/cosmos/cosmos-sdk@v0.50.11/types/handler.go:48
                	            	github.com/evmos/ethermint/app/ante.RejectMessagesDecorator.AnteHandle
                	            		/Users/keruch/Development/Dymension/ethermint/app/ante/reject_msgs.go:40
                	            	github.com/evmos/ethermint/app/ante.newCosmosAnteHandler.ChainAnteDecorators.func2
                	            		/Users/keruch/Go-workspace/pkg/mod/github.com/cosmos/cosmos-sdk@v0.50.11/types/handler.go:48
                	            	github.com/evmos/ethermint/app/ante.NewAnteHandler.func1
                	            		/Users/keruch/Development/Dymension/ethermint/app/ante/ante.go:89
                	            	github.com/evmos/ethermint/app/ante_test.(*AnteTestSuite).TestAnteHandler.func48
                	            		/Users/keruch/Development/Dymension/ethermint/app/ante/ante_test.go:941
                	            	github.com/stretchr/testify/suite.(*Suite).Run.func1
                	            		/Users/keruch/Go-workspace/pkg/mod/github.com/stretchr/testify@v1.9.0/suite/suite.go:115
                	            	signature verification failed; please verify account number (0), sequence (0) and chain-id (ethermint_9000-1): unauthorized
                	Test:       	TestAnteTestSuite/TestAnteHandler#01/passes_-_Mixed_multi-key_with_MsgVote
    --- FAIL: TestAnteTestSuite/TestCanTransferDecorator#01 (0.02s)
        --- FAIL: TestAnteTestSuite/TestCanTransferDecorator#01/invalid_transaction_type (0.00s)
            eth_test.go:402: 
                	Error Trace:	/Users/keruch/Development/Dymension/ethermint/app/ante/eth_test.go:402
                	            				/Users/keruch/Go-workspace/pkg/mod/github.com/stretchr/testify@v1.9.0/suite/suite.go:115
                	Error:      	An error is expected but got nil.
                	Test:       	TestAnteTestSuite/TestCanTransferDecorator#01/invalid_transaction_type
    --- FAIL: TestAnteTestSuite/TestEthGasConsumeDecorator#01 (0.02s)
        --- FAIL: TestAnteTestSuite/TestEthGasConsumeDecorator#01/invalid_transaction_type (0.00s)
            eth_test.go:317: 
                	Error Trace:	/Users/keruch/Development/Dymension/ethermint/app/ante/eth_test.go:317
                	            				/Users/keruch/Go-workspace/pkg/mod/github.com/stretchr/testify@v1.9.0/suite/suite.go:115
                	Error:      	An error is expected but got nil.
                	Test:       	TestAnteTestSuite/TestEthGasConsumeDecorator#01/invalid_transaction_type
    --- FAIL: TestAnteTestSuite/TestEthIncrementSenderSequenceDecorator#01 (0.02s)
        --- FAIL: TestAnteTestSuite/TestEthIncrementSenderSequenceDecorator#01/invalid_transaction_type (0.00s)
            eth_test.go:493: 
                	Error Trace:	/Users/keruch/Development/Dymension/ethermint/app/ante/eth_test.go:493
                	            				/Users/keruch/Go-workspace/pkg/mod/github.com/stretchr/testify@v1.9.0/suite/suite.go:115
                	Error:      	An error is expected but got nil.
                	Test:       	TestAnteTestSuite/TestEthIncrementSenderSequenceDecorator#01/invalid_transaction_type
    --- FAIL: TestAnteTestSuite/TestEthMinGasPriceDecorator#01 (0.41s)
        --- FAIL: TestAnteTestSuite/TestEthMinGasPriceDecorator#01/deliverTx_invalid_tx_type (0.02s)
            fees_test.go:357: 
                	Error Trace:	/Users/keruch/Development/Dymension/ethermint/app/ante/fees_test.go:357
                	            				/Users/keruch/Go-workspace/pkg/mod/github.com/stretchr/testify@v1.9.0/suite/suite.go:115
                	Error:      	An error is expected but got nil.
                	Test:       	TestAnteTestSuite/TestEthMinGasPriceDecorator#01/deliverTx_invalid_tx_type
                	Messages:   	invalid tx type
        --- FAIL: TestAnteTestSuite/TestEthMinGasPriceDecorator#01/deliverTxSimulate_invalid_tx_type (0.01s)
            fees_test.go:357: 
                	Error Trace:	/Users/keruch/Development/Dymension/ethermint/app/ante/fees_test.go:357
                	            				/Users/keruch/Go-workspace/pkg/mod/github.com/stretchr/testify@v1.9.0/suite/suite.go:115
                	Error:      	An error is expected but got nil.
                	Test:       	TestAnteTestSuite/TestEthMinGasPriceDecorator#01/deliverTxSimulate_invalid_tx_type
                	Messages:   	invalid tx type
    --- FAIL: TestAnteTestSuite/TestEthNonceVerificationDecorator#01 (0.02s)
        --- FAIL: TestAnteTestSuite/TestEthNonceVerificationDecorator#01/ReCheckTx (0.00s)
            eth_test.go:161: 
                	Error Trace:	/Users/keruch/Development/Dymension/ethermint/app/ante/eth_test.go:161
                	            				/Users/keruch/Go-workspace/pkg/mod/github.com/stretchr/testify@v1.9.0/suite/suite.go:115
                	Error:      	An error is expected but got nil.
                	Test:       	TestAnteTestSuite/TestEthNonceVerificationDecorator#01/ReCheckTx
        --- FAIL: TestAnteTestSuite/TestEthNonceVerificationDecorator#01/invalid_transaction_type (0.00s)
            eth_test.go:161: 
                	Error Trace:	/Users/keruch/Development/Dymension/ethermint/app/ante/eth_test.go:161
                	            				/Users/keruch/Go-workspace/pkg/mod/github.com/stretchr/testify@v1.9.0/suite/suite.go:115
                	Error:      	An error is expected but got nil.
                	Test:       	TestAnteTestSuite/TestEthNonceVerificationDecorator#01/invalid_transaction_type
    --- FAIL: TestAnteTestSuite/TestEthSigVerificationDecorator#01 (0.09s)
        --- FAIL: TestAnteTestSuite/TestEthSigVerificationDecorator#01/ReCheckTx (0.01s)
            signverify_test.go:60: 
                	Error Trace:	/Users/keruch/Development/Dymension/ethermint/app/ante/signverify_test.go:60
                	            				/Users/keruch/Go-workspace/pkg/mod/github.com/stretchr/testify@v1.9.0/suite/suite.go:115
                	Error:      	An error is expected but got nil.
                	Test:       	TestAnteTestSuite/TestEthSigVerificationDecorator#01/ReCheckTx
        --- FAIL: TestAnteTestSuite/TestEthSigVerificationDecorator#01/invalid_transaction_type (0.01s)
            signverify_test.go:60: 
                	Error Trace:	/Users/keruch/Development/Dymension/ethermint/app/ante/signverify_test.go:60
                	            				/Users/keruch/Go-workspace/pkg/mod/github.com/stretchr/testify@v1.9.0/suite/suite.go:115
                	Error:      	An error is expected but got nil.
                	Test:       	TestAnteTestSuite/TestEthSigVerificationDecorator#01/invalid_transaction_type
    --- FAIL: TestAnteTestSuite/TestGasWantedDecorator#01 (0.04s)
        --- FAIL: TestAnteTestSuite/TestGasWantedDecorator#01/Cosmos_Tx (0.00s)
            fee_market_test.go:92: 
                	Error Trace:	/Users/keruch/Development/Dymension/ethermint/app/ante/fee_market_test.go:92
                	            				/Users/keruch/Go-workspace/pkg/mod/github.com/stretchr/testify@v1.9.0/suite/suite.go:115
                	Error:      	Not equal: 
                	            	expected: 0x186a0
                	            	actual  : 0x0
                	Test:       	TestAnteTestSuite/TestGasWantedDecorator#01/Cosmos_Tx
        --- FAIL: TestAnteTestSuite/TestGasWantedDecorator#01/Ethereum_Legacy_Tx (0.00s)
            fee_market_test.go:92: 
                	Error Trace:	/Users/keruch/Development/Dymension/ethermint/app/ante/fee_market_test.go:92
                	            				/Users/keruch/Go-workspace/pkg/mod/github.com/stretchr/testify@v1.9.0/suite/suite.go:115
                	Error:      	Not equal: 
                	            	expected: 0x30d40
                	            	actual  : 0x0
                	Test:       	TestAnteTestSuite/TestGasWantedDecorator#01/Ethereum_Legacy_Tx
        --- FAIL: TestAnteTestSuite/TestGasWantedDecorator#01/Ethereum_Access_List_Tx (0.00s)
            fee_market_test.go:92: 
                	Error Trace:	/Users/keruch/Development/Dymension/ethermint/app/ante/fee_market_test.go:92
                	            				/Users/keruch/Go-workspace/pkg/mod/github.com/stretchr/testify@v1.9.0/suite/suite.go:115
                	Error:      	Not equal: 
                	            	expected: 0x493e0
                	            	actual  : 0x0
                	Test:       	TestAnteTestSuite/TestGasWantedDecorator#01/Ethereum_Access_List_Tx
        --- FAIL: TestAnteTestSuite/TestGasWantedDecorator#01/Ethereum_Dynamic_Fee_Tx_(EIP1559) (0.00s)
            fee_market_test.go:92: 
                	Error Trace:	/Users/keruch/Development/Dymension/ethermint/app/ante/fee_market_test.go:92
                	            				/Users/keruch/Go-workspace/pkg/mod/github.com/stretchr/testify@v1.9.0/suite/suite.go:115
                	Error:      	Not equal: 
                	            	expected: 0x61a80
                	            	actual  : 0x0
                	Test:       	TestAnteTestSuite/TestGasWantedDecorator#01/Ethereum_Dynamic_Fee_Tx_(EIP1559)
        --- FAIL: TestAnteTestSuite/TestGasWantedDecorator#01/EIP712_message (0.00s)
            fee_market_test.go:92: 
                	Error Trace:	/Users/keruch/Development/Dymension/ethermint/app/ante/fee_market_test.go:92
                	            				/Users/keruch/Go-workspace/pkg/mod/github.com/stretchr/testify@v1.9.0/suite/suite.go:115
                	Error:      	Not equal: 
                	            	expected: 0x927c0
                	            	actual  : 0x0
                	Test:       	TestAnteTestSuite/TestGasWantedDecorator#01/EIP712_message
    --- FAIL: TestAnteTestSuite/TestNewEthAccountVerificationDecorator#01 (0.02s)
        --- FAIL: TestAnteTestSuite/TestNewEthAccountVerificationDecorator#01/invalid_transaction_type (0.00s)
            eth_test.go:105: 
                	Error Trace:	/Users/keruch/Development/Dymension/ethermint/app/ante/eth_test.go:105
                	            				/Users/keruch/Go-workspace/pkg/mod/github.com/stretchr/testify@v1.9.0/suite/suite.go:115
                	Error:      	An error is expected but got nil.
                	Test:       	TestAnteTestSuite/TestNewEthAccountVerificationDecorator#01/invalid_transaction_type
    --- FAIL: TestAnteTestSuite/TestRejectDeliverMsgsInAuthz#01 (0.12s)
        --- FAIL: TestAnteTestSuite/TestRejectDeliverMsgsInAuthz#01/Case_a_MsgGrant_with_MsgEthereumTx_typeURL_on_the_authorization_field_is_blocked (0.01s)
            authz_test.go:365: 
                	Error Trace:	/Users/keruch/Development/Dymension/ethermint/app/ante/authz_test.go:365
                	            				/Users/keruch/Go-workspace/pkg/mod/github.com/stretchr/testify@v1.9.0/suite/suite.go:115
                	Error:      	Received unexpected error:
                	            	invalid height: 1; expected: 2
                	Test:       	TestAnteTestSuite/TestRejectDeliverMsgsInAuthz#01/Case_a_MsgGrant_with_MsgEthereumTx_typeURL_on_the_authorization_field_is_blocked
        --- FAIL: TestAnteTestSuite/TestRejectDeliverMsgsInAuthz#01/Case_a_MsgGrant_with_MsgCreateVestingAccount_typeURL_on_the_authorization_field_is_blocked (0.01s)
            authz_test.go:365: 
                	Error Trace:	/Users/keruch/Development/Dymension/ethermint/app/ante/authz_test.go:365
                	            				/Users/keruch/Go-workspace/pkg/mod/github.com/stretchr/testify@v1.9.0/suite/suite.go:115
                	Error:      	Received unexpected error:
                	            	invalid height: 1; expected: 2
                	Test:       	TestAnteTestSuite/TestRejectDeliverMsgsInAuthz#01/Case_a_MsgGrant_with_MsgCreateVestingAccount_typeURL_on_the_authorization_field_is_blocked
        --- FAIL: TestAnteTestSuite/TestRejectDeliverMsgsInAuthz#01/Case_a_MsgGrant_with_MsgEthereumTx_typeURL_on_the_authorization_field_included_on_EIP712_tx_is_blocked (0.02s)
            authz_test.go:365: 
                	Error Trace:	/Users/keruch/Development/Dymension/ethermint/app/ante/authz_test.go:365
                	            				/Users/keruch/Go-workspace/pkg/mod/github.com/stretchr/testify@v1.9.0/suite/suite.go:115
                	Error:      	Received unexpected error:
                	            	invalid height: 1; expected: 2
                	Test:       	TestAnteTestSuite/TestRejectDeliverMsgsInAuthz#01/Case_a_MsgGrant_with_MsgEthereumTx_typeURL_on_the_authorization_field_included_on_EIP712_tx_is_blocked
        --- FAIL: TestAnteTestSuite/TestRejectDeliverMsgsInAuthz#01/Case_a_MsgExec_with_nested_messages_(valid:_MsgSend_and_invalid:_MsgEthereumTx)_is_blocked (0.02s)
            authz_test.go:365: 
                	Error Trace:	/Users/keruch/Development/Dymension/ethermint/app/ante/authz_test.go:365
                	            				/Users/keruch/Go-workspace/pkg/mod/github.com/stretchr/testify@v1.9.0/suite/suite.go:115
                	Error:      	Received unexpected error:
                	            	invalid height: 1; expected: 2
                	Test:       	TestAnteTestSuite/TestRejectDeliverMsgsInAuthz#01/Case_a_MsgExec_with_nested_messages_(valid:_MsgSend_and_invalid:_MsgEthereumTx)_is_blocked
        --- FAIL: TestAnteTestSuite/TestRejectDeliverMsgsInAuthz#01/Case_a_MsgExec_with_nested_MsgExec_messages_that_has_invalid_messages_is_blocked (0.01s)
            authz_test.go:365: 
                	Error Trace:	/Users/keruch/Development/Dymension/ethermint/app/ante/authz_test.go:365
                	            				/Users/keruch/Go-workspace/pkg/mod/github.com/stretchr/testify@v1.9.0/suite/suite.go:115
                	Error:      	Received unexpected error:
                	            	invalid height: 1; expected: 2
                	Test:       	TestAnteTestSuite/TestRejectDeliverMsgsInAuthz#01/Case_a_MsgExec_with_nested_MsgExec_messages_that_has_invalid_messages_is_blocked
        --- FAIL: TestAnteTestSuite/TestRejectDeliverMsgsInAuthz#01/Case_a_MsgExec_with_more_nested_MsgExec_messages_than_allowed_and_with_valid_messages_is_blocked (0.01s)
            authz_test.go:365: 
                	Error Trace:	/Users/keruch/Development/Dymension/ethermint/app/ante/authz_test.go:365
                	            				/Users/keruch/Go-workspace/pkg/mod/github.com/stretchr/testify@v1.9.0/suite/suite.go:115
                	Error:      	Received unexpected error:
                	            	invalid height: 1; expected: 2
                	Test:       	TestAnteTestSuite/TestRejectDeliverMsgsInAuthz#01/Case_a_MsgExec_with_more_nested_MsgExec_messages_than_allowed_and_with_valid_messages_is_blocked
        --- FAIL: TestAnteTestSuite/TestRejectDeliverMsgsInAuthz#01/Case_two_MsgExec_messages_NOT_containing_a_blocked_msg_but_between_the_two_have_more_nesting_than_the_allowed._Then,_is_blocked (0.01s)
            authz_test.go:365: 
                	Error Trace:	/Users/keruch/Development/Dymension/ethermint/app/ante/authz_test.go:365
                	            				/Users/keruch/Go-workspace/pkg/mod/github.com/stretchr/testify@v1.9.0/suite/suite.go:115
                	Error:      	Received unexpected error:
                	            	invalid height: 1; expected: 2
                	Test:       	TestAnteTestSuite/TestRejectDeliverMsgsInAuthz#01/Case_two_MsgExec_messages_NOT_containing_a_blocked_msg_but_between_the_two_have_more_nesting_than_the_allowed._Then,_is_blocked
    --- FAIL: TestAnteTestSuite/TestAnteHandler#02 (0.69s)
        --- FAIL: TestAnteTestSuite/TestAnteHandler#02/success_-_DeliverTx_EIP712_signed_Cosmos_Tx_with_MsgSend (0.02s)
            ante_test.go:946: 
                	Error Trace:	/Users/keruch/Development/Dymension/ethermint/app/ante/ante_test.go:946
                	            				/Users/keruch/Go-workspace/pkg/mod/github.com/stretchr/testify@v1.9.0/suite/suite.go:115
                	Error:      	Received unexpected error:
                	            	
                	            	github.com/cosmos/cosmos-sdk/x/auth/ante.SigVerificationDecorator.AnteHandle
                	            		/Users/keruch/Go-workspace/pkg/mod/github.com/cosmos/cosmos-sdk@v0.50.11/x/auth/ante/sigverify.go:333
                	            	github.com/evmos/ethermint/app/ante.newCosmosAnteHandler.ChainAnteDecorators.func2
                	            		/Users/keruch/Go-workspace/pkg/mod/github.com/cosmos/cosmos-sdk@v0.50.11/types/handler.go:48
                	            	github.com/cosmos/cosmos-sdk/x/auth/ante.SigGasConsumeDecorator.AnteHandle
                	            		/Users/keruch/Go-workspace/pkg/mod/github.com/cosmos/cosmos-sdk@v0.50.11/x/auth/ante/sigverify.go:212
                	            	github.com/evmos/ethermint/app/ante.newCosmosAnteHandler.ChainAnteDecorators.func2
                	            		/Users/keruch/Go-workspace/pkg/mod/github.com/cosmos/cosmos-sdk@v0.50.11/types/handler.go:48
                	            	github.com/cosmos/cosmos-sdk/x/auth/ante.ValidateSigCountDecorator.AnteHandle
                	            		/Users/keruch/Go-workspace/pkg/mod/github.com/cosmos/cosmos-sdk@v0.50.11/x/auth/ante/sigverify.go:420
                	            	github.com/evmos/ethermint/app/ante.newCosmosAnteHandler.ChainAnteDecorators.func2
                	            		/Users/keruch/Go-workspace/pkg/mod/github.com/cosmos/cosmos-sdk@v0.50.11/types/handler.go:48
                	            	github.com/cosmos/cosmos-sdk/x/auth/ante.SetPubKeyDecorator.AnteHandle
                	            		/Users/keruch/Go-workspace/pkg/mod/github.com/cosmos/cosmos-sdk@v0.50.11/x/auth/ante/sigverify.go:141
                	            	github.com/evmos/ethermint/app/ante.newCosmosAnteHandler.ChainAnteDecorators.func2
                	            		/Users/keruch/Go-workspace/pkg/mod/github.com/cosmos/cosmos-sdk@v0.50.11/types/handler.go:48
                	            	github.com/cosmos/cosmos-sdk/x/auth/ante.DeductFeeDecorator.AnteHandle
                	            		/Users/keruch/Go-workspace/pkg/mod/github.com/cosmos/cosmos-sdk@v0.50.11/x/auth/ante/fee.go:70
                	            	github.com/evmos/ethermint/app/ante.newCosmosAnteHandler.ChainAnteDecorators.func2
                	            		/Users/keruch/Go-workspace/pkg/mod/github.com/cosmos/cosmos-sdk@v0.50.11/types/handler.go:48
                	            	github.com/cosmos/cosmos-sdk/x/auth/ante.ConsumeTxSizeGasDecorator.AnteHandle
                	            		/Users/keruch/Go-workspace/pkg/mod/github.com/cosmos/cosmos-sdk@v0.50.11/x/auth/ante/basic.go:153
                	            	github.com/evmos/ethermint/app/ante.newCosmosAnteHandler.ChainAnteDecorators.func2
                	            		/Users/keruch/Go-workspace/pkg/mod/github.com/cosmos/cosmos-sdk@v0.50.11/types/handler.go:48
                	            	github.com/cosmos/cosmos-sdk/x/auth/ante.ValidateMemoDecorator.AnteHandle
                	            		/Users/keruch/Go-workspace/pkg/mod/github.com/cosmos/cosmos-sdk@v0.50.11/x/auth/ante/basic.go:72
                	            	github.com/evmos/ethermint/app/ante.newCosmosAnteHandler.ChainAnteDecorators.func2
                	            		/Users/keruch/Go-workspace/pkg/mod/github.com/cosmos/cosmos-sdk@v0.50.11/types/handler.go:48
                	            	github.com/evmos/ethermint/app/ante.MinGasPriceDecorator.AnteHandle
                	            		/Users/keruch/Development/Dymension/ethermint/app/ante/fees.go:91
                	            	github.com/evmos/ethermint/app/ante.newCosmosAnteHandler.ChainAnteDecorators.func2
                	            		/Users/keruch/Go-workspace/pkg/mod/github.com/cosmos/cosmos-sdk@v0.50.11/types/handler.go:48
                	            	github.com/cosmos/cosmos-sdk/x/auth/ante.TxTimeoutHeightDecorator.AnteHandle
                	            		/Users/keruch/Go-workspace/pkg/mod/github.com/cosmos/cosmos-sdk@v0.50.11/x/auth/ante/basic.go:216
                	            	github.com/evmos/ethermint/app/ante.newCosmosAnteHandler.ChainAnteDecorators.func2
                	            		/Users/keruch/Go-workspace/pkg/mod/github.com/cosmos/cosmos-sdk@v0.50.11/types/handler.go:48
                	            	github.com/cosmos/cosmos-sdk/x/auth/ante.ValidateBasicDecorator.AnteHandle
                	            		/Users/keruch/Go-workspace/pkg/mod/github.com/cosmos/cosmos-sdk@v0.50.11/x/auth/ante/basic.go:39
                	            	github.com/evmos/ethermint/app/ante.newCosmosAnteHandler.ChainAnteDecorators.func2
                	            		/Users/keruch/Go-workspace/pkg/mod/github.com/cosmos/cosmos-sdk@v0.50.11/types/handler.go:48
                	            	github.com/cosmos/cosmos-sdk/x/auth/ante.RejectExtensionOptionsDecorator.AnteHandle
                	            		/Users/keruch/Go-workspace/pkg/mod/github.com/cosmos/cosmos-sdk@v0.50.11/x/auth/ante/ext.go:52
                	            	github.com/evmos/ethermint/app/ante.newCosmosAnteHandler.ChainAnteDecorators.func2
                	            		/Users/keruch/Go-workspace/pkg/mod/github.com/cosmos/cosmos-sdk@v0.50.11/types/handler.go:48
                	            	github.com/cosmos/cosmos-sdk/x/auth/ante.SetUpContextDecorator.AnteHandle
                	            		/Users/keruch/Go-workspace/pkg/mod/github.com/cosmos/cosmos-sdk@v0.50.11/x/auth/ante/setup.go:70
                	            	github.com/evmos/ethermint/app/ante.newCosmosAnteHandler.ChainAnteDecorators.func2
                	            		/Users/keruch/Go-workspace/pkg/mod/github.com/cosmos/cosmos-sdk@v0.50.11/types/handler.go:48
                	            	github.com/evmos/ethermint/app/ante.AuthzLimiterDecorator.AnteHandle
                	            		/Users/keruch/Development/Dymension/ethermint/app/ante/authz.go:54
                	            	github.com/evmos/ethermint/app/ante.newCosmosAnteHandler.ChainAnteDecorators.func2
                	            		/Users/keruch/Go-workspace/pkg/mod/github.com/cosmos/cosmos-sdk@v0.50.11/types/handler.go:48
                	            	github.com/evmos/ethermint/app/ante.RejectMessagesDecorator.AnteHandle
                	            		/Users/keruch/Development/Dymension/ethermint/app/ante/reject_msgs.go:40
                	            	github.com/evmos/ethermint/app/ante.newCosmosAnteHandler.ChainAnteDecorators.func2
                	            		/Users/keruch/Go-workspace/pkg/mod/github.com/cosmos/cosmos-sdk@v0.50.11/types/handler.go:48
                	            	github.com/evmos/ethermint/app/ante.NewAnteHandler.func1
                	            		/Users/keruch/Development/Dymension/ethermint/app/ante/ante.go:89
                	            	github.com/evmos/ethermint/app/ante_test.(*AnteTestSuite).TestAnteHandler.func48
                	            		/Users/keruch/Development/Dymension/ethermint/app/ante/ante_test.go:941
                	            	github.com/stretchr/testify/suite.(*Suite).Run.func1
                	            		/Users/keruch/Go-workspace/pkg/mod/github.com/stretchr/testify@v1.9.0/suite/suite.go:115
                	            	signature verification failed; please verify account number (0) and chain-id (ethermint_9000-1): (unable to verify single signer signature): unauthorized
                	Test:       	TestAnteTestSuite/TestAnteHandler#02/success_-_DeliverTx_EIP712_signed_Cosmos_Tx_with_MsgSend
        --- FAIL: TestAnteTestSuite/TestAnteHandler#02/success_-_DeliverTx_EIP712_signed_Cosmos_Tx_with_DelegateMsg (0.01s)
            ante_test.go:946: 
                	Error Trace:	/Users/keruch/Development/Dymension/ethermint/app/ante/ante_test.go:946
                	            				/Users/keruch/Go-workspace/pkg/mod/github.com/stretchr/testify@v1.9.0/suite/suite.go:115
                	Error:      	Received unexpected error:
                	            	
                	            	github.com/cosmos/cosmos-sdk/x/auth/ante.SigVerificationDecorator.AnteHandle
                	            		/Users/keruch/Go-workspace/pkg/mod/github.com/cosmos/cosmos-sdk@v0.50.11/x/auth/ante/sigverify.go:333
                	            	github.com/evmos/ethermint/app/ante.newCosmosAnteHandler.ChainAnteDecorators.func2
                	            		/Users/keruch/Go-workspace/pkg/mod/github.com/cosmos/cosmos-sdk@v0.50.11/types/handler.go:48
                	            	github.com/cosmos/cosmos-sdk/x/auth/ante.SigGasConsumeDecorator.AnteHandle
                	            		/Users/keruch/Go-workspace/pkg/mod/github.com/cosmos/cosmos-sdk@v0.50.11/x/auth/ante/sigverify.go:212
                	            	github.com/evmos/ethermint/app/ante.newCosmosAnteHandler.ChainAnteDecorators.func2
                	            		/Users/keruch/Go-workspace/pkg/mod/github.com/cosmos/cosmos-sdk@v0.50.11/types/handler.go:48
                	            	github.com/cosmos/cosmos-sdk/x/auth/ante.ValidateSigCountDecorator.AnteHandle
                	            		/Users/keruch/Go-workspace/pkg/mod/github.com/cosmos/cosmos-sdk@v0.50.11/x/auth/ante/sigverify.go:420
                	            	github.com/evmos/ethermint/app/ante.newCosmosAnteHandler.ChainAnteDecorators.func2
                	            		/Users/keruch/Go-workspace/pkg/mod/github.com/cosmos/cosmos-sdk@v0.50.11/types/handler.go:48
                	            	github.com/cosmos/cosmos-sdk/x/auth/ante.SetPubKeyDecorator.AnteHandle
                	            		/Users/keruch/Go-workspace/pkg/mod/github.com/cosmos/cosmos-sdk@v0.50.11/x/auth/ante/sigverify.go:141
                	            	github.com/evmos/ethermint/app/ante.newCosmosAnteHandler.ChainAnteDecorators.func2
                	            		/Users/keruch/Go-workspace/pkg/mod/github.com/cosmos/cosmos-sdk@v0.50.11/types/handler.go:48
                	            	github.com/cosmos/cosmos-sdk/x/auth/ante.DeductFeeDecorator.AnteHandle
                	            		/Users/keruch/Go-workspace/pkg/mod/github.com/cosmos/cosmos-sdk@v0.50.11/x/auth/ante/fee.go:70
                	            	github.com/evmos/ethermint/app/ante.newCosmosAnteHandler.ChainAnteDecorators.func2
                	            		/Users/keruch/Go-workspace/pkg/mod/github.com/cosmos/cosmos-sdk@v0.50.11/types/handler.go:48
                	            	github.com/cosmos/cosmos-sdk/x/auth/ante.ConsumeTxSizeGasDecorator.AnteHandle
                	            		/Users/keruch/Go-workspace/pkg/mod/github.com/cosmos/cosmos-sdk@v0.50.11/x/auth/ante/basic.go:153
                	            	github.com/evmos/ethermint/app/ante.newCosmosAnteHandler.ChainAnteDecorators.func2
                	            		/Users/keruch/Go-workspace/pkg/mod/github.com/cosmos/cosmos-sdk@v0.50.11/types/handler.go:48
                	            	github.com/cosmos/cosmos-sdk/x/auth/ante.ValidateMemoDecorator.AnteHandle
                	            		/Users/keruch/Go-workspace/pkg/mod/github.com/cosmos/cosmos-sdk@v0.50.11/x/auth/ante/basic.go:72
                	            	github.com/evmos/ethermint/app/ante.newCosmosAnteHandler.ChainAnteDecorators.func2
                	            		/Users/keruch/Go-workspace/pkg/mod/github.com/cosmos/cosmos-sdk@v0.50.11/types/handler.go:48
                	            	github.com/evmos/ethermint/app/ante.MinGasPriceDecorator.AnteHandle
                	            		/Users/keruch/Development/Dymension/ethermint/app/ante/fees.go:91
                	            	github.com/evmos/ethermint/app/ante.newCosmosAnteHandler.ChainAnteDecorators.func2
                	            		/Users/keruch/Go-workspace/pkg/mod/github.com/cosmos/cosmos-sdk@v0.50.11/types/handler.go:48
                	            	github.com/cosmos/cosmos-sdk/x/auth/ante.TxTimeoutHeightDecorator.AnteHandle
                	            		/Users/keruch/Go-workspace/pkg/mod/github.com/cosmos/cosmos-sdk@v0.50.11/x/auth/ante/basic.go:216
                	            	github.com/evmos/ethermint/app/ante.newCosmosAnteHandler.ChainAnteDecorators.func2
                	            		/Users/keruch/Go-workspace/pkg/mod/github.com/cosmos/cosmos-sdk@v0.50.11/types/handler.go:48
                	            	github.com/cosmos/cosmos-sdk/x/auth/ante.ValidateBasicDecorator.AnteHandle
                	            		/Users/keruch/Go-workspace/pkg/mod/github.com/cosmos/cosmos-sdk@v0.50.11/x/auth/ante/basic.go:39
                	            	github.com/evmos/ethermint/app/ante.newCosmosAnteHandler.ChainAnteDecorators.func2
                	            		/Users/keruch/Go-workspace/pkg/mod/github.com/cosmos/cosmos-sdk@v0.50.11/types/handler.go:48
                	            	github.com/cosmos/cosmos-sdk/x/auth/ante.RejectExtensionOptionsDecorator.AnteHandle
                	            		/Users/keruch/Go-workspace/pkg/mod/github.com/cosmos/cosmos-sdk@v0.50.11/x/auth/ante/ext.go:52
                	            	github.com/evmos/ethermint/app/ante.newCosmosAnteHandler.ChainAnteDecorators.func2
                	            		/Users/keruch/Go-workspace/pkg/mod/github.com/cosmos/cosmos-sdk@v0.50.11/types/handler.go:48
                	            	github.com/cosmos/cosmos-sdk/x/auth/ante.SetUpContextDecorator.AnteHandle
                	            		/Users/keruch/Go-workspace/pkg/mod/github.com/cosmos/cosmos-sdk@v0.50.11/x/auth/ante/setup.go:70
                	            	github.com/evmos/ethermint/app/ante.newCosmosAnteHandler.ChainAnteDecorators.func2
                	            		/Users/keruch/Go-workspace/pkg/mod/github.com/cosmos/cosmos-sdk@v0.50.11/types/handler.go:48
                	            	github.com/evmos/ethermint/app/ante.AuthzLimiterDecorator.AnteHandle
                	            		/Users/keruch/Development/Dymension/ethermint/app/ante/authz.go:54
                	            	github.com/evmos/ethermint/app/ante.newCosmosAnteHandler.ChainAnteDecorators.func2
                	            		/Users/keruch/Go-workspace/pkg/mod/github.com/cosmos/cosmos-sdk@v0.50.11/types/handler.go:48
                	            	github.com/evmos/ethermint/app/ante.RejectMessagesDecorator.AnteHandle
                	            		/Users/keruch/Development/Dymension/ethermint/app/ante/reject_msgs.go:40
                	            	github.com/evmos/ethermint/app/ante.newCosmosAnteHandler.ChainAnteDecorators.func2
                	            		/Users/keruch/Go-workspace/pkg/mod/github.com/cosmos/cosmos-sdk@v0.50.11/types/handler.go:48
                	            	github.com/evmos/ethermint/app/ante.NewAnteHandler.func1
                	            		/Users/keruch/Development/Dymension/ethermint/app/ante/ante.go:89
                	            	github.com/evmos/ethermint/app/ante_test.(*AnteTestSuite).TestAnteHandler.func48
                	            		/Users/keruch/Development/Dymension/ethermint/app/ante/ante_test.go:941
                	            	github.com/stretchr/testify/suite.(*Suite).Run.func1
                	            		/Users/keruch/Go-workspace/pkg/mod/github.com/stretchr/testify@v1.9.0/suite/suite.go:115
                	            	signature verification failed; please verify account number (0) and chain-id (ethermint_9000-1): (unable to verify single signer signature): unauthorized
                	Test:       	TestAnteTestSuite/TestAnteHandler#02/success_-_DeliverTx_EIP712_signed_Cosmos_Tx_with_DelegateMsg
        --- FAIL: TestAnteTestSuite/TestAnteHandler#02/success-_DeliverTx_EIP712_create_validator (0.01s)
            ante_test.go:946: 
                	Error Trace:	/Users/keruch/Development/Dymension/ethermint/app/ante/ante_test.go:946
                	            				/Users/keruch/Go-workspace/pkg/mod/github.com/stretchr/testify@v1.9.0/suite/suite.go:115
                	Error:      	Received unexpected error:
                	            	
                	            	github.com/cosmos/cosmos-sdk/x/auth/ante.SigVerificationDecorator.AnteHandle
                	            		/Users/keruch/Go-workspace/pkg/mod/github.com/cosmos/cosmos-sdk@v0.50.11/x/auth/ante/sigverify.go:333
                	            	github.com/evmos/ethermint/app/ante.newCosmosAnteHandler.ChainAnteDecorators.func2
                	            		/Users/keruch/Go-workspace/pkg/mod/github.com/cosmos/cosmos-sdk@v0.50.11/types/handler.go:48
                	            	github.com/cosmos/cosmos-sdk/x/auth/ante.SigGasConsumeDecorator.AnteHandle
                	            		/Users/keruch/Go-workspace/pkg/mod/github.com/cosmos/cosmos-sdk@v0.50.11/x/auth/ante/sigverify.go:212
                	            	github.com/evmos/ethermint/app/ante.newCosmosAnteHandler.ChainAnteDecorators.func2
                	            		/Users/keruch/Go-workspace/pkg/mod/github.com/cosmos/cosmos-sdk@v0.50.11/types/handler.go:48
                	            	github.com/cosmos/cosmos-sdk/x/auth/ante.ValidateSigCountDecorator.AnteHandle
                	            		/Users/keruch/Go-workspace/pkg/mod/github.com/cosmos/cosmos-sdk@v0.50.11/x/auth/ante/sigverify.go:420
                	            	github.com/evmos/ethermint/app/ante.newCosmosAnteHandler.ChainAnteDecorators.func2
                	            		/Users/keruch/Go-workspace/pkg/mod/github.com/cosmos/cosmos-sdk@v0.50.11/types/handler.go:48
                	            	github.com/cosmos/cosmos-sdk/x/auth/ante.SetPubKeyDecorator.AnteHandle
                	            		/Users/keruch/Go-workspace/pkg/mod/github.com/cosmos/cosmos-sdk@v0.50.11/x/auth/ante/sigverify.go:141
                	            	github.com/evmos/ethermint/app/ante.newCosmosAnteHandler.ChainAnteDecorators.func2
                	            		/Users/keruch/Go-workspace/pkg/mod/github.com/cosmos/cosmos-sdk@v0.50.11/types/handler.go:48
                	            	github.com/cosmos/cosmos-sdk/x/auth/ante.DeductFeeDecorator.AnteHandle
                	            		/Users/keruch/Go-workspace/pkg/mod/github.com/cosmos/cosmos-sdk@v0.50.11/x/auth/ante/fee.go:70
                	            	github.com/evmos/ethermint/app/ante.newCosmosAnteHandler.ChainAnteDecorators.func2
                	            		/Users/keruch/Go-workspace/pkg/mod/github.com/cosmos/cosmos-sdk@v0.50.11/types/handler.go:48
                	            	github.com/cosmos/cosmos-sdk/x/auth/ante.ConsumeTxSizeGasDecorator.AnteHandle
                	            		/Users/keruch/Go-workspace/pkg/mod/github.com/cosmos/cosmos-sdk@v0.50.11/x/auth/ante/basic.go:153
                	            	github.com/evmos/ethermint/app/ante.newCosmosAnteHandler.ChainAnteDecorators.func2
                	            		/Users/keruch/Go-workspace/pkg/mod/github.com/cosmos/cosmos-sdk@v0.50.11/types/handler.go:48
                	            	github.com/cosmos/cosmos-sdk/x/auth/ante.ValidateMemoDecorator.AnteHandle
                	            		/Users/keruch/Go-workspace/pkg/mod/github.com/cosmos/cosmos-sdk@v0.50.11/x/auth/ante/basic.go:72
                	            	github.com/evmos/ethermint/app/ante.newCosmosAnteHandler.ChainAnteDecorators.func2
                	            		/Users/keruch/Go-workspace/pkg/mod/github.com/cosmos/cosmos-sdk@v0.50.11/types/handler.go:48
                	            	github.com/evmos/ethermint/app/ante.MinGasPriceDecorator.AnteHandle
                	            		/Users/keruch/Development/Dymension/ethermint/app/ante/fees.go:91
                	            	github.com/evmos/ethermint/app/ante.newCosmosAnteHandler.ChainAnteDecorators.func2
                	            		/Users/keruch/Go-workspace/pkg/mod/github.com/cosmos/cosmos-sdk@v0.50.11/types/handler.go:48
                	            	github.com/cosmos/cosmos-sdk/x/auth/ante.TxTimeoutHeightDecorator.AnteHandle
                	            		/Users/keruch/Go-workspace/pkg/mod/github.com/cosmos/cosmos-sdk@v0.50.11/x/auth/ante/basic.go:216
                	            	github.com/evmos/ethermint/app/ante.newCosmosAnteHandler.ChainAnteDecorators.func2
                	            		/Users/keruch/Go-workspace/pkg/mod/github.com/cosmos/cosmos-sdk@v0.50.11/types/handler.go:48
                	            	github.com/cosmos/cosmos-sdk/x/auth/ante.ValidateBasicDecorator.AnteHandle
                	            		/Users/keruch/Go-workspace/pkg/mod/github.com/cosmos/cosmos-sdk@v0.50.11/x/auth/ante/basic.go:39
                	            	github.com/evmos/ethermint/app/ante.newCosmosAnteHandler.ChainAnteDecorators.func2
                	            		/Users/keruch/Go-workspace/pkg/mod/github.com/cosmos/cosmos-sdk@v0.50.11/types/handler.go:48
                	            	github.com/cosmos/cosmos-sdk/x/auth/ante.RejectExtensionOptionsDecorator.AnteHandle
                	            		/Users/keruch/Go-workspace/pkg/mod/github.com/cosmos/cosmos-sdk@v0.50.11/x/auth/ante/ext.go:52
                	            	github.com/evmos/ethermint/app/ante.newCosmosAnteHandler.ChainAnteDecorators.func2
                	            		/Users/keruch/Go-workspace/pkg/mod/github.com/cosmos/cosmos-sdk@v0.50.11/types/handler.go:48
                	            	github.com/cosmos/cosmos-sdk/x/auth/ante.SetUpContextDecorator.AnteHandle
                	            		/Users/keruch/Go-workspace/pkg/mod/github.com/cosmos/cosmos-sdk@v0.50.11/x/auth/ante/setup.go:70
                	            	github.com/evmos/ethermint/app/ante.newCosmosAnteHandler.ChainAnteDecorators.func2
                	            		/Users/keruch/Go-workspace/pkg/mod/github.com/cosmos/cosmos-sdk@v0.50.11/types/handler.go:48
                	            	github.com/evmos/ethermint/app/ante.AuthzLimiterDecorator.AnteHandle
                	            		/Users/keruch/Development/Dymension/ethermint/app/ante/authz.go:54
                	            	github.com/evmos/ethermint/app/ante.newCosmosAnteHandler.ChainAnteDecorators.func2
                	            		/Users/keruch/Go-workspace/pkg/mod/github.com/cosmos/cosmos-sdk@v0.50.11/types/handler.go:48
                	            	github.com/evmos/ethermint/app/ante.RejectMessagesDecorator.AnteHandle
                	            		/Users/keruch/Development/Dymension/ethermint/app/ante/reject_msgs.go:40
                	            	github.com/evmos/ethermint/app/ante.newCosmosAnteHandler.ChainAnteDecorators.func2
                	            		/Users/keruch/Go-workspace/pkg/mod/github.com/cosmos/cosmos-sdk@v0.50.11/types/handler.go:48
                	            	github.com/evmos/ethermint/app/ante.NewAnteHandler.func1
                	            		/Users/keruch/Development/Dymension/ethermint/app/ante/ante.go:89
                	            	github.com/evmos/ethermint/app/ante_test.(*AnteTestSuite).TestAnteHandler.func48
                	            		/Users/keruch/Development/Dymension/ethermint/app/ante/ante_test.go:941
                	            	github.com/stretchr/testify/suite.(*Suite).Run.func1
                	            		/Users/keruch/Go-workspace/pkg/mod/github.com/stretchr/testify@v1.9.0/suite/suite.go:115
                	            	signature verification failed; please verify account number (0) and chain-id (ethermint_9000-1): (unable to verify single signer signature): unauthorized
                	Test:       	TestAnteTestSuite/TestAnteHandler#02/success-_DeliverTx_EIP712_create_validator
        --- FAIL: TestAnteTestSuite/TestAnteHandler#02/success-_DeliverTx_EIP712_create_validator_(with_blank_fields) (0.01s)
            ante_test.go:946: 
                	Error Trace:	/Users/keruch/Development/Dymension/ethermint/app/ante/ante_test.go:946
                	            				/Users/keruch/Go-workspace/pkg/mod/github.com/stretchr/testify@v1.9.0/suite/suite.go:115
                	Error:      	Received unexpected error:
                	            	
                	            	github.com/cosmos/cosmos-sdk/x/auth/ante.SigVerificationDecorator.AnteHandle
                	            		/Users/keruch/Go-workspace/pkg/mod/github.com/cosmos/cosmos-sdk@v0.50.11/x/auth/ante/sigverify.go:333
                	            	github.com/evmos/ethermint/app/ante.newCosmosAnteHandler.ChainAnteDecorators.func2
                	            		/Users/keruch/Go-workspace/pkg/mod/github.com/cosmos/cosmos-sdk@v0.50.11/types/handler.go:48
                	            	github.com/cosmos/cosmos-sdk/x/auth/ante.SigGasConsumeDecorator.AnteHandle
                	            		/Users/keruch/Go-workspace/pkg/mod/github.com/cosmos/cosmos-sdk@v0.50.11/x/auth/ante/sigverify.go:212
                	            	github.com/evmos/ethermint/app/ante.newCosmosAnteHandler.ChainAnteDecorators.func2
                	            		/Users/keruch/Go-workspace/pkg/mod/github.com/cosmos/cosmos-sdk@v0.50.11/types/handler.go:48
                	            	github.com/cosmos/cosmos-sdk/x/auth/ante.ValidateSigCountDecorator.AnteHandle
                	            		/Users/keruch/Go-workspace/pkg/mod/github.com/cosmos/cosmos-sdk@v0.50.11/x/auth/ante/sigverify.go:420
                	            	github.com/evmos/ethermint/app/ante.newCosmosAnteHandler.ChainAnteDecorators.func2
                	            		/Users/keruch/Go-workspace/pkg/mod/github.com/cosmos/cosmos-sdk@v0.50.11/types/handler.go:48
                	            	github.com/cosmos/cosmos-sdk/x/auth/ante.SetPubKeyDecorator.AnteHandle
                	            		/Users/keruch/Go-workspace/pkg/mod/github.com/cosmos/cosmos-sdk@v0.50.11/x/auth/ante/sigverify.go:141
                	            	github.com/evmos/ethermint/app/ante.newCosmosAnteHandler.ChainAnteDecorators.func2
                	            		/Users/keruch/Go-workspace/pkg/mod/github.com/cosmos/cosmos-sdk@v0.50.11/types/handler.go:48
                	            	github.com/cosmos/cosmos-sdk/x/auth/ante.DeductFeeDecorator.AnteHandle
                	            		/Users/keruch/Go-workspace/pkg/mod/github.com/cosmos/cosmos-sdk@v0.50.11/x/auth/ante/fee.go:70
                	            	github.com/evmos/ethermint/app/ante.newCosmosAnteHandler.ChainAnteDecorators.func2
                	            		/Users/keruch/Go-workspace/pkg/mod/github.com/cosmos/cosmos-sdk@v0.50.11/types/handler.go:48
                	            	github.com/cosmos/cosmos-sdk/x/auth/ante.ConsumeTxSizeGasDecorator.AnteHandle
                	            		/Users/keruch/Go-workspace/pkg/mod/github.com/cosmos/cosmos-sdk@v0.50.11/x/auth/ante/basic.go:153
                	            	github.com/evmos/ethermint/app/ante.newCosmosAnteHandler.ChainAnteDecorators.func2
                	            		/Users/keruch/Go-workspace/pkg/mod/github.com/cosmos/cosmos-sdk@v0.50.11/types/handler.go:48
                	            	github.com/cosmos/cosmos-sdk/x/auth/ante.ValidateMemoDecorator.AnteHandle
                	            		/Users/keruch/Go-workspace/pkg/mod/github.com/cosmos/cosmos-sdk@v0.50.11/x/auth/ante/basic.go:72
                	            	github.com/evmos/ethermint/app/ante.newCosmosAnteHandler.ChainAnteDecorators.func2
                	            		/Users/keruch/Go-workspace/pkg/mod/github.com/cosmos/cosmos-sdk@v0.50.11/types/handler.go:48
                	            	github.com/evmos/ethermint/app/ante.MinGasPriceDecorator.AnteHandle
                	            		/Users/keruch/Development/Dymension/ethermint/app/ante/fees.go:91
                	            	github.com/evmos/ethermint/app/ante.newCosmosAnteHandler.ChainAnteDecorators.func2
                	            		/Users/keruch/Go-workspace/pkg/mod/github.com/cosmos/cosmos-sdk@v0.50.11/types/handler.go:48
                	            	github.com/cosmos/cosmos-sdk/x/auth/ante.TxTimeoutHeightDecorator.AnteHandle
                	            		/Users/keruch/Go-workspace/pkg/mod/github.com/cosmos/cosmos-sdk@v0.50.11/x/auth/ante/basic.go:216
                	            	github.com/evmos/ethermint/app/ante.newCosmosAnteHandler.ChainAnteDecorators.func2
                	            		/Users/keruch/Go-workspace/pkg/mod/github.com/cosmos/cosmos-sdk@v0.50.11/types/handler.go:48
                	            	github.com/cosmos/cosmos-sdk/x/auth/ante.ValidateBasicDecorator.AnteHandle
                	            		/Users/keruch/Go-workspace/pkg/mod/github.com/cosmos/cosmos-sdk@v0.50.11/x/auth/ante/basic.go:39
                	            	github.com/evmos/ethermint/app/ante.newCosmosAnteHandler.ChainAnteDecorators.func2
                	            		/Users/keruch/Go-workspace/pkg/mod/github.com/cosmos/cosmos-sdk@v0.50.11/types/handler.go:48
                	            	github.com/cosmos/cosmos-sdk/x/auth/ante.RejectExtensionOptionsDecorator.AnteHandle
                	            		/Users/keruch/Go-workspace/pkg/mod/github.com/cosmos/cosmos-sdk@v0.50.11/x/auth/ante/ext.go:52
                	            	github.com/evmos/ethermint/app/ante.newCosmosAnteHandler.ChainAnteDecorators.func2
                	            		/Users/keruch/Go-workspace/pkg/mod/github.com/cosmos/cosmos-sdk@v0.50.11/types/handler.go:48
                	            	github.com/cosmos/cosmos-sdk/x/auth/ante.SetUpContextDecorator.AnteHandle
                	            		/Users/keruch/Go-workspace/pkg/mod/github.com/cosmos/cosmos-sdk@v0.50.11/x/auth/ante/setup.go:70
                	            	github.com/evmos/ethermint/app/ante.newCosmosAnteHandler.ChainAnteDecorators.func2
                	            		/Users/keruch/Go-workspace/pkg/mod/github.com/cosmos/cosmos-sdk@v0.50.11/types/handler.go:48
                	            	github.com/evmos/ethermint/app/ante.AuthzLimiterDecorator.AnteHandle
                	            		/Users/keruch/Development/Dymension/ethermint/app/ante/authz.go:54
                	            	github.com/evmos/ethermint/app/ante.newCosmosAnteHandler.ChainAnteDecorators.func2
                	            		/Users/keruch/Go-workspace/pkg/mod/github.com/cosmos/cosmos-sdk@v0.50.11/types/handler.go:48
                	            	github.com/evmos/ethermint/app/ante.RejectMessagesDecorator.AnteHandle
                	            		/Users/keruch/Development/Dymension/ethermint/app/ante/reject_msgs.go:40
                	            	github.com/evmos/ethermint/app/ante.newCosmosAnteHandler.ChainAnteDecorators.func2
                	            		/Users/keruch/Go-workspace/pkg/mod/github.com/cosmos/cosmos-sdk@v0.50.11/types/handler.go:48
                	            	github.com/evmos/ethermint/app/ante.NewAnteHandler.func1
                	            		/Users/keruch/Development/Dymension/ethermint/app/ante/ante.go:89
                	            	github.com/evmos/ethermint/app/ante_test.(*AnteTestSuite).TestAnteHandler.func48
                	            		/Users/keruch/Development/Dymension/ethermint/app/ante/ante_test.go:941
                	            	github.com/stretchr/testify/suite.(*Suite).Run.func1
                	            		/Users/keruch/Go-workspace/pkg/mod/github.com/stretchr/testify@v1.9.0/suite/suite.go:115
                	            	signature verification failed; please verify account number (0) and chain-id (ethermint_9000-1): (unable to verify single signer signature): unauthorized
                	Test:       	TestAnteTestSuite/TestAnteHandler#02/success-_DeliverTx_EIP712_create_validator_(with_blank_fields)
        --- FAIL: TestAnteTestSuite/TestAnteHandler#02/success-_DeliverTx_EIP712_MsgSubmitProposal (0.01s)
            ante_test.go:946: 
                	Error Trace:	/Users/keruch/Development/Dymension/ethermint/app/ante/ante_test.go:946
                	            				/Users/keruch/Go-workspace/pkg/mod/github.com/stretchr/testify@v1.9.0/suite/suite.go:115
                	Error:      	Received unexpected error:
                	            	
                	            	github.com/cosmos/cosmos-sdk/x/auth/ante.SigVerificationDecorator.AnteHandle
                	            		/Users/keruch/Go-workspace/pkg/mod/github.com/cosmos/cosmos-sdk@v0.50.11/x/auth/ante/sigverify.go:333
                	            	github.com/evmos/ethermint/app/ante.newCosmosAnteHandler.ChainAnteDecorators.func2
                	            		/Users/keruch/Go-workspace/pkg/mod/github.com/cosmos/cosmos-sdk@v0.50.11/types/handler.go:48
                	            	github.com/cosmos/cosmos-sdk/x/auth/ante.SigGasConsumeDecorator.AnteHandle
                	            		/Users/keruch/Go-workspace/pkg/mod/github.com/cosmos/cosmos-sdk@v0.50.11/x/auth/ante/sigverify.go:212
                	            	github.com/evmos/ethermint/app/ante.newCosmosAnteHandler.ChainAnteDecorators.func2
                	            		/Users/keruch/Go-workspace/pkg/mod/github.com/cosmos/cosmos-sdk@v0.50.11/types/handler.go:48
                	            	github.com/cosmos/cosmos-sdk/x/auth/ante.ValidateSigCountDecorator.AnteHandle
                	            		/Users/keruch/Go-workspace/pkg/mod/github.com/cosmos/cosmos-sdk@v0.50.11/x/auth/ante/sigverify.go:420
                	            	github.com/evmos/ethermint/app/ante.newCosmosAnteHandler.ChainAnteDecorators.func2
                	            		/Users/keruch/Go-workspace/pkg/mod/github.com/cosmos/cosmos-sdk@v0.50.11/types/handler.go:48
                	            	github.com/cosmos/cosmos-sdk/x/auth/ante.SetPubKeyDecorator.AnteHandle
                	            		/Users/keruch/Go-workspace/pkg/mod/github.com/cosmos/cosmos-sdk@v0.50.11/x/auth/ante/sigverify.go:141
                	            	github.com/evmos/ethermint/app/ante.newCosmosAnteHandler.ChainAnteDecorators.func2
                	            		/Users/keruch/Go-workspace/pkg/mod/github.com/cosmos/cosmos-sdk@v0.50.11/types/handler.go:48
                	            	github.com/cosmos/cosmos-sdk/x/auth/ante.DeductFeeDecorator.AnteHandle
                	            		/Users/keruch/Go-workspace/pkg/mod/github.com/cosmos/cosmos-sdk@v0.50.11/x/auth/ante/fee.go:70
                	            	github.com/evmos/ethermint/app/ante.newCosmosAnteHandler.ChainAnteDecorators.func2
                	            		/Users/keruch/Go-workspace/pkg/mod/github.com/cosmos/cosmos-sdk@v0.50.11/types/handler.go:48
                	            	github.com/cosmos/cosmos-sdk/x/auth/ante.ConsumeTxSizeGasDecorator.AnteHandle
                	            		/Users/keruch/Go-workspace/pkg/mod/github.com/cosmos/cosmos-sdk@v0.50.11/x/auth/ante/basic.go:153
                	            	github.com/evmos/ethermint/app/ante.newCosmosAnteHandler.ChainAnteDecorators.func2
                	            		/Users/keruch/Go-workspace/pkg/mod/github.com/cosmos/cosmos-sdk@v0.50.11/types/handler.go:48
                	            	github.com/cosmos/cosmos-sdk/x/auth/ante.ValidateMemoDecorator.AnteHandle
                	            		/Users/keruch/Go-workspace/pkg/mod/github.com/cosmos/cosmos-sdk@v0.50.11/x/auth/ante/basic.go:72
                	            	github.com/evmos/ethermint/app/ante.newCosmosAnteHandler.ChainAnteDecorators.func2
                	            		/Users/keruch/Go-workspace/pkg/mod/github.com/cosmos/cosmos-sdk@v0.50.11/types/handler.go:48
                	            	github.com/evmos/ethermint/app/ante.MinGasPriceDecorator.AnteHandle
                	            		/Users/keruch/Development/Dymension/ethermint/app/ante/fees.go:91
                	            	github.com/evmos/ethermint/app/ante.newCosmosAnteHandler.ChainAnteDecorators.func2
                	            		/Users/keruch/Go-workspace/pkg/mod/github.com/cosmos/cosmos-sdk@v0.50.11/types/handler.go:48
                	            	github.com/cosmos/cosmos-sdk/x/auth/ante.TxTimeoutHeightDecorator.AnteHandle
                	            		/Users/keruch/Go-workspace/pkg/mod/github.com/cosmos/cosmos-sdk@v0.50.11/x/auth/ante/basic.go:216
                	            	github.com/evmos/ethermint/app/ante.newCosmosAnteHandler.ChainAnteDecorators.func2
                	            		/Users/keruch/Go-workspace/pkg/mod/github.com/cosmos/cosmos-sdk@v0.50.11/types/handler.go:48
                	            	github.com/cosmos/cosmos-sdk/x/auth/ante.ValidateBasicDecorator.AnteHandle
                	            		/Users/keruch/Go-workspace/pkg/mod/github.com/cosmos/cosmos-sdk@v0.50.11/x/auth/ante/basic.go:39
                	            	github.com/evmos/ethermint/app/ante.newCosmosAnteHandler.ChainAnteDecorators.func2
                	            		/Users/keruch/Go-workspace/pkg/mod/github.com/cosmos/cosmos-sdk@v0.50.11/types/handler.go:48
                	            	github.com/cosmos/cosmos-sdk/x/auth/ante.RejectExtensionOptionsDecorator.AnteHandle
                	            		/Users/keruch/Go-workspace/pkg/mod/github.com/cosmos/cosmos-sdk@v0.50.11/x/auth/ante/ext.go:52
                	            	github.com/evmos/ethermint/app/ante.newCosmosAnteHandler.ChainAnteDecorators.func2
                	            		/Users/keruch/Go-workspace/pkg/mod/github.com/cosmos/cosmos-sdk@v0.50.11/types/handler.go:48
                	            	github.com/cosmos/cosmos-sdk/x/auth/ante.SetUpContextDecorator.AnteHandle
                	            		/Users/keruch/Go-workspace/pkg/mod/github.com/cosmos/cosmos-sdk@v0.50.11/x/auth/ante/setup.go:70
                	            	github.com/evmos/ethermint/app/ante.newCosmosAnteHandler.ChainAnteDecorators.func2
                	            		/Users/keruch/Go-workspace/pkg/mod/github.com/cosmos/cosmos-sdk@v0.50.11/types/handler.go:48
                	            	github.com/evmos/ethermint/app/ante.AuthzLimiterDecorator.AnteHandle
                	            		/Users/keruch/Development/Dymension/ethermint/app/ante/authz.go:54
                	            	github.com/evmos/ethermint/app/ante.newCosmosAnteHandler.ChainAnteDecorators.func2
                	            		/Users/keruch/Go-workspace/pkg/mod/github.com/cosmos/cosmos-sdk@v0.50.11/types/handler.go:48
                	            	github.com/evmos/ethermint/app/ante.RejectMessagesDecorator.AnteHandle
                	            		/Users/keruch/Development/Dymension/ethermint/app/ante/reject_msgs.go:40
                	            	github.com/evmos/ethermint/app/ante.newCosmosAnteHandler.ChainAnteDecorators.func2
                	            		/Users/keruch/Go-workspace/pkg/mod/github.com/cosmos/cosmos-sdk@v0.50.11/types/handler.go:48
                	            	github.com/evmos/ethermint/app/ante.NewAnteHandler.func1
                	            		/Users/keruch/Development/Dymension/ethermint/app/ante/ante.go:89
                	            	github.com/evmos/ethermint/app/ante_test.(*AnteTestSuite).TestAnteHandler.func48
                	            		/Users/keruch/Development/Dymension/ethermint/app/ante/ante_test.go:941
                	            	github.com/stretchr/testify/suite.(*Suite).Run.func1
                	            		/Users/keruch/Go-workspace/pkg/mod/github.com/stretchr/testify@v1.9.0/suite/suite.go:115
                	            	signature verification failed; please verify account number (0) and chain-id (ethermint_9000-1): (unable to verify single signer signature): unauthorized
                	Test:       	TestAnteTestSuite/TestAnteHandler#02/success-_DeliverTx_EIP712_MsgSubmitProposal
        --- FAIL: TestAnteTestSuite/TestAnteHandler#02/success-_DeliverTx_EIP712_MsgGrant (0.02s)
            ante_test.go:946: 
                	Error Trace:	/Users/keruch/Development/Dymension/ethermint/app/ante/ante_test.go:946
                	            				/Users/keruch/Go-workspace/pkg/mod/github.com/stretchr/testify@v1.9.0/suite/suite.go:115
                	Error:      	Received unexpected error:
                	            	
                	            	github.com/cosmos/cosmos-sdk/x/auth/ante.SigVerificationDecorator.AnteHandle
                	            		/Users/keruch/Go-workspace/pkg/mod/github.com/cosmos/cosmos-sdk@v0.50.11/x/auth/ante/sigverify.go:333
                	            	github.com/evmos/ethermint/app/ante.newCosmosAnteHandler.ChainAnteDecorators.func2
                	            		/Users/keruch/Go-workspace/pkg/mod/github.com/cosmos/cosmos-sdk@v0.50.11/types/handler.go:48
                	            	github.com/cosmos/cosmos-sdk/x/auth/ante.SigGasConsumeDecorator.AnteHandle
                	            		/Users/keruch/Go-workspace/pkg/mod/github.com/cosmos/cosmos-sdk@v0.50.11/x/auth/ante/sigverify.go:212
                	            	github.com/evmos/ethermint/app/ante.newCosmosAnteHandler.ChainAnteDecorators.func2
                	            		/Users/keruch/Go-workspace/pkg/mod/github.com/cosmos/cosmos-sdk@v0.50.11/types/handler.go:48
                	            	github.com/cosmos/cosmos-sdk/x/auth/ante.ValidateSigCountDecorator.AnteHandle
                	            		/Users/keruch/Go-workspace/pkg/mod/github.com/cosmos/cosmos-sdk@v0.50.11/x/auth/ante/sigverify.go:420
                	            	github.com/evmos/ethermint/app/ante.newCosmosAnteHandler.ChainAnteDecorators.func2
                	            		/Users/keruch/Go-workspace/pkg/mod/github.com/cosmos/cosmos-sdk@v0.50.11/types/handler.go:48
                	            	github.com/cosmos/cosmos-sdk/x/auth/ante.SetPubKeyDecorator.AnteHandle
                	            		/Users/keruch/Go-workspace/pkg/mod/github.com/cosmos/cosmos-sdk@v0.50.11/x/auth/ante/sigverify.go:141
                	            	github.com/evmos/ethermint/app/ante.newCosmosAnteHandler.ChainAnteDecorators.func2
                	            		/Users/keruch/Go-workspace/pkg/mod/github.com/cosmos/cosmos-sdk@v0.50.11/types/handler.go:48
                	            	github.com/cosmos/cosmos-sdk/x/auth/ante.DeductFeeDecorator.AnteHandle
                	            		/Users/keruch/Go-workspace/pkg/mod/github.com/cosmos/cosmos-sdk@v0.50.11/x/auth/ante/fee.go:70
                	            	github.com/evmos/ethermint/app/ante.newCosmosAnteHandler.ChainAnteDecorators.func2
                	            		/Users/keruch/Go-workspace/pkg/mod/github.com/cosmos/cosmos-sdk@v0.50.11/types/handler.go:48
                	            	github.com/cosmos/cosmos-sdk/x/auth/ante.ConsumeTxSizeGasDecorator.AnteHandle
                	            		/Users/keruch/Go-workspace/pkg/mod/github.com/cosmos/cosmos-sdk@v0.50.11/x/auth/ante/basic.go:153
                	            	github.com/evmos/ethermint/app/ante.newCosmosAnteHandler.ChainAnteDecorators.func2
                	            		/Users/keruch/Go-workspace/pkg/mod/github.com/cosmos/cosmos-sdk@v0.50.11/types/handler.go:48
                	            	github.com/cosmos/cosmos-sdk/x/auth/ante.ValidateMemoDecorator.AnteHandle
                	            		/Users/keruch/Go-workspace/pkg/mod/github.com/cosmos/cosmos-sdk@v0.50.11/x/auth/ante/basic.go:72
                	            	github.com/evmos/ethermint/app/ante.newCosmosAnteHandler.ChainAnteDecorators.func2
                	            		/Users/keruch/Go-workspace/pkg/mod/github.com/cosmos/cosmos-sdk@v0.50.11/types/handler.go:48
                	            	github.com/evmos/ethermint/app/ante.MinGasPriceDecorator.AnteHandle
                	            		/Users/keruch/Development/Dymension/ethermint/app/ante/fees.go:91
                	            	github.com/evmos/ethermint/app/ante.newCosmosAnteHandler.ChainAnteDecorators.func2
                	            		/Users/keruch/Go-workspace/pkg/mod/github.com/cosmos/cosmos-sdk@v0.50.11/types/handler.go:48
                	            	github.com/cosmos/cosmos-sdk/x/auth/ante.TxTimeoutHeightDecorator.AnteHandle
                	            		/Users/keruch/Go-workspace/pkg/mod/github.com/cosmos/cosmos-sdk@v0.50.11/x/auth/ante/basic.go:216
                	            	github.com/evmos/ethermint/app/ante.newCosmosAnteHandler.ChainAnteDecorators.func2
                	            		/Users/keruch/Go-workspace/pkg/mod/github.com/cosmos/cosmos-sdk@v0.50.11/types/handler.go:48
                	            	github.com/cosmos/cosmos-sdk/x/auth/ante.ValidateBasicDecorator.AnteHandle
                	            		/Users/keruch/Go-workspace/pkg/mod/github.com/cosmos/cosmos-sdk@v0.50.11/x/auth/ante/basic.go:39
                	            	github.com/evmos/ethermint/app/ante.newCosmosAnteHandler.ChainAnteDecorators.func2
                	            		/Users/keruch/Go-workspace/pkg/mod/github.com/cosmos/cosmos-sdk@v0.50.11/types/handler.go:48
                	            	github.com/cosmos/cosmos-sdk/x/auth/ante.RejectExtensionOptionsDecorator.AnteHandle
                	            		/Users/keruch/Go-workspace/pkg/mod/github.com/cosmos/cosmos-sdk@v0.50.11/x/auth/ante/ext.go:52
                	            	github.com/evmos/ethermint/app/ante.newCosmosAnteHandler.ChainAnteDecorators.func2
                	            		/Users/keruch/Go-workspace/pkg/mod/github.com/cosmos/cosmos-sdk@v0.50.11/types/handler.go:48
                	            	github.com/cosmos/cosmos-sdk/x/auth/ante.SetUpContextDecorator.AnteHandle
                	            		/Users/keruch/Go-workspace/pkg/mod/github.com/cosmos/cosmos-sdk@v0.50.11/x/auth/ante/setup.go:70
                	            	github.com/evmos/ethermint/app/ante.newCosmosAnteHandler.ChainAnteDecorators.func2
                	            		/Users/keruch/Go-workspace/pkg/mod/github.com/cosmos/cosmos-sdk@v0.50.11/types/handler.go:48
                	            	github.com/evmos/ethermint/app/ante.AuthzLimiterDecorator.AnteHandle
                	            		/Users/keruch/Development/Dymension/ethermint/app/ante/authz.go:54
                	            	github.com/evmos/ethermint/app/ante.newCosmosAnteHandler.ChainAnteDecorators.func2
                	            		/Users/keruch/Go-workspace/pkg/mod/github.com/cosmos/cosmos-sdk@v0.50.11/types/handler.go:48
                	            	github.com/evmos/ethermint/app/ante.RejectMessagesDecorator.AnteHandle
                	            		/Users/keruch/Development/Dymension/ethermint/app/ante/reject_msgs.go:40
                	            	github.com/evmos/ethermint/app/ante.newCosmosAnteHandler.ChainAnteDecorators.func2
                	            		/Users/keruch/Go-workspace/pkg/mod/github.com/cosmos/cosmos-sdk@v0.50.11/types/handler.go:48
                	            	github.com/evmos/ethermint/app/ante.NewAnteHandler.func1
                	            		/Users/keruch/Development/Dymension/ethermint/app/ante/ante.go:89
                	            	github.com/evmos/ethermint/app/ante_test.(*AnteTestSuite).TestAnteHandler.func48
                	            		/Users/keruch/Development/Dymension/ethermint/app/ante/ante_test.go:941
                	            	github.com/stretchr/testify/suite.(*Suite).Run.func1
                	            		/Users/keruch/Go-workspace/pkg/mod/github.com/stretchr/testify@v1.9.0/suite/suite.go:115
                	            	signature verification failed; please verify account number (0) and chain-id (ethermint_9000-1): (unable to verify single signer signature): unauthorized
                	Test:       	TestAnteTestSuite/TestAnteHandler#02/success-_DeliverTx_EIP712_MsgGrant
        --- FAIL: TestAnteTestSuite/TestAnteHandler#02/success-_DeliverTx_EIP712_MsgGrantAllowance (0.02s)
            ante_test.go:946: 
                	Error Trace:	/Users/keruch/Development/Dymension/ethermint/app/ante/ante_test.go:946
                	            				/Users/keruch/Go-workspace/pkg/mod/github.com/stretchr/testify@v1.9.0/suite/suite.go:115
                	Error:      	Received unexpected error:
                	            	
                	            	github.com/cosmos/cosmos-sdk/x/auth/ante.SigVerificationDecorator.AnteHandle
                	            		/Users/keruch/Go-workspace/pkg/mod/github.com/cosmos/cosmos-sdk@v0.50.11/x/auth/ante/sigverify.go:333
                	            	github.com/evmos/ethermint/app/ante.newCosmosAnteHandler.ChainAnteDecorators.func2
                	            		/Users/keruch/Go-workspace/pkg/mod/github.com/cosmos/cosmos-sdk@v0.50.11/types/handler.go:48
                	            	github.com/cosmos/cosmos-sdk/x/auth/ante.SigGasConsumeDecorator.AnteHandle
                	            		/Users/keruch/Go-workspace/pkg/mod/github.com/cosmos/cosmos-sdk@v0.50.11/x/auth/ante/sigverify.go:212
                	            	github.com/evmos/ethermint/app/ante.newCosmosAnteHandler.ChainAnteDecorators.func2
                	            		/Users/keruch/Go-workspace/pkg/mod/github.com/cosmos/cosmos-sdk@v0.50.11/types/handler.go:48
                	            	github.com/cosmos/cosmos-sdk/x/auth/ante.ValidateSigCountDecorator.AnteHandle
                	            		/Users/keruch/Go-workspace/pkg/mod/github.com/cosmos/cosmos-sdk@v0.50.11/x/auth/ante/sigverify.go:420
                	            	github.com/evmos/ethermint/app/ante.newCosmosAnteHandler.ChainAnteDecorators.func2
                	            		/Users/keruch/Go-workspace/pkg/mod/github.com/cosmos/cosmos-sdk@v0.50.11/types/handler.go:48
                	            	github.com/cosmos/cosmos-sdk/x/auth/ante.SetPubKeyDecorator.AnteHandle
                	            		/Users/keruch/Go-workspace/pkg/mod/github.com/cosmos/cosmos-sdk@v0.50.11/x/auth/ante/sigverify.go:141
                	            	github.com/evmos/ethermint/app/ante.newCosmosAnteHandler.ChainAnteDecorators.func2
                	            		/Users/keruch/Go-workspace/pkg/mod/github.com/cosmos/cosmos-sdk@v0.50.11/types/handler.go:48
                	            	github.com/cosmos/cosmos-sdk/x/auth/ante.DeductFeeDecorator.AnteHandle
                	            		/Users/keruch/Go-workspace/pkg/mod/github.com/cosmos/cosmos-sdk@v0.50.11/x/auth/ante/fee.go:70
                	            	github.com/evmos/ethermint/app/ante.newCosmosAnteHandler.ChainAnteDecorators.func2
                	            		/Users/keruch/Go-workspace/pkg/mod/github.com/cosmos/cosmos-sdk@v0.50.11/types/handler.go:48
                	            	github.com/cosmos/cosmos-sdk/x/auth/ante.ConsumeTxSizeGasDecorator.AnteHandle
                	            		/Users/keruch/Go-workspace/pkg/mod/github.com/cosmos/cosmos-sdk@v0.50.11/x/auth/ante/basic.go:153
                	            	github.com/evmos/ethermint/app/ante.newCosmosAnteHandler.ChainAnteDecorators.func2
                	            		/Users/keruch/Go-workspace/pkg/mod/github.com/cosmos/cosmos-sdk@v0.50.11/types/handler.go:48
                	            	github.com/cosmos/cosmos-sdk/x/auth/ante.ValidateMemoDecorator.AnteHandle
                	            		/Users/keruch/Go-workspace/pkg/mod/github.com/cosmos/cosmos-sdk@v0.50.11/x/auth/ante/basic.go:72
                	            	github.com/evmos/ethermint/app/ante.newCosmosAnteHandler.ChainAnteDecorators.func2
                	            		/Users/keruch/Go-workspace/pkg/mod/github.com/cosmos/cosmos-sdk@v0.50.11/types/handler.go:48
                	            	github.com/evmos/ethermint/app/ante.MinGasPriceDecorator.AnteHandle
                	            		/Users/keruch/Development/Dymension/ethermint/app/ante/fees.go:91
                	            	github.com/evmos/ethermint/app/ante.newCosmosAnteHandler.ChainAnteDecorators.func2
                	            		/Users/keruch/Go-workspace/pkg/mod/github.com/cosmos/cosmos-sdk@v0.50.11/types/handler.go:48
                	            	github.com/cosmos/cosmos-sdk/x/auth/ante.TxTimeoutHeightDecorator.AnteHandle
                	            		/Users/keruch/Go-workspace/pkg/mod/github.com/cosmos/cosmos-sdk@v0.50.11/x/auth/ante/basic.go:216
                	            	github.com/evmos/ethermint/app/ante.newCosmosAnteHandler.ChainAnteDecorators.func2
                	            		/Users/keruch/Go-workspace/pkg/mod/github.com/cosmos/cosmos-sdk@v0.50.11/types/handler.go:48
                	            	github.com/cosmos/cosmos-sdk/x/auth/ante.ValidateBasicDecorator.AnteHandle
                	            		/Users/keruch/Go-workspace/pkg/mod/github.com/cosmos/cosmos-sdk@v0.50.11/x/auth/ante/basic.go:39
                	            	github.com/evmos/ethermint/app/ante.newCosmosAnteHandler.ChainAnteDecorators.func2
                	            		/Users/keruch/Go-workspace/pkg/mod/github.com/cosmos/cosmos-sdk@v0.50.11/types/handler.go:48
                	            	github.com/cosmos/cosmos-sdk/x/auth/ante.RejectExtensionOptionsDecorator.AnteHandle
                	            		/Users/keruch/Go-workspace/pkg/mod/github.com/cosmos/cosmos-sdk@v0.50.11/x/auth/ante/ext.go:52
                	            	github.com/evmos/ethermint/app/ante.newCosmosAnteHandler.ChainAnteDecorators.func2
                	            		/Users/keruch/Go-workspace/pkg/mod/github.com/cosmos/cosmos-sdk@v0.50.11/types/handler.go:48
                	            	github.com/cosmos/cosmos-sdk/x/auth/ante.SetUpContextDecorator.AnteHandle
                	            		/Users/keruch/Go-workspace/pkg/mod/github.com/cosmos/cosmos-sdk@v0.50.11/x/auth/ante/setup.go:70
                	            	github.com/evmos/ethermint/app/ante.newCosmosAnteHandler.ChainAnteDecorators.func2
                	            		/Users/keruch/Go-workspace/pkg/mod/github.com/cosmos/cosmos-sdk@v0.50.11/types/handler.go:48
                	            	github.com/evmos/ethermint/app/ante.AuthzLimiterDecorator.AnteHandle
                	            		/Users/keruch/Development/Dymension/ethermint/app/ante/authz.go:54
                	            	github.com/evmos/ethermint/app/ante.newCosmosAnteHandler.ChainAnteDecorators.func2
                	            		/Users/keruch/Go-workspace/pkg/mod/github.com/cosmos/cosmos-sdk@v0.50.11/types/handler.go:48
                	            	github.com/evmos/ethermint/app/ante.RejectMessagesDecorator.AnteHandle
                	            		/Users/keruch/Development/Dymension/ethermint/app/ante/reject_msgs.go:40
                	            	github.com/evmos/ethermint/app/ante.newCosmosAnteHandler.ChainAnteDecorators.func2
                	            		/Users/keruch/Go-workspace/pkg/mod/github.com/cosmos/cosmos-sdk@v0.50.11/types/handler.go:48
                	            	github.com/evmos/ethermint/app/ante.NewAnteHandler.func1
                	            		/Users/keruch/Development/Dymension/ethermint/app/ante/ante.go:89
                	            	github.com/evmos/ethermint/app/ante_test.(*AnteTestSuite).TestAnteHandler.func48
                	            		/Users/keruch/Development/Dymension/ethermint/app/ante/ante_test.go:941
                	            	github.com/stretchr/testify/suite.(*Suite).Run.func1
                	            		/Users/keruch/Go-workspace/pkg/mod/github.com/stretchr/testify@v1.9.0/suite/suite.go:115
                	            	signature verification failed; please verify account number (0) and chain-id (ethermint_9000-1): (unable to verify single signer signature): unauthorized
                	Test:       	TestAnteTestSuite/TestAnteHandler#02/success-_DeliverTx_EIP712_MsgGrantAllowance
        --- FAIL: TestAnteTestSuite/TestAnteHandler#02/success-_DeliverTx_EIP712_edit_validator (0.01s)
            ante_test.go:946: 
                	Error Trace:	/Users/keruch/Development/Dymension/ethermint/app/ante/ante_test.go:946
                	            				/Users/keruch/Go-workspace/pkg/mod/github.com/stretchr/testify@v1.9.0/suite/suite.go:115
                	Error:      	Received unexpected error:
                	            	
                	            	github.com/cosmos/cosmos-sdk/x/auth/ante.SigVerificationDecorator.AnteHandle
                	            		/Users/keruch/Go-workspace/pkg/mod/github.com/cosmos/cosmos-sdk@v0.50.11/x/auth/ante/sigverify.go:333
                	            	github.com/evmos/ethermint/app/ante.newCosmosAnteHandler.ChainAnteDecorators.func2
                	            		/Users/keruch/Go-workspace/pkg/mod/github.com/cosmos/cosmos-sdk@v0.50.11/types/handler.go:48
                	            	github.com/cosmos/cosmos-sdk/x/auth/ante.SigGasConsumeDecorator.AnteHandle
                	            		/Users/keruch/Go-workspace/pkg/mod/github.com/cosmos/cosmos-sdk@v0.50.11/x/auth/ante/sigverify.go:212
                	            	github.com/evmos/ethermint/app/ante.newCosmosAnteHandler.ChainAnteDecorators.func2
                	            		/Users/keruch/Go-workspace/pkg/mod/github.com/cosmos/cosmos-sdk@v0.50.11/types/handler.go:48
                	            	github.com/cosmos/cosmos-sdk/x/auth/ante.ValidateSigCountDecorator.AnteHandle
                	            		/Users/keruch/Go-workspace/pkg/mod/github.com/cosmos/cosmos-sdk@v0.50.11/x/auth/ante/sigverify.go:420
                	            	github.com/evmos/ethermint/app/ante.newCosmosAnteHandler.ChainAnteDecorators.func2
                	            		/Users/keruch/Go-workspace/pkg/mod/github.com/cosmos/cosmos-sdk@v0.50.11/types/handler.go:48
                	            	github.com/cosmos/cosmos-sdk/x/auth/ante.SetPubKeyDecorator.AnteHandle
                	            		/Users/keruch/Go-workspace/pkg/mod/github.com/cosmos/cosmos-sdk@v0.50.11/x/auth/ante/sigverify.go:141
                	            	github.com/evmos/ethermint/app/ante.newCosmosAnteHandler.ChainAnteDecorators.func2
                	            		/Users/keruch/Go-workspace/pkg/mod/github.com/cosmos/cosmos-sdk@v0.50.11/types/handler.go:48
                	            	github.com/cosmos/cosmos-sdk/x/auth/ante.DeductFeeDecorator.AnteHandle
                	            		/Users/keruch/Go-workspace/pkg/mod/github.com/cosmos/cosmos-sdk@v0.50.11/x/auth/ante/fee.go:70
                	            	github.com/evmos/ethermint/app/ante.newCosmosAnteHandler.ChainAnteDecorators.func2
                	            		/Users/keruch/Go-workspace/pkg/mod/github.com/cosmos/cosmos-sdk@v0.50.11/types/handler.go:48
                	            	github.com/cosmos/cosmos-sdk/x/auth/ante.ConsumeTxSizeGasDecorator.AnteHandle
                	            		/Users/keruch/Go-workspace/pkg/mod/github.com/cosmos/cosmos-sdk@v0.50.11/x/auth/ante/basic.go:153
                	            	github.com/evmos/ethermint/app/ante.newCosmosAnteHandler.ChainAnteDecorators.func2
                	            		/Users/keruch/Go-workspace/pkg/mod/github.com/cosmos/cosmos-sdk@v0.50.11/types/handler.go:48
                	            	github.com/cosmos/cosmos-sdk/x/auth/ante.ValidateMemoDecorator.AnteHandle
                	            		/Users/keruch/Go-workspace/pkg/mod/github.com/cosmos/cosmos-sdk@v0.50.11/x/auth/ante/basic.go:72
                	            	github.com/evmos/ethermint/app/ante.newCosmosAnteHandler.ChainAnteDecorators.func2
                	            		/Users/keruch/Go-workspace/pkg/mod/github.com/cosmos/cosmos-sdk@v0.50.11/types/handler.go:48
                	            	github.com/evmos/ethermint/app/ante.MinGasPriceDecorator.AnteHandle
                	            		/Users/keruch/Development/Dymension/ethermint/app/ante/fees.go:91
                	            	github.com/evmos/ethermint/app/ante.newCosmosAnteHandler.ChainAnteDecorators.func2
                	            		/Users/keruch/Go-workspace/pkg/mod/github.com/cosmos/cosmos-sdk@v0.50.11/types/handler.go:48
                	            	github.com/cosmos/cosmos-sdk/x/auth/ante.TxTimeoutHeightDecorator.AnteHandle
                	            		/Users/keruch/Go-workspace/pkg/mod/github.com/cosmos/cosmos-sdk@v0.50.11/x/auth/ante/basic.go:216
                	            	github.com/evmos/ethermint/app/ante.newCosmosAnteHandler.ChainAnteDecorators.func2
                	            		/Users/keruch/Go-workspace/pkg/mod/github.com/cosmos/cosmos-sdk@v0.50.11/types/handler.go:48
                	            	github.com/cosmos/cosmos-sdk/x/auth/ante.ValidateBasicDecorator.AnteHandle
                	            		/Users/keruch/Go-workspace/pkg/mod/github.com/cosmos/cosmos-sdk@v0.50.11/x/auth/ante/basic.go:39
                	            	github.com/evmos/ethermint/app/ante.newCosmosAnteHandler.ChainAnteDecorators.func2
                	            		/Users/keruch/Go-workspace/pkg/mod/github.com/cosmos/cosmos-sdk@v0.50.11/types/handler.go:48
                	            	github.com/cosmos/cosmos-sdk/x/auth/ante.RejectExtensionOptionsDecorator.AnteHandle
                	            		/Users/keruch/Go-workspace/pkg/mod/github.com/cosmos/cosmos-sdk@v0.50.11/x/auth/ante/ext.go:52
                	            	github.com/evmos/ethermint/app/ante.newCosmosAnteHandler.ChainAnteDecorators.func2
                	            		/Users/keruch/Go-workspace/pkg/mod/github.com/cosmos/cosmos-sdk@v0.50.11/types/handler.go:48
                	            	github.com/cosmos/cosmos-sdk/x/auth/ante.SetUpContextDecorator.AnteHandle
                	            		/Users/keruch/Go-workspace/pkg/mod/github.com/cosmos/cosmos-sdk@v0.50.11/x/auth/ante/setup.go:70
                	            	github.com/evmos/ethermint/app/ante.newCosmosAnteHandler.ChainAnteDecorators.func2
                	            		/Users/keruch/Go-workspace/pkg/mod/github.com/cosmos/cosmos-sdk@v0.50.11/types/handler.go:48
                	            	github.com/evmos/ethermint/app/ante.AuthzLimiterDecorator.AnteHandle
                	            		/Users/keruch/Development/Dymension/ethermint/app/ante/authz.go:54
                	            	github.com/evmos/ethermint/app/ante.newCosmosAnteHandler.ChainAnteDecorators.func2
                	            		/Users/keruch/Go-workspace/pkg/mod/github.com/cosmos/cosmos-sdk@v0.50.11/types/handler.go:48
                	            	github.com/evmos/ethermint/app/ante.RejectMessagesDecorator.AnteHandle
                	            		/Users/keruch/Development/Dymension/ethermint/app/ante/reject_msgs.go:40
                	            	github.com/evmos/ethermint/app/ante.newCosmosAnteHandler.ChainAnteDecorators.func2
                	            		/Users/keruch/Go-workspace/pkg/mod/github.com/cosmos/cosmos-sdk@v0.50.11/types/handler.go:48
                	            	github.com/evmos/ethermint/app/ante.NewAnteHandler.func1
                	            		/Users/keruch/Development/Dymension/ethermint/app/ante/ante.go:89
                	            	github.com/evmos/ethermint/app/ante_test.(*AnteTestSuite).TestAnteHandler.func48
                	            		/Users/keruch/Development/Dymension/ethermint/app/ante/ante_test.go:941
                	            	github.com/stretchr/testify/suite.(*Suite).Run.func1
                	            		/Users/keruch/Go-workspace/pkg/mod/github.com/stretchr/testify@v1.9.0/suite/suite.go:115
                	            	signature verification failed; please verify account number (0) and chain-id (ethermint_9000-1): (unable to verify single signer signature): unauthorized
                	Test:       	TestAnteTestSuite/TestAnteHandler#02/success-_DeliverTx_EIP712_edit_validator
        --- FAIL: TestAnteTestSuite/TestAnteHandler#02/success-_DeliverTx_EIP712_submit_evidence (0.01s)
            ante_test.go:946: 
                	Error Trace:	/Users/keruch/Development/Dymension/ethermint/app/ante/ante_test.go:946
                	            				/Users/keruch/Go-workspace/pkg/mod/github.com/stretchr/testify@v1.9.0/suite/suite.go:115
                	Error:      	Received unexpected error:
                	            	
                	            	github.com/cosmos/cosmos-sdk/x/auth/ante.SigVerificationDecorator.AnteHandle
                	            		/Users/keruch/Go-workspace/pkg/mod/github.com/cosmos/cosmos-sdk@v0.50.11/x/auth/ante/sigverify.go:333
                	            	github.com/evmos/ethermint/app/ante.newCosmosAnteHandler.ChainAnteDecorators.func2
                	            		/Users/keruch/Go-workspace/pkg/mod/github.com/cosmos/cosmos-sdk@v0.50.11/types/handler.go:48
                	            	github.com/cosmos/cosmos-sdk/x/auth/ante.SigGasConsumeDecorator.AnteHandle
                	            		/Users/keruch/Go-workspace/pkg/mod/github.com/cosmos/cosmos-sdk@v0.50.11/x/auth/ante/sigverify.go:212
                	            	github.com/evmos/ethermint/app/ante.newCosmosAnteHandler.ChainAnteDecorators.func2
                	            		/Users/keruch/Go-workspace/pkg/mod/github.com/cosmos/cosmos-sdk@v0.50.11/types/handler.go:48
                	            	github.com/cosmos/cosmos-sdk/x/auth/ante.ValidateSigCountDecorator.AnteHandle
                	            		/Users/keruch/Go-workspace/pkg/mod/github.com/cosmos/cosmos-sdk@v0.50.11/x/auth/ante/sigverify.go:420
                	            	github.com/evmos/ethermint/app/ante.newCosmosAnteHandler.ChainAnteDecorators.func2
                	            		/Users/keruch/Go-workspace/pkg/mod/github.com/cosmos/cosmos-sdk@v0.50.11/types/handler.go:48
                	            	github.com/cosmos/cosmos-sdk/x/auth/ante.SetPubKeyDecorator.AnteHandle
                	            		/Users/keruch/Go-workspace/pkg/mod/github.com/cosmos/cosmos-sdk@v0.50.11/x/auth/ante/sigverify.go:141
                	            	github.com/evmos/ethermint/app/ante.newCosmosAnteHandler.ChainAnteDecorators.func2
                	            		/Users/keruch/Go-workspace/pkg/mod/github.com/cosmos/cosmos-sdk@v0.50.11/types/handler.go:48
                	            	github.com/cosmos/cosmos-sdk/x/auth/ante.DeductFeeDecorator.AnteHandle
                	            		/Users/keruch/Go-workspace/pkg/mod/github.com/cosmos/cosmos-sdk@v0.50.11/x/auth/ante/fee.go:70
                	            	github.com/evmos/ethermint/app/ante.newCosmosAnteHandler.ChainAnteDecorators.func2
                	            		/Users/keruch/Go-workspace/pkg/mod/github.com/cosmos/cosmos-sdk@v0.50.11/types/handler.go:48
                	            	github.com/cosmos/cosmos-sdk/x/auth/ante.ConsumeTxSizeGasDecorator.AnteHandle
                	            		/Users/keruch/Go-workspace/pkg/mod/github.com/cosmos/cosmos-sdk@v0.50.11/x/auth/ante/basic.go:153
                	            	github.com/evmos/ethermint/app/ante.newCosmosAnteHandler.ChainAnteDecorators.func2
                	            		/Users/keruch/Go-workspace/pkg/mod/github.com/cosmos/cosmos-sdk@v0.50.11/types/handler.go:48
                	            	github.com/cosmos/cosmos-sdk/x/auth/ante.ValidateMemoDecorator.AnteHandle
                	            		/Users/keruch/Go-workspace/pkg/mod/github.com/cosmos/cosmos-sdk@v0.50.11/x/auth/ante/basic.go:72
                	            	github.com/evmos/ethermint/app/ante.newCosmosAnteHandler.ChainAnteDecorators.func2
                	            		/Users/keruch/Go-workspace/pkg/mod/github.com/cosmos/cosmos-sdk@v0.50.11/types/handler.go:48
                	            	github.com/evmos/ethermint/app/ante.MinGasPriceDecorator.AnteHandle
                	            		/Users/keruch/Development/Dymension/ethermint/app/ante/fees.go:91
                	            	github.com/evmos/ethermint/app/ante.newCosmosAnteHandler.ChainAnteDecorators.func2
                	            		/Users/keruch/Go-workspace/pkg/mod/github.com/cosmos/cosmos-sdk@v0.50.11/types/handler.go:48
                	            	github.com/cosmos/cosmos-sdk/x/auth/ante.TxTimeoutHeightDecorator.AnteHandle
                	            		/Users/keruch/Go-workspace/pkg/mod/github.com/cosmos/cosmos-sdk@v0.50.11/x/auth/ante/basic.go:216
                	            	github.com/evmos/ethermint/app/ante.newCosmosAnteHandler.ChainAnteDecorators.func2
                	            		/Users/keruch/Go-workspace/pkg/mod/github.com/cosmos/cosmos-sdk@v0.50.11/types/handler.go:48
                	            	github.com/cosmos/cosmos-sdk/x/auth/ante.ValidateBasicDecorator.AnteHandle
                	            		/Users/keruch/Go-workspace/pkg/mod/github.com/cosmos/cosmos-sdk@v0.50.11/x/auth/ante/basic.go:39
                	            	github.com/evmos/ethermint/app/ante.newCosmosAnteHandler.ChainAnteDecorators.func2
                	            		/Users/keruch/Go-workspace/pkg/mod/github.com/cosmos/cosmos-sdk@v0.50.11/types/handler.go:48
                	            	github.com/cosmos/cosmos-sdk/x/auth/ante.RejectExtensionOptionsDecorator.AnteHandle
                	            		/Users/keruch/Go-workspace/pkg/mod/github.com/cosmos/cosmos-sdk@v0.50.11/x/auth/ante/ext.go:52
                	            	github.com/evmos/ethermint/app/ante.newCosmosAnteHandler.ChainAnteDecorators.func2
                	            		/Users/keruch/Go-workspace/pkg/mod/github.com/cosmos/cosmos-sdk@v0.50.11/types/handler.go:48
                	            	github.com/cosmos/cosmos-sdk/x/auth/ante.SetUpContextDecorator.AnteHandle
                	            		/Users/keruch/Go-workspace/pkg/mod/github.com/cosmos/cosmos-sdk@v0.50.11/x/auth/ante/setup.go:70
                	            	github.com/evmos/ethermint/app/ante.newCosmosAnteHandler.ChainAnteDecorators.func2
                	            		/Users/keruch/Go-workspace/pkg/mod/github.com/cosmos/cosmos-sdk@v0.50.11/types/handler.go:48
                	            	github.com/evmos/ethermint/app/ante.AuthzLimiterDecorator.AnteHandle
                	            		/Users/keruch/Development/Dymension/ethermint/app/ante/authz.go:54
                	            	github.com/evmos/ethermint/app/ante.newCosmosAnteHandler.ChainAnteDecorators.func2
                	            		/Users/keruch/Go-workspace/pkg/mod/github.com/cosmos/cosmos-sdk@v0.50.11/types/handler.go:48
                	            	github.com/evmos/ethermint/app/ante.RejectMessagesDecorator.AnteHandle
                	            		/Users/keruch/Development/Dymension/ethermint/app/ante/reject_msgs.go:40
                	            	github.com/evmos/ethermint/app/ante.newCosmosAnteHandler.ChainAnteDecorators.func2
                	            		/Users/keruch/Go-workspace/pkg/mod/github.com/cosmos/cosmos-sdk@v0.50.11/types/handler.go:48
                	            	github.com/evmos/ethermint/app/ante.NewAnteHandler.func1
                	            		/Users/keruch/Development/Dymension/ethermint/app/ante/ante.go:89
                	            	github.com/evmos/ethermint/app/ante_test.(*AnteTestSuite).TestAnteHandler.func48
                	            		/Users/keruch/Development/Dymension/ethermint/app/ante/ante_test.go:941
                	            	github.com/stretchr/testify/suite.(*Suite).Run.func1
                	            		/Users/keruch/Go-workspace/pkg/mod/github.com/stretchr/testify@v1.9.0/suite/suite.go:115
                	            	signature verification failed; please verify account number (0) and chain-id (ethermint_9000-1): (unable to verify single signer signature): unauthorized
                	Test:       	TestAnteTestSuite/TestAnteHandler#02/success-_DeliverTx_EIP712_submit_evidence
        --- FAIL: TestAnteTestSuite/TestAnteHandler#02/success-_DeliverTx_EIP712_submit_proposal_v1 (0.01s)
            ante_test.go:946: 
                	Error Trace:	/Users/keruch/Development/Dymension/ethermint/app/ante/ante_test.go:946
                	            				/Users/keruch/Go-workspace/pkg/mod/github.com/stretchr/testify@v1.9.0/suite/suite.go:115
                	Error:      	Received unexpected error:
                	            	
                	            	github.com/cosmos/cosmos-sdk/x/auth/ante.SigVerificationDecorator.AnteHandle
                	            		/Users/keruch/Go-workspace/pkg/mod/github.com/cosmos/cosmos-sdk@v0.50.11/x/auth/ante/sigverify.go:333
                	            	github.com/evmos/ethermint/app/ante.newCosmosAnteHandler.ChainAnteDecorators.func2
                	            		/Users/keruch/Go-workspace/pkg/mod/github.com/cosmos/cosmos-sdk@v0.50.11/types/handler.go:48
                	            	github.com/cosmos/cosmos-sdk/x/auth/ante.SigGasConsumeDecorator.AnteHandle
                	            		/Users/keruch/Go-workspace/pkg/mod/github.com/cosmos/cosmos-sdk@v0.50.11/x/auth/ante/sigverify.go:212
                	            	github.com/evmos/ethermint/app/ante.newCosmosAnteHandler.ChainAnteDecorators.func2
                	            		/Users/keruch/Go-workspace/pkg/mod/github.com/cosmos/cosmos-sdk@v0.50.11/types/handler.go:48
                	            	github.com/cosmos/cosmos-sdk/x/auth/ante.ValidateSigCountDecorator.AnteHandle
                	            		/Users/keruch/Go-workspace/pkg/mod/github.com/cosmos/cosmos-sdk@v0.50.11/x/auth/ante/sigverify.go:420
                	            	github.com/evmos/ethermint/app/ante.newCosmosAnteHandler.ChainAnteDecorators.func2
                	            		/Users/keruch/Go-workspace/pkg/mod/github.com/cosmos/cosmos-sdk@v0.50.11/types/handler.go:48
                	            	github.com/cosmos/cosmos-sdk/x/auth/ante.SetPubKeyDecorator.AnteHandle
                	            		/Users/keruch/Go-workspace/pkg/mod/github.com/cosmos/cosmos-sdk@v0.50.11/x/auth/ante/sigverify.go:141
                	            	github.com/evmos/ethermint/app/ante.newCosmosAnteHandler.ChainAnteDecorators.func2
                	            		/Users/keruch/Go-workspace/pkg/mod/github.com/cosmos/cosmos-sdk@v0.50.11/types/handler.go:48
                	            	github.com/cosmos/cosmos-sdk/x/auth/ante.DeductFeeDecorator.AnteHandle
                	            		/Users/keruch/Go-workspace/pkg/mod/github.com/cosmos/cosmos-sdk@v0.50.11/x/auth/ante/fee.go:70
                	            	github.com/evmos/ethermint/app/ante.newCosmosAnteHandler.ChainAnteDecorators.func2
                	            		/Users/keruch/Go-workspace/pkg/mod/github.com/cosmos/cosmos-sdk@v0.50.11/types/handler.go:48
                	            	github.com/cosmos/cosmos-sdk/x/auth/ante.ConsumeTxSizeGasDecorator.AnteHandle
                	            		/Users/keruch/Go-workspace/pkg/mod/github.com/cosmos/cosmos-sdk@v0.50.11/x/auth/ante/basic.go:153
                	            	github.com/evmos/ethermint/app/ante.newCosmosAnteHandler.ChainAnteDecorators.func2
                	            		/Users/keruch/Go-workspace/pkg/mod/github.com/cosmos/cosmos-sdk@v0.50.11/types/handler.go:48
                	            	github.com/cosmos/cosmos-sdk/x/auth/ante.ValidateMemoDecorator.AnteHandle
                	            		/Users/keruch/Go-workspace/pkg/mod/github.com/cosmos/cosmos-sdk@v0.50.11/x/auth/ante/basic.go:72
                	            	github.com/evmos/ethermint/app/ante.newCosmosAnteHandler.ChainAnteDecorators.func2
                	            		/Users/keruch/Go-workspace/pkg/mod/github.com/cosmos/cosmos-sdk@v0.50.11/types/handler.go:48
                	            	github.com/evmos/ethermint/app/ante.MinGasPriceDecorator.AnteHandle
                	            		/Users/keruch/Development/Dymension/ethermint/app/ante/fees.go:91
                	            	github.com/evmos/ethermint/app/ante.newCosmosAnteHandler.ChainAnteDecorators.func2
                	            		/Users/keruch/Go-workspace/pkg/mod/github.com/cosmos/cosmos-sdk@v0.50.11/types/handler.go:48
                	            	github.com/cosmos/cosmos-sdk/x/auth/ante.TxTimeoutHeightDecorator.AnteHandle
                	            		/Users/keruch/Go-workspace/pkg/mod/github.com/cosmos/cosmos-sdk@v0.50.11/x/auth/ante/basic.go:216
                	            	github.com/evmos/ethermint/app/ante.newCosmosAnteHandler.ChainAnteDecorators.func2
                	            		/Users/keruch/Go-workspace/pkg/mod/github.com/cosmos/cosmos-sdk@v0.50.11/types/handler.go:48
                	            	github.com/cosmos/cosmos-sdk/x/auth/ante.ValidateBasicDecorator.AnteHandle
                	            		/Users/keruch/Go-workspace/pkg/mod/github.com/cosmos/cosmos-sdk@v0.50.11/x/auth/ante/basic.go:39
                	            	github.com/evmos/ethermint/app/ante.newCosmosAnteHandler.ChainAnteDecorators.func2
                	            		/Users/keruch/Go-workspace/pkg/mod/github.com/cosmos/cosmos-sdk@v0.50.11/types/handler.go:48
                	            	github.com/cosmos/cosmos-sdk/x/auth/ante.RejectExtensionOptionsDecorator.AnteHandle
                	            		/Users/keruch/Go-workspace/pkg/mod/github.com/cosmos/cosmos-sdk@v0.50.11/x/auth/ante/ext.go:52
                	            	github.com/evmos/ethermint/app/ante.newCosmosAnteHandler.ChainAnteDecorators.func2
                	            		/Users/keruch/Go-workspace/pkg/mod/github.com/cosmos/cosmos-sdk@v0.50.11/types/handler.go:48
                	            	github.com/cosmos/cosmos-sdk/x/auth/ante.SetUpContextDecorator.AnteHandle
                	            		/Users/keruch/Go-workspace/pkg/mod/github.com/cosmos/cosmos-sdk@v0.50.11/x/auth/ante/setup.go:70
                	            	github.com/evmos/ethermint/app/ante.newCosmosAnteHandler.ChainAnteDecorators.func2
                	            		/Users/keruch/Go-workspace/pkg/mod/github.com/cosmos/cosmos-sdk@v0.50.11/types/handler.go:48
                	            	github.com/evmos/ethermint/app/ante.AuthzLimiterDecorator.AnteHandle
                	            		/Users/keruch/Development/Dymension/ethermint/app/ante/authz.go:54
                	            	github.com/evmos/ethermint/app/ante.newCosmosAnteHandler.ChainAnteDecorators.func2
                	            		/Users/keruch/Go-workspace/pkg/mod/github.com/cosmos/cosmos-sdk@v0.50.11/types/handler.go:48
                	            	github.com/evmos/ethermint/app/ante.RejectMessagesDecorator.AnteHandle
                	            		/Users/keruch/Development/Dymension/ethermint/app/ante/reject_msgs.go:40
                	            	github.com/evmos/ethermint/app/ante.newCosmosAnteHandler.ChainAnteDecorators.func2
                	            		/Users/keruch/Go-workspace/pkg/mod/github.com/cosmos/cosmos-sdk@v0.50.11/types/handler.go:48
                	            	github.com/evmos/ethermint/app/ante.NewAnteHandler.func1
                	            		/Users/keruch/Development/Dymension/ethermint/app/ante/ante.go:89
                	            	github.com/evmos/ethermint/app/ante_test.(*AnteTestSuite).TestAnteHandler.func48
                	            		/Users/keruch/Development/Dymension/ethermint/app/ante/ante_test.go:941
                	            	github.com/stretchr/testify/suite.(*Suite).Run.func1
                	            		/Users/keruch/Go-workspace/pkg/mod/github.com/stretchr/testify@v1.9.0/suite/suite.go:115
                	            	signature verification failed; please verify account number (0) and chain-id (ethermint_9000-1): (unable to verify single signer signature): unauthorized
                	Test:       	TestAnteTestSuite/TestAnteHandler#02/success-_DeliverTx_EIP712_submit_proposal_v1
        --- FAIL: TestAnteTestSuite/TestAnteHandler#02/success-_DeliverTx_EIP712_MsgExec (0.01s)
            ante_test.go:946: 
                	Error Trace:	/Users/keruch/Development/Dymension/ethermint/app/ante/ante_test.go:946
                	            				/Users/keruch/Go-workspace/pkg/mod/github.com/stretchr/testify@v1.9.0/suite/suite.go:115
                	Error:      	Received unexpected error:
                	            	
                	            	github.com/cosmos/cosmos-sdk/x/auth/ante.SigVerificationDecorator.AnteHandle
                	            		/Users/keruch/Go-workspace/pkg/mod/github.com/cosmos/cosmos-sdk@v0.50.11/x/auth/ante/sigverify.go:333
                	            	github.com/evmos/ethermint/app/ante.newCosmosAnteHandler.ChainAnteDecorators.func2
                	            		/Users/keruch/Go-workspace/pkg/mod/github.com/cosmos/cosmos-sdk@v0.50.11/types/handler.go:48
                	            	github.com/cosmos/cosmos-sdk/x/auth/ante.SigGasConsumeDecorator.AnteHandle
                	            		/Users/keruch/Go-workspace/pkg/mod/github.com/cosmos/cosmos-sdk@v0.50.11/x/auth/ante/sigverify.go:212
                	            	github.com/evmos/ethermint/app/ante.newCosmosAnteHandler.ChainAnteDecorators.func2
                	            		/Users/keruch/Go-workspace/pkg/mod/github.com/cosmos/cosmos-sdk@v0.50.11/types/handler.go:48
                	            	github.com/cosmos/cosmos-sdk/x/auth/ante.ValidateSigCountDecorator.AnteHandle
                	            		/Users/keruch/Go-workspace/pkg/mod/github.com/cosmos/cosmos-sdk@v0.50.11/x/auth/ante/sigverify.go:420
                	            	github.com/evmos/ethermint/app/ante.newCosmosAnteHandler.ChainAnteDecorators.func2
                	            		/Users/keruch/Go-workspace/pkg/mod/github.com/cosmos/cosmos-sdk@v0.50.11/types/handler.go:48
                	            	github.com/cosmos/cosmos-sdk/x/auth/ante.SetPubKeyDecorator.AnteHandle
                	            		/Users/keruch/Go-workspace/pkg/mod/github.com/cosmos/cosmos-sdk@v0.50.11/x/auth/ante/sigverify.go:141
                	            	github.com/evmos/ethermint/app/ante.newCosmosAnteHandler.ChainAnteDecorators.func2
                	            		/Users/keruch/Go-workspace/pkg/mod/github.com/cosmos/cosmos-sdk@v0.50.11/types/handler.go:48
                	            	github.com/cosmos/cosmos-sdk/x/auth/ante.DeductFeeDecorator.AnteHandle
                	            		/Users/keruch/Go-workspace/pkg/mod/github.com/cosmos/cosmos-sdk@v0.50.11/x/auth/ante/fee.go:70
                	            	github.com/evmos/ethermint/app/ante.newCosmosAnteHandler.ChainAnteDecorators.func2
                	            		/Users/keruch/Go-workspace/pkg/mod/github.com/cosmos/cosmos-sdk@v0.50.11/types/handler.go:48
                	            	github.com/cosmos/cosmos-sdk/x/auth/ante.ConsumeTxSizeGasDecorator.AnteHandle
                	            		/Users/keruch/Go-workspace/pkg/mod/github.com/cosmos/cosmos-sdk@v0.50.11/x/auth/ante/basic.go:153
                	            	github.com/evmos/ethermint/app/ante.newCosmosAnteHandler.ChainAnteDecorators.func2
                	            		/Users/keruch/Go-workspace/pkg/mod/github.com/cosmos/cosmos-sdk@v0.50.11/types/handler.go:48
                	            	github.com/cosmos/cosmos-sdk/x/auth/ante.ValidateMemoDecorator.AnteHandle
                	            		/Users/keruch/Go-workspace/pkg/mod/github.com/cosmos/cosmos-sdk@v0.50.11/x/auth/ante/basic.go:72
                	            	github.com/evmos/ethermint/app/ante.newCosmosAnteHandler.ChainAnteDecorators.func2
                	            		/Users/keruch/Go-workspace/pkg/mod/github.com/cosmos/cosmos-sdk@v0.50.11/types/handler.go:48
                	            	github.com/evmos/ethermint/app/ante.MinGasPriceDecorator.AnteHandle
                	            		/Users/keruch/Development/Dymension/ethermint/app/ante/fees.go:91
                	            	github.com/evmos/ethermint/app/ante.newCosmosAnteHandler.ChainAnteDecorators.func2
                	            		/Users/keruch/Go-workspace/pkg/mod/github.com/cosmos/cosmos-sdk@v0.50.11/types/handler.go:48
                	            	github.com/cosmos/cosmos-sdk/x/auth/ante.TxTimeoutHeightDecorator.AnteHandle
                	            		/Users/keruch/Go-workspace/pkg/mod/github.com/cosmos/cosmos-sdk@v0.50.11/x/auth/ante/basic.go:216
                	            	github.com/evmos/ethermint/app/ante.newCosmosAnteHandler.ChainAnteDecorators.func2
                	            		/Users/keruch/Go-workspace/pkg/mod/github.com/cosmos/cosmos-sdk@v0.50.11/types/handler.go:48
                	            	github.com/cosmos/cosmos-sdk/x/auth/ante.ValidateBasicDecorator.AnteHandle
                	            		/Users/keruch/Go-workspace/pkg/mod/github.com/cosmos/cosmos-sdk@v0.50.11/x/auth/ante/basic.go:39
                	            	github.com/evmos/ethermint/app/ante.newCosmosAnteHandler.ChainAnteDecorators.func2
                	            		/Users/keruch/Go-workspace/pkg/mod/github.com/cosmos/cosmos-sdk@v0.50.11/types/handler.go:48
                	            	github.com/cosmos/cosmos-sdk/x/auth/ante.RejectExtensionOptionsDecorator.AnteHandle
                	            		/Users/keruch/Go-workspace/pkg/mod/github.com/cosmos/cosmos-sdk@v0.50.11/x/auth/ante/ext.go:52
                	            	github.com/evmos/ethermint/app/ante.newCosmosAnteHandler.ChainAnteDecorators.func2
                	            		/Users/keruch/Go-workspace/pkg/mod/github.com/cosmos/cosmos-sdk@v0.50.11/types/handler.go:48
                	            	github.com/cosmos/cosmos-sdk/x/auth/ante.SetUpContextDecorator.AnteHandle
                	            		/Users/keruch/Go-workspace/pkg/mod/github.com/cosmos/cosmos-sdk@v0.50.11/x/auth/ante/setup.go:70
                	            	github.com/evmos/ethermint/app/ante.newCosmosAnteHandler.ChainAnteDecorators.func2
                	            		/Users/keruch/Go-workspace/pkg/mod/github.com/cosmos/cosmos-sdk@v0.50.11/types/handler.go:48
                	            	github.com/evmos/ethermint/app/ante.AuthzLimiterDecorator.AnteHandle
                	            		/Users/keruch/Development/Dymension/ethermint/app/ante/authz.go:54
                	            	github.com/evmos/ethermint/app/ante.newCosmosAnteHandler.ChainAnteDecorators.func2
                	            		/Users/keruch/Go-workspace/pkg/mod/github.com/cosmos/cosmos-sdk@v0.50.11/types/handler.go:48
                	            	github.com/evmos/ethermint/app/ante.RejectMessagesDecorator.AnteHandle
                	            		/Users/keruch/Development/Dymension/ethermint/app/ante/reject_msgs.go:40
                	            	github.com/evmos/ethermint/app/ante.newCosmosAnteHandler.ChainAnteDecorators.func2
                	            		/Users/keruch/Go-workspace/pkg/mod/github.com/cosmos/cosmos-sdk@v0.50.11/types/handler.go:48
                	            	github.com/evmos/ethermint/app/ante.NewAnteHandler.func1
                	            		/Users/keruch/Development/Dymension/ethermint/app/ante/ante.go:89
                	            	github.com/evmos/ethermint/app/ante_test.(*AnteTestSuite).TestAnteHandler.func48
                	            		/Users/keruch/Development/Dymension/ethermint/app/ante/ante_test.go:941
                	            	github.com/stretchr/testify/suite.(*Suite).Run.func1
                	            		/Users/keruch/Go-workspace/pkg/mod/github.com/stretchr/testify@v1.9.0/suite/suite.go:115
                	            	signature verification failed; please verify account number (0) and chain-id (ethermint_9000-1): (unable to verify single signer signature): unauthorized
                	Test:       	TestAnteTestSuite/TestAnteHandler#02/success-_DeliverTx_EIP712_MsgExec
        --- FAIL: TestAnteTestSuite/TestAnteHandler#02/success-_DeliverTx_EIP712_MsgVoteV1 (0.01s)
            ante_test.go:946: 
                	Error Trace:	/Users/keruch/Development/Dymension/ethermint/app/ante/ante_test.go:946
                	            				/Users/keruch/Go-workspace/pkg/mod/github.com/stretchr/testify@v1.9.0/suite/suite.go:115
                	Error:      	Received unexpected error:
                	            	
                	            	github.com/cosmos/cosmos-sdk/x/auth/ante.SigVerificationDecorator.AnteHandle
                	            		/Users/keruch/Go-workspace/pkg/mod/github.com/cosmos/cosmos-sdk@v0.50.11/x/auth/ante/sigverify.go:333
                	            	github.com/evmos/ethermint/app/ante.newCosmosAnteHandler.ChainAnteDecorators.func2
                	            		/Users/keruch/Go-workspace/pkg/mod/github.com/cosmos/cosmos-sdk@v0.50.11/types/handler.go:48
                	            	github.com/cosmos/cosmos-sdk/x/auth/ante.SigGasConsumeDecorator.AnteHandle
                	            		/Users/keruch/Go-workspace/pkg/mod/github.com/cosmos/cosmos-sdk@v0.50.11/x/auth/ante/sigverify.go:212
                	            	github.com/evmos/ethermint/app/ante.newCosmosAnteHandler.ChainAnteDecorators.func2
                	            		/Users/keruch/Go-workspace/pkg/mod/github.com/cosmos/cosmos-sdk@v0.50.11/types/handler.go:48
                	            	github.com/cosmos/cosmos-sdk/x/auth/ante.ValidateSigCountDecorator.AnteHandle
                	            		/Users/keruch/Go-workspace/pkg/mod/github.com/cosmos/cosmos-sdk@v0.50.11/x/auth/ante/sigverify.go:420
                	            	github.com/evmos/ethermint/app/ante.newCosmosAnteHandler.ChainAnteDecorators.func2
                	            		/Users/keruch/Go-workspace/pkg/mod/github.com/cosmos/cosmos-sdk@v0.50.11/types/handler.go:48
                	            	github.com/cosmos/cosmos-sdk/x/auth/ante.SetPubKeyDecorator.AnteHandle
                	            		/Users/keruch/Go-workspace/pkg/mod/github.com/cosmos/cosmos-sdk@v0.50.11/x/auth/ante/sigverify.go:141
                	            	github.com/evmos/ethermint/app/ante.newCosmosAnteHandler.ChainAnteDecorators.func2
                	            		/Users/keruch/Go-workspace/pkg/mod/github.com/cosmos/cosmos-sdk@v0.50.11/types/handler.go:48
                	            	github.com/cosmos/cosmos-sdk/x/auth/ante.DeductFeeDecorator.AnteHandle
                	            		/Users/keruch/Go-workspace/pkg/mod/github.com/cosmos/cosmos-sdk@v0.50.11/x/auth/ante/fee.go:70
                	            	github.com/evmos/ethermint/app/ante.newCosmosAnteHandler.ChainAnteDecorators.func2
                	            		/Users/keruch/Go-workspace/pkg/mod/github.com/cosmos/cosmos-sdk@v0.50.11/types/handler.go:48
                	            	github.com/cosmos/cosmos-sdk/x/auth/ante.ConsumeTxSizeGasDecorator.AnteHandle
                	            		/Users/keruch/Go-workspace/pkg/mod/github.com/cosmos/cosmos-sdk@v0.50.11/x/auth/ante/basic.go:153
                	            	github.com/evmos/ethermint/app/ante.newCosmosAnteHandler.ChainAnteDecorators.func2
                	            		/Users/keruch/Go-workspace/pkg/mod/github.com/cosmos/cosmos-sdk@v0.50.11/types/handler.go:48
                	            	github.com/cosmos/cosmos-sdk/x/auth/ante.ValidateMemoDecorator.AnteHandle
                	            		/Users/keruch/Go-workspace/pkg/mod/github.com/cosmos/cosmos-sdk@v0.50.11/x/auth/ante/basic.go:72
                	            	github.com/evmos/ethermint/app/ante.newCosmosAnteHandler.ChainAnteDecorators.func2
                	            		/Users/keruch/Go-workspace/pkg/mod/github.com/cosmos/cosmos-sdk@v0.50.11/types/handler.go:48
                	            	github.com/evmos/ethermint/app/ante.MinGasPriceDecorator.AnteHandle
                	            		/Users/keruch/Development/Dymension/ethermint/app/ante/fees.go:91
                	            	github.com/evmos/ethermint/app/ante.newCosmosAnteHandler.ChainAnteDecorators.func2
                	            		/Users/keruch/Go-workspace/pkg/mod/github.com/cosmos/cosmos-sdk@v0.50.11/types/handler.go:48
                	            	github.com/cosmos/cosmos-sdk/x/auth/ante.TxTimeoutHeightDecorator.AnteHandle
                	            		/Users/keruch/Go-workspace/pkg/mod/github.com/cosmos/cosmos-sdk@v0.50.11/x/auth/ante/basic.go:216
                	            	github.com/evmos/ethermint/app/ante.newCosmosAnteHandler.ChainAnteDecorators.func2
                	            		/Users/keruch/Go-workspace/pkg/mod/github.com/cosmos/cosmos-sdk@v0.50.11/types/handler.go:48
                	            	github.com/cosmos/cosmos-sdk/x/auth/ante.ValidateBasicDecorator.AnteHandle
                	            		/Users/keruch/Go-workspace/pkg/mod/github.com/cosmos/cosmos-sdk@v0.50.11/x/auth/ante/basic.go:39
                	            	github.com/evmos/ethermint/app/ante.newCosmosAnteHandler.ChainAnteDecorators.func2
                	            		/Users/keruch/Go-workspace/pkg/mod/github.com/cosmos/cosmos-sdk@v0.50.11/types/handler.go:48
                	            	github.com/cosmos/cosmos-sdk/x/auth/ante.RejectExtensionOptionsDecorator.AnteHandle
                	            		/Users/keruch/Go-workspace/pkg/mod/github.com/cosmos/cosmos-sdk@v0.50.11/x/auth/ante/ext.go:52
                	            	github.com/evmos/ethermint/app/ante.newCosmosAnteHandler.ChainAnteDecorators.func2
                	            		/Users/keruch/Go-workspace/pkg/mod/github.com/cosmos/cosmos-sdk@v0.50.11/types/handler.go:48
                	            	github.com/cosmos/cosmos-sdk/x/auth/ante.SetUpContextDecorator.AnteHandle
                	            		/Users/keruch/Go-workspace/pkg/mod/github.com/cosmos/cosmos-sdk@v0.50.11/x/auth/ante/setup.go:70
                	            	github.com/evmos/ethermint/app/ante.newCosmosAnteHandler.ChainAnteDecorators.func2
                	            		/Users/keruch/Go-workspace/pkg/mod/github.com/cosmos/cosmos-sdk@v0.50.11/types/handler.go:48
                	            	github.com/evmos/ethermint/app/ante.AuthzLimiterDecorator.AnteHandle
                	            		/Users/keruch/Development/Dymension/ethermint/app/ante/authz.go:54
                	            	github.com/evmos/ethermint/app/ante.newCosmosAnteHandler.ChainAnteDecorators.func2
                	            		/Users/keruch/Go-workspace/pkg/mod/github.com/cosmos/cosmos-sdk@v0.50.11/types/handler.go:48
                	            	github.com/evmos/ethermint/app/ante.RejectMessagesDecorator.AnteHandle
                	            		/Users/keruch/Development/Dymension/ethermint/app/ante/reject_msgs.go:40
                	            	github.com/evmos/ethermint/app/ante.newCosmosAnteHandler.ChainAnteDecorators.func2
                	            		/Users/keruch/Go-workspace/pkg/mod/github.com/cosmos/cosmos-sdk@v0.50.11/types/handler.go:48
                	            	github.com/evmos/ethermint/app/ante.NewAnteHandler.func1
                	            		/Users/keruch/Development/Dymension/ethermint/app/ante/ante.go:89
                	            	github.com/evmos/ethermint/app/ante_test.(*AnteTestSuite).TestAnteHandler.func48
                	            		/Users/keruch/Development/Dymension/ethermint/app/ante/ante_test.go:941
                	            	github.com/stretchr/testify/suite.(*Suite).Run.func1
                	            		/Users/keruch/Go-workspace/pkg/mod/github.com/stretchr/testify@v1.9.0/suite/suite.go:115
                	            	signature verification failed; please verify account number (0) and chain-id (ethermint_9000-1): (unable to verify single signer signature): unauthorized
                	Test:       	TestAnteTestSuite/TestAnteHandler#02/success-_DeliverTx_EIP712_MsgVoteV1
        --- FAIL: TestAnteTestSuite/TestAnteHandler#02/success-_DeliverTx_EIP712_Multiple_MsgSend (0.01s)
            ante_test.go:946: 
                	Error Trace:	/Users/keruch/Development/Dymension/ethermint/app/ante/ante_test.go:946
                	            				/Users/keruch/Go-workspace/pkg/mod/github.com/stretchr/testify@v1.9.0/suite/suite.go:115
                	Error:      	Received unexpected error:
                	            	
                	            	github.com/cosmos/cosmos-sdk/x/auth/ante.SigVerificationDecorator.AnteHandle
                	            		/Users/keruch/Go-workspace/pkg/mod/github.com/cosmos/cosmos-sdk@v0.50.11/x/auth/ante/sigverify.go:333
                	            	github.com/evmos/ethermint/app/ante.newCosmosAnteHandler.ChainAnteDecorators.func2
                	            		/Users/keruch/Go-workspace/pkg/mod/github.com/cosmos/cosmos-sdk@v0.50.11/types/handler.go:48
                	            	github.com/cosmos/cosmos-sdk/x/auth/ante.SigGasConsumeDecorator.AnteHandle
                	            		/Users/keruch/Go-workspace/pkg/mod/github.com/cosmos/cosmos-sdk@v0.50.11/x/auth/ante/sigverify.go:212
                	            	github.com/evmos/ethermint/app/ante.newCosmosAnteHandler.ChainAnteDecorators.func2
                	            		/Users/keruch/Go-workspace/pkg/mod/github.com/cosmos/cosmos-sdk@v0.50.11/types/handler.go:48
                	            	github.com/cosmos/cosmos-sdk/x/auth/ante.ValidateSigCountDecorator.AnteHandle
                	            		/Users/keruch/Go-workspace/pkg/mod/github.com/cosmos/cosmos-sdk@v0.50.11/x/auth/ante/sigverify.go:420
                	            	github.com/evmos/ethermint/app/ante.newCosmosAnteHandler.ChainAnteDecorators.func2
                	            		/Users/keruch/Go-workspace/pkg/mod/github.com/cosmos/cosmos-sdk@v0.50.11/types/handler.go:48
                	            	github.com/cosmos/cosmos-sdk/x/auth/ante.SetPubKeyDecorator.AnteHandle
                	            		/Users/keruch/Go-workspace/pkg/mod/github.com/cosmos/cosmos-sdk@v0.50.11/x/auth/ante/sigverify.go:141
                	            	github.com/evmos/ethermint/app/ante.newCosmosAnteHandler.ChainAnteDecorators.func2
                	            		/Users/keruch/Go-workspace/pkg/mod/github.com/cosmos/cosmos-sdk@v0.50.11/types/handler.go:48
                	            	github.com/cosmos/cosmos-sdk/x/auth/ante.DeductFeeDecorator.AnteHandle
                	            		/Users/keruch/Go-workspace/pkg/mod/github.com/cosmos/cosmos-sdk@v0.50.11/x/auth/ante/fee.go:70
                	            	github.com/evmos/ethermint/app/ante.newCosmosAnteHandler.ChainAnteDecorators.func2
                	            		/Users/keruch/Go-workspace/pkg/mod/github.com/cosmos/cosmos-sdk@v0.50.11/types/handler.go:48
                	            	github.com/cosmos/cosmos-sdk/x/auth/ante.ConsumeTxSizeGasDecorator.AnteHandle
                	            		/Users/keruch/Go-workspace/pkg/mod/github.com/cosmos/cosmos-sdk@v0.50.11/x/auth/ante/basic.go:153
                	            	github.com/evmos/ethermint/app/ante.newCosmosAnteHandler.ChainAnteDecorators.func2
                	            		/Users/keruch/Go-workspace/pkg/mod/github.com/cosmos/cosmos-sdk@v0.50.11/types/handler.go:48
                	            	github.com/cosmos/cosmos-sdk/x/auth/ante.ValidateMemoDecorator.AnteHandle
                	            		/Users/keruch/Go-workspace/pkg/mod/github.com/cosmos/cosmos-sdk@v0.50.11/x/auth/ante/basic.go:72
                	            	github.com/evmos/ethermint/app/ante.newCosmosAnteHandler.ChainAnteDecorators.func2
                	            		/Users/keruch/Go-workspace/pkg/mod/github.com/cosmos/cosmos-sdk@v0.50.11/types/handler.go:48
                	            	github.com/evmos/ethermint/app/ante.MinGasPriceDecorator.AnteHandle
                	            		/Users/keruch/Development/Dymension/ethermint/app/ante/fees.go:91
                	            	github.com/evmos/ethermint/app/ante.newCosmosAnteHandler.ChainAnteDecorators.func2
                	            		/Users/keruch/Go-workspace/pkg/mod/github.com/cosmos/cosmos-sdk@v0.50.11/types/handler.go:48
                	            	github.com/cosmos/cosmos-sdk/x/auth/ante.TxTimeoutHeightDecorator.AnteHandle
                	            		/Users/keruch/Go-workspace/pkg/mod/github.com/cosmos/cosmos-sdk@v0.50.11/x/auth/ante/basic.go:216
                	            	github.com/evmos/ethermint/app/ante.newCosmosAnteHandler.ChainAnteDecorators.func2
                	            		/Users/keruch/Go-workspace/pkg/mod/github.com/cosmos/cosmos-sdk@v0.50.11/types/handler.go:48
                	            	github.com/cosmos/cosmos-sdk/x/auth/ante.ValidateBasicDecorator.AnteHandle
                	            		/Users/keruch/Go-workspace/pkg/mod/github.com/cosmos/cosmos-sdk@v0.50.11/x/auth/ante/basic.go:39
                	            	github.com/evmos/ethermint/app/ante.newCosmosAnteHandler.ChainAnteDecorators.func2
                	            		/Users/keruch/Go-workspace/pkg/mod/github.com/cosmos/cosmos-sdk@v0.50.11/types/handler.go:48
                	            	github.com/cosmos/cosmos-sdk/x/auth/ante.RejectExtensionOptionsDecorator.AnteHandle
                	            		/Users/keruch/Go-workspace/pkg/mod/github.com/cosmos/cosmos-sdk@v0.50.11/x/auth/ante/ext.go:52
                	            	github.com/evmos/ethermint/app/ante.newCosmosAnteHandler.ChainAnteDecorators.func2
                	            		/Users/keruch/Go-workspace/pkg/mod/github.com/cosmos/cosmos-sdk@v0.50.11/types/handler.go:48
                	            	github.com/cosmos/cosmos-sdk/x/auth/ante.SetUpContextDecorator.AnteHandle
                	            		/Users/keruch/Go-workspace/pkg/mod/github.com/cosmos/cosmos-sdk@v0.50.11/x/auth/ante/setup.go:70
                	            	github.com/evmos/ethermint/app/ante.newCosmosAnteHandler.ChainAnteDecorators.func2
                	            		/Users/keruch/Go-workspace/pkg/mod/github.com/cosmos/cosmos-sdk@v0.50.11/types/handler.go:48
                	            	github.com/evmos/ethermint/app/ante.AuthzLimiterDecorator.AnteHandle
                	            		/Users/keruch/Development/Dymension/ethermint/app/ante/authz.go:54
                	            	github.com/evmos/ethermint/app/ante.newCosmosAnteHandler.ChainAnteDecorators.func2
                	            		/Users/keruch/Go-workspace/pkg/mod/github.com/cosmos/cosmos-sdk@v0.50.11/types/handler.go:48
                	            	github.com/evmos/ethermint/app/ante.RejectMessagesDecorator.AnteHandle
                	            		/Users/keruch/Development/Dymension/ethermint/app/ante/reject_msgs.go:40
                	            	github.com/evmos/ethermint/app/ante.newCosmosAnteHandler.ChainAnteDecorators.func2
                	            		/Users/keruch/Go-workspace/pkg/mod/github.com/cosmos/cosmos-sdk@v0.50.11/types/handler.go:48
                	            	github.com/evmos/ethermint/app/ante.NewAnteHandler.func1
                	            		/Users/keruch/Development/Dymension/ethermint/app/ante/ante.go:89
                	            	github.com/evmos/ethermint/app/ante_test.(*AnteTestSuite).TestAnteHandler.func48
                	            		/Users/keruch/Development/Dymension/ethermint/app/ante/ante_test.go:941
                	            	github.com/stretchr/testify/suite.(*Suite).Run.func1
                	            		/Users/keruch/Go-workspace/pkg/mod/github.com/stretchr/testify@v1.9.0/suite/suite.go:115
                	            	signature verification failed; please verify account number (0) and chain-id (ethermint_9000-1): (unable to verify single signer signature): unauthorized
                	Test:       	TestAnteTestSuite/TestAnteHandler#02/success-_DeliverTx_EIP712_Multiple_MsgSend
        --- FAIL: TestAnteTestSuite/TestAnteHandler#02/passes_-_Single-signer_EIP-712 (0.01s)
            ante_test.go:946: 
                	Error Trace:	/Users/keruch/Development/Dymension/ethermint/app/ante/ante_test.go:946
                	            				/Users/keruch/Go-workspace/pkg/mod/github.com/stretchr/testify@v1.9.0/suite/suite.go:115
                	Error:      	Received unexpected error:
                	            	
                	            	github.com/cosmos/cosmos-sdk/x/auth/ante.SigVerificationDecorator.AnteHandle
                	            		/Users/keruch/Go-workspace/pkg/mod/github.com/cosmos/cosmos-sdk@v0.50.11/x/auth/ante/sigverify.go:333
                	            	github.com/evmos/ethermint/app/ante.newCosmosAnteHandler.ChainAnteDecorators.func2
                	            		/Users/keruch/Go-workspace/pkg/mod/github.com/cosmos/cosmos-sdk@v0.50.11/types/handler.go:48
                	            	github.com/cosmos/cosmos-sdk/x/auth/ante.SigGasConsumeDecorator.AnteHandle
                	            		/Users/keruch/Go-workspace/pkg/mod/github.com/cosmos/cosmos-sdk@v0.50.11/x/auth/ante/sigverify.go:212
                	            	github.com/evmos/ethermint/app/ante.newCosmosAnteHandler.ChainAnteDecorators.func2
                	            		/Users/keruch/Go-workspace/pkg/mod/github.com/cosmos/cosmos-sdk@v0.50.11/types/handler.go:48
                	            	github.com/cosmos/cosmos-sdk/x/auth/ante.ValidateSigCountDecorator.AnteHandle
                	            		/Users/keruch/Go-workspace/pkg/mod/github.com/cosmos/cosmos-sdk@v0.50.11/x/auth/ante/sigverify.go:420
                	            	github.com/evmos/ethermint/app/ante.newCosmosAnteHandler.ChainAnteDecorators.func2
                	            		/Users/keruch/Go-workspace/pkg/mod/github.com/cosmos/cosmos-sdk@v0.50.11/types/handler.go:48
                	            	github.com/cosmos/cosmos-sdk/x/auth/ante.SetPubKeyDecorator.AnteHandle
                	            		/Users/keruch/Go-workspace/pkg/mod/github.com/cosmos/cosmos-sdk@v0.50.11/x/auth/ante/sigverify.go:141
                	            	github.com/evmos/ethermint/app/ante.newCosmosAnteHandler.ChainAnteDecorators.func2
                	            		/Users/keruch/Go-workspace/pkg/mod/github.com/cosmos/cosmos-sdk@v0.50.11/types/handler.go:48
                	            	github.com/cosmos/cosmos-sdk/x/auth/ante.DeductFeeDecorator.AnteHandle
                	            		/Users/keruch/Go-workspace/pkg/mod/github.com/cosmos/cosmos-sdk@v0.50.11/x/auth/ante/fee.go:70
                	            	github.com/evmos/ethermint/app/ante.newCosmosAnteHandler.ChainAnteDecorators.func2
                	            		/Users/keruch/Go-workspace/pkg/mod/github.com/cosmos/cosmos-sdk@v0.50.11/types/handler.go:48
                	            	github.com/cosmos/cosmos-sdk/x/auth/ante.ConsumeTxSizeGasDecorator.AnteHandle
                	            		/Users/keruch/Go-workspace/pkg/mod/github.com/cosmos/cosmos-sdk@v0.50.11/x/auth/ante/basic.go:153
                	            	github.com/evmos/ethermint/app/ante.newCosmosAnteHandler.ChainAnteDecorators.func2
                	            		/Users/keruch/Go-workspace/pkg/mod/github.com/cosmos/cosmos-sdk@v0.50.11/types/handler.go:48
                	            	github.com/cosmos/cosmos-sdk/x/auth/ante.ValidateMemoDecorator.AnteHandle
                	            		/Users/keruch/Go-workspace/pkg/mod/github.com/cosmos/cosmos-sdk@v0.50.11/x/auth/ante/basic.go:72
                	            	github.com/evmos/ethermint/app/ante.newCosmosAnteHandler.ChainAnteDecorators.func2
                	            		/Users/keruch/Go-workspace/pkg/mod/github.com/cosmos/cosmos-sdk@v0.50.11/types/handler.go:48
                	            	github.com/evmos/ethermint/app/ante.MinGasPriceDecorator.AnteHandle
                	            		/Users/keruch/Development/Dymension/ethermint/app/ante/fees.go:91
                	            	github.com/evmos/ethermint/app/ante.newCosmosAnteHandler.ChainAnteDecorators.func2
                	            		/Users/keruch/Go-workspace/pkg/mod/github.com/cosmos/cosmos-sdk@v0.50.11/types/handler.go:48
                	            	github.com/cosmos/cosmos-sdk/x/auth/ante.TxTimeoutHeightDecorator.AnteHandle
                	            		/Users/keruch/Go-workspace/pkg/mod/github.com/cosmos/cosmos-sdk@v0.50.11/x/auth/ante/basic.go:216
                	            	github.com/evmos/ethermint/app/ante.newCosmosAnteHandler.ChainAnteDecorators.func2
                	            		/Users/keruch/Go-workspace/pkg/mod/github.com/cosmos/cosmos-sdk@v0.50.11/types/handler.go:48
                	            	github.com/cosmos/cosmos-sdk/x/auth/ante.ValidateBasicDecorator.AnteHandle
                	            		/Users/keruch/Go-workspace/pkg/mod/github.com/cosmos/cosmos-sdk@v0.50.11/x/auth/ante/basic.go:39
                	            	github.com/evmos/ethermint/app/ante.newCosmosAnteHandler.ChainAnteDecorators.func2
                	            		/Users/keruch/Go-workspace/pkg/mod/github.com/cosmos/cosmos-sdk@v0.50.11/types/handler.go:48
                	            	github.com/cosmos/cosmos-sdk/x/auth/ante.RejectExtensionOptionsDecorator.AnteHandle
                	            		/Users/keruch/Go-workspace/pkg/mod/github.com/cosmos/cosmos-sdk@v0.50.11/x/auth/ante/ext.go:52
                	            	github.com/evmos/ethermint/app/ante.newCosmosAnteHandler.ChainAnteDecorators.func2
                	            		/Users/keruch/Go-workspace/pkg/mod/github.com/cosmos/cosmos-sdk@v0.50.11/types/handler.go:48
                	            	github.com/cosmos/cosmos-sdk/x/auth/ante.SetUpContextDecorator.AnteHandle
                	            		/Users/keruch/Go-workspace/pkg/mod/github.com/cosmos/cosmos-sdk@v0.50.11/x/auth/ante/setup.go:70
                	            	github.com/evmos/ethermint/app/ante.newCosmosAnteHandler.ChainAnteDecorators.func2
                	            		/Users/keruch/Go-workspace/pkg/mod/github.com/cosmos/cosmos-sdk@v0.50.11/types/handler.go:48
                	            	github.com/evmos/ethermint/app/ante.AuthzLimiterDecorator.AnteHandle
                	            		/Users/keruch/Development/Dymension/ethermint/app/ante/authz.go:54
                	            	github.com/evmos/ethermint/app/ante.newCosmosAnteHandler.ChainAnteDecorators.func2
                	            		/Users/keruch/Go-workspace/pkg/mod/github.com/cosmos/cosmos-sdk@v0.50.11/types/handler.go:48
                	            	github.com/evmos/ethermint/app/ante.RejectMessagesDecorator.AnteHandle
                	            		/Users/keruch/Development/Dymension/ethermint/app/ante/reject_msgs.go:40
                	            	github.com/evmos/ethermint/app/ante.newCosmosAnteHandler.ChainAnteDecorators.func2
                	            		/Users/keruch/Go-workspace/pkg/mod/github.com/cosmos/cosmos-sdk@v0.50.11/types/handler.go:48
                	            	github.com/evmos/ethermint/app/ante.NewAnteHandler.func1
                	            		/Users/keruch/Development/Dymension/ethermint/app/ante/ante.go:89
                	            	github.com/evmos/ethermint/app/ante_test.(*AnteTestSuite).TestAnteHandler.func48
                	            		/Users/keruch/Development/Dymension/ethermint/app/ante/ante_test.go:941
                	            	github.com/stretchr/testify/suite.(*Suite).Run.func1
                	            		/Users/keruch/Go-workspace/pkg/mod/github.com/stretchr/testify@v1.9.0/suite/suite.go:115
                	            	signature verification failed; please verify account number (0), sequence (0) and chain-id (ethermint_9000-1): unauthorized
                	Test:       	TestAnteTestSuite/TestAnteHandler#02/passes_-_Single-signer_EIP-712
        --- FAIL: TestAnteTestSuite/TestAnteHandler#02/passes_-_EIP-712_multi-key (0.01s)
            ante_test.go:946: 
                	Error Trace:	/Users/keruch/Development/Dymension/ethermint/app/ante/ante_test.go:946
                	            				/Users/keruch/Go-workspace/pkg/mod/github.com/stretchr/testify@v1.9.0/suite/suite.go:115
                	Error:      	Received unexpected error:
                	            	
                	            	github.com/cosmos/cosmos-sdk/x/auth/ante.SigVerificationDecorator.AnteHandle
                	            		/Users/keruch/Go-workspace/pkg/mod/github.com/cosmos/cosmos-sdk@v0.50.11/x/auth/ante/sigverify.go:333
                	            	github.com/evmos/ethermint/app/ante.newCosmosAnteHandler.ChainAnteDecorators.func2
                	            		/Users/keruch/Go-workspace/pkg/mod/github.com/cosmos/cosmos-sdk@v0.50.11/types/handler.go:48
                	            	github.com/cosmos/cosmos-sdk/x/auth/ante.SigGasConsumeDecorator.AnteHandle
                	            		/Users/keruch/Go-workspace/pkg/mod/github.com/cosmos/cosmos-sdk@v0.50.11/x/auth/ante/sigverify.go:212
                	            	github.com/evmos/ethermint/app/ante.newCosmosAnteHandler.ChainAnteDecorators.func2
                	            		/Users/keruch/Go-workspace/pkg/mod/github.com/cosmos/cosmos-sdk@v0.50.11/types/handler.go:48
                	            	github.com/cosmos/cosmos-sdk/x/auth/ante.ValidateSigCountDecorator.AnteHandle
                	            		/Users/keruch/Go-workspace/pkg/mod/github.com/cosmos/cosmos-sdk@v0.50.11/x/auth/ante/sigverify.go:420
                	            	github.com/evmos/ethermint/app/ante.newCosmosAnteHandler.ChainAnteDecorators.func2
                	            		/Users/keruch/Go-workspace/pkg/mod/github.com/cosmos/cosmos-sdk@v0.50.11/types/handler.go:48
                	            	github.com/cosmos/cosmos-sdk/x/auth/ante.SetPubKeyDecorator.AnteHandle
                	            		/Users/keruch/Go-workspace/pkg/mod/github.com/cosmos/cosmos-sdk@v0.50.11/x/auth/ante/sigverify.go:141
                	            	github.com/evmos/ethermint/app/ante.newCosmosAnteHandler.ChainAnteDecorators.func2
                	            		/Users/keruch/Go-workspace/pkg/mod/github.com/cosmos/cosmos-sdk@v0.50.11/types/handler.go:48
                	            	github.com/cosmos/cosmos-sdk/x/auth/ante.DeductFeeDecorator.AnteHandle
                	            		/Users/keruch/Go-workspace/pkg/mod/github.com/cosmos/cosmos-sdk@v0.50.11/x/auth/ante/fee.go:70
                	            	github.com/evmos/ethermint/app/ante.newCosmosAnteHandler.ChainAnteDecorators.func2
                	            		/Users/keruch/Go-workspace/pkg/mod/github.com/cosmos/cosmos-sdk@v0.50.11/types/handler.go:48
                	            	github.com/cosmos/cosmos-sdk/x/auth/ante.ConsumeTxSizeGasDecorator.AnteHandle
                	            		/Users/keruch/Go-workspace/pkg/mod/github.com/cosmos/cosmos-sdk@v0.50.11/x/auth/ante/basic.go:153
                	            	github.com/evmos/ethermint/app/ante.newCosmosAnteHandler.ChainAnteDecorators.func2
                	            		/Users/keruch/Go-workspace/pkg/mod/github.com/cosmos/cosmos-sdk@v0.50.11/types/handler.go:48
                	            	github.com/cosmos/cosmos-sdk/x/auth/ante.ValidateMemoDecorator.AnteHandle
                	            		/Users/keruch/Go-workspace/pkg/mod/github.com/cosmos/cosmos-sdk@v0.50.11/x/auth/ante/basic.go:72
                	            	github.com/evmos/ethermint/app/ante.newCosmosAnteHandler.ChainAnteDecorators.func2
                	            		/Users/keruch/Go-workspace/pkg/mod/github.com/cosmos/cosmos-sdk@v0.50.11/types/handler.go:48
                	            	github.com/evmos/ethermint/app/ante.MinGasPriceDecorator.AnteHandle
                	            		/Users/keruch/Development/Dymension/ethermint/app/ante/fees.go:91
                	            	github.com/evmos/ethermint/app/ante.newCosmosAnteHandler.ChainAnteDecorators.func2
                	            		/Users/keruch/Go-workspace/pkg/mod/github.com/cosmos/cosmos-sdk@v0.50.11/types/handler.go:48
                	            	github.com/cosmos/cosmos-sdk/x/auth/ante.TxTimeoutHeightDecorator.AnteHandle
                	            		/Users/keruch/Go-workspace/pkg/mod/github.com/cosmos/cosmos-sdk@v0.50.11/x/auth/ante/basic.go:216
                	            	github.com/evmos/ethermint/app/ante.newCosmosAnteHandler.ChainAnteDecorators.func2
                	            		/Users/keruch/Go-workspace/pkg/mod/github.com/cosmos/cosmos-sdk@v0.50.11/types/handler.go:48
                	            	github.com/cosmos/cosmos-sdk/x/auth/ante.ValidateBasicDecorator.AnteHandle
                	            		/Users/keruch/Go-workspace/pkg/mod/github.com/cosmos/cosmos-sdk@v0.50.11/x/auth/ante/basic.go:39
                	            	github.com/evmos/ethermint/app/ante.newCosmosAnteHandler.ChainAnteDecorators.func2
                	            		/Users/keruch/Go-workspace/pkg/mod/github.com/cosmos/cosmos-sdk@v0.50.11/types/handler.go:48
                	            	github.com/cosmos/cosmos-sdk/x/auth/ante.RejectExtensionOptionsDecorator.AnteHandle
                	            		/Users/keruch/Go-workspace/pkg/mod/github.com/cosmos/cosmos-sdk@v0.50.11/x/auth/ante/ext.go:52
                	            	github.com/evmos/ethermint/app/ante.newCosmosAnteHandler.ChainAnteDecorators.func2
                	            		/Users/keruch/Go-workspace/pkg/mod/github.com/cosmos/cosmos-sdk@v0.50.11/types/handler.go:48
                	            	github.com/cosmos/cosmos-sdk/x/auth/ante.SetUpContextDecorator.AnteHandle
                	            		/Users/keruch/Go-workspace/pkg/mod/github.com/cosmos/cosmos-sdk@v0.50.11/x/auth/ante/setup.go:70
                	            	github.com/evmos/ethermint/app/ante.newCosmosAnteHandler.ChainAnteDecorators.func2
                	            		/Users/keruch/Go-workspace/pkg/mod/github.com/cosmos/cosmos-sdk@v0.50.11/types/handler.go:48
                	            	github.com/evmos/ethermint/app/ante.AuthzLimiterDecorator.AnteHandle
                	            		/Users/keruch/Development/Dymension/ethermint/app/ante/authz.go:54
                	            	github.com/evmos/ethermint/app/ante.newCosmosAnteHandler.ChainAnteDecorators.func2
                	            		/Users/keruch/Go-workspace/pkg/mod/github.com/cosmos/cosmos-sdk@v0.50.11/types/handler.go:48
                	            	github.com/evmos/ethermint/app/ante.RejectMessagesDecorator.AnteHandle
                	            		/Users/keruch/Development/Dymension/ethermint/app/ante/reject_msgs.go:40
                	            	github.com/evmos/ethermint/app/ante.newCosmosAnteHandler.ChainAnteDecorators.func2
                	            		/Users/keruch/Go-workspace/pkg/mod/github.com/cosmos/cosmos-sdk@v0.50.11/types/handler.go:48
                	            	github.com/evmos/ethermint/app/ante.NewAnteHandler.func1
                	            		/Users/keruch/Development/Dymension/ethermint/app/ante/ante.go:89
                	            	github.com/evmos/ethermint/app/ante_test.(*AnteTestSuite).TestAnteHandler.func48
                	            		/Users/keruch/Development/Dymension/ethermint/app/ante/ante_test.go:941
                	            	github.com/stretchr/testify/suite.(*Suite).Run.func1
                	            		/Users/keruch/Go-workspace/pkg/mod/github.com/stretchr/testify@v1.9.0/suite/suite.go:115
                	            	signature verification failed; please verify account number (0), sequence (0) and chain-id (ethermint_9000-1): unauthorized
                	Test:       	TestAnteTestSuite/TestAnteHandler#02/passes_-_EIP-712_multi-key
        --- FAIL: TestAnteTestSuite/TestAnteHandler#02/passes_-_Mixed_multi-key (0.01s)
            ante_test.go:946: 
                	Error Trace:	/Users/keruch/Development/Dymension/ethermint/app/ante/ante_test.go:946
                	            				/Users/keruch/Go-workspace/pkg/mod/github.com/stretchr/testify@v1.9.0/suite/suite.go:115
                	Error:      	Received unexpected error:
                	            	
                	            	github.com/cosmos/cosmos-sdk/x/auth/ante.SigVerificationDecorator.AnteHandle
                	            		/Users/keruch/Go-workspace/pkg/mod/github.com/cosmos/cosmos-sdk@v0.50.11/x/auth/ante/sigverify.go:333
                	            	github.com/evmos/ethermint/app/ante.newCosmosAnteHandler.ChainAnteDecorators.func2
                	            		/Users/keruch/Go-workspace/pkg/mod/github.com/cosmos/cosmos-sdk@v0.50.11/types/handler.go:48
                	            	github.com/cosmos/cosmos-sdk/x/auth/ante.SigGasConsumeDecorator.AnteHandle
                	            		/Users/keruch/Go-workspace/pkg/mod/github.com/cosmos/cosmos-sdk@v0.50.11/x/auth/ante/sigverify.go:212
                	            	github.com/evmos/ethermint/app/ante.newCosmosAnteHandler.ChainAnteDecorators.func2
                	            		/Users/keruch/Go-workspace/pkg/mod/github.com/cosmos/cosmos-sdk@v0.50.11/types/handler.go:48
                	            	github.com/cosmos/cosmos-sdk/x/auth/ante.ValidateSigCountDecorator.AnteHandle
                	            		/Users/keruch/Go-workspace/pkg/mod/github.com/cosmos/cosmos-sdk@v0.50.11/x/auth/ante/sigverify.go:420
                	            	github.com/evmos/ethermint/app/ante.newCosmosAnteHandler.ChainAnteDecorators.func2
                	            		/Users/keruch/Go-workspace/pkg/mod/github.com/cosmos/cosmos-sdk@v0.50.11/types/handler.go:48
                	            	github.com/cosmos/cosmos-sdk/x/auth/ante.SetPubKeyDecorator.AnteHandle
                	            		/Users/keruch/Go-workspace/pkg/mod/github.com/cosmos/cosmos-sdk@v0.50.11/x/auth/ante/sigverify.go:141
                	            	github.com/evmos/ethermint/app/ante.newCosmosAnteHandler.ChainAnteDecorators.func2
                	            		/Users/keruch/Go-workspace/pkg/mod/github.com/cosmos/cosmos-sdk@v0.50.11/types/handler.go:48
                	            	github.com/cosmos/cosmos-sdk/x/auth/ante.DeductFeeDecorator.AnteHandle
                	            		/Users/keruch/Go-workspace/pkg/mod/github.com/cosmos/cosmos-sdk@v0.50.11/x/auth/ante/fee.go:70
                	            	github.com/evmos/ethermint/app/ante.newCosmosAnteHandler.ChainAnteDecorators.func2
                	            		/Users/keruch/Go-workspace/pkg/mod/github.com/cosmos/cosmos-sdk@v0.50.11/types/handler.go:48
                	            	github.com/cosmos/cosmos-sdk/x/auth/ante.ConsumeTxSizeGasDecorator.AnteHandle
                	            		/Users/keruch/Go-workspace/pkg/mod/github.com/cosmos/cosmos-sdk@v0.50.11/x/auth/ante/basic.go:153
                	            	github.com/evmos/ethermint/app/ante.newCosmosAnteHandler.ChainAnteDecorators.func2
                	            		/Users/keruch/Go-workspace/pkg/mod/github.com/cosmos/cosmos-sdk@v0.50.11/types/handler.go:48
                	            	github.com/cosmos/cosmos-sdk/x/auth/ante.ValidateMemoDecorator.AnteHandle
                	            		/Users/keruch/Go-workspace/pkg/mod/github.com/cosmos/cosmos-sdk@v0.50.11/x/auth/ante/basic.go:72
                	            	github.com/evmos/ethermint/app/ante.newCosmosAnteHandler.ChainAnteDecorators.func2
                	            		/Users/keruch/Go-workspace/pkg/mod/github.com/cosmos/cosmos-sdk@v0.50.11/types/handler.go:48
                	            	github.com/evmos/ethermint/app/ante.MinGasPriceDecorator.AnteHandle
                	            		/Users/keruch/Development/Dymension/ethermint/app/ante/fees.go:91
                	            	github.com/evmos/ethermint/app/ante.newCosmosAnteHandler.ChainAnteDecorators.func2
                	            		/Users/keruch/Go-workspace/pkg/mod/github.com/cosmos/cosmos-sdk@v0.50.11/types/handler.go:48
                	            	github.com/cosmos/cosmos-sdk/x/auth/ante.TxTimeoutHeightDecorator.AnteHandle
                	            		/Users/keruch/Go-workspace/pkg/mod/github.com/cosmos/cosmos-sdk@v0.50.11/x/auth/ante/basic.go:216
                	            	github.com/evmos/ethermint/app/ante.newCosmosAnteHandler.ChainAnteDecorators.func2
                	            		/Users/keruch/Go-workspace/pkg/mod/github.com/cosmos/cosmos-sdk@v0.50.11/types/handler.go:48
                	            	github.com/cosmos/cosmos-sdk/x/auth/ante.ValidateBasicDecorator.AnteHandle
                	            		/Users/keruch/Go-workspace/pkg/mod/github.com/cosmos/cosmos-sdk@v0.50.11/x/auth/ante/basic.go:39
                	            	github.com/evmos/ethermint/app/ante.newCosmosAnteHandler.ChainAnteDecorators.func2
                	            		/Users/keruch/Go-workspace/pkg/mod/github.com/cosmos/cosmos-sdk@v0.50.11/types/handler.go:48
                	            	github.com/cosmos/cosmos-sdk/x/auth/ante.RejectExtensionOptionsDecorator.AnteHandle
                	            		/Users/keruch/Go-workspace/pkg/mod/github.com/cosmos/cosmos-sdk@v0.50.11/x/auth/ante/ext.go:52
                	            	github.com/evmos/ethermint/app/ante.newCosmosAnteHandler.ChainAnteDecorators.func2
                	            		/Users/keruch/Go-workspace/pkg/mod/github.com/cosmos/cosmos-sdk@v0.50.11/types/handler.go:48
                	            	github.com/cosmos/cosmos-sdk/x/auth/ante.SetUpContextDecorator.AnteHandle
                	            		/Users/keruch/Go-workspace/pkg/mod/github.com/cosmos/cosmos-sdk@v0.50.11/x/auth/ante/setup.go:70
                	            	github.com/evmos/ethermint/app/ante.newCosmosAnteHandler.ChainAnteDecorators.func2
                	            		/Users/keruch/Go-workspace/pkg/mod/github.com/cosmos/cosmos-sdk@v0.50.11/types/handler.go:48
                	            	github.com/evmos/ethermint/app/ante.AuthzLimiterDecorator.AnteHandle
                	            		/Users/keruch/Development/Dymension/ethermint/app/ante/authz.go:54
                	            	github.com/evmos/ethermint/app/ante.newCosmosAnteHandler.ChainAnteDecorators.func2
                	            		/Users/keruch/Go-workspace/pkg/mod/github.com/cosmos/cosmos-sdk@v0.50.11/types/handler.go:48
                	            	github.com/evmos/ethermint/app/ante.RejectMessagesDecorator.AnteHandle
                	            		/Users/keruch/Development/Dymension/ethermint/app/ante/reject_msgs.go:40
                	            	github.com/evmos/ethermint/app/ante.newCosmosAnteHandler.ChainAnteDecorators.func2
                	            		/Users/keruch/Go-workspace/pkg/mod/github.com/cosmos/cosmos-sdk@v0.50.11/types/handler.go:48
                	            	github.com/evmos/ethermint/app/ante.NewAnteHandler.func1
                	            		/Users/keruch/Development/Dymension/ethermint/app/ante/ante.go:89
                	            	github.com/evmos/ethermint/app/ante_test.(*AnteTestSuite).TestAnteHandler.func48
                	            		/Users/keruch/Development/Dymension/ethermint/app/ante/ante_test.go:941
                	            	github.com/stretchr/testify/suite.(*Suite).Run.func1
                	            		/Users/keruch/Go-workspace/pkg/mod/github.com/stretchr/testify@v1.9.0/suite/suite.go:115
                	            	signature verification failed; please verify account number (0), sequence (0) and chain-id (ethermint_9000-1): unauthorized
                	Test:       	TestAnteTestSuite/TestAnteHandler#02/passes_-_Mixed_multi-key
        --- FAIL: TestAnteTestSuite/TestAnteHandler#02/passes_-_Mixed_multi-key_with_MsgVote (0.02s)
            ante_test.go:946: 
                	Error Trace:	/Users/keruch/Development/Dymension/ethermint/app/ante/ante_test.go:946
                	            				/Users/keruch/Go-workspace/pkg/mod/github.com/stretchr/testify@v1.9.0/suite/suite.go:115
                	Error:      	Received unexpected error:
                	            	
                	            	github.com/cosmos/cosmos-sdk/x/auth/ante.SigVerificationDecorator.AnteHandle
                	            		/Users/keruch/Go-workspace/pkg/mod/github.com/cosmos/cosmos-sdk@v0.50.11/x/auth/ante/sigverify.go:333
                	            	github.com/evmos/ethermint/app/ante.newCosmosAnteHandler.ChainAnteDecorators.func2
                	            		/Users/keruch/Go-workspace/pkg/mod/github.com/cosmos/cosmos-sdk@v0.50.11/types/handler.go:48
                	            	github.com/cosmos/cosmos-sdk/x/auth/ante.SigGasConsumeDecorator.AnteHandle
                	            		/Users/keruch/Go-workspace/pkg/mod/github.com/cosmos/cosmos-sdk@v0.50.11/x/auth/ante/sigverify.go:212
                	            	github.com/evmos/ethermint/app/ante.newCosmosAnteHandler.ChainAnteDecorators.func2
                	            		/Users/keruch/Go-workspace/pkg/mod/github.com/cosmos/cosmos-sdk@v0.50.11/types/handler.go:48
                	            	github.com/cosmos/cosmos-sdk/x/auth/ante.ValidateSigCountDecorator.AnteHandle
                	            		/Users/keruch/Go-workspace/pkg/mod/github.com/cosmos/cosmos-sdk@v0.50.11/x/auth/ante/sigverify.go:420
                	            	github.com/evmos/ethermint/app/ante.newCosmosAnteHandler.ChainAnteDecorators.func2
                	            		/Users/keruch/Go-workspace/pkg/mod/github.com/cosmos/cosmos-sdk@v0.50.11/types/handler.go:48
                	            	github.com/cosmos/cosmos-sdk/x/auth/ante.SetPubKeyDecorator.AnteHandle
                	            		/Users/keruch/Go-workspace/pkg/mod/github.com/cosmos/cosmos-sdk@v0.50.11/x/auth/ante/sigverify.go:141
                	            	github.com/evmos/ethermint/app/ante.newCosmosAnteHandler.ChainAnteDecorators.func2
                	            		/Users/keruch/Go-workspace/pkg/mod/github.com/cosmos/cosmos-sdk@v0.50.11/types/handler.go:48
                	            	github.com/cosmos/cosmos-sdk/x/auth/ante.DeductFeeDecorator.AnteHandle
                	            		/Users/keruch/Go-workspace/pkg/mod/github.com/cosmos/cosmos-sdk@v0.50.11/x/auth/ante/fee.go:70
                	            	github.com/evmos/ethermint/app/ante.newCosmosAnteHandler.ChainAnteDecorators.func2
                	            		/Users/keruch/Go-workspace/pkg/mod/github.com/cosmos/cosmos-sdk@v0.50.11/types/handler.go:48
                	            	github.com/cosmos/cosmos-sdk/x/auth/ante.ConsumeTxSizeGasDecorator.AnteHandle
                	            		/Users/keruch/Go-workspace/pkg/mod/github.com/cosmos/cosmos-sdk@v0.50.11/x/auth/ante/basic.go:153
                	            	github.com/evmos/ethermint/app/ante.newCosmosAnteHandler.ChainAnteDecorators.func2
                	            		/Users/keruch/Go-workspace/pkg/mod/github.com/cosmos/cosmos-sdk@v0.50.11/types/handler.go:48
                	            	github.com/cosmos/cosmos-sdk/x/auth/ante.ValidateMemoDecorator.AnteHandle
                	            		/Users/keruch/Go-workspace/pkg/mod/github.com/cosmos/cosmos-sdk@v0.50.11/x/auth/ante/basic.go:72
                	            	github.com/evmos/ethermint/app/ante.newCosmosAnteHandler.ChainAnteDecorators.func2
                	            		/Users/keruch/Go-workspace/pkg/mod/github.com/cosmos/cosmos-sdk@v0.50.11/types/handler.go:48
                	            	github.com/evmos/ethermint/app/ante.MinGasPriceDecorator.AnteHandle
                	            		/Users/keruch/Development/Dymension/ethermint/app/ante/fees.go:91
                	            	github.com/evmos/ethermint/app/ante.newCosmosAnteHandler.ChainAnteDecorators.func2
                	            		/Users/keruch/Go-workspace/pkg/mod/github.com/cosmos/cosmos-sdk@v0.50.11/types/handler.go:48
                	            	github.com/cosmos/cosmos-sdk/x/auth/ante.TxTimeoutHeightDecorator.AnteHandle
                	            		/Users/keruch/Go-workspace/pkg/mod/github.com/cosmos/cosmos-sdk@v0.50.11/x/auth/ante/basic.go:216
                	            	github.com/evmos/ethermint/app/ante.newCosmosAnteHandler.ChainAnteDecorators.func2
                	            		/Users/keruch/Go-workspace/pkg/mod/github.com/cosmos/cosmos-sdk@v0.50.11/types/handler.go:48
                	            	github.com/cosmos/cosmos-sdk/x/auth/ante.ValidateBasicDecorator.AnteHandle
                	            		/Users/keruch/Go-workspace/pkg/mod/github.com/cosmos/cosmos-sdk@v0.50.11/x/auth/ante/basic.go:39
                	            	github.com/evmos/ethermint/app/ante.newCosmosAnteHandler.ChainAnteDecorators.func2
                	            		/Users/keruch/Go-workspace/pkg/mod/github.com/cosmos/cosmos-sdk@v0.50.11/types/handler.go:48
                	            	github.com/cosmos/cosmos-sdk/x/auth/ante.RejectExtensionOptionsDecorator.AnteHandle
                	            		/Users/keruch/Go-workspace/pkg/mod/github.com/cosmos/cosmos-sdk@v0.50.11/x/auth/ante/ext.go:52
                	            	github.com/evmos/ethermint/app/ante.newCosmosAnteHandler.ChainAnteDecorators.func2
                	            		/Users/keruch/Go-workspace/pkg/mod/github.com/cosmos/cosmos-sdk@v0.50.11/types/handler.go:48
                	            	github.com/cosmos/cosmos-sdk/x/auth/ante.SetUpContextDecorator.AnteHandle
                	            		/Users/keruch/Go-workspace/pkg/mod/github.com/cosmos/cosmos-sdk@v0.50.11/x/auth/ante/setup.go:70
                	            	github.com/evmos/ethermint/app/ante.newCosmosAnteHandler.ChainAnteDecorators.func2
                	            		/Users/keruch/Go-workspace/pkg/mod/github.com/cosmos/cosmos-sdk@v0.50.11/types/handler.go:48
                	            	github.com/evmos/ethermint/app/ante.AuthzLimiterDecorator.AnteHandle
                	            		/Users/keruch/Development/Dymension/ethermint/app/ante/authz.go:54
                	            	github.com/evmos/ethermint/app/ante.newCosmosAnteHandler.ChainAnteDecorators.func2
                	            		/Users/keruch/Go-workspace/pkg/mod/github.com/cosmos/cosmos-sdk@v0.50.11/types/handler.go:48
                	            	github.com/evmos/ethermint/app/ante.RejectMessagesDecorator.AnteHandle
                	            		/Users/keruch/Development/Dymension/ethermint/app/ante/reject_msgs.go:40
                	            	github.com/evmos/ethermint/app/ante.newCosmosAnteHandler.ChainAnteDecorators.func2
                	            		/Users/keruch/Go-workspace/pkg/mod/github.com/cosmos/cosmos-sdk@v0.50.11/types/handler.go:48
                	            	github.com/evmos/ethermint/app/ante.NewAnteHandler.func1
                	            		/Users/keruch/Development/Dymension/ethermint/app/ante/ante.go:89
                	            	github.com/evmos/ethermint/app/ante_test.(*AnteTestSuite).TestAnteHandler.func48
                	            		/Users/keruch/Development/Dymension/ethermint/app/ante/ante_test.go:941
                	            	github.com/stretchr/testify/suite.(*Suite).Run.func1
                	            		/Users/keruch/Go-workspace/pkg/mod/github.com/stretchr/testify@v1.9.0/suite/suite.go:115
                	            	signature verification failed; please verify account number (0), sequence (0) and chain-id (ethermint_9000-1): unauthorized
                	Test:       	TestAnteTestSuite/TestAnteHandler#02/passes_-_Mixed_multi-key_with_MsgVote
    --- FAIL: TestAnteTestSuite/TestCanTransferDecorator#02 (0.01s)
        --- FAIL: TestAnteTestSuite/TestCanTransferDecorator#02/invalid_transaction_type (0.00s)
            eth_test.go:402: 
                	Error Trace:	/Users/keruch/Development/Dymension/ethermint/app/ante/eth_test.go:402
                	            				/Users/keruch/Go-workspace/pkg/mod/github.com/stretchr/testify@v1.9.0/suite/suite.go:115
                	Error:      	An error is expected but got nil.
                	Test:       	TestAnteTestSuite/TestCanTransferDecorator#02/invalid_transaction_type
    --- FAIL: TestAnteTestSuite/TestEthGasConsumeDecorator#02 (0.02s)
        --- FAIL: TestAnteTestSuite/TestEthGasConsumeDecorator#02/invalid_transaction_type (0.00s)
            eth_test.go:317: 
                	Error Trace:	/Users/keruch/Development/Dymension/ethermint/app/ante/eth_test.go:317
                	            				/Users/keruch/Go-workspace/pkg/mod/github.com/stretchr/testify@v1.9.0/suite/suite.go:115
                	Error:      	An error is expected but got nil.
                	Test:       	TestAnteTestSuite/TestEthGasConsumeDecorator#02/invalid_transaction_type
    --- FAIL: TestAnteTestSuite/TestEthIncrementSenderSequenceDecorator#02 (0.02s)
        --- FAIL: TestAnteTestSuite/TestEthIncrementSenderSequenceDecorator#02/invalid_transaction_type (0.00s)
            eth_test.go:493: 
                	Error Trace:	/Users/keruch/Development/Dymension/ethermint/app/ante/eth_test.go:493
                	            				/Users/keruch/Go-workspace/pkg/mod/github.com/stretchr/testify@v1.9.0/suite/suite.go:115
                	Error:      	An error is expected but got nil.
                	Test:       	TestAnteTestSuite/TestEthIncrementSenderSequenceDecorator#02/invalid_transaction_type
    --- FAIL: TestAnteTestSuite/TestEthMinGasPriceDecorator#02 (0.43s)
        --- FAIL: TestAnteTestSuite/TestEthMinGasPriceDecorator#02/deliverTx_invalid_tx_type (0.01s)
            fees_test.go:357: 
                	Error Trace:	/Users/keruch/Development/Dymension/ethermint/app/ante/fees_test.go:357
                	            				/Users/keruch/Go-workspace/pkg/mod/github.com/stretchr/testify@v1.9.0/suite/suite.go:115
                	Error:      	An error is expected but got nil.
                	Test:       	TestAnteTestSuite/TestEthMinGasPriceDecorator#02/deliverTx_invalid_tx_type
                	Messages:   	invalid tx type
        --- FAIL: TestAnteTestSuite/TestEthMinGasPriceDecorator#02/deliverTxSimulate_invalid_tx_type (0.01s)
            fees_test.go:357: 
                	Error Trace:	/Users/keruch/Development/Dymension/ethermint/app/ante/fees_test.go:357
                	            				/Users/keruch/Go-workspace/pkg/mod/github.com/stretchr/testify@v1.9.0/suite/suite.go:115
                	Error:      	An error is expected but got nil.
                	Test:       	TestAnteTestSuite/TestEthMinGasPriceDecorator#02/deliverTxSimulate_invalid_tx_type
                	Messages:   	invalid tx type
    --- FAIL: TestAnteTestSuite/TestEthNonceVerificationDecorator#02 (0.02s)
        --- FAIL: TestAnteTestSuite/TestEthNonceVerificationDecorator#02/ReCheckTx (0.00s)
            eth_test.go:161: 
                	Error Trace:	/Users/keruch/Development/Dymension/ethermint/app/ante/eth_test.go:161
                	            				/Users/keruch/Go-workspace/pkg/mod/github.com/stretchr/testify@v1.9.0/suite/suite.go:115
                	Error:      	An error is expected but got nil.
                	Test:       	TestAnteTestSuite/TestEthNonceVerificationDecorator#02/ReCheckTx
        --- FAIL: TestAnteTestSuite/TestEthNonceVerificationDecorator#02/invalid_transaction_type (0.00s)
            eth_test.go:161: 
                	Error Trace:	/Users/keruch/Development/Dymension/ethermint/app/ante/eth_test.go:161
                	            				/Users/keruch/Go-workspace/pkg/mod/github.com/stretchr/testify@v1.9.0/suite/suite.go:115
                	Error:      	An error is expected but got nil.
                	Test:       	TestAnteTestSuite/TestEthNonceVerificationDecorator#02/invalid_transaction_type
    --- FAIL: TestAnteTestSuite/TestEthSigVerificationDecorator#02 (0.08s)
        --- FAIL: TestAnteTestSuite/TestEthSigVerificationDecorator#02/ReCheckTx (0.01s)
            signverify_test.go:60: 
                	Error Trace:	/Users/keruch/Development/Dymension/ethermint/app/ante/signverify_test.go:60
                	            				/Users/keruch/Go-workspace/pkg/mod/github.com/stretchr/testify@v1.9.0/suite/suite.go:115
                	Error:      	An error is expected but got nil.
                	Test:       	TestAnteTestSuite/TestEthSigVerificationDecorator#02/ReCheckTx
        --- FAIL: TestAnteTestSuite/TestEthSigVerificationDecorator#02/invalid_transaction_type (0.01s)
            signverify_test.go:60: 
                	Error Trace:	/Users/keruch/Development/Dymension/ethermint/app/ante/signverify_test.go:60
                	            				/Users/keruch/Go-workspace/pkg/mod/github.com/stretchr/testify@v1.9.0/suite/suite.go:115
                	Error:      	An error is expected but got nil.
                	Test:       	TestAnteTestSuite/TestEthSigVerificationDecorator#02/invalid_transaction_type
    --- FAIL: TestAnteTestSuite/TestGasWantedDecorator#02 (0.02s)
        --- FAIL: TestAnteTestSuite/TestGasWantedDecorator#02/Cosmos_Tx (0.00s)
            fee_market_test.go:92: 
                	Error Trace:	/Users/keruch/Development/Dymension/ethermint/app/ante/fee_market_test.go:92
                	            				/Users/keruch/Go-workspace/pkg/mod/github.com/stretchr/testify@v1.9.0/suite/suite.go:115
                	Error:      	Not equal: 
                	            	expected: 0x186a0
                	            	actual  : 0x0
                	Test:       	TestAnteTestSuite/TestGasWantedDecorator#02/Cosmos_Tx
        --- FAIL: TestAnteTestSuite/TestGasWantedDecorator#02/Ethereum_Legacy_Tx (0.00s)
            fee_market_test.go:92: 
                	Error Trace:	/Users/keruch/Development/Dymension/ethermint/app/ante/fee_market_test.go:92
                	            				/Users/keruch/Go-workspace/pkg/mod/github.com/stretchr/testify@v1.9.0/suite/suite.go:115
                	Error:      	Not equal: 
                	            	expected: 0x30d40
                	            	actual  : 0x0
                	Test:       	TestAnteTestSuite/TestGasWantedDecorator#02/Ethereum_Legacy_Tx
        --- FAIL: TestAnteTestSuite/TestGasWantedDecorator#02/Ethereum_Access_List_Tx (0.00s)
            fee_market_test.go:92: 
                	Error Trace:	/Users/keruch/Development/Dymension/ethermint/app/ante/fee_market_test.go:92
                	            				/Users/keruch/Go-workspace/pkg/mod/github.com/stretchr/testify@v1.9.0/suite/suite.go:115
                	Error:      	Not equal: 
                	            	expected: 0x493e0
                	            	actual  : 0x0
                	Test:       	TestAnteTestSuite/TestGasWantedDecorator#02/Ethereum_Access_List_Tx
        --- FAIL: TestAnteTestSuite/TestGasWantedDecorator#02/Ethereum_Dynamic_Fee_Tx_(EIP1559) (0.00s)
            fee_market_test.go:92: 
                	Error Trace:	/Users/keruch/Development/Dymension/ethermint/app/ante/fee_market_test.go:92
                	            				/Users/keruch/Go-workspace/pkg/mod/github.com/stretchr/testify@v1.9.0/suite/suite.go:115
                	Error:      	Not equal: 
                	            	expected: 0x61a80
                	            	actual  : 0x0
                	Test:       	TestAnteTestSuite/TestGasWantedDecorator#02/Ethereum_Dynamic_Fee_Tx_(EIP1559)
        --- FAIL: TestAnteTestSuite/TestGasWantedDecorator#02/EIP712_message (0.00s)
            fee_market_test.go:92: 
                	Error Trace:	/Users/keruch/Development/Dymension/ethermint/app/ante/fee_market_test.go:92
                	            				/Users/keruch/Go-workspace/pkg/mod/github.com/stretchr/testify@v1.9.0/suite/suite.go:115
                	Error:      	Not equal: 
                	            	expected: 0x927c0
                	            	actual  : 0x0
                	Test:       	TestAnteTestSuite/TestGasWantedDecorator#02/EIP712_message
    --- FAIL: TestAnteTestSuite/TestNewEthAccountVerificationDecorator#02 (0.01s)
        --- FAIL: TestAnteTestSuite/TestNewEthAccountVerificationDecorator#02/invalid_transaction_type (0.00s)
            eth_test.go:105: 
                	Error Trace:	/Users/keruch/Development/Dymension/ethermint/app/ante/eth_test.go:105
                	            				/Users/keruch/Go-workspace/pkg/mod/github.com/stretchr/testify@v1.9.0/suite/suite.go:115
                	Error:      	An error is expected but got nil.
                	Test:       	TestAnteTestSuite/TestNewEthAccountVerificationDecorator#02/invalid_transaction_type
    --- FAIL: TestAnteTestSuite/TestRejectDeliverMsgsInAuthz#02 (0.14s)
        --- FAIL: TestAnteTestSuite/TestRejectDeliverMsgsInAuthz#02/Case_a_MsgGrant_with_MsgEthereumTx_typeURL_on_the_authorization_field_is_blocked (0.01s)
            authz_test.go:365: 
                	Error Trace:	/Users/keruch/Development/Dymension/ethermint/app/ante/authz_test.go:365
                	            				/Users/keruch/Go-workspace/pkg/mod/github.com/stretchr/testify@v1.9.0/suite/suite.go:115
                	Error:      	Received unexpected error:
                	            	invalid height: 1; expected: 2
                	Test:       	TestAnteTestSuite/TestRejectDeliverMsgsInAuthz#02/Case_a_MsgGrant_with_MsgEthereumTx_typeURL_on_the_authorization_field_is_blocked
        --- FAIL: TestAnteTestSuite/TestRejectDeliverMsgsInAuthz#02/Case_a_MsgGrant_with_MsgCreateVestingAccount_typeURL_on_the_authorization_field_is_blocked (0.03s)
            authz_test.go:365: 
                	Error Trace:	/Users/keruch/Development/Dymension/ethermint/app/ante/authz_test.go:365
                	            				/Users/keruch/Go-workspace/pkg/mod/github.com/stretchr/testify@v1.9.0/suite/suite.go:115
                	Error:      	Received unexpected error:
                	            	invalid height: 1; expected: 2
                	Test:       	TestAnteTestSuite/TestRejectDeliverMsgsInAuthz#02/Case_a_MsgGrant_with_MsgCreateVestingAccount_typeURL_on_the_authorization_field_is_blocked
        --- FAIL: TestAnteTestSuite/TestRejectDeliverMsgsInAuthz#02/Case_a_MsgGrant_with_MsgEthereumTx_typeURL_on_the_authorization_field_included_on_EIP712_tx_is_blocked (0.01s)
            authz_test.go:365: 
                	Error Trace:	/Users/keruch/Development/Dymension/ethermint/app/ante/authz_test.go:365
                	            				/Users/keruch/Go-workspace/pkg/mod/github.com/stretchr/testify@v1.9.0/suite/suite.go:115
                	Error:      	Received unexpected error:
                	            	invalid height: 1; expected: 2
                	Test:       	TestAnteTestSuite/TestRejectDeliverMsgsInAuthz#02/Case_a_MsgGrant_with_MsgEthereumTx_typeURL_on_the_authorization_field_included_on_EIP712_tx_is_blocked
        --- FAIL: TestAnteTestSuite/TestRejectDeliverMsgsInAuthz#02/Case_a_MsgExec_with_nested_messages_(valid:_MsgSend_and_invalid:_MsgEthereumTx)_is_blocked (0.01s)
            authz_test.go:365: 
                	Error Trace:	/Users/keruch/Development/Dymension/ethermint/app/ante/authz_test.go:365
                	            				/Users/keruch/Go-workspace/pkg/mod/github.com/stretchr/testify@v1.9.0/suite/suite.go:115
                	Error:      	Received unexpected error:
                	            	invalid height: 1; expected: 2
                	Test:       	TestAnteTestSuite/TestRejectDeliverMsgsInAuthz#02/Case_a_MsgExec_with_nested_messages_(valid:_MsgSend_and_invalid:_MsgEthereumTx)_is_blocked
        --- FAIL: TestAnteTestSuite/TestRejectDeliverMsgsInAuthz#02/Case_a_MsgExec_with_nested_MsgExec_messages_that_has_invalid_messages_is_blocked (0.01s)
            authz_test.go:365: 
                	Error Trace:	/Users/keruch/Development/Dymension/ethermint/app/ante/authz_test.go:365
                	            				/Users/keruch/Go-workspace/pkg/mod/github.com/stretchr/testify@v1.9.0/suite/suite.go:115
                	Error:      	Received unexpected error:
                	            	invalid height: 1; expected: 2
                	Test:       	TestAnteTestSuite/TestRejectDeliverMsgsInAuthz#02/Case_a_MsgExec_with_nested_MsgExec_messages_that_has_invalid_messages_is_blocked
        --- FAIL: TestAnteTestSuite/TestRejectDeliverMsgsInAuthz#02/Case_a_MsgExec_with_more_nested_MsgExec_messages_than_allowed_and_with_valid_messages_is_blocked (0.01s)
            authz_test.go:365: 
                	Error Trace:	/Users/keruch/Development/Dymension/ethermint/app/ante/authz_test.go:365
                	            				/Users/keruch/Go-workspace/pkg/mod/github.com/stretchr/testify@v1.9.0/suite/suite.go:115
                	Error:      	Received unexpected error:
                	            	invalid height: 1; expected: 2
                	Test:       	TestAnteTestSuite/TestRejectDeliverMsgsInAuthz#02/Case_a_MsgExec_with_more_nested_MsgExec_messages_than_allowed_and_with_valid_messages_is_blocked
        --- FAIL: TestAnteTestSuite/TestRejectDeliverMsgsInAuthz#02/Case_two_MsgExec_messages_NOT_containing_a_blocked_msg_but_between_the_two_have_more_nesting_than_the_allowed._Then,_is_blocked (0.01s)
            authz_test.go:365: 
                	Error Trace:	/Users/keruch/Development/Dymension/ethermint/app/ante/authz_test.go:365
                	            				/Users/keruch/Go-workspace/pkg/mod/github.com/stretchr/testify@v1.9.0/suite/suite.go:115
                	Error:      	Received unexpected error:
                	            	invalid height: 1; expected: 2
                	Test:       	TestAnteTestSuite/TestRejectDeliverMsgsInAuthz#02/Case_two_MsgExec_messages_NOT_containing_a_blocked_msg_but_between_the_two_have_more_nesting_than_the_allowed._Then,_is_blocked
FAIL
FAIL	github.com/evmos/ethermint/app/ante	6.718s
ok  	github.com/evmos/ethermint/client	0.414s
ok  	github.com/evmos/ethermint/crypto/ethsecp256k1	0.319s
ok  	github.com/evmos/ethermint/crypto/hd	0.601s
ok  	github.com/evmos/ethermint/encoding	0.617s
--- FAIL: TestEIP712TestSuite (1.26s)
    --- FAIL: TestEIP712TestSuite/TestEIP712 (0.01s)
        --- FAIL: TestEIP712TestSuite/TestEIP712/Succeeds_-_Standard_MsgSend (0.00s)
            eip712_test.go:402: 
                	Error Trace:	/Users/keruch/Development/Dymension/ethermint/ethereum/eip712/eip712_test.go:402
                	            				/Users/keruch/Development/Dymension/ethermint/ethereum/eip712/eip712_test.go:374
                	            				/Users/keruch/Go-workspace/pkg/mod/github.com/stretchr/testify@v1.9.0/suite/suite.go:115
                	Error:      	Received unexpected error:
                	            	could not decode sign doc as either Amino or Protobuf.
                	            	 amino: invalid character '\u008b' looking for beginning of value
                	            	 protobuf: could not unpack message object with error no registered implementations of type interface { ProtoMessage(); Reset(); String() string }
                	Test:       	TestEIP712TestSuite/TestEIP712/Succeeds_-_Standard_MsgSend
        --- FAIL: TestEIP712TestSuite/TestEIP712/Succeeds_-_Standard_MsgSend#01 (0.00s)
            eip712_test.go:402: 
                	Error Trace:	/Users/keruch/Development/Dymension/ethermint/ethereum/eip712/eip712_test.go:402
                	            				/Users/keruch/Development/Dymension/ethermint/ethereum/eip712/eip712_test.go:374
                	            				/Users/keruch/Go-workspace/pkg/mod/github.com/stretchr/testify@v1.9.0/suite/suite.go:115
                	Error:      	Received unexpected error:
                	            	could not decode sign doc as either Amino or Protobuf.
                	            	 amino: failed to unmarshal sign doc message: unrecognized concrete type name cosmos-sdk/MsgSend
                	            	 protobuf: proto: illegal wireType 7
                	Test:       	TestEIP712TestSuite/TestEIP712/Succeeds_-_Standard_MsgSend#01
        --- FAIL: TestEIP712TestSuite/TestEIP712/Succeeds_-_Standard_MsgVote (0.00s)
            eip712_test.go:402: 
                	Error Trace:	/Users/keruch/Development/Dymension/ethermint/ethereum/eip712/eip712_test.go:402
                	            				/Users/keruch/Development/Dymension/ethermint/ethereum/eip712/eip712_test.go:374
                	            				/Users/keruch/Go-workspace/pkg/mod/github.com/stretchr/testify@v1.9.0/suite/suite.go:115
                	Error:      	Received unexpected error:
                	            	could not decode sign doc as either Amino or Protobuf.
                	            	 amino: invalid character 'R' looking for beginning of value
                	            	 protobuf: could not unpack message object with error no registered implementations of type interface { ProtoMessage(); Reset(); String() string }
                	Test:       	TestEIP712TestSuite/TestEIP712/Succeeds_-_Standard_MsgVote
        --- FAIL: TestEIP712TestSuite/TestEIP712/Succeeds_-_Standard_MsgVote#01 (0.00s)
            eip712_test.go:402: 
                	Error Trace:	/Users/keruch/Development/Dymension/ethermint/ethereum/eip712/eip712_test.go:402
                	            				/Users/keruch/Development/Dymension/ethermint/ethereum/eip712/eip712_test.go:374
                	            				/Users/keruch/Go-workspace/pkg/mod/github.com/stretchr/testify@v1.9.0/suite/suite.go:115
                	Error:      	Received unexpected error:
                	            	could not decode sign doc as either Amino or Protobuf.
                	            	 amino: failed to unmarshal sign doc message: unrecognized concrete type name cosmos-sdk/MsgVote
                	            	 protobuf: proto: illegal wireType 7
                	Test:       	TestEIP712TestSuite/TestEIP712/Succeeds_-_Standard_MsgVote#01
        --- FAIL: TestEIP712TestSuite/TestEIP712/Succeeds_-_Standard_MsgDelegate (0.00s)
            eip712_test.go:402: 
                	Error Trace:	/Users/keruch/Development/Dymension/ethermint/ethereum/eip712/eip712_test.go:402
                	            				/Users/keruch/Development/Dymension/ethermint/ethereum/eip712/eip712_test.go:374
                	            				/Users/keruch/Go-workspace/pkg/mod/github.com/stretchr/testify@v1.9.0/suite/suite.go:115
                	Error:      	Received unexpected error:
                	            	could not decode sign doc as either Amino or Protobuf.
                	            	 amino: invalid character '\u009b' looking for beginning of value
                	            	 protobuf: could not unpack message object with error no registered implementations of type interface { ProtoMessage(); Reset(); String() string }
                	Test:       	TestEIP712TestSuite/TestEIP712/Succeeds_-_Standard_MsgDelegate
        --- FAIL: TestEIP712TestSuite/TestEIP712/Succeeds_-_Standard_MsgDelegate#01 (0.00s)
            eip712_test.go:402: 
                	Error Trace:	/Users/keruch/Development/Dymension/ethermint/ethereum/eip712/eip712_test.go:402
                	            				/Users/keruch/Development/Dymension/ethermint/ethereum/eip712/eip712_test.go:374
                	            				/Users/keruch/Go-workspace/pkg/mod/github.com/stretchr/testify@v1.9.0/suite/suite.go:115
                	Error:      	Received unexpected error:
                	            	could not decode sign doc as either Amino or Protobuf.
                	            	 amino: failed to unmarshal sign doc message: unrecognized concrete type name cosmos-sdk/MsgDelegate
                	            	 protobuf: proto: illegal wireType 7
                	Test:       	TestEIP712TestSuite/TestEIP712/Succeeds_-_Standard_MsgDelegate#01
        --- FAIL: TestEIP712TestSuite/TestEIP712/Succeeds_-_Standard_MsgWithdrawDelegationReward (0.00s)
            eip712_test.go:402: 
                	Error Trace:	/Users/keruch/Development/Dymension/ethermint/ethereum/eip712/eip712_test.go:402
                	            				/Users/keruch/Development/Dymension/ethermint/ethereum/eip712/eip712_test.go:374
                	            				/Users/keruch/Go-workspace/pkg/mod/github.com/stretchr/testify@v1.9.0/suite/suite.go:115
                	Error:      	Received unexpected error:
                	            	could not decode sign doc as either Amino or Protobuf.
                	            	 amino: invalid character '¡' looking for beginning of value
                	            	 protobuf: could not unpack message object with error no registered implementations of type interface { ProtoMessage(); Reset(); String() string }
                	Test:       	TestEIP712TestSuite/TestEIP712/Succeeds_-_Standard_MsgWithdrawDelegationReward
        --- FAIL: TestEIP712TestSuite/TestEIP712/Succeeds_-_Standard_MsgWithdrawDelegationReward#01 (0.00s)
            eip712_test.go:402: 
                	Error Trace:	/Users/keruch/Development/Dymension/ethermint/ethereum/eip712/eip712_test.go:402
                	            				/Users/keruch/Development/Dymension/ethermint/ethereum/eip712/eip712_test.go:374
                	            				/Users/keruch/Go-workspace/pkg/mod/github.com/stretchr/testify@v1.9.0/suite/suite.go:115
                	Error:      	Received unexpected error:
                	            	could not decode sign doc as either Amino or Protobuf.
                	            	 amino: failed to unmarshal sign doc message: unrecognized concrete type name cosmos-sdk/MsgWithdrawDelegationReward
                	            	 protobuf: proto: illegal wireType 7
                	Test:       	TestEIP712TestSuite/TestEIP712/Succeeds_-_Standard_MsgWithdrawDelegationReward#01
        --- FAIL: TestEIP712TestSuite/TestEIP712/Succeeds_-_Two_Single-Signer_MsgDelegate (0.00s)
            eip712_test.go:402: 
                	Error Trace:	/Users/keruch/Development/Dymension/ethermint/ethereum/eip712/eip712_test.go:402
                	            				/Users/keruch/Development/Dymension/ethermint/ethereum/eip712/eip712_test.go:374
                	            				/Users/keruch/Go-workspace/pkg/mod/github.com/stretchr/testify@v1.9.0/suite/suite.go:115
                	Error:      	Received unexpected error:
                	            	could not decode sign doc as either Amino or Protobuf.
                	            	 amino: invalid character '¶' looking for beginning of value
                	            	 protobuf: could not unpack message object with error no registered implementations of type interface { ProtoMessage(); Reset(); String() string }
                	Test:       	TestEIP712TestSuite/TestEIP712/Succeeds_-_Two_Single-Signer_MsgDelegate
        --- FAIL: TestEIP712TestSuite/TestEIP712/Succeeds_-_Two_Single-Signer_MsgDelegate#01 (0.00s)
            eip712_test.go:402: 
                	Error Trace:	/Users/keruch/Development/Dymension/ethermint/ethereum/eip712/eip712_test.go:402
                	            				/Users/keruch/Development/Dymension/ethermint/ethereum/eip712/eip712_test.go:374
                	            				/Users/keruch/Go-workspace/pkg/mod/github.com/stretchr/testify@v1.9.0/suite/suite.go:115
                	Error:      	Received unexpected error:
                	            	could not decode sign doc as either Amino or Protobuf.
                	            	 amino: failed to unmarshal sign doc message: unrecognized concrete type name cosmos-sdk/MsgDelegate
                	            	 protobuf: proto: illegal wireType 7
                	Test:       	TestEIP712TestSuite/TestEIP712/Succeeds_-_Two_Single-Signer_MsgDelegate#01
        --- FAIL: TestEIP712TestSuite/TestEIP712/Succeeds_-_Single-Signer_MsgVote_V1_with_Omitted_Value (0.00s)
            eip712_test.go:402: 
                	Error Trace:	/Users/keruch/Development/Dymension/ethermint/ethereum/eip712/eip712_test.go:402
                	            				/Users/keruch/Development/Dymension/ethermint/ethereum/eip712/eip712_test.go:374
                	            				/Users/keruch/Go-workspace/pkg/mod/github.com/stretchr/testify@v1.9.0/suite/suite.go:115
                	Error:      	Received unexpected error:
                	            	could not decode sign doc as either Amino or Protobuf.
                	            	 amino: invalid character 'M' looking for beginning of value
                	            	 protobuf: could not unpack message object with error no registered implementations of type interface { ProtoMessage(); Reset(); String() string }
                	Test:       	TestEIP712TestSuite/TestEIP712/Succeeds_-_Single-Signer_MsgVote_V1_with_Omitted_Value
        --- FAIL: TestEIP712TestSuite/TestEIP712/Succeeds_-_Single-Signer_MsgVote_V1_with_Omitted_Value#01 (0.00s)
            eip712_test.go:402: 
                	Error Trace:	/Users/keruch/Development/Dymension/ethermint/ethereum/eip712/eip712_test.go:402
                	            				/Users/keruch/Development/Dymension/ethermint/ethereum/eip712/eip712_test.go:374
                	            				/Users/keruch/Go-workspace/pkg/mod/github.com/stretchr/testify@v1.9.0/suite/suite.go:115
                	Error:      	Received unexpected error:
                	            	could not decode sign doc as either Amino or Protobuf.
                	            	 amino: failed to unmarshal sign doc message: unrecognized concrete type name cosmos-sdk/v1/MsgVote
                	            	 protobuf: proto: illegal wireType 7
                	Test:       	TestEIP712TestSuite/TestEIP712/Succeeds_-_Single-Signer_MsgVote_V1_with_Omitted_Value#01
        --- FAIL: TestEIP712TestSuite/TestEIP712/Succeeds_-_Single-Signer_MsgSend_+_MsgVote (0.00s)
            eip712_test.go:402: 
                	Error Trace:	/Users/keruch/Development/Dymension/ethermint/ethereum/eip712/eip712_test.go:402
                	            				/Users/keruch/Development/Dymension/ethermint/ethereum/eip712/eip712_test.go:374
                	            				/Users/keruch/Go-workspace/pkg/mod/github.com/stretchr/testify@v1.9.0/suite/suite.go:115
                	Error:      	Received unexpected error:
                	            	could not decode sign doc as either Amino or Protobuf.
                	            	 amino: invalid character 'Þ' looking for beginning of value
                	            	 protobuf: could not unpack message object with error no registered implementations of type interface { ProtoMessage(); Reset(); String() string }
                	Test:       	TestEIP712TestSuite/TestEIP712/Succeeds_-_Single-Signer_MsgSend_+_MsgVote
        --- FAIL: TestEIP712TestSuite/TestEIP712/Succeeds_-_Single-Signer_MsgSend_+_MsgVote#01 (0.00s)
            eip712_test.go:402: 
                	Error Trace:	/Users/keruch/Development/Dymension/ethermint/ethereum/eip712/eip712_test.go:402
                	            				/Users/keruch/Development/Dymension/ethermint/ethereum/eip712/eip712_test.go:374
                	            				/Users/keruch/Go-workspace/pkg/mod/github.com/stretchr/testify@v1.9.0/suite/suite.go:115
                	Error:      	Received unexpected error:
                	            	could not decode sign doc as either Amino or Protobuf.
                	            	 amino: failed to unmarshal sign doc message: unrecognized concrete type name cosmos-sdk/MsgVote
                	            	 protobuf: proto: illegal wireType 7
                	Test:       	TestEIP712TestSuite/TestEIP712/Succeeds_-_Single-Signer_MsgSend_+_MsgVote#01
        --- FAIL: TestEIP712TestSuite/TestEIP712/Succeeds_-_Single-Signer_2x_MsgVoteV1_with_Different_Schemas (0.00s)
            eip712_test.go:402: 
                	Error Trace:	/Users/keruch/Development/Dymension/ethermint/ethereum/eip712/eip712_test.go:402
                	            				/Users/keruch/Development/Dymension/ethermint/ethereum/eip712/eip712_test.go:374
                	            				/Users/keruch/Go-workspace/pkg/mod/github.com/stretchr/testify@v1.9.0/suite/suite.go:115
                	Error:      	Received unexpected error:
                	            	could not decode sign doc as either Amino or Protobuf.
                	            	 amino: invalid character '¨' looking for beginning of value
                	            	 protobuf: could not unpack message object with error no registered implementations of type interface { ProtoMessage(); Reset(); String() string }
                	Test:       	TestEIP712TestSuite/TestEIP712/Succeeds_-_Single-Signer_2x_MsgVoteV1_with_Different_Schemas
        --- FAIL: TestEIP712TestSuite/TestEIP712/Succeeds_-_Single-Signer_2x_MsgVoteV1_with_Different_Schemas#01 (0.00s)
            eip712_test.go:402: 
                	Error Trace:	/Users/keruch/Development/Dymension/ethermint/ethereum/eip712/eip712_test.go:402
                	            				/Users/keruch/Development/Dymension/ethermint/ethereum/eip712/eip712_test.go:374
                	            				/Users/keruch/Go-workspace/pkg/mod/github.com/stretchr/testify@v1.9.0/suite/suite.go:115
                	Error:      	Received unexpected error:
                	            	could not decode sign doc as either Amino or Protobuf.
                	            	 amino: failed to unmarshal sign doc message: unrecognized concrete type name cosmos-sdk/v1/MsgVote
                	            	 protobuf: proto: illegal wireType 7
                	Test:       	TestEIP712TestSuite/TestEIP712/Succeeds_-_Single-Signer_2x_MsgVoteV1_with_Different_Schemas#01
        --- FAIL: TestEIP712TestSuite/TestEIP712/Fails_-_Empty_Transaction#01 (0.00s)
            eip712_test.go:455: 
                	Error Trace:	/Users/keruch/Development/Dymension/ethermint/ethereum/eip712/eip712_test.go:455
                	            				/Users/keruch/Development/Dymension/ethermint/ethereum/eip712/eip712_test.go:445
                	            				/Users/keruch/Development/Dymension/ethermint/ethereum/eip712/eip712_test.go:434
                	            				/Users/keruch/Development/Dymension/ethermint/ethereum/eip712/eip712_test.go:378
                	            				/Users/keruch/Go-workspace/pkg/mod/github.com/stretchr/testify@v1.9.0/suite/suite.go:115
                	Error:      	Should be true
                	Test:       	TestEIP712TestSuite/TestEIP712/Fails_-_Empty_Transaction#01
    --- FAIL: TestEIP712TestSuite/TestEIP712#01 (0.01s)
        --- FAIL: TestEIP712TestSuite/TestEIP712#01/Succeeds_-_Standard_MsgSend (0.00s)
            eip712_test.go:402: 
                	Error Trace:	/Users/keruch/Development/Dymension/ethermint/ethereum/eip712/eip712_test.go:402
                	            				/Users/keruch/Development/Dymension/ethermint/ethereum/eip712/eip712_test.go:374
                	            				/Users/keruch/Go-workspace/pkg/mod/github.com/stretchr/testify@v1.9.0/suite/suite.go:115
                	Error:      	Received unexpected error:
                	            	could not decode sign doc as either Amino or Protobuf.
                	            	 amino: invalid character '\u008b' looking for beginning of value
                	            	 protobuf: could not unpack message object with error no registered implementations of type interface { ProtoMessage(); Reset(); String() string }
                	Test:       	TestEIP712TestSuite/TestEIP712#01/Succeeds_-_Standard_MsgSend
        --- FAIL: TestEIP712TestSuite/TestEIP712#01/Succeeds_-_Standard_MsgSend#01 (0.00s)
            eip712_test.go:402: 
                	Error Trace:	/Users/keruch/Development/Dymension/ethermint/ethereum/eip712/eip712_test.go:402
                	            				/Users/keruch/Development/Dymension/ethermint/ethereum/eip712/eip712_test.go:374
                	            				/Users/keruch/Go-workspace/pkg/mod/github.com/stretchr/testify@v1.9.0/suite/suite.go:115
                	Error:      	Received unexpected error:
                	            	could not decode sign doc as either Amino or Protobuf.
                	            	 amino: failed to unmarshal sign doc message: unrecognized concrete type name cosmos-sdk/MsgSend
                	            	 protobuf: proto: illegal wireType 7
                	Test:       	TestEIP712TestSuite/TestEIP712#01/Succeeds_-_Standard_MsgSend#01
        --- FAIL: TestEIP712TestSuite/TestEIP712#01/Succeeds_-_Standard_MsgVote (0.00s)
            eip712_test.go:402: 
                	Error Trace:	/Users/keruch/Development/Dymension/ethermint/ethereum/eip712/eip712_test.go:402
                	            				/Users/keruch/Development/Dymension/ethermint/ethereum/eip712/eip712_test.go:374
                	            				/Users/keruch/Go-workspace/pkg/mod/github.com/stretchr/testify@v1.9.0/suite/suite.go:115
                	Error:      	Received unexpected error:
                	            	could not decode sign doc as either Amino or Protobuf.
                	            	 amino: invalid character 'R' looking for beginning of value
                	            	 protobuf: could not unpack message object with error no registered implementations of type interface { ProtoMessage(); Reset(); String() string }
                	Test:       	TestEIP712TestSuite/TestEIP712#01/Succeeds_-_Standard_MsgVote
        --- FAIL: TestEIP712TestSuite/TestEIP712#01/Succeeds_-_Standard_MsgVote#01 (0.00s)
            eip712_test.go:402: 
                	Error Trace:	/Users/keruch/Development/Dymension/ethermint/ethereum/eip712/eip712_test.go:402
                	            				/Users/keruch/Development/Dymension/ethermint/ethereum/eip712/eip712_test.go:374
                	            				/Users/keruch/Go-workspace/pkg/mod/github.com/stretchr/testify@v1.9.0/suite/suite.go:115
                	Error:      	Received unexpected error:
                	            	could not decode sign doc as either Amino or Protobuf.
                	            	 amino: failed to unmarshal sign doc message: unrecognized concrete type name cosmos-sdk/MsgVote
                	            	 protobuf: proto: illegal wireType 7
                	Test:       	TestEIP712TestSuite/TestEIP712#01/Succeeds_-_Standard_MsgVote#01
        --- FAIL: TestEIP712TestSuite/TestEIP712#01/Succeeds_-_Standard_MsgDelegate (0.00s)
            eip712_test.go:402: 
                	Error Trace:	/Users/keruch/Development/Dymension/ethermint/ethereum/eip712/eip712_test.go:402
                	            				/Users/keruch/Development/Dymension/ethermint/ethereum/eip712/eip712_test.go:374
                	            				/Users/keruch/Go-workspace/pkg/mod/github.com/stretchr/testify@v1.9.0/suite/suite.go:115
                	Error:      	Received unexpected error:
                	            	could not decode sign doc as either Amino or Protobuf.
                	            	 amino: invalid character '\u009b' looking for beginning of value
                	            	 protobuf: could not unpack message object with error no registered implementations of type interface { ProtoMessage(); Reset(); String() string }
                	Test:       	TestEIP712TestSuite/TestEIP712#01/Succeeds_-_Standard_MsgDelegate
        --- FAIL: TestEIP712TestSuite/TestEIP712#01/Succeeds_-_Standard_MsgDelegate#01 (0.00s)
            eip712_test.go:402: 
                	Error Trace:	/Users/keruch/Development/Dymension/ethermint/ethereum/eip712/eip712_test.go:402
                	            				/Users/keruch/Development/Dymension/ethermint/ethereum/eip712/eip712_test.go:374
                	            				/Users/keruch/Go-workspace/pkg/mod/github.com/stretchr/testify@v1.9.0/suite/suite.go:115
                	Error:      	Received unexpected error:
                	            	could not decode sign doc as either Amino or Protobuf.
                	            	 amino: failed to unmarshal sign doc message: unrecognized concrete type name cosmos-sdk/MsgDelegate
                	            	 protobuf: proto: illegal wireType 7
                	Test:       	TestEIP712TestSuite/TestEIP712#01/Succeeds_-_Standard_MsgDelegate#01
        --- FAIL: TestEIP712TestSuite/TestEIP712#01/Succeeds_-_Standard_MsgWithdrawDelegationReward (0.00s)
            eip712_test.go:402: 
                	Error Trace:	/Users/keruch/Development/Dymension/ethermint/ethereum/eip712/eip712_test.go:402
                	            				/Users/keruch/Development/Dymension/ethermint/ethereum/eip712/eip712_test.go:374
                	            				/Users/keruch/Go-workspace/pkg/mod/github.com/stretchr/testify@v1.9.0/suite/suite.go:115
                	Error:      	Received unexpected error:
                	            	could not decode sign doc as either Amino or Protobuf.
                	            	 amino: invalid character '¡' looking for beginning of value
                	            	 protobuf: could not unpack message object with error no registered implementations of type interface { ProtoMessage(); Reset(); String() string }
                	Test:       	TestEIP712TestSuite/TestEIP712#01/Succeeds_-_Standard_MsgWithdrawDelegationReward
        --- FAIL: TestEIP712TestSuite/TestEIP712#01/Succeeds_-_Standard_MsgWithdrawDelegationReward#01 (0.00s)
            eip712_test.go:402: 
                	Error Trace:	/Users/keruch/Development/Dymension/ethermint/ethereum/eip712/eip712_test.go:402
                	            				/Users/keruch/Development/Dymension/ethermint/ethereum/eip712/eip712_test.go:374
                	            				/Users/keruch/Go-workspace/pkg/mod/github.com/stretchr/testify@v1.9.0/suite/suite.go:115
                	Error:      	Received unexpected error:
                	            	could not decode sign doc as either Amino or Protobuf.
                	            	 amino: failed to unmarshal sign doc message: unrecognized concrete type name cosmos-sdk/MsgWithdrawDelegationReward
                	            	 protobuf: proto: illegal wireType 7
                	Test:       	TestEIP712TestSuite/TestEIP712#01/Succeeds_-_Standard_MsgWithdrawDelegationReward#01
        --- FAIL: TestEIP712TestSuite/TestEIP712#01/Succeeds_-_Two_Single-Signer_MsgDelegate (0.00s)
            eip712_test.go:402: 
                	Error Trace:	/Users/keruch/Development/Dymension/ethermint/ethereum/eip712/eip712_test.go:402
                	            				/Users/keruch/Development/Dymension/ethermint/ethereum/eip712/eip712_test.go:374
                	            				/Users/keruch/Go-workspace/pkg/mod/github.com/stretchr/testify@v1.9.0/suite/suite.go:115
                	Error:      	Received unexpected error:
                	            	could not decode sign doc as either Amino or Protobuf.
                	            	 amino: invalid character '¶' looking for beginning of value
                	            	 protobuf: could not unpack message object with error no registered implementations of type interface { ProtoMessage(); Reset(); String() string }
                	Test:       	TestEIP712TestSuite/TestEIP712#01/Succeeds_-_Two_Single-Signer_MsgDelegate
        --- FAIL: TestEIP712TestSuite/TestEIP712#01/Succeeds_-_Two_Single-Signer_MsgDelegate#01 (0.00s)
            eip712_test.go:402: 
                	Error Trace:	/Users/keruch/Development/Dymension/ethermint/ethereum/eip712/eip712_test.go:402
                	            				/Users/keruch/Development/Dymension/ethermint/ethereum/eip712/eip712_test.go:374
                	            				/Users/keruch/Go-workspace/pkg/mod/github.com/stretchr/testify@v1.9.0/suite/suite.go:115
                	Error:      	Received unexpected error:
                	            	could not decode sign doc as either Amino or Protobuf.
                	            	 amino: failed to unmarshal sign doc message: unrecognized concrete type name cosmos-sdk/MsgDelegate
                	            	 protobuf: proto: illegal wireType 7
                	Test:       	TestEIP712TestSuite/TestEIP712#01/Succeeds_-_Two_Single-Signer_MsgDelegate#01
        --- FAIL: TestEIP712TestSuite/TestEIP712#01/Succeeds_-_Single-Signer_MsgVote_V1_with_Omitted_Value (0.00s)
            eip712_test.go:402: 
                	Error Trace:	/Users/keruch/Development/Dymension/ethermint/ethereum/eip712/eip712_test.go:402
                	            				/Users/keruch/Development/Dymension/ethermint/ethereum/eip712/eip712_test.go:374
                	            				/Users/keruch/Go-workspace/pkg/mod/github.com/stretchr/testify@v1.9.0/suite/suite.go:115
                	Error:      	Received unexpected error:
                	            	could not decode sign doc as either Amino or Protobuf.
                	            	 amino: invalid character 'M' looking for beginning of value
                	            	 protobuf: could not unpack message object with error no registered implementations of type interface { ProtoMessage(); Reset(); String() string }
                	Test:       	TestEIP712TestSuite/TestEIP712#01/Succeeds_-_Single-Signer_MsgVote_V1_with_Omitted_Value
        --- FAIL: TestEIP712TestSuite/TestEIP712#01/Succeeds_-_Single-Signer_MsgVote_V1_with_Omitted_Value#01 (0.00s)
            eip712_test.go:402: 
                	Error Trace:	/Users/keruch/Development/Dymension/ethermint/ethereum/eip712/eip712_test.go:402
                	            				/Users/keruch/Development/Dymension/ethermint/ethereum/eip712/eip712_test.go:374
                	            				/Users/keruch/Go-workspace/pkg/mod/github.com/stretchr/testify@v1.9.0/suite/suite.go:115
                	Error:      	Received unexpected error:
                	            	could not decode sign doc as either Amino or Protobuf.
                	            	 amino: failed to unmarshal sign doc message: unrecognized concrete type name cosmos-sdk/v1/MsgVote
                	            	 protobuf: proto: illegal wireType 7
                	Test:       	TestEIP712TestSuite/TestEIP712#01/Succeeds_-_Single-Signer_MsgVote_V1_with_Omitted_Value#01
        --- FAIL: TestEIP712TestSuite/TestEIP712#01/Fails_-_Empty_Transaction#01 (0.00s)
            eip712_test.go:455: 
                	Error Trace:	/Users/keruch/Development/Dymension/ethermint/ethereum/eip712/eip712_test.go:455
                	            				/Users/keruch/Development/Dymension/ethermint/ethereum/eip712/eip712_test.go:445
                	            				/Users/keruch/Development/Dymension/ethermint/ethereum/eip712/eip712_test.go:434
                	            				/Users/keruch/Development/Dymension/ethermint/ethereum/eip712/eip712_test.go:378
                	            				/Users/keruch/Go-workspace/pkg/mod/github.com/stretchr/testify@v1.9.0/suite/suite.go:115
                	Error:      	Should be true
                	Test:       	TestEIP712TestSuite/TestEIP712#01/Fails_-_Empty_Transaction#01
FAIL
FAIL	github.com/evmos/ethermint/ethereum/eip712	1.865s
--- FAIL: TestKVIndexer (0.00s)
    --- FAIL: TestKVIndexer/success,_format_1 (0.00s)
        kv_indexer_test.go:167: 
            	Error Trace:	/Users/keruch/Development/Dymension/ethermint/indexer/kv_indexer_test.go:167
            	Error:      	Not equal: 
            	            	expected: 1
            	            	actual  : -1
            	Test:       	TestKVIndexer/success,_format_1
    --- FAIL: TestKVIndexer/success,_format_2 (0.00s)
        kv_indexer_test.go:167: 
            	Error Trace:	/Users/keruch/Development/Dymension/ethermint/indexer/kv_indexer_test.go:167
            	Error:      	Not equal: 
            	            	expected: 1
            	            	actual  : -1
            	Test:       	TestKVIndexer/success,_format_2
    --- FAIL: TestKVIndexer/success,_exceed_block_gas_limit (0.00s)
        kv_indexer_test.go:167: 
            	Error Trace:	/Users/keruch/Development/Dymension/ethermint/indexer/kv_indexer_test.go:167
            	Error:      	Not equal: 
            	            	expected: 1
            	            	actual  : -1
            	Test:       	TestKVIndexer/success,_exceed_block_gas_limit
FAIL
FAIL	github.com/evmos/ethermint/indexer	1.131s
ok  	github.com/evmos/ethermint/integration_test_util	0.645s
?   	github.com/evmos/ethermint/integration_test_util/types	[no test files]
?   	github.com/evmos/ethermint/integration_test_util/utils	[no test files]
?   	github.com/evmos/ethermint/rpc	[no test files]
?   	github.com/evmos/ethermint/rpc/backend/mocks	[no test files]
?   	github.com/evmos/ethermint/rpc/namespaces/ethereum/debug	[no test files]
?   	github.com/evmos/ethermint/rpc/namespaces/ethereum/eth	[no test files]
?   	github.com/evmos/ethermint/rpc/namespaces/ethereum/eth/filters	[no test files]
?   	github.com/evmos/ethermint/rpc/namespaces/ethereum/miner	[no test files]
?   	github.com/evmos/ethermint/rpc/namespaces/ethereum/net	[no test files]
?   	github.com/evmos/ethermint/rpc/namespaces/ethereum/personal	[no test files]
?   	github.com/evmos/ethermint/rpc/namespaces/ethereum/txpool	[no test files]
?   	github.com/evmos/ethermint/rpc/namespaces/ethereum/web3	[no test files]
?   	github.com/evmos/ethermint/server	[no test files]
?   	github.com/evmos/ethermint/server/flags	[no test files]
?   	github.com/evmos/ethermint/tests	[no test files]
?   	github.com/evmos/ethermint/testutil	[no test files]
?   	github.com/evmos/ethermint/testutil/network	[no test files]
?   	github.com/evmos/ethermint/testutil/tx	[no test files]
?   	github.com/evmos/ethermint/version	[no test files]
?   	github.com/evmos/ethermint/x/evm	[no test files]
?   	github.com/evmos/ethermint/x/evm/client	[no test files]
?   	github.com/evmos/ethermint/x/evm/vm	[no test files]
?   	github.com/evmos/ethermint/x/evm/vm/geth	[no test files]
?   	github.com/evmos/ethermint/x/feemarket	[no test files]
?   	github.com/evmos/ethermint/x/feemarket/client/cli	[no test files]
ok  	github.com/evmos/ethermint/integration_test_util/demo	30.320s
--- FAIL: TestBackendTestSuite (0.03s)
    --- FAIL: TestBackendTestSuite/TestAccounts (0.00s)
        backend.go:171: test panicked: invalid rpc client, expected: tmrpcclient.SignClient, got: <nil>
            goroutine 39 [running]:
            runtime/debug.Stack()
            	/Users/keruch/sdk/go1.23.0/src/runtime/debug/stack.go:26 +0x64
            github.com/stretchr/testify/suite.failOnPanic(0x14001262340, {0x105577a60, 0x140012abb40})
            	/Users/keruch/Go-workspace/pkg/mod/github.com/stretchr/testify@v1.9.0/suite/suite.go:89 +0x38
            github.com/stretchr/testify/suite.Run.func1.1()
            	/Users/keruch/Go-workspace/pkg/mod/github.com/stretchr/testify@v1.9.0/suite/suite.go:188 +0x230
            panic({0x105577a60?, 0x140012abb40?})
            	/Users/keruch/sdk/go1.23.0/src/runtime/panic.go:785 +0x124
            github.com/evmos/ethermint/rpc/backend.NewBackend(_, {_, _}, {{0x0, 0x0, 0x0}, {0x0, 0x0}, 0x0, {0x104d7e128, ...}, ...}, ...)
            	/Users/keruch/Development/Dymension/ethermint/rpc/backend/backend.go:171 +0x4b0
            github.com/evmos/ethermint/rpc/backend.(*BackendTestSuite).SetupTest(0x14000e75500)
            	/Users/keruch/Development/Dymension/ethermint/rpc/backend/backend_suite_test.go:82 +0x684
            github.com/stretchr/testify/suite.Run.func1(0x14001262340)
            	/Users/keruch/Go-workspace/pkg/mod/github.com/stretchr/testify@v1.9.0/suite/suite.go:192 +0x170
            testing.tRunner(0x14001262340, 0x14001290000)
            	/Users/keruch/sdk/go1.23.0/src/testing/testing.go:1690 +0xe4
            created by testing.(*T).Run in goroutine 38
            	/Users/keruch/sdk/go1.23.0/src/testing/testing.go:1743 +0x314
    --- FAIL: TestBackendTestSuite/TestBaseFee (0.00s)
        backend.go:171: test panicked: invalid rpc client, expected: tmrpcclient.SignClient, got: <nil>
            goroutine 40 [running]:
            runtime/debug.Stack()
            	/Users/keruch/sdk/go1.23.0/src/runtime/debug/stack.go:26 +0x64
            github.com/stretchr/testify/suite.failOnPanic(0x14001263520, {0x105577a60, 0x140012dafc0})
            	/Users/keruch/Go-workspace/pkg/mod/github.com/stretchr/testify@v1.9.0/suite/suite.go:89 +0x38
            github.com/stretchr/testify/suite.Run.func1.1()
            	/Users/keruch/Go-workspace/pkg/mod/github.com/stretchr/testify@v1.9.0/suite/suite.go:188 +0x230
            panic({0x105577a60?, 0x140012dafc0?})
            	/Users/keruch/sdk/go1.23.0/src/runtime/panic.go:785 +0x124
            github.com/evmos/ethermint/rpc/backend.NewBackend(_, {_, _}, {{0x0, 0x0, 0x0}, {0x0, 0x0}, 0x0, {0x104d7e128, ...}, ...}, ...)
            	/Users/keruch/Development/Dymension/ethermint/rpc/backend/backend.go:171 +0x4b0
            github.com/evmos/ethermint/rpc/backend.(*BackendTestSuite).SetupTest(0x14000e75500)
            	/Users/keruch/Development/Dymension/ethermint/rpc/backend/backend_suite_test.go:82 +0x684
            github.com/stretchr/testify/suite.Run.func1(0x14001263520)
            	/Users/keruch/Go-workspace/pkg/mod/github.com/stretchr/testify@v1.9.0/suite/suite.go:192 +0x170
            testing.tRunner(0x14001263520, 0x14001290090)
            	/Users/keruch/sdk/go1.23.0/src/testing/testing.go:1690 +0xe4
            created by testing.(*T).Run in goroutine 38
            	/Users/keruch/sdk/go1.23.0/src/testing/testing.go:1743 +0x314
    --- FAIL: TestBackendTestSuite/TestBlockBloom (0.00s)
        backend.go:171: test panicked: invalid rpc client, expected: tmrpcclient.SignClient, got: <nil>
            goroutine 41 [running]:
            runtime/debug.Stack()
            	/Users/keruch/sdk/go1.23.0/src/runtime/debug/stack.go:26 +0x64
            github.com/stretchr/testify/suite.failOnPanic(0x140012e2820, {0x105577a60, 0x14001300450})
            	/Users/keruch/Go-workspace/pkg/mod/github.com/stretchr/testify@v1.9.0/suite/suite.go:89 +0x38
            github.com/stretchr/testify/suite.Run.func1.1()
            	/Users/keruch/Go-workspace/pkg/mod/github.com/stretchr/testify@v1.9.0/suite/suite.go:188 +0x230
            panic({0x105577a60?, 0x14001300450?})
            	/Users/keruch/sdk/go1.23.0/src/runtime/panic.go:785 +0x124
            github.com/evmos/ethermint/rpc/backend.NewBackend(_, {_, _}, {{0x0, 0x0, 0x0}, {0x0, 0x0}, 0x0, {0x104d7e128, ...}, ...}, ...)
            	/Users/keruch/Development/Dymension/ethermint/rpc/backend/backend.go:171 +0x4b0
            github.com/evmos/ethermint/rpc/backend.(*BackendTestSuite).SetupTest(0x14000e75500)
            	/Users/keruch/Development/Dymension/ethermint/rpc/backend/backend_suite_test.go:82 +0x684
            github.com/stretchr/testify/suite.Run.func1(0x140012e2820)
            	/Users/keruch/Go-workspace/pkg/mod/github.com/stretchr/testify@v1.9.0/suite/suite.go:192 +0x170
            testing.tRunner(0x140012e2820, 0x14001290120)
            	/Users/keruch/sdk/go1.23.0/src/testing/testing.go:1690 +0xe4
            created by testing.(*T).Run in goroutine 38
            	/Users/keruch/sdk/go1.23.0/src/testing/testing.go:1743 +0x314
    --- FAIL: TestBackendTestSuite/TestBlockNumber (0.00s)
        backend.go:171: test panicked: invalid rpc client, expected: tmrpcclient.SignClient, got: <nil>
            goroutine 42 [running]:
            runtime/debug.Stack()
            	/Users/keruch/sdk/go1.23.0/src/runtime/debug/stack.go:26 +0x64
            github.com/stretchr/testify/suite.failOnPanic(0x140012e3a00, {0x105577a60, 0x14001301850})
            	/Users/keruch/Go-workspace/pkg/mod/github.com/stretchr/testify@v1.9.0/suite/suite.go:89 +0x38
            github.com/stretchr/testify/suite.Run.func1.1()
            	/Users/keruch/Go-workspace/pkg/mod/github.com/stretchr/testify@v1.9.0/suite/suite.go:188 +0x230
            panic({0x105577a60?, 0x14001301850?})
            	/Users/keruch/sdk/go1.23.0/src/runtime/panic.go:785 +0x124
            github.com/evmos/ethermint/rpc/backend.NewBackend(_, {_, _}, {{0x0, 0x0, 0x0}, {0x0, 0x0}, 0x0, {0x104d7e128, ...}, ...}, ...)
            	/Users/keruch/Development/Dymension/ethermint/rpc/backend/backend.go:171 +0x4b0
            github.com/evmos/ethermint/rpc/backend.(*BackendTestSuite).SetupTest(0x14000e75500)
            	/Users/keruch/Development/Dymension/ethermint/rpc/backend/backend_suite_test.go:82 +0x684
            github.com/stretchr/testify/suite.Run.func1(0x140012e3a00)
            	/Users/keruch/Go-workspace/pkg/mod/github.com/stretchr/testify@v1.9.0/suite/suite.go:192 +0x170
            testing.tRunner(0x140012e3a00, 0x140012901b0)
            	/Users/keruch/sdk/go1.23.0/src/testing/testing.go:1690 +0xe4
            created by testing.(*T).Run in goroutine 38
            	/Users/keruch/sdk/go1.23.0/src/testing/testing.go:1743 +0x314
    --- FAIL: TestBackendTestSuite/TestBlockNumberFromTendermint (0.00s)
        backend.go:171: test panicked: invalid rpc client, expected: tmrpcclient.SignClient, got: <nil>
            goroutine 43 [running]:
            runtime/debug.Stack()
            	/Users/keruch/sdk/go1.23.0/src/runtime/debug/stack.go:26 +0x64
            github.com/stretchr/testify/suite.failOnPanic(0x14001306d00, {0x105577a60, 0x14001338cd0})
            	/Users/keruch/Go-workspace/pkg/mod/github.com/stretchr/testify@v1.9.0/suite/suite.go:89 +0x38
            github.com/stretchr/testify/suite.Run.func1.1()
            	/Users/keruch/Go-workspace/pkg/mod/github.com/stretchr/testify@v1.9.0/suite/suite.go:188 +0x230
            panic({0x105577a60?, 0x14001338cd0?})
            	/Users/keruch/sdk/go1.23.0/src/runtime/panic.go:785 +0x124
            github.com/evmos/ethermint/rpc/backend.NewBackend(_, {_, _}, {{0x0, 0x0, 0x0}, {0x0, 0x0}, 0x0, {0x104d7e128, ...}, ...}, ...)
            	/Users/keruch/Development/Dymension/ethermint/rpc/backend/backend.go:171 +0x4b0
            github.com/evmos/ethermint/rpc/backend.(*BackendTestSuite).SetupTest(0x14000e75500)
            	/Users/keruch/Development/Dymension/ethermint/rpc/backend/backend_suite_test.go:82 +0x684
            github.com/stretchr/testify/suite.Run.func1(0x14001306d00)
            	/Users/keruch/Go-workspace/pkg/mod/github.com/stretchr/testify@v1.9.0/suite/suite.go:192 +0x170
            testing.tRunner(0x14001306d00, 0x14001290240)
            	/Users/keruch/sdk/go1.23.0/src/testing/testing.go:1690 +0xe4
            created by testing.(*T).Run in goroutine 38
            	/Users/keruch/sdk/go1.23.0/src/testing/testing.go:1743 +0x314
    --- FAIL: TestBackendTestSuite/TestBlockNumberFromTendermintByHash (0.00s)
        backend.go:171: test panicked: invalid rpc client, expected: tmrpcclient.SignClient, got: <nil>
            goroutine 44 [running]:
            runtime/debug.Stack()
            	/Users/keruch/sdk/go1.23.0/src/runtime/debug/stack.go:26 +0x64
            github.com/stretchr/testify/suite.failOnPanic(0x1400134c000, {0x105577a60, 0x14001360150})
            	/Users/keruch/Go-workspace/pkg/mod/github.com/stretchr/testify@v1.9.0/suite/suite.go:89 +0x38
            github.com/stretchr/testify/suite.Run.func1.1()
            	/Users/keruch/Go-workspace/pkg/mod/github.com/stretchr/testify@v1.9.0/suite/suite.go:188 +0x230
            panic({0x105577a60?, 0x14001360150?})
            	/Users/keruch/sdk/go1.23.0/src/runtime/panic.go:785 +0x124
            github.com/evmos/ethermint/rpc/backend.NewBackend(_, {_, _}, {{0x0, 0x0, 0x0}, {0x0, 0x0}, 0x0, {0x104d7e128, ...}, ...}, ...)
            	/Users/keruch/Development/Dymension/ethermint/rpc/backend/backend.go:171 +0x4b0
            github.com/evmos/ethermint/rpc/backend.(*BackendTestSuite).SetupTest(0x14000e75500)
            	/Users/keruch/Development/Dymension/ethermint/rpc/backend/backend_suite_test.go:82 +0x684
            github.com/stretchr/testify/suite.Run.func1(0x1400134c000)
            	/Users/keruch/Go-workspace/pkg/mod/github.com/stretchr/testify@v1.9.0/suite/suite.go:192 +0x170
            testing.tRunner(0x1400134c000, 0x140012902d0)
            	/Users/keruch/sdk/go1.23.0/src/testing/testing.go:1690 +0xe4
            created by testing.(*T).Run in goroutine 38
            	/Users/keruch/sdk/go1.23.0/src/testing/testing.go:1743 +0x314
    --- FAIL: TestBackendTestSuite/TestBloomStatus (0.00s)
        backend.go:171: test panicked: invalid rpc client, expected: tmrpcclient.SignClient, got: <nil>
            goroutine 45 [running]:
            runtime/debug.Stack()
            	/Users/keruch/sdk/go1.23.0/src/runtime/debug/stack.go:26 +0x64
            github.com/stretchr/testify/suite.failOnPanic(0x1400134d1e0, {0x105577a60, 0x14001361550})
            	/Users/keruch/Go-workspace/pkg/mod/github.com/stretchr/testify@v1.9.0/suite/suite.go:89 +0x38
            github.com/stretchr/testify/suite.Run.func1.1()
            	/Users/keruch/Go-workspace/pkg/mod/github.com/stretchr/testify@v1.9.0/suite/suite.go:188 +0x230
            panic({0x105577a60?, 0x14001361550?})
            	/Users/keruch/sdk/go1.23.0/src/runtime/panic.go:785 +0x124
            github.com/evmos/ethermint/rpc/backend.NewBackend(_, {_, _}, {{0x0, 0x0, 0x0}, {0x0, 0x0}, 0x0, {0x104d7e128, ...}, ...}, ...)
            	/Users/keruch/Development/Dymension/ethermint/rpc/backend/backend.go:171 +0x4b0
            github.com/evmos/ethermint/rpc/backend.(*BackendTestSuite).SetupTest(0x14000e75500)
            	/Users/keruch/Development/Dymension/ethermint/rpc/backend/backend_suite_test.go:82 +0x684
            github.com/stretchr/testify/suite.Run.func1(0x1400134d1e0)
            	/Users/keruch/Go-workspace/pkg/mod/github.com/stretchr/testify@v1.9.0/suite/suite.go:192 +0x170
            testing.tRunner(0x1400134d1e0, 0x14001290360)
            	/Users/keruch/sdk/go1.23.0/src/testing/testing.go:1690 +0xe4
            created by testing.(*T).Run in goroutine 38
            	/Users/keruch/sdk/go1.23.0/src/testing/testing.go:1743 +0x314
    --- FAIL: TestBackendTestSuite/TestChainId (0.00s)
        backend.go:171: test panicked: invalid rpc client, expected: tmrpcclient.SignClient, got: <nil>
            goroutine 46 [running]:
            runtime/debug.Stack()
            	/Users/keruch/sdk/go1.23.0/src/runtime/debug/stack.go:26 +0x64
            github.com/stretchr/testify/suite.failOnPanic(0x140013784e0, {0x105577a60, 0x140013969d0})
            	/Users/keruch/Go-workspace/pkg/mod/github.com/stretchr/testify@v1.9.0/suite/suite.go:89 +0x38
            github.com/stretchr/testify/suite.Run.func1.1()
            	/Users/keruch/Go-workspace/pkg/mod/github.com/stretchr/testify@v1.9.0/suite/suite.go:188 +0x230
            panic({0x105577a60?, 0x140013969d0?})
            	/Users/keruch/sdk/go1.23.0/src/runtime/panic.go:785 +0x124
            github.com/evmos/ethermint/rpc/backend.NewBackend(_, {_, _}, {{0x0, 0x0, 0x0}, {0x0, 0x0}, 0x0, {0x104d7e128, ...}, ...}, ...)
            	/Users/keruch/Development/Dymension/ethermint/rpc/backend/backend.go:171 +0x4b0
            github.com/evmos/ethermint/rpc/backend.(*BackendTestSuite).SetupTest(0x14000e75500)
            	/Users/keruch/Development/Dymension/ethermint/rpc/backend/backend_suite_test.go:82 +0x684
            github.com/stretchr/testify/suite.Run.func1(0x140013784e0)
            	/Users/keruch/Go-workspace/pkg/mod/github.com/stretchr/testify@v1.9.0/suite/suite.go:192 +0x170
            testing.tRunner(0x140013784e0, 0x140012903f0)
            	/Users/keruch/sdk/go1.23.0/src/testing/testing.go:1690 +0xe4
            created by testing.(*T).Run in goroutine 38
            	/Users/keruch/sdk/go1.23.0/src/testing/testing.go:1743 +0x314
    --- FAIL: TestBackendTestSuite/TestDoCall (0.00s)
        backend.go:171: test panicked: invalid rpc client, expected: tmrpcclient.SignClient, got: <nil>
            goroutine 47 [running]:
            runtime/debug.Stack()
            	/Users/keruch/sdk/go1.23.0/src/runtime/debug/stack.go:26 +0x64
            github.com/stretchr/testify/suite.failOnPanic(0x140013796c0, {0x105577a60, 0x14001397dd0})
            	/Users/keruch/Go-workspace/pkg/mod/github.com/stretchr/testify@v1.9.0/suite/suite.go:89 +0x38
            github.com/stretchr/testify/suite.Run.func1.1()
            	/Users/keruch/Go-workspace/pkg/mod/github.com/stretchr/testify@v1.9.0/suite/suite.go:188 +0x230
            panic({0x105577a60?, 0x14001397dd0?})
            	/Users/keruch/sdk/go1.23.0/src/runtime/panic.go:785 +0x124
            github.com/evmos/ethermint/rpc/backend.NewBackend(_, {_, _}, {{0x0, 0x0, 0x0}, {0x0, 0x0}, 0x0, {0x104d7e128, ...}, ...}, ...)
            	/Users/keruch/Development/Dymension/ethermint/rpc/backend/backend.go:171 +0x4b0
            github.com/evmos/ethermint/rpc/backend.(*BackendTestSuite).SetupTest(0x14000e75500)
            	/Users/keruch/Development/Dymension/ethermint/rpc/backend/backend_suite_test.go:82 +0x684
            github.com/stretchr/testify/suite.Run.func1(0x140013796c0)
            	/Users/keruch/Go-workspace/pkg/mod/github.com/stretchr/testify@v1.9.0/suite/suite.go:192 +0x170
            testing.tRunner(0x140013796c0, 0x14001290480)
            	/Users/keruch/sdk/go1.23.0/src/testing/testing.go:1690 +0xe4
            created by testing.(*T).Run in goroutine 38
            	/Users/keruch/sdk/go1.23.0/src/testing/testing.go:1743 +0x314
    --- FAIL: TestBackendTestSuite/TestEthBlockByNumber (0.00s)
        backend.go:171: test panicked: invalid rpc client, expected: tmrpcclient.SignClient, got: <nil>
            goroutine 48 [running]:
            runtime/debug.Stack()
            	/Users/keruch/sdk/go1.23.0/src/runtime/debug/stack.go:26 +0x64
            github.com/stretchr/testify/suite.failOnPanic(0x140013aab60, {0x105577a60, 0x140013c9250})
            	/Users/keruch/Go-workspace/pkg/mod/github.com/stretchr/testify@v1.9.0/suite/suite.go:89 +0x38
            github.com/stretchr/testify/suite.Run.func1.1()
            	/Users/keruch/Go-workspace/pkg/mod/github.com/stretchr/testify@v1.9.0/suite/suite.go:188 +0x230
            panic({0x105577a60?, 0x140013c9250?})
            	/Users/keruch/sdk/go1.23.0/src/runtime/panic.go:785 +0x124
            github.com/evmos/ethermint/rpc/backend.NewBackend(_, {_, _}, {{0x0, 0x0, 0x0}, {0x0, 0x0}, 0x0, {0x104d7e128, ...}, ...}, ...)
            	/Users/keruch/Development/Dymension/ethermint/rpc/backend/backend.go:171 +0x4b0
            github.com/evmos/ethermint/rpc/backend.(*BackendTestSuite).SetupTest(0x14000e75500)
            	/Users/keruch/Development/Dymension/ethermint/rpc/backend/backend_suite_test.go:82 +0x684
            github.com/stretchr/testify/suite.Run.func1(0x140013aab60)
            	/Users/keruch/Go-workspace/pkg/mod/github.com/stretchr/testify@v1.9.0/suite/suite.go:192 +0x170
            testing.tRunner(0x140013aab60, 0x14001290510)
            	/Users/keruch/sdk/go1.23.0/src/testing/testing.go:1690 +0xe4
            created by testing.(*T).Run in goroutine 38
            	/Users/keruch/sdk/go1.23.0/src/testing/testing.go:1743 +0x314
    --- FAIL: TestBackendTestSuite/TestEthBlockFromTendermintBlock (0.00s)
        backend.go:171: test panicked: invalid rpc client, expected: tmrpcclient.SignClient, got: <nil>
            goroutine 49 [running]:
            runtime/debug.Stack()
            	/Users/keruch/sdk/go1.23.0/src/runtime/debug/stack.go:26 +0x64
            github.com/stretchr/testify/suite.failOnPanic(0x140013abd40, {0x105577a60, 0x140014026d0})
            	/Users/keruch/Go-workspace/pkg/mod/github.com/stretchr/testify@v1.9.0/suite/suite.go:89 +0x38
            github.com/stretchr/testify/suite.Run.func1.1()
            	/Users/keruch/Go-workspace/pkg/mod/github.com/stretchr/testify@v1.9.0/suite/suite.go:188 +0x230
            panic({0x105577a60?, 0x140014026d0?})
            	/Users/keruch/sdk/go1.23.0/src/runtime/panic.go:785 +0x124
            github.com/evmos/ethermint/rpc/backend.NewBackend(_, {_, _}, {{0x0, 0x0, 0x0}, {0x0, 0x0}, 0x0, {0x104d7e128, ...}, ...}, ...)
            	/Users/keruch/Development/Dymension/ethermint/rpc/backend/backend.go:171 +0x4b0
            github.com/evmos/ethermint/rpc/backend.(*BackendTestSuite).SetupTest(0x14000e75500)
            	/Users/keruch/Development/Dymension/ethermint/rpc/backend/backend_suite_test.go:82 +0x684
            github.com/stretchr/testify/suite.Run.func1(0x140013abd40)
            	/Users/keruch/Go-workspace/pkg/mod/github.com/stretchr/testify@v1.9.0/suite/suite.go:192 +0x170
            testing.tRunner(0x140013abd40, 0x140012905a0)
            	/Users/keruch/sdk/go1.23.0/src/testing/testing.go:1690 +0xe4
            created by testing.(*T).Run in goroutine 38
            	/Users/keruch/sdk/go1.23.0/src/testing/testing.go:1743 +0x314
    --- FAIL: TestBackendTestSuite/TestEthMsgsFromTendermintBlock (0.00s)
        backend.go:171: test panicked: invalid rpc client, expected: tmrpcclient.SignClient, got: <nil>
            goroutine 98 [running]:
            runtime/debug.Stack()
            	/Users/keruch/sdk/go1.23.0/src/runtime/debug/stack.go:26 +0x64
            github.com/stretchr/testify/suite.failOnPanic(0x140013f7040, {0x105577a60, 0x14001403ad0})
            	/Users/keruch/Go-workspace/pkg/mod/github.com/stretchr/testify@v1.9.0/suite/suite.go:89 +0x38
            github.com/stretchr/testify/suite.Run.func1.1()
            	/Users/keruch/Go-workspace/pkg/mod/github.com/stretchr/testify@v1.9.0/suite/suite.go:188 +0x230
            panic({0x105577a60?, 0x14001403ad0?})
            	/Users/keruch/sdk/go1.23.0/src/runtime/panic.go:785 +0x124
            github.com/evmos/ethermint/rpc/backend.NewBackend(_, {_, _}, {{0x0, 0x0, 0x0}, {0x0, 0x0}, 0x0, {0x104d7e128, ...}, ...}, ...)
            	/Users/keruch/Development/Dymension/ethermint/rpc/backend/backend.go:171 +0x4b0
            github.com/evmos/ethermint/rpc/backend.(*BackendTestSuite).SetupTest(0x14000e75500)
            	/Users/keruch/Development/Dymension/ethermint/rpc/backend/backend_suite_test.go:82 +0x684
            github.com/stretchr/testify/suite.Run.func1(0x140013f7040)
            	/Users/keruch/Go-workspace/pkg/mod/github.com/stretchr/testify@v1.9.0/suite/suite.go:192 +0x170
            testing.tRunner(0x140013f7040, 0x14001290630)
            	/Users/keruch/sdk/go1.23.0/src/testing/testing.go:1690 +0xe4
            created by testing.(*T).Run in goroutine 38
            	/Users/keruch/sdk/go1.23.0/src/testing/testing.go:1743 +0x314
    --- FAIL: TestBackendTestSuite/TestFeeHistory (0.00s)
        backend.go:171: test panicked: invalid rpc client, expected: tmrpcclient.SignClient, got: <nil>
            goroutine 99 [running]:
            runtime/debug.Stack()
            	/Users/keruch/sdk/go1.23.0/src/runtime/debug/stack.go:26 +0x64
            github.com/stretchr/testify/suite.failOnPanic(0x1400142a340, {0x105577a60, 0x14001434f50})
            	/Users/keruch/Go-workspace/pkg/mod/github.com/stretchr/testify@v1.9.0/suite/suite.go:89 +0x38
            github.com/stretchr/testify/suite.Run.func1.1()
            	/Users/keruch/Go-workspace/pkg/mod/github.com/stretchr/testify@v1.9.0/suite/suite.go:188 +0x230
            panic({0x105577a60?, 0x14001434f50?})
            	/Users/keruch/sdk/go1.23.0/src/runtime/panic.go:785 +0x124
            github.com/evmos/ethermint/rpc/backend.NewBackend(_, {_, _}, {{0x0, 0x0, 0x0}, {0x0, 0x0}, 0x0, {0x104d7e128, ...}, ...}, ...)
            	/Users/keruch/Development/Dymension/ethermint/rpc/backend/backend.go:171 +0x4b0
            github.com/evmos/ethermint/rpc/backend.(*BackendTestSuite).SetupTest(0x14000e75500)
            	/Users/keruch/Development/Dymension/ethermint/rpc/backend/backend_suite_test.go:82 +0x684
            github.com/stretchr/testify/suite.Run.func1(0x1400142a340)
            	/Users/keruch/Go-workspace/pkg/mod/github.com/stretchr/testify@v1.9.0/suite/suite.go:192 +0x170
            testing.tRunner(0x1400142a340, 0x140012906c0)
            	/Users/keruch/sdk/go1.23.0/src/testing/testing.go:1690 +0xe4
            created by testing.(*T).Run in goroutine 38
            	/Users/keruch/sdk/go1.23.0/src/testing/testing.go:1743 +0x314
    --- FAIL: TestBackendTestSuite/TestGasPrice (0.00s)
        backend.go:171: test panicked: invalid rpc client, expected: tmrpcclient.SignClient, got: <nil>
            goroutine 100 [running]:
            runtime/debug.Stack()
            	/Users/keruch/sdk/go1.23.0/src/runtime/debug/stack.go:26 +0x64
            github.com/stretchr/testify/suite.failOnPanic(0x1400142b520, {0x105577a60, 0x140014723e0})
            	/Users/keruch/Go-workspace/pkg/mod/github.com/stretchr/testify@v1.9.0/suite/suite.go:89 +0x38
            github.com/stretchr/testify/suite.Run.func1.1()
            	/Users/keruch/Go-workspace/pkg/mod/github.com/stretchr/testify@v1.9.0/suite/suite.go:188 +0x230
            panic({0x105577a60?, 0x140014723e0?})
            	/Users/keruch/sdk/go1.23.0/src/runtime/panic.go:785 +0x124
            github.com/evmos/ethermint/rpc/backend.NewBackend(_, {_, _}, {{0x0, 0x0, 0x0}, {0x0, 0x0}, 0x0, {0x104d7e128, ...}, ...}, ...)
            	/Users/keruch/Development/Dymension/ethermint/rpc/backend/backend.go:171 +0x4b0
            github.com/evmos/ethermint/rpc/backend.(*BackendTestSuite).SetupTest(0x14000e75500)
            	/Users/keruch/Development/Dymension/ethermint/rpc/backend/backend_suite_test.go:82 +0x684
            github.com/stretchr/testify/suite.Run.func1(0x1400142b520)
            	/Users/keruch/Go-workspace/pkg/mod/github.com/stretchr/testify@v1.9.0/suite/suite.go:192 +0x170
            testing.tRunner(0x1400142b520, 0x14001290750)
            	/Users/keruch/sdk/go1.23.0/src/testing/testing.go:1690 +0xe4
            created by testing.(*T).Run in goroutine 38
            	/Users/keruch/sdk/go1.23.0/src/testing/testing.go:1743 +0x314
    --- FAIL: TestBackendTestSuite/TestGetBalance (0.00s)
        backend.go:171: test panicked: invalid rpc client, expected: tmrpcclient.SignClient, got: <nil>
            goroutine 101 [running]:
            runtime/debug.Stack()
            	/Users/keruch/sdk/go1.23.0/src/runtime/debug/stack.go:26 +0x64
            github.com/stretchr/testify/suite.failOnPanic(0x14001468820, {0x105577a60, 0x140014737e0})
            	/Users/keruch/Go-workspace/pkg/mod/github.com/stretchr/testify@v1.9.0/suite/suite.go:89 +0x38
            github.com/stretchr/testify/suite.Run.func1.1()
            	/Users/keruch/Go-workspace/pkg/mod/github.com/stretchr/testify@v1.9.0/suite/suite.go:188 +0x230
            panic({0x105577a60?, 0x140014737e0?})
            	/Users/keruch/sdk/go1.23.0/src/runtime/panic.go:785 +0x124
            github.com/evmos/ethermint/rpc/backend.NewBackend(_, {_, _}, {{0x0, 0x0, 0x0}, {0x0, 0x0}, 0x0, {0x104d7e128, ...}, ...}, ...)
            	/Users/keruch/Development/Dymension/ethermint/rpc/backend/backend.go:171 +0x4b0
            github.com/evmos/ethermint/rpc/backend.(*BackendTestSuite).SetupTest(0x14000e75500)
            	/Users/keruch/Development/Dymension/ethermint/rpc/backend/backend_suite_test.go:82 +0x684
            github.com/stretchr/testify/suite.Run.func1(0x14001468820)
            	/Users/keruch/Go-workspace/pkg/mod/github.com/stretchr/testify@v1.9.0/suite/suite.go:192 +0x170
            testing.tRunner(0x14001468820, 0x140012907e0)
            	/Users/keruch/sdk/go1.23.0/src/testing/testing.go:1690 +0xe4
            created by testing.(*T).Run in goroutine 38
            	/Users/keruch/sdk/go1.23.0/src/testing/testing.go:1743 +0x314
    --- FAIL: TestBackendTestSuite/TestGetBlockByHash (0.00s)
        backend.go:171: test panicked: invalid rpc client, expected: tmrpcclient.SignClient, got: <nil>
            goroutine 102 [running]:
            runtime/debug.Stack()
            	/Users/keruch/sdk/go1.23.0/src/runtime/debug/stack.go:26 +0x64
            github.com/stretchr/testify/suite.failOnPanic(0x14001469a00, {0x105577a60, 0x14001498c60})
            	/Users/keruch/Go-workspace/pkg/mod/github.com/stretchr/testify@v1.9.0/suite/suite.go:89 +0x38
            github.com/stretchr/testify/suite.Run.func1.1()
            	/Users/keruch/Go-workspace/pkg/mod/github.com/stretchr/testify@v1.9.0/suite/suite.go:188 +0x230
            panic({0x105577a60?, 0x14001498c60?})
            	/Users/keruch/sdk/go1.23.0/src/runtime/panic.go:785 +0x124
            github.com/evmos/ethermint/rpc/backend.NewBackend(_, {_, _}, {{0x0, 0x0, 0x0}, {0x0, 0x0}, 0x0, {0x104d7e128, ...}, ...}, ...)
            	/Users/keruch/Development/Dymension/ethermint/rpc/backend/backend.go:171 +0x4b0
            github.com/evmos/ethermint/rpc/backend.(*BackendTestSuite).SetupTest(0x14000e75500)
            	/Users/keruch/Development/Dymension/ethermint/rpc/backend/backend_suite_test.go:82 +0x684
            github.com/stretchr/testify/suite.Run.func1(0x14001469a00)
            	/Users/keruch/Go-workspace/pkg/mod/github.com/stretchr/testify@v1.9.0/suite/suite.go:192 +0x170
            testing.tRunner(0x14001469a00, 0x14001290870)
            	/Users/keruch/sdk/go1.23.0/src/testing/testing.go:1690 +0xe4
            created by testing.(*T).Run in goroutine 38
            	/Users/keruch/sdk/go1.23.0/src/testing/testing.go:1743 +0x314
    --- FAIL: TestBackendTestSuite/TestGetBlockByNumber (0.00s)
        backend.go:171: test panicked: invalid rpc client, expected: tmrpcclient.SignClient, got: <nil>
            goroutine 103 [running]:
            runtime/debug.Stack()
            	/Users/keruch/sdk/go1.23.0/src/runtime/debug/stack.go:26 +0x64
            github.com/stretchr/testify/suite.failOnPanic(0x14001494d00, {0x105577a60, 0x140014c40e0})
            	/Users/keruch/Go-workspace/pkg/mod/github.com/stretchr/testify@v1.9.0/suite/suite.go:89 +0x38
            github.com/stretchr/testify/suite.Run.func1.1()
            	/Users/keruch/Go-workspace/pkg/mod/github.com/stretchr/testify@v1.9.0/suite/suite.go:188 +0x230
            panic({0x105577a60?, 0x140014c40e0?})
            	/Users/keruch/sdk/go1.23.0/src/runtime/panic.go:785 +0x124
            github.com/evmos/ethermint/rpc/backend.NewBackend(_, {_, _}, {{0x0, 0x0, 0x0}, {0x0, 0x0}, 0x0, {0x104d7e128, ...}, ...}, ...)
            	/Users/keruch/Development/Dymension/ethermint/rpc/backend/backend.go:171 +0x4b0
            github.com/evmos/ethermint/rpc/backend.(*BackendTestSuite).SetupTest(0x14000e75500)
            	/Users/keruch/Development/Dymension/ethermint/rpc/backend/backend_suite_test.go:82 +0x684
            github.com/stretchr/testify/suite.Run.func1(0x14001494d00)
            	/Users/keruch/Go-workspace/pkg/mod/github.com/stretchr/testify@v1.9.0/suite/suite.go:192 +0x170
            testing.tRunner(0x14001494d00, 0x14001290900)
            	/Users/keruch/sdk/go1.23.0/src/testing/testing.go:1690 +0xe4
            created by testing.(*T).Run in goroutine 38
            	/Users/keruch/sdk/go1.23.0/src/testing/testing.go:1743 +0x314
    --- FAIL: TestBackendTestSuite/TestGetBlockTransactionCountByHash (0.00s)
        backend.go:171: test panicked: invalid rpc client, expected: tmrpcclient.SignClient, got: <nil>
            goroutine 104 [running]:
            runtime/debug.Stack()
            	/Users/keruch/sdk/go1.23.0/src/runtime/debug/stack.go:26 +0x64
            github.com/stretchr/testify/suite.failOnPanic(0x140014da000, {0x105577a60, 0x140014c54e0})
            	/Users/keruch/Go-workspace/pkg/mod/github.com/stretchr/testify@v1.9.0/suite/suite.go:89 +0x38
            github.com/stretchr/testify/suite.Run.func1.1()
            	/Users/keruch/Go-workspace/pkg/mod/github.com/stretchr/testify@v1.9.0/suite/suite.go:188 +0x230
            panic({0x105577a60?, 0x140014c54e0?})
            	/Users/keruch/sdk/go1.23.0/src/runtime/panic.go:785 +0x124
            github.com/evmos/ethermint/rpc/backend.NewBackend(_, {_, _}, {{0x0, 0x0, 0x0}, {0x0, 0x0}, 0x0, {0x104d7e128, ...}, ...}, ...)
            	/Users/keruch/Development/Dymension/ethermint/rpc/backend/backend.go:171 +0x4b0
            github.com/evmos/ethermint/rpc/backend.(*BackendTestSuite).SetupTest(0x14000e75500)
            	/Users/keruch/Development/Dymension/ethermint/rpc/backend/backend_suite_test.go:82 +0x684
            github.com/stretchr/testify/suite.Run.func1(0x140014da000)
            	/Users/keruch/Go-workspace/pkg/mod/github.com/stretchr/testify@v1.9.0/suite/suite.go:192 +0x170
            testing.tRunner(0x140014da000, 0x14001290990)
            	/Users/keruch/sdk/go1.23.0/src/testing/testing.go:1690 +0xe4
            created by testing.(*T).Run in goroutine 38
            	/Users/keruch/sdk/go1.23.0/src/testing/testing.go:1743 +0x314
    --- FAIL: TestBackendTestSuite/TestGetBlockTransactionCountByNumber (0.00s)
        backend.go:171: test panicked: invalid rpc client, expected: tmrpcclient.SignClient, got: <nil>
            goroutine 105 [running]:
            runtime/debug.Stack()
            	/Users/keruch/sdk/go1.23.0/src/runtime/debug/stack.go:26 +0x64
            github.com/stretchr/testify/suite.failOnPanic(0x140014db1e0, {0x105577a60, 0x14001508960})
            	/Users/keruch/Go-workspace/pkg/mod/github.com/stretchr/testify@v1.9.0/suite/suite.go:89 +0x38
            github.com/stretchr/testify/suite.Run.func1.1()
            	/Users/keruch/Go-workspace/pkg/mod/github.com/stretchr/testify@v1.9.0/suite/suite.go:188 +0x230
            panic({0x105577a60?, 0x14001508960?})
            	/Users/keruch/sdk/go1.23.0/src/runtime/panic.go:785 +0x124
            github.com/evmos/ethermint/rpc/backend.NewBackend(_, {_, _}, {{0x0, 0x0, 0x0}, {0x0, 0x0}, 0x0, {0x104d7e128, ...}, ...}, ...)
            	/Users/keruch/Development/Dymension/ethermint/rpc/backend/backend.go:171 +0x4b0
            github.com/evmos/ethermint/rpc/backend.(*BackendTestSuite).SetupTest(0x14000e75500)
            	/Users/keruch/Development/Dymension/ethermint/rpc/backend/backend_suite_test.go:82 +0x684
            github.com/stretchr/testify/suite.Run.func1(0x140014db1e0)
            	/Users/keruch/Go-workspace/pkg/mod/github.com/stretchr/testify@v1.9.0/suite/suite.go:192 +0x170
            testing.tRunner(0x140014db1e0, 0x14001290a20)
            	/Users/keruch/sdk/go1.23.0/src/testing/testing.go:1690 +0xe4
            created by testing.(*T).Run in goroutine 38
            	/Users/keruch/sdk/go1.23.0/src/testing/testing.go:1743 +0x314
    --- FAIL: TestBackendTestSuite/TestGetCode (0.00s)
        backend.go:171: test panicked: invalid rpc client, expected: tmrpcclient.SignClient, got: <nil>
            goroutine 106 [running]:
            runtime/debug.Stack()
            	/Users/keruch/sdk/go1.23.0/src/runtime/debug/stack.go:26 +0x64
            github.com/stretchr/testify/suite.failOnPanic(0x140015064e0, {0x105577a60, 0x14001509d60})
            	/Users/keruch/Go-workspace/pkg/mod/github.com/stretchr/testify@v1.9.0/suite/suite.go:89 +0x38
            github.com/stretchr/testify/suite.Run.func1.1()
            	/Users/keruch/Go-workspace/pkg/mod/github.com/stretchr/testify@v1.9.0/suite/suite.go:188 +0x230
            panic({0x105577a60?, 0x14001509d60?})
            	/Users/keruch/sdk/go1.23.0/src/runtime/panic.go:785 +0x124
            github.com/evmos/ethermint/rpc/backend.NewBackend(_, {_, _}, {{0x0, 0x0, 0x0}, {0x0, 0x0}, 0x0, {0x104d7e128, ...}, ...}, ...)
            	/Users/keruch/Development/Dymension/ethermint/rpc/backend/backend.go:171 +0x4b0
            github.com/evmos/ethermint/rpc/backend.(*BackendTestSuite).SetupTest(0x14000e75500)
            	/Users/keruch/Development/Dymension/ethermint/rpc/backend/backend_suite_test.go:82 +0x684
            github.com/stretchr/testify/suite.Run.func1(0x140015064e0)
            	/Users/keruch/Go-workspace/pkg/mod/github.com/stretchr/testify@v1.9.0/suite/suite.go:192 +0x170
            testing.tRunner(0x140015064e0, 0x14001290ab0)
            	/Users/keruch/sdk/go1.23.0/src/testing/testing.go:1690 +0xe4
            created by testing.(*T).Run in goroutine 38
            	/Users/keruch/sdk/go1.23.0/src/testing/testing.go:1743 +0x314
    --- FAIL: TestBackendTestSuite/TestGetCoinbase (0.00s)
        backend.go:171: test panicked: invalid rpc client, expected: tmrpcclient.SignClient, got: <nil>
            goroutine 107 [running]:
            runtime/debug.Stack()
            	/Users/keruch/sdk/go1.23.0/src/runtime/debug/stack.go:26 +0x64
            github.com/stretchr/testify/suite.failOnPanic(0x140015076c0, {0x105577a60, 0x140015371e0})
            	/Users/keruch/Go-workspace/pkg/mod/github.com/stretchr/testify@v1.9.0/suite/suite.go:89 +0x38
            github.com/stretchr/testify/suite.Run.func1.1()
            	/Users/keruch/Go-workspace/pkg/mod/github.com/stretchr/testify@v1.9.0/suite/suite.go:188 +0x230
            panic({0x105577a60?, 0x140015371e0?})
            	/Users/keruch/sdk/go1.23.0/src/runtime/panic.go:785 +0x124
            github.com/evmos/ethermint/rpc/backend.NewBackend(_, {_, _}, {{0x0, 0x0, 0x0}, {0x0, 0x0}, 0x0, {0x104d7e128, ...}, ...}, ...)
            	/Users/keruch/Development/Dymension/ethermint/rpc/backend/backend.go:171 +0x4b0
            github.com/evmos/ethermint/rpc/backend.(*BackendTestSuite).SetupTest(0x14000e75500)
            	/Users/keruch/Development/Dymension/ethermint/rpc/backend/backend_suite_test.go:82 +0x684
            github.com/stretchr/testify/suite.Run.func1(0x140015076c0)
            	/Users/keruch/Go-workspace/pkg/mod/github.com/stretchr/testify@v1.9.0/suite/suite.go:192 +0x170
            testing.tRunner(0x140015076c0, 0x14001290b40)
            	/Users/keruch/sdk/go1.23.0/src/testing/testing.go:1690 +0xe4
            created by testing.(*T).Run in goroutine 38
            	/Users/keruch/sdk/go1.23.0/src/testing/testing.go:1743 +0x314
    --- FAIL: TestBackendTestSuite/TestGetEthBlockFromTendermint (0.00s)
        backend.go:171: test panicked: invalid rpc client, expected: tmrpcclient.SignClient, got: <nil>
            goroutine 108 [running]:
            runtime/debug.Stack()
            	/Users/keruch/sdk/go1.23.0/src/runtime/debug/stack.go:26 +0x64
            github.com/stretchr/testify/suite.failOnPanic(0x140015389c0, {0x105577a60, 0x14001562660})
            	/Users/keruch/Go-workspace/pkg/mod/github.com/stretchr/testify@v1.9.0/suite/suite.go:89 +0x38
            github.com/stretchr/testify/suite.Run.func1.1()
            	/Users/keruch/Go-workspace/pkg/mod/github.com/stretchr/testify@v1.9.0/suite/suite.go:188 +0x230
            panic({0x105577a60?, 0x14001562660?})
            	/Users/keruch/sdk/go1.23.0/src/runtime/panic.go:785 +0x124
            github.com/evmos/ethermint/rpc/backend.NewBackend(_, {_, _}, {{0x0, 0x0, 0x0}, {0x0, 0x0}, 0x0, {0x104d7e128, ...}, ...}, ...)
            	/Users/keruch/Development/Dymension/ethermint/rpc/backend/backend.go:171 +0x4b0
            github.com/evmos/ethermint/rpc/backend.(*BackendTestSuite).SetupTest(0x14000e75500)
            	/Users/keruch/Development/Dymension/ethermint/rpc/backend/backend_suite_test.go:82 +0x684
            github.com/stretchr/testify/suite.Run.func1(0x140015389c0)
            	/Users/keruch/Go-workspace/pkg/mod/github.com/stretchr/testify@v1.9.0/suite/suite.go:192 +0x170
            testing.tRunner(0x140015389c0, 0x14001290bd0)
            	/Users/keruch/sdk/go1.23.0/src/testing/testing.go:1690 +0xe4
            created by testing.(*T).Run in goroutine 38
            	/Users/keruch/sdk/go1.23.0/src/testing/testing.go:1743 +0x314
    --- FAIL: TestBackendTestSuite/TestGetGasUsed (0.00s)
        backend.go:171: test panicked: invalid rpc client, expected: tmrpcclient.SignClient, got: <nil>
            goroutine 109 [running]:
            runtime/debug.Stack()
            	/Users/keruch/sdk/go1.23.0/src/runtime/debug/stack.go:26 +0x64
            github.com/stretchr/testify/suite.failOnPanic(0x14001539ba0, {0x105577a60, 0x14001563a60})
            	/Users/keruch/Go-workspace/pkg/mod/github.com/stretchr/testify@v1.9.0/suite/suite.go:89 +0x38
            github.com/stretchr/testify/suite.Run.func1.1()
            	/Users/keruch/Go-workspace/pkg/mod/github.com/stretchr/testify@v1.9.0/suite/suite.go:188 +0x230
            panic({0x105577a60?, 0x14001563a60?})
            	/Users/keruch/sdk/go1.23.0/src/runtime/panic.go:785 +0x124
            github.com/evmos/ethermint/rpc/backend.NewBackend(_, {_, _}, {{0x0, 0x0, 0x0}, {0x0, 0x0}, 0x0, {0x104d7e128, ...}, ...}, ...)
            	/Users/keruch/Development/Dymension/ethermint/rpc/backend/backend.go:171 +0x4b0
            github.com/evmos/ethermint/rpc/backend.(*BackendTestSuite).SetupTest(0x14000e75500)
            	/Users/keruch/Development/Dymension/ethermint/rpc/backend/backend_suite_test.go:82 +0x684
            github.com/stretchr/testify/suite.Run.func1(0x14001539ba0)
            	/Users/keruch/Go-workspace/pkg/mod/github.com/stretchr/testify@v1.9.0/suite/suite.go:192 +0x170
            testing.tRunner(0x14001539ba0, 0x14001290c60)
            	/Users/keruch/sdk/go1.23.0/src/testing/testing.go:1690 +0xe4
            created by testing.(*T).Run in goroutine 38
            	/Users/keruch/sdk/go1.23.0/src/testing/testing.go:1743 +0x314
    --- FAIL: TestBackendTestSuite/TestGetHexProofs (0.00s)
        backend.go:171: test panicked: invalid rpc client, expected: tmrpcclient.SignClient, got: <nil>
            goroutine 110 [running]:
            runtime/debug.Stack()
            	/Users/keruch/sdk/go1.23.0/src/runtime/debug/stack.go:26 +0x64
            github.com/stretchr/testify/suite.failOnPanic(0x1400156cea0, {0x105577a60, 0x1400158aee0})
            	/Users/keruch/Go-workspace/pkg/mod/github.com/stretchr/testify@v1.9.0/suite/suite.go:89 +0x38
            github.com/stretchr/testify/suite.Run.func1.1()
            	/Users/keruch/Go-workspace/pkg/mod/github.com/stretchr/testify@v1.9.0/suite/suite.go:188 +0x230
            panic({0x105577a60?, 0x1400158aee0?})
            	/Users/keruch/sdk/go1.23.0/src/runtime/panic.go:785 +0x124
            github.com/evmos/ethermint/rpc/backend.NewBackend(_, {_, _}, {{0x0, 0x0, 0x0}, {0x0, 0x0}, 0x0, {0x104d7e128, ...}, ...}, ...)
            	/Users/keruch/Development/Dymension/ethermint/rpc/backend/backend.go:171 +0x4b0
            github.com/evmos/ethermint/rpc/backend.(*BackendTestSuite).SetupTest(0x14000e75500)
            	/Users/keruch/Development/Dymension/ethermint/rpc/backend/backend_suite_test.go:82 +0x684
            github.com/stretchr/testify/suite.Run.func1(0x1400156cea0)
            	/Users/keruch/Go-workspace/pkg/mod/github.com/stretchr/testify@v1.9.0/suite/suite.go:192 +0x170
            testing.tRunner(0x1400156cea0, 0x14001290cf0)
            	/Users/keruch/sdk/go1.23.0/src/testing/testing.go:1690 +0xe4
            created by testing.(*T).Run in goroutine 38
            	/Users/keruch/sdk/go1.23.0/src/testing/testing.go:1743 +0x314
    --- FAIL: TestBackendTestSuite/TestGetLogs (0.00s)
        backend.go:171: test panicked: invalid rpc client, expected: tmrpcclient.SignClient, got: <nil>
            goroutine 111 [running]:
            runtime/debug.Stack()
            	/Users/keruch/sdk/go1.23.0/src/runtime/debug/stack.go:26 +0x64
            github.com/stretchr/testify/suite.failOnPanic(0x140015921a0, {0x105577a60, 0x140015b8360})
            	/Users/keruch/Go-workspace/pkg/mod/github.com/stretchr/testify@v1.9.0/suite/suite.go:89 +0x38
            github.com/stretchr/testify/suite.Run.func1.1()
            	/Users/keruch/Go-workspace/pkg/mod/github.com/stretchr/testify@v1.9.0/suite/suite.go:188 +0x230
            panic({0x105577a60?, 0x140015b8360?})
            	/Users/keruch/sdk/go1.23.0/src/runtime/panic.go:785 +0x124
            github.com/evmos/ethermint/rpc/backend.NewBackend(_, {_, _}, {{0x0, 0x0, 0x0}, {0x0, 0x0}, 0x0, {0x104d7e128, ...}, ...}, ...)
            	/Users/keruch/Development/Dymension/ethermint/rpc/backend/backend.go:171 +0x4b0
            github.com/evmos/ethermint/rpc/backend.(*BackendTestSuite).SetupTest(0x14000e75500)
            	/Users/keruch/Development/Dymension/ethermint/rpc/backend/backend_suite_test.go:82 +0x684
            github.com/stretchr/testify/suite.Run.func1(0x140015921a0)
            	/Users/keruch/Go-workspace/pkg/mod/github.com/stretchr/testify@v1.9.0/suite/suite.go:192 +0x170
            testing.tRunner(0x140015921a0, 0x14001290d80)
            	/Users/keruch/sdk/go1.23.0/src/testing/testing.go:1690 +0xe4
            created by testing.(*T).Run in goroutine 38
            	/Users/keruch/sdk/go1.23.0/src/testing/testing.go:1743 +0x314
    --- FAIL: TestBackendTestSuite/TestGetProof (0.00s)
        backend.go:171: test panicked: invalid rpc client, expected: tmrpcclient.SignClient, got: <nil>
            goroutine 112 [running]:
            runtime/debug.Stack()
            	/Users/keruch/sdk/go1.23.0/src/runtime/debug/stack.go:26 +0x64
            github.com/stretchr/testify/suite.failOnPanic(0x14001593380, {0x105577a60, 0x140015b9760})
            	/Users/keruch/Go-workspace/pkg/mod/github.com/stretchr/testify@v1.9.0/suite/suite.go:89 +0x38
            github.com/stretchr/testify/suite.Run.func1.1()
            	/Users/keruch/Go-workspace/pkg/mod/github.com/stretchr/testify@v1.9.0/suite/suite.go:188 +0x230
            panic({0x105577a60?, 0x140015b9760?})
            	/Users/keruch/sdk/go1.23.0/src/runtime/panic.go:785 +0x124
            github.com/evmos/ethermint/rpc/backend.NewBackend(_, {_, _}, {{0x0, 0x0, 0x0}, {0x0, 0x0}, 0x0, {0x104d7e128, ...}, ...}, ...)
            	/Users/keruch/Development/Dymension/ethermint/rpc/backend/backend.go:171 +0x4b0
            github.com/evmos/ethermint/rpc/backend.(*BackendTestSuite).SetupTest(0x14000e75500)
            	/Users/keruch/Development/Dymension/ethermint/rpc/backend/backend_suite_test.go:82 +0x684
            github.com/stretchr/testify/suite.Run.func1(0x14001593380)
            	/Users/keruch/Go-workspace/pkg/mod/github.com/stretchr/testify@v1.9.0/suite/suite.go:192 +0x170
            testing.tRunner(0x14001593380, 0x14001290e10)
            	/Users/keruch/sdk/go1.23.0/src/testing/testing.go:1690 +0xe4
            created by testing.(*T).Run in goroutine 38
            	/Users/keruch/sdk/go1.23.0/src/testing/testing.go:1743 +0x314
    --- FAIL: TestBackendTestSuite/TestGetStorageAt (0.00s)
        backend.go:171: test panicked: invalid rpc client, expected: tmrpcclient.SignClient, got: <nil>
            goroutine 113 [running]:
            runtime/debug.Stack()
            	/Users/keruch/sdk/go1.23.0/src/runtime/debug/stack.go:26 +0x64
            github.com/stretchr/testify/suite.failOnPanic(0x140015e4680, {0x105577a60, 0x140015febe0})
            	/Users/keruch/Go-workspace/pkg/mod/github.com/stretchr/testify@v1.9.0/suite/suite.go:89 +0x38
            github.com/stretchr/testify/suite.Run.func1.1()
            	/Users/keruch/Go-workspace/pkg/mod/github.com/stretchr/testify@v1.9.0/suite/suite.go:188 +0x230
            panic({0x105577a60?, 0x140015febe0?})
            	/Users/keruch/sdk/go1.23.0/src/runtime/panic.go:785 +0x124
            github.com/evmos/ethermint/rpc/backend.NewBackend(_, {_, _}, {{0x0, 0x0, 0x0}, {0x0, 0x0}, 0x0, {0x104d7e128, ...}, ...}, ...)
            	/Users/keruch/Development/Dymension/ethermint/rpc/backend/backend.go:171 +0x4b0
            github.com/evmos/ethermint/rpc/backend.(*BackendTestSuite).SetupTest(0x14000e75500)
            	/Users/keruch/Development/Dymension/ethermint/rpc/backend/backend_suite_test.go:82 +0x684
            github.com/stretchr/testify/suite.Run.func1(0x140015e4680)
            	/Users/keruch/Go-workspace/pkg/mod/github.com/stretchr/testify@v1.9.0/suite/suite.go:192 +0x170
            testing.tRunner(0x140015e4680, 0x14001290ea0)
            	/Users/keruch/sdk/go1.23.0/src/testing/testing.go:1690 +0xe4
            created by testing.(*T).Run in goroutine 38
            	/Users/keruch/sdk/go1.23.0/src/testing/testing.go:1743 +0x314
    --- FAIL: TestBackendTestSuite/TestGetTransactionByBlockAndIndex (0.00s)
        backend.go:171: test panicked: invalid rpc client, expected: tmrpcclient.SignClient, got: <nil>
            goroutine 114 [running]:
            runtime/debug.Stack()
            	/Users/keruch/sdk/go1.23.0/src/runtime/debug/stack.go:26 +0x64
            github.com/stretchr/testify/suite.failOnPanic(0x140015e5860, {0x105577a60, 0x14001622060})
            	/Users/keruch/Go-workspace/pkg/mod/github.com/stretchr/testify@v1.9.0/suite/suite.go:89 +0x38
            github.com/stretchr/testify/suite.Run.func1.1()
            	/Users/keruch/Go-workspace/pkg/mod/github.com/stretchr/testify@v1.9.0/suite/suite.go:188 +0x230
            panic({0x105577a60?, 0x14001622060?})
            	/Users/keruch/sdk/go1.23.0/src/runtime/panic.go:785 +0x124
            github.com/evmos/ethermint/rpc/backend.NewBackend(_, {_, _}, {{0x0, 0x0, 0x0}, {0x0, 0x0}, 0x0, {0x104d7e128, ...}, ...}, ...)
            	/Users/keruch/Development/Dymension/ethermint/rpc/backend/backend.go:171 +0x4b0
            github.com/evmos/ethermint/rpc/backend.(*BackendTestSuite).SetupTest(0x14000e75500)
            	/Users/keruch/Development/Dymension/ethermint/rpc/backend/backend_suite_test.go:82 +0x684
            github.com/stretchr/testify/suite.Run.func1(0x140015e5860)
            	/Users/keruch/Go-workspace/pkg/mod/github.com/stretchr/testify@v1.9.0/suite/suite.go:192 +0x170
            testing.tRunner(0x140015e5860, 0x14001290f30)
            	/Users/keruch/sdk/go1.23.0/src/testing/testing.go:1690 +0xe4
            created by testing.(*T).Run in goroutine 38
            	/Users/keruch/sdk/go1.23.0/src/testing/testing.go:1743 +0x314
    --- FAIL: TestBackendTestSuite/TestGetTransactionByBlockHashAndIndex (0.00s)
        backend.go:171: test panicked: invalid rpc client, expected: tmrpcclient.SignClient, got: <nil>
            goroutine 115 [running]:
            runtime/debug.Stack()
            	/Users/keruch/sdk/go1.23.0/src/runtime/debug/stack.go:26 +0x64
            github.com/stretchr/testify/suite.failOnPanic(0x1400160eb60, {0x105577a60, 0x14001623460})
            	/Users/keruch/Go-workspace/pkg/mod/github.com/stretchr/testify@v1.9.0/suite/suite.go:89 +0x38
            github.com/stretchr/testify/suite.Run.func1.1()
            	/Users/keruch/Go-workspace/pkg/mod/github.com/stretchr/testify@v1.9.0/suite/suite.go:188 +0x230
            panic({0x105577a60?, 0x14001623460?})
            	/Users/keruch/sdk/go1.23.0/src/runtime/panic.go:785 +0x124
            github.com/evmos/ethermint/rpc/backend.NewBackend(_, {_, _}, {{0x0, 0x0, 0x0}, {0x0, 0x0}, 0x0, {0x104d7e128, ...}, ...}, ...)
            	/Users/keruch/Development/Dymension/ethermint/rpc/backend/backend.go:171 +0x4b0
            github.com/evmos/ethermint/rpc/backend.(*BackendTestSuite).SetupTest(0x14000e75500)
            	/Users/keruch/Development/Dymension/ethermint/rpc/backend/backend_suite_test.go:82 +0x684
            github.com/stretchr/testify/suite.Run.func1(0x1400160eb60)
            	/Users/keruch/Go-workspace/pkg/mod/github.com/stretchr/testify@v1.9.0/suite/suite.go:192 +0x170
            testing.tRunner(0x1400160eb60, 0x14001290fc0)
            	/Users/keruch/sdk/go1.23.0/src/testing/testing.go:1690 +0xe4
            created by testing.(*T).Run in goroutine 38
            	/Users/keruch/sdk/go1.23.0/src/testing/testing.go:1743 +0x314
    --- FAIL: TestBackendTestSuite/TestGetTransactionByBlockNumberAndIndex (0.00s)
        backend.go:171: test panicked: invalid rpc client, expected: tmrpcclient.SignClient, got: <nil>
            goroutine 116 [running]:
            runtime/debug.Stack()
            	/Users/keruch/sdk/go1.23.0/src/runtime/debug/stack.go:26 +0x64
            github.com/stretchr/testify/suite.failOnPanic(0x1400160fd40, {0x105577a60, 0x1400165c8f0})
            	/Users/keruch/Go-workspace/pkg/mod/github.com/stretchr/testify@v1.9.0/suite/suite.go:89 +0x38
            github.com/stretchr/testify/suite.Run.func1.1()
            	/Users/keruch/Go-workspace/pkg/mod/github.com/stretchr/testify@v1.9.0/suite/suite.go:188 +0x230
            panic({0x105577a60?, 0x1400165c8f0?})
            	/Users/keruch/sdk/go1.23.0/src/runtime/panic.go:785 +0x124
            github.com/evmos/ethermint/rpc/backend.NewBackend(_, {_, _}, {{0x0, 0x0, 0x0}, {0x0, 0x0}, 0x0, {0x104d7e128, ...}, ...}, ...)
            	/Users/keruch/Development/Dymension/ethermint/rpc/backend/backend.go:171 +0x4b0
            github.com/evmos/ethermint/rpc/backend.(*BackendTestSuite).SetupTest(0x14000e75500)
            	/Users/keruch/Development/Dymension/ethermint/rpc/backend/backend_suite_test.go:82 +0x684
            github.com/stretchr/testify/suite.Run.func1(0x1400160fd40)
            	/Users/keruch/Go-workspace/pkg/mod/github.com/stretchr/testify@v1.9.0/suite/suite.go:192 +0x170
            testing.tRunner(0x1400160fd40, 0x14001291050)
            	/Users/keruch/sdk/go1.23.0/src/testing/testing.go:1690 +0xe4
            created by testing.(*T).Run in goroutine 38
            	/Users/keruch/sdk/go1.23.0/src/testing/testing.go:1743 +0x314
    --- FAIL: TestBackendTestSuite/TestGetTransactionByHash (0.00s)
        backend.go:171: test panicked: invalid rpc client, expected: tmrpcclient.SignClient, got: <nil>
            goroutine 117 [running]:
            runtime/debug.Stack()
            	/Users/keruch/sdk/go1.23.0/src/runtime/debug/stack.go:26 +0x64
            github.com/stretchr/testify/suite.failOnPanic(0x14001647040, {0x105577a60, 0x1400165dcf0})
            	/Users/keruch/Go-workspace/pkg/mod/github.com/stretchr/testify@v1.9.0/suite/suite.go:89 +0x38
            github.com/stretchr/testify/suite.Run.func1.1()
            	/Users/keruch/Go-workspace/pkg/mod/github.com/stretchr/testify@v1.9.0/suite/suite.go:188 +0x230
            panic({0x105577a60?, 0x1400165dcf0?})
            	/Users/keruch/sdk/go1.23.0/src/runtime/panic.go:785 +0x124
            github.com/evmos/ethermint/rpc/backend.NewBackend(_, {_, _}, {{0x0, 0x0, 0x0}, {0x0, 0x0}, 0x0, {0x104d7e128, ...}, ...}, ...)
            	/Users/keruch/Development/Dymension/ethermint/rpc/backend/backend.go:171 +0x4b0
            github.com/evmos/ethermint/rpc/backend.(*BackendTestSuite).SetupTest(0x14000e75500)
            	/Users/keruch/Development/Dymension/ethermint/rpc/backend/backend_suite_test.go:82 +0x684
            github.com/stretchr/testify/suite.Run.func1(0x14001647040)
            	/Users/keruch/Go-workspace/pkg/mod/github.com/stretchr/testify@v1.9.0/suite/suite.go:192 +0x170
            testing.tRunner(0x14001647040, 0x140012910e0)
            	/Users/keruch/sdk/go1.23.0/src/testing/testing.go:1690 +0xe4
            created by testing.(*T).Run in goroutine 38
            	/Users/keruch/sdk/go1.23.0/src/testing/testing.go:1743 +0x314
    --- FAIL: TestBackendTestSuite/TestGetTransactionByTxIndex (0.00s)
        backend.go:171: test panicked: invalid rpc client, expected: tmrpcclient.SignClient, got: <nil>
            goroutine 118 [running]:
            runtime/debug.Stack()
            	/Users/keruch/sdk/go1.23.0/src/runtime/debug/stack.go:26 +0x64
            github.com/stretchr/testify/suite.failOnPanic(0x14001782340, {0x105577a60, 0x140017a1170})
            	/Users/keruch/Go-workspace/pkg/mod/github.com/stretchr/testify@v1.9.0/suite/suite.go:89 +0x38
            github.com/stretchr/testify/suite.Run.func1.1()
            	/Users/keruch/Go-workspace/pkg/mod/github.com/stretchr/testify@v1.9.0/suite/suite.go:188 +0x230
            panic({0x105577a60?, 0x140017a1170?})
            	/Users/keruch/sdk/go1.23.0/src/runtime/panic.go:785 +0x124
            github.com/evmos/ethermint/rpc/backend.NewBackend(_, {_, _}, {{0x0, 0x0, 0x0}, {0x0, 0x0}, 0x0, {0x104d7e128, ...}, ...}, ...)
            	/Users/keruch/Development/Dymension/ethermint/rpc/backend/backend.go:171 +0x4b0
            github.com/evmos/ethermint/rpc/backend.(*BackendTestSuite).SetupTest(0x14000e75500)
            	/Users/keruch/Development/Dymension/ethermint/rpc/backend/backend_suite_test.go:82 +0x684
            github.com/stretchr/testify/suite.Run.func1(0x14001782340)
            	/Users/keruch/Go-workspace/pkg/mod/github.com/stretchr/testify@v1.9.0/suite/suite.go:192 +0x170
            testing.tRunner(0x14001782340, 0x14001291170)
            	/Users/keruch/sdk/go1.23.0/src/testing/testing.go:1690 +0xe4
            created by testing.(*T).Run in goroutine 38
            	/Users/keruch/sdk/go1.23.0/src/testing/testing.go:1743 +0x314
    --- FAIL: TestBackendTestSuite/TestGetTransactionCount (0.00s)
        backend.go:171: test panicked: invalid rpc client, expected: tmrpcclient.SignClient, got: <nil>
            goroutine 119 [running]:
            runtime/debug.Stack()
            	/Users/keruch/sdk/go1.23.0/src/runtime/debug/stack.go:26 +0x64
            github.com/stretchr/testify/suite.failOnPanic(0x14001783520, {0x105577a60, 0x1400110a8a0})
            	/Users/keruch/Go-workspace/pkg/mod/github.com/stretchr/testify@v1.9.0/suite/suite.go:89 +0x38
            github.com/stretchr/testify/suite.Run.func1.1()
            	/Users/keruch/Go-workspace/pkg/mod/github.com/stretchr/testify@v1.9.0/suite/suite.go:188 +0x230
            panic({0x105577a60?, 0x1400110a8a0?})
            	/Users/keruch/sdk/go1.23.0/src/runtime/panic.go:785 +0x124
            github.com/evmos/ethermint/rpc/backend.NewBackend(_, {_, _}, {{0x0, 0x0, 0x0}, {0x0, 0x0}, 0x0, {0x104d7e128, ...}, ...}, ...)
            	/Users/keruch/Development/Dymension/ethermint/rpc/backend/backend.go:171 +0x4b0
            github.com/evmos/ethermint/rpc/backend.(*BackendTestSuite).SetupTest(0x14000e75500)
            	/Users/keruch/Development/Dymension/ethermint/rpc/backend/backend_suite_test.go:82 +0x684
            github.com/stretchr/testify/suite.Run.func1(0x14001783520)
            	/Users/keruch/Go-workspace/pkg/mod/github.com/stretchr/testify@v1.9.0/suite/suite.go:192 +0x170
            testing.tRunner(0x14001783520, 0x14001291200)
            	/Users/keruch/sdk/go1.23.0/src/testing/testing.go:1690 +0xe4
            created by testing.(*T).Run in goroutine 38
            	/Users/keruch/sdk/go1.23.0/src/testing/testing.go:1743 +0x314
    --- FAIL: TestBackendTestSuite/TestGetTransactionReceipt (0.00s)
        backend.go:171: test panicked: invalid rpc client, expected: tmrpcclient.SignClient, got: <nil>
            goroutine 120 [running]:
            runtime/debug.Stack()
            	/Users/keruch/sdk/go1.23.0/src/runtime/debug/stack.go:26 +0x64
            github.com/stretchr/testify/suite.failOnPanic(0x14000e1f6c0, {0x105577a60, 0x140006a2850})
            	/Users/keruch/Go-workspace/pkg/mod/github.com/stretchr/testify@v1.9.0/suite/suite.go:89 +0x38
            github.com/stretchr/testify/suite.Run.func1.1()
            	/Users/keruch/Go-workspace/pkg/mod/github.com/stretchr/testify@v1.9.0/suite/suite.go:188 +0x230
            panic({0x105577a60?, 0x140006a2850?})
            	/Users/keruch/sdk/go1.23.0/src/runtime/panic.go:785 +0x124
            github.com/evmos/ethermint/rpc/backend.NewBackend(_, {_, _}, {{0x0, 0x0, 0x0}, {0x0, 0x0}, 0x0, {0x104d7e128, ...}, ...}, ...)
            	/Users/keruch/Development/Dymension/ethermint/rpc/backend/backend.go:171 +0x4b0
            github.com/evmos/ethermint/rpc/backend.(*BackendTestSuite).SetupTest(0x14000e75500)
            	/Users/keruch/Development/Dymension/ethermint/rpc/backend/backend_suite_test.go:82 +0x684
            github.com/stretchr/testify/suite.Run.func1(0x14000e1f6c0)
            	/Users/keruch/Go-workspace/pkg/mod/github.com/stretchr/testify@v1.9.0/suite/suite.go:192 +0x170
            testing.tRunner(0x14000e1f6c0, 0x14001291290)
            	/Users/keruch/sdk/go1.23.0/src/testing/testing.go:1690 +0xe4
            created by testing.(*T).Run in goroutine 38
            	/Users/keruch/sdk/go1.23.0/src/testing/testing.go:1743 +0x314
    --- FAIL: TestBackendTestSuite/TestGetTransactionsByHashPending (0.00s)
        backend.go:171: test panicked: invalid rpc client, expected: tmrpcclient.SignClient, got: <nil>
            goroutine 121 [running]:
            runtime/debug.Stack()
            	/Users/keruch/sdk/go1.23.0/src/runtime/debug/stack.go:26 +0x64
            github.com/stretchr/testify/suite.failOnPanic(0x14001262820, {0x105577a60, 0x14000f8a650})
            	/Users/keruch/Go-workspace/pkg/mod/github.com/stretchr/testify@v1.9.0/suite/suite.go:89 +0x38
            github.com/stretchr/testify/suite.Run.func1.1()
            	/Users/keruch/Go-workspace/pkg/mod/github.com/stretchr/testify@v1.9.0/suite/suite.go:188 +0x230
            panic({0x105577a60?, 0x14000f8a650?})
            	/Users/keruch/sdk/go1.23.0/src/runtime/panic.go:785 +0x124
            github.com/evmos/ethermint/rpc/backend.NewBackend(_, {_, _}, {{0x0, 0x0, 0x0}, {0x0, 0x0}, 0x0, {0x104d7e128, ...}, ...}, ...)
            	/Users/keruch/Development/Dymension/ethermint/rpc/backend/backend.go:171 +0x4b0
            github.com/evmos/ethermint/rpc/backend.(*BackendTestSuite).SetupTest(0x14000e75500)
            	/Users/keruch/Development/Dymension/ethermint/rpc/backend/backend_suite_test.go:82 +0x684
            github.com/stretchr/testify/suite.Run.func1(0x14001262820)
            	/Users/keruch/Go-workspace/pkg/mod/github.com/stretchr/testify@v1.9.0/suite/suite.go:192 +0x170
            testing.tRunner(0x14001262820, 0x14001291320)
            	/Users/keruch/sdk/go1.23.0/src/testing/testing.go:1690 +0xe4
            created by testing.(*T).Run in goroutine 38
            	/Users/keruch/sdk/go1.23.0/src/testing/testing.go:1743 +0x314
    --- FAIL: TestBackendTestSuite/TestGetTxByEthHash (0.00s)
        backend.go:171: test panicked: invalid rpc client, expected: tmrpcclient.SignClient, got: <nil>
            goroutine 122 [running]:
            runtime/debug.Stack()
            	/Users/keruch/sdk/go1.23.0/src/runtime/debug/stack.go:26 +0x64
            github.com/stretchr/testify/suite.failOnPanic(0x14001263a00, {0x105577a60, 0x14001092340})
            	/Users/keruch/Go-workspace/pkg/mod/github.com/stretchr/testify@v1.9.0/suite/suite.go:89 +0x38
            github.com/stretchr/testify/suite.Run.func1.1()
            	/Users/keruch/Go-workspace/pkg/mod/github.com/stretchr/testify@v1.9.0/suite/suite.go:188 +0x230
            panic({0x105577a60?, 0x14001092340?})
            	/Users/keruch/sdk/go1.23.0/src/runtime/panic.go:785 +0x124
            github.com/evmos/ethermint/rpc/backend.NewBackend(_, {_, _}, {{0x0, 0x0, 0x0}, {0x0, 0x0}, 0x0, {0x104d7e128, ...}, ...}, ...)
            	/Users/keruch/Development/Dymension/ethermint/rpc/backend/backend.go:171 +0x4b0
            github.com/evmos/ethermint/rpc/backend.(*BackendTestSuite).SetupTest(0x14000e75500)
            	/Users/keruch/Development/Dymension/ethermint/rpc/backend/backend_suite_test.go:82 +0x684
            github.com/stretchr/testify/suite.Run.func1(0x14001263a00)
            	/Users/keruch/Go-workspace/pkg/mod/github.com/stretchr/testify@v1.9.0/suite/suite.go:192 +0x170
            testing.tRunner(0x14001263a00, 0x140012913b0)
            	/Users/keruch/sdk/go1.23.0/src/testing/testing.go:1690 +0xe4
            created by testing.(*T).Run in goroutine 38
            	/Users/keruch/sdk/go1.23.0/src/testing/testing.go:1743 +0x314
    --- FAIL: TestBackendTestSuite/TestGlobalMinGasPrice (0.00s)
        backend.go:171: test panicked: invalid rpc client, expected: tmrpcclient.SignClient, got: <nil>
            goroutine 123 [running]:
            runtime/debug.Stack()
            	/Users/keruch/sdk/go1.23.0/src/runtime/debug/stack.go:26 +0x64
            github.com/stretchr/testify/suite.failOnPanic(0x1400160ed00, {0x105577a60, 0x14001188130})
            	/Users/keruch/Go-workspace/pkg/mod/github.com/stretchr/testify@v1.9.0/suite/suite.go:89 +0x38
            github.com/stretchr/testify/suite.Run.func1.1()
            	/Users/keruch/Go-workspace/pkg/mod/github.com/stretchr/testify@v1.9.0/suite/suite.go:188 +0x230
            panic({0x105577a60?, 0x14001188130?})
            	/Users/keruch/sdk/go1.23.0/src/runtime/panic.go:785 +0x124
            github.com/evmos/ethermint/rpc/backend.NewBackend(_, {_, _}, {{0x0, 0x0, 0x0}, {0x0, 0x0}, 0x0, {0x104d7e128, ...}, ...}, ...)
            	/Users/keruch/Development/Dymension/ethermint/rpc/backend/backend.go:171 +0x4b0
            github.com/evmos/ethermint/rpc/backend.(*BackendTestSuite).SetupTest(0x14000e75500)
            	/Users/keruch/Development/Dymension/ethermint/rpc/backend/backend_suite_test.go:82 +0x684
            github.com/stretchr/testify/suite.Run.func1(0x1400160ed00)
            	/Users/keruch/Go-workspace/pkg/mod/github.com/stretchr/testify@v1.9.0/suite/suite.go:192 +0x170
            testing.tRunner(0x1400160ed00, 0x14001291440)
            	/Users/keruch/sdk/go1.23.0/src/testing/testing.go:1690 +0xe4
            created by testing.(*T).Run in goroutine 38
            	/Users/keruch/sdk/go1.23.0/src/testing/testing.go:1743 +0x314
    --- FAIL: TestBackendTestSuite/TestHeaderByHash (0.00s)
        backend.go:171: test panicked: invalid rpc client, expected: tmrpcclient.SignClient, got: <nil>
            goroutine 124 [running]:
            runtime/debug.Stack()
            	/Users/keruch/sdk/go1.23.0/src/runtime/debug/stack.go:26 +0x64
            github.com/stretchr/testify/suite.failOnPanic(0x14001646680, {0x105577a60, 0x14001189ab0})
            	/Users/keruch/Go-workspace/pkg/mod/github.com/stretchr/testify@v1.9.0/suite/suite.go:89 +0x38
            github.com/stretchr/testify/suite.Run.func1.1()
            	/Users/keruch/Go-workspace/pkg/mod/github.com/stretchr/testify@v1.9.0/suite/suite.go:188 +0x230
            panic({0x105577a60?, 0x14001189ab0?})
            	/Users/keruch/sdk/go1.23.0/src/runtime/panic.go:785 +0x124
            github.com/evmos/ethermint/rpc/backend.NewBackend(_, {_, _}, {{0x0, 0x0, 0x0}, {0x0, 0x0}, 0x0, {0x104d7e128, ...}, ...}, ...)
            	/Users/keruch/Development/Dymension/ethermint/rpc/backend/backend.go:171 +0x4b0
            github.com/evmos/ethermint/rpc/backend.(*BackendTestSuite).SetupTest(0x14000e75500)
            	/Users/keruch/Development/Dymension/ethermint/rpc/backend/backend_suite_test.go:82 +0x684
            github.com/stretchr/testify/suite.Run.func1(0x14001646680)
            	/Users/keruch/Go-workspace/pkg/mod/github.com/stretchr/testify@v1.9.0/suite/suite.go:192 +0x170
            testing.tRunner(0x14001646680, 0x140012914d0)
            	/Users/keruch/sdk/go1.23.0/src/testing/testing.go:1690 +0xe4
            created by testing.(*T).Run in goroutine 38
            	/Users/keruch/sdk/go1.23.0/src/testing/testing.go:1743 +0x314
    --- FAIL: TestBackendTestSuite/TestHeaderByNumber (0.00s)
        backend.go:171: test panicked: invalid rpc client, expected: tmrpcclient.SignClient, got: <nil>
            goroutine 125 [running]:
            runtime/debug.Stack()
            	/Users/keruch/sdk/go1.23.0/src/runtime/debug/stack.go:26 +0x64
            github.com/stretchr/testify/suite.failOnPanic(0x140017d9040, {0x105577a60, 0x14001209440})
            	/Users/keruch/Go-workspace/pkg/mod/github.com/stretchr/testify@v1.9.0/suite/suite.go:89 +0x38
            github.com/stretchr/testify/suite.Run.func1.1()
            	/Users/keruch/Go-workspace/pkg/mod/github.com/stretchr/testify@v1.9.0/suite/suite.go:188 +0x230
            panic({0x105577a60?, 0x14001209440?})
            	/Users/keruch/sdk/go1.23.0/src/runtime/panic.go:785 +0x124
            github.com/evmos/ethermint/rpc/backend.NewBackend(_, {_, _}, {{0x0, 0x0, 0x0}, {0x0, 0x0}, 0x0, {0x104d7e128, ...}, ...}, ...)
            	/Users/keruch/Development/Dymension/ethermint/rpc/backend/backend.go:171 +0x4b0
            github.com/evmos/ethermint/rpc/backend.(*BackendTestSuite).SetupTest(0x14000e75500)
            	/Users/keruch/Development/Dymension/ethermint/rpc/backend/backend_suite_test.go:82 +0x684
            github.com/stretchr/testify/suite.Run.func1(0x140017d9040)
            	/Users/keruch/Go-workspace/pkg/mod/github.com/stretchr/testify@v1.9.0/suite/suite.go:192 +0x170
            testing.tRunner(0x140017d9040, 0x14001291560)
            	/Users/keruch/sdk/go1.23.0/src/testing/testing.go:1690 +0xe4
            created by testing.(*T).Run in goroutine 38
            	/Users/keruch/sdk/go1.23.0/src/testing/testing.go:1743 +0x314
    --- FAIL: TestBackendTestSuite/TestImportRawKey (0.00s)
        backend.go:171: test panicked: invalid rpc client, expected: tmrpcclient.SignClient, got: <nil>
            goroutine 126 [running]:
            runtime/debug.Stack()
            	/Users/keruch/sdk/go1.23.0/src/runtime/debug/stack.go:26 +0x64
            github.com/stretchr/testify/suite.failOnPanic(0x140017ea340, {0x105577a60, 0x14001280f00})
            	/Users/keruch/Go-workspace/pkg/mod/github.com/stretchr/testify@v1.9.0/suite/suite.go:89 +0x38
            github.com/stretchr/testify/suite.Run.func1.1()
            	/Users/keruch/Go-workspace/pkg/mod/github.com/stretchr/testify@v1.9.0/suite/suite.go:188 +0x230
            panic({0x105577a60?, 0x14001280f00?})
            	/Users/keruch/sdk/go1.23.0/src/runtime/panic.go:785 +0x124
            github.com/evmos/ethermint/rpc/backend.NewBackend(_, {_, _}, {{0x0, 0x0, 0x0}, {0x0, 0x0}, 0x0, {0x104d7e128, ...}, ...}, ...)
            	/Users/keruch/Development/Dymension/ethermint/rpc/backend/backend.go:171 +0x4b0
            github.com/evmos/ethermint/rpc/backend.(*BackendTestSuite).SetupTest(0x14000e75500)
            	/Users/keruch/Development/Dymension/ethermint/rpc/backend/backend_suite_test.go:82 +0x684
            github.com/stretchr/testify/suite.Run.func1(0x140017ea340)
            	/Users/keruch/Go-workspace/pkg/mod/github.com/stretchr/testify@v1.9.0/suite/suite.go:192 +0x170
            testing.tRunner(0x140017ea340, 0x140012915f0)
            	/Users/keruch/sdk/go1.23.0/src/testing/testing.go:1690 +0xe4
            created by testing.(*T).Run in goroutine 38
            	/Users/keruch/sdk/go1.23.0/src/testing/testing.go:1743 +0x314
    --- FAIL: TestBackendTestSuite/TestListAccounts (0.00s)
        backend.go:171: test panicked: invalid rpc client, expected: tmrpcclient.SignClient, got: <nil>
            goroutine 127 [running]:
            runtime/debug.Stack()
            	/Users/keruch/sdk/go1.23.0/src/runtime/debug/stack.go:26 +0x64
            github.com/stretchr/testify/suite.failOnPanic(0x140017eb520, {0x105577a60, 0x1400073caf0})
            	/Users/keruch/Go-workspace/pkg/mod/github.com/stretchr/testify@v1.9.0/suite/suite.go:89 +0x38
            github.com/stretchr/testify/suite.Run.func1.1()
            	/Users/keruch/Go-workspace/pkg/mod/github.com/stretchr/testify@v1.9.0/suite/suite.go:188 +0x230
            panic({0x105577a60?, 0x1400073caf0?})
            	/Users/keruch/sdk/go1.23.0/src/runtime/panic.go:785 +0x124
            github.com/evmos/ethermint/rpc/backend.NewBackend(_, {_, _}, {{0x0, 0x0, 0x0}, {0x0, 0x0}, 0x0, {0x104d7e128, ...}, ...}, ...)
            	/Users/keruch/Development/Dymension/ethermint/rpc/backend/backend.go:171 +0x4b0
            github.com/evmos/ethermint/rpc/backend.(*BackendTestSuite).SetupTest(0x14000e75500)
            	/Users/keruch/Development/Dymension/ethermint/rpc/backend/backend_suite_test.go:82 +0x684
            github.com/stretchr/testify/suite.Run.func1(0x140017eb520)
            	/Users/keruch/Go-workspace/pkg/mod/github.com/stretchr/testify@v1.9.0/suite/suite.go:192 +0x170
            testing.tRunner(0x140017eb520, 0x14001291680)
            	/Users/keruch/sdk/go1.23.0/src/testing/testing.go:1690 +0xe4
            created by testing.(*T).Run in goroutine 38
            	/Users/keruch/sdk/go1.23.0/src/testing/testing.go:1743 +0x314
    --- FAIL: TestBackendTestSuite/TestQueryTendermintTxIndexer (0.00s)
        backend.go:171: test panicked: invalid rpc client, expected: tmrpcclient.SignClient, got: <nil>
            goroutine 128 [running]:
            runtime/debug.Stack()
            	/Users/keruch/sdk/go1.23.0/src/runtime/debug/stack.go:26 +0x64
            github.com/stretchr/testify/suite.failOnPanic(0x140006f4820, {0x105577a60, 0x14000761110})
            	/Users/keruch/Go-workspace/pkg/mod/github.com/stretchr/testify@v1.9.0/suite/suite.go:89 +0x38
            github.com/stretchr/testify/suite.Run.func1.1()
            	/Users/keruch/Go-workspace/pkg/mod/github.com/stretchr/testify@v1.9.0/suite/suite.go:188 +0x230
            panic({0x105577a60?, 0x14000761110?})
            	/Users/keruch/sdk/go1.23.0/src/runtime/panic.go:785 +0x124
            github.com/evmos/ethermint/rpc/backend.NewBackend(_, {_, _}, {{0x0, 0x0, 0x0}, {0x0, 0x0}, 0x0, {0x104d7e128, ...}, ...}, ...)
            	/Users/keruch/Development/Dymension/ethermint/rpc/backend/backend.go:171 +0x4b0
            github.com/evmos/ethermint/rpc/backend.(*BackendTestSuite).SetupTest(0x14000e75500)
            	/Users/keruch/Development/Dymension/ethermint/rpc/backend/backend_suite_test.go:82 +0x684
            github.com/stretchr/testify/suite.Run.func1(0x140006f4820)
            	/Users/keruch/Go-workspace/pkg/mod/github.com/stretchr/testify@v1.9.0/suite/suite.go:192 +0x170
            testing.tRunner(0x140006f4820, 0x14001291710)
            	/Users/keruch/sdk/go1.23.0/src/testing/testing.go:1690 +0xe4
            created by testing.(*T).Run in goroutine 38
            	/Users/keruch/sdk/go1.23.0/src/testing/testing.go:1743 +0x314
    --- FAIL: TestBackendTestSuite/TestRPCMinGasPrice (0.00s)
        backend.go:171: test panicked: invalid rpc client, expected: tmrpcclient.SignClient, got: <nil>
            goroutine 129 [running]:
            runtime/debug.Stack()
            	/Users/keruch/sdk/go1.23.0/src/runtime/debug/stack.go:26 +0x64
            github.com/stretchr/testify/suite.failOnPanic(0x140006f5a00, {0x105577a60, 0x140007a6410})
            	/Users/keruch/Go-workspace/pkg/mod/github.com/stretchr/testify@v1.9.0/suite/suite.go:89 +0x38
            github.com/stretchr/testify/suite.Run.func1.1()
            	/Users/keruch/Go-workspace/pkg/mod/github.com/stretchr/testify@v1.9.0/suite/suite.go:188 +0x230
            panic({0x105577a60?, 0x140007a6410?})
            	/Users/keruch/sdk/go1.23.0/src/runtime/panic.go:785 +0x124
            github.com/evmos/ethermint/rpc/backend.NewBackend(_, {_, _}, {{0x0, 0x0, 0x0}, {0x0, 0x0}, 0x0, {0x104d7e128, ...}, ...}, ...)
            	/Users/keruch/Development/Dymension/ethermint/rpc/backend/backend.go:171 +0x4b0
            github.com/evmos/ethermint/rpc/backend.(*BackendTestSuite).SetupTest(0x14000e75500)
            	/Users/keruch/Development/Dymension/ethermint/rpc/backend/backend_suite_test.go:82 +0x684
            github.com/stretchr/testify/suite.Run.func1(0x140006f5a00)
            	/Users/keruch/Go-workspace/pkg/mod/github.com/stretchr/testify@v1.9.0/suite/suite.go:192 +0x170
            testing.tRunner(0x140006f5a00, 0x140012917a0)
            	/Users/keruch/sdk/go1.23.0/src/testing/testing.go:1690 +0xe4
            created by testing.(*T).Run in goroutine 38
            	/Users/keruch/sdk/go1.23.0/src/testing/testing.go:1743 +0x314
    --- FAIL: TestBackendTestSuite/TestResend (0.00s)
        backend.go:171: test panicked: invalid rpc client, expected: tmrpcclient.SignClient, got: <nil>
            goroutine 130 [running]:
            runtime/debug.Stack()
            	/Users/keruch/sdk/go1.23.0/src/runtime/debug/stack.go:26 +0x64
            github.com/stretchr/testify/suite.failOnPanic(0x14000c50d00, {0x105577a60, 0x14000328dd0})
            	/Users/keruch/Go-workspace/pkg/mod/github.com/stretchr/testify@v1.9.0/suite/suite.go:89 +0x38
            github.com/stretchr/testify/suite.Run.func1.1()
            	/Users/keruch/Go-workspace/pkg/mod/github.com/stretchr/testify@v1.9.0/suite/suite.go:188 +0x230
            panic({0x105577a60?, 0x14000328dd0?})
            	/Users/keruch/sdk/go1.23.0/src/runtime/panic.go:785 +0x124
            github.com/evmos/ethermint/rpc/backend.NewBackend(_, {_, _}, {{0x0, 0x0, 0x0}, {0x0, 0x0}, 0x0, {0x104d7e128, ...}, ...}, ...)
            	/Users/keruch/Development/Dymension/ethermint/rpc/backend/backend.go:171 +0x4b0
            github.com/evmos/ethermint/rpc/backend.(*BackendTestSuite).SetupTest(0x14000e75500)
            	/Users/keruch/Development/Dymension/ethermint/rpc/backend/backend_suite_test.go:82 +0x684
            github.com/stretchr/testify/suite.Run.func1(0x14000c50d00)
            	/Users/keruch/Go-workspace/pkg/mod/github.com/stretchr/testify@v1.9.0/suite/suite.go:192 +0x170
            testing.tRunner(0x14000c50d00, 0x14001291830)
            	/Users/keruch/sdk/go1.23.0/src/testing/testing.go:1690 +0xe4
            created by testing.(*T).Run in goroutine 38
            	/Users/keruch/sdk/go1.23.0/src/testing/testing.go:1743 +0x314
    --- FAIL: TestBackendTestSuite/TestSendRawTransaction (0.00s)
        backend.go:171: test panicked: invalid rpc client, expected: tmrpcclient.SignClient, got: <nil>
            goroutine 131 [running]:
            runtime/debug.Stack()
            	/Users/keruch/sdk/go1.23.0/src/runtime/debug/stack.go:26 +0x64
            github.com/stretchr/testify/suite.failOnPanic(0x14001072000, {0x105577a60, 0x14000083a70})
            	/Users/keruch/Go-workspace/pkg/mod/github.com/stretchr/testify@v1.9.0/suite/suite.go:89 +0x38
            github.com/stretchr/testify/suite.Run.func1.1()
            	/Users/keruch/Go-workspace/pkg/mod/github.com/stretchr/testify@v1.9.0/suite/suite.go:188 +0x230
            panic({0x105577a60?, 0x14000083a70?})
            	/Users/keruch/sdk/go1.23.0/src/runtime/panic.go:785 +0x124
            github.com/evmos/ethermint/rpc/backend.NewBackend(_, {_, _}, {{0x0, 0x0, 0x0}, {0x0, 0x0}, 0x0, {0x104d7e128, ...}, ...}, ...)
            	/Users/keruch/Development/Dymension/ethermint/rpc/backend/backend.go:171 +0x4b0
            github.com/evmos/ethermint/rpc/backend.(*BackendTestSuite).SetupTest(0x14000e75500)
            	/Users/keruch/Development/Dymension/ethermint/rpc/backend/backend_suite_test.go:82 +0x684
            github.com/stretchr/testify/suite.Run.func1(0x14001072000)
            	/Users/keruch/Go-workspace/pkg/mod/github.com/stretchr/testify@v1.9.0/suite/suite.go:192 +0x170
            testing.tRunner(0x14001072000, 0x140012918c0)
            	/Users/keruch/sdk/go1.23.0/src/testing/testing.go:1690 +0xe4
            created by testing.(*T).Run in goroutine 38
            	/Users/keruch/sdk/go1.23.0/src/testing/testing.go:1743 +0x314
    --- FAIL: TestBackendTestSuite/TestSendTransaction (0.00s)
        backend.go:171: test panicked: invalid rpc client, expected: tmrpcclient.SignClient, got: <nil>
            goroutine 132 [running]:
            runtime/debug.Stack()
            	/Users/keruch/sdk/go1.23.0/src/runtime/debug/stack.go:26 +0x64
            github.com/stretchr/testify/suite.failOnPanic(0x140010731e0, {0x105577a60, 0x14000ac4290})
            	/Users/keruch/Go-workspace/pkg/mod/github.com/stretchr/testify@v1.9.0/suite/suite.go:89 +0x38
            github.com/stretchr/testify/suite.Run.func1.1()
            	/Users/keruch/Go-workspace/pkg/mod/github.com/stretchr/testify@v1.9.0/suite/suite.go:188 +0x230
            panic({0x105577a60?, 0x14000ac4290?})
            	/Users/keruch/sdk/go1.23.0/src/runtime/panic.go:785 +0x124
            github.com/evmos/ethermint/rpc/backend.NewBackend(_, {_, _}, {{0x0, 0x0, 0x0}, {0x0, 0x0}, 0x0, {0x104d7e128, ...}, ...}, ...)
            	/Users/keruch/Development/Dymension/ethermint/rpc/backend/backend.go:171 +0x4b0
            github.com/evmos/ethermint/rpc/backend.(*BackendTestSuite).SetupTest(0x14000e75500)
            	/Users/keruch/Development/Dymension/ethermint/rpc/backend/backend_suite_test.go:82 +0x684
            github.com/stretchr/testify/suite.Run.func1(0x140010731e0)
            	/Users/keruch/Go-workspace/pkg/mod/github.com/stretchr/testify@v1.9.0/suite/suite.go:192 +0x170
            testing.tRunner(0x140010731e0, 0x14001291950)
            	/Users/keruch/sdk/go1.23.0/src/testing/testing.go:1690 +0xe4
            created by testing.(*T).Run in goroutine 38
            	/Users/keruch/sdk/go1.23.0/src/testing/testing.go:1743 +0x314
    --- FAIL: TestBackendTestSuite/TestSetEtherbase (0.00s)
        backend.go:171: test panicked: invalid rpc client, expected: tmrpcclient.SignClient, got: <nil>
            goroutine 133 [running]:
            runtime/debug.Stack()
            	/Users/keruch/sdk/go1.23.0/src/runtime/debug/stack.go:26 +0x64
            github.com/stretchr/testify/suite.failOnPanic(0x140011204e0, {0x105577a60, 0x14000ac5ee0})
            	/Users/keruch/Go-workspace/pkg/mod/github.com/stretchr/testify@v1.9.0/suite/suite.go:89 +0x38
            github.com/stretchr/testify/suite.Run.func1.1()
            	/Users/keruch/Go-workspace/pkg/mod/github.com/stretchr/testify@v1.9.0/suite/suite.go:188 +0x230
            panic({0x105577a60?, 0x14000ac5ee0?})
            	/Users/keruch/sdk/go1.23.0/src/runtime/panic.go:785 +0x124
            github.com/evmos/ethermint/rpc/backend.NewBackend(_, {_, _}, {{0x0, 0x0, 0x0}, {0x0, 0x0}, 0x0, {0x104d7e128, ...}, ...}, ...)
            	/Users/keruch/Development/Dymension/ethermint/rpc/backend/backend.go:171 +0x4b0
            github.com/evmos/ethermint/rpc/backend.(*BackendTestSuite).SetupTest(0x14000e75500)
            	/Users/keruch/Development/Dymension/ethermint/rpc/backend/backend_suite_test.go:82 +0x684
            github.com/stretchr/testify/suite.Run.func1(0x140011204e0)
            	/Users/keruch/Go-workspace/pkg/mod/github.com/stretchr/testify@v1.9.0/suite/suite.go:192 +0x170
            testing.tRunner(0x140011204e0, 0x140012919e0)
            	/Users/keruch/sdk/go1.23.0/src/testing/testing.go:1690 +0xe4
            created by testing.(*T).Run in goroutine 38
            	/Users/keruch/sdk/go1.23.0/src/testing/testing.go:1743 +0x314
    --- FAIL: TestBackendTestSuite/TestSetGasPrice (0.00s)
        backend.go:171: test panicked: invalid rpc client, expected: tmrpcclient.SignClient, got: <nil>
            goroutine 134 [running]:
            runtime/debug.Stack()
            	/Users/keruch/sdk/go1.23.0/src/runtime/debug/stack.go:26 +0x64
            github.com/stretchr/testify/suite.failOnPanic(0x140011216c0, {0x105577a60, 0x14000b25ab0})
            	/Users/keruch/Go-workspace/pkg/mod/github.com/stretchr/testify@v1.9.0/suite/suite.go:89 +0x38
            github.com/stretchr/testify/suite.Run.func1.1()
            	/Users/keruch/Go-workspace/pkg/mod/github.com/stretchr/testify@v1.9.0/suite/suite.go:188 +0x230
            panic({0x105577a60?, 0x14000b25ab0?})
            	/Users/keruch/sdk/go1.23.0/src/runtime/panic.go:785 +0x124
            github.com/evmos/ethermint/rpc/backend.NewBackend(_, {_, _}, {{0x0, 0x0, 0x0}, {0x0, 0x0}, 0x0, {0x104d7e128, ...}, ...}, ...)
            	/Users/keruch/Development/Dymension/ethermint/rpc/backend/backend.go:171 +0x4b0
            github.com/evmos/ethermint/rpc/backend.(*BackendTestSuite).SetupTest(0x14000e75500)
            	/Users/keruch/Development/Dymension/ethermint/rpc/backend/backend_suite_test.go:82 +0x684
            github.com/stretchr/testify/suite.Run.func1(0x140011216c0)
            	/Users/keruch/Go-workspace/pkg/mod/github.com/stretchr/testify@v1.9.0/suite/suite.go:192 +0x170
            testing.tRunner(0x140011216c0, 0x14001291a70)
            	/Users/keruch/sdk/go1.23.0/src/testing/testing.go:1690 +0xe4
            created by testing.(*T).Run in goroutine 38
            	/Users/keruch/sdk/go1.23.0/src/testing/testing.go:1743 +0x314
    --- FAIL: TestBackendTestSuite/TestSign (0.00s)
        backend.go:171: test panicked: invalid rpc client, expected: tmrpcclient.SignClient, got: <nil>
            goroutine 135 [running]:
            runtime/debug.Stack()
            	/Users/keruch/sdk/go1.23.0/src/runtime/debug/stack.go:26 +0x64
            github.com/stretchr/testify/suite.failOnPanic(0x140012449c0, {0x105577a60, 0x14000b498d0})
            	/Users/keruch/Go-workspace/pkg/mod/github.com/stretchr/testify@v1.9.0/suite/suite.go:89 +0x38
            github.com/stretchr/testify/suite.Run.func1.1()
            	/Users/keruch/Go-workspace/pkg/mod/github.com/stretchr/testify@v1.9.0/suite/suite.go:188 +0x230
            panic({0x105577a60?, 0x14000b498d0?})
            	/Users/keruch/sdk/go1.23.0/src/runtime/panic.go:785 +0x124
            github.com/evmos/ethermint/rpc/backend.NewBackend(_, {_, _}, {{0x0, 0x0, 0x0}, {0x0, 0x0}, 0x0, {0x104d7e128, ...}, ...}, ...)
            	/Users/keruch/Development/Dymension/ethermint/rpc/backend/backend.go:171 +0x4b0
            github.com/evmos/ethermint/rpc/backend.(*BackendTestSuite).SetupTest(0x14000e75500)
            	/Users/keruch/Development/Dymension/ethermint/rpc/backend/backend_suite_test.go:82 +0x684
            github.com/stretchr/testify/suite.Run.func1(0x140012449c0)
            	/Users/keruch/Go-workspace/pkg/mod/github.com/stretchr/testify@v1.9.0/suite/suite.go:192 +0x170
            testing.tRunner(0x140012449c0, 0x14001291b00)
            	/Users/keruch/sdk/go1.23.0/src/testing/testing.go:1690 +0xe4
            created by testing.(*T).Run in goroutine 38
            	/Users/keruch/sdk/go1.23.0/src/testing/testing.go:1743 +0x314
    --- FAIL: TestBackendTestSuite/TestSignTypedData (0.00s)
        backend.go:171: test panicked: invalid rpc client, expected: tmrpcclient.SignClient, got: <nil>
            goroutine 136 [running]:
            runtime/debug.Stack()
            	/Users/keruch/sdk/go1.23.0/src/runtime/debug/stack.go:26 +0x64
            github.com/stretchr/testify/suite.failOnPanic(0x14001245ba0, {0x105577a60, 0x14000c05460})
            	/Users/keruch/Go-workspace/pkg/mod/github.com/stretchr/testify@v1.9.0/suite/suite.go:89 +0x38
            github.com/stretchr/testify/suite.Run.func1.1()
            	/Users/keruch/Go-workspace/pkg/mod/github.com/stretchr/testify@v1.9.0/suite/suite.go:188 +0x230
            panic({0x105577a60?, 0x14000c05460?})
            	/Users/keruch/sdk/go1.23.0/src/runtime/panic.go:785 +0x124
            github.com/evmos/ethermint/rpc/backend.NewBackend(_, {_, _}, {{0x0, 0x0, 0x0}, {0x0, 0x0}, 0x0, {0x104d7e128, ...}, ...}, ...)
            	/Users/keruch/Development/Dymension/ethermint/rpc/backend/backend.go:171 +0x4b0
            github.com/evmos/ethermint/rpc/backend.(*BackendTestSuite).SetupTest(0x14000e75500)
            	/Users/keruch/Development/Dymension/ethermint/rpc/backend/backend_suite_test.go:82 +0x684
            github.com/stretchr/testify/suite.Run.func1(0x14001245ba0)
            	/Users/keruch/Go-workspace/pkg/mod/github.com/stretchr/testify@v1.9.0/suite/suite.go:192 +0x170
            testing.tRunner(0x14001245ba0, 0x14001291b90)
            	/Users/keruch/sdk/go1.23.0/src/testing/testing.go:1690 +0xe4
            created by testing.(*T).Run in goroutine 38
            	/Users/keruch/sdk/go1.23.0/src/testing/testing.go:1743 +0x314
    --- FAIL: TestBackendTestSuite/TestSuggestGasTipCap (0.00s)
        backend.go:171: test panicked: invalid rpc client, expected: tmrpcclient.SignClient, got: <nil>
            goroutine 137 [running]:
            runtime/debug.Stack()
            	/Users/keruch/sdk/go1.23.0/src/runtime/debug/stack.go:26 +0x64
            github.com/stretchr/testify/suite.failOnPanic(0x1400129cea0, {0x105577a60, 0x14000c2b610})
            	/Users/keruch/Go-workspace/pkg/mod/github.com/stretchr/testify@v1.9.0/suite/suite.go:89 +0x38
            github.com/stretchr/testify/suite.Run.func1.1()
            	/Users/keruch/Go-workspace/pkg/mod/github.com/stretchr/testify@v1.9.0/suite/suite.go:188 +0x230
            panic({0x105577a60?, 0x14000c2b610?})
            	/Users/keruch/sdk/go1.23.0/src/runtime/panic.go:785 +0x124
            github.com/evmos/ethermint/rpc/backend.NewBackend(_, {_, _}, {{0x0, 0x0, 0x0}, {0x0, 0x0}, 0x0, {0x104d7e128, ...}, ...}, ...)
            	/Users/keruch/Development/Dymension/ethermint/rpc/backend/backend.go:171 +0x4b0
            github.com/evmos/ethermint/rpc/backend.(*BackendTestSuite).SetupTest(0x14000e75500)
            	/Users/keruch/Development/Dymension/ethermint/rpc/backend/backend_suite_test.go:82 +0x684
            github.com/stretchr/testify/suite.Run.func1(0x1400129cea0)
            	/Users/keruch/Go-workspace/pkg/mod/github.com/stretchr/testify@v1.9.0/suite/suite.go:192 +0x170
            testing.tRunner(0x1400129cea0, 0x14001291c20)
            	/Users/keruch/sdk/go1.23.0/src/testing/testing.go:1690 +0xe4
            created by testing.(*T).Run in goroutine 38
            	/Users/keruch/sdk/go1.23.0/src/testing/testing.go:1743 +0x314
    --- FAIL: TestBackendTestSuite/TestSyncing (0.00s)
        backend.go:171: test panicked: invalid rpc client, expected: tmrpcclient.SignClient, got: <nil>
            goroutine 138 [running]:
            runtime/debug.Stack()
            	/Users/keruch/sdk/go1.23.0/src/runtime/debug/stack.go:26 +0x64
            github.com/stretchr/testify/suite.failOnPanic(0x140012e01a0, {0x105577a60, 0x14000c6d130})
            	/Users/keruch/Go-workspace/pkg/mod/github.com/stretchr/testify@v1.9.0/suite/suite.go:89 +0x38
            github.com/stretchr/testify/suite.Run.func1.1()
            	/Users/keruch/Go-workspace/pkg/mod/github.com/stretchr/testify@v1.9.0/suite/suite.go:188 +0x230
            panic({0x105577a60?, 0x14000c6d130?})
            	/Users/keruch/sdk/go1.23.0/src/runtime/panic.go:785 +0x124
            github.com/evmos/ethermint/rpc/backend.NewBackend(_, {_, _}, {{0x0, 0x0, 0x0}, {0x0, 0x0}, 0x0, {0x104d7e128, ...}, ...}, ...)
            	/Users/keruch/Development/Dymension/ethermint/rpc/backend/backend.go:171 +0x4b0
            github.com/evmos/ethermint/rpc/backend.(*BackendTestSuite).SetupTest(0x14000e75500)
            	/Users/keruch/Development/Dymension/ethermint/rpc/backend/backend_suite_test.go:82 +0x684
            github.com/stretchr/testify/suite.Run.func1(0x140012e01a0)
            	/Users/keruch/Go-workspace/pkg/mod/github.com/stretchr/testify@v1.9.0/suite/suite.go:192 +0x170
            testing.tRunner(0x140012e01a0, 0x14001291cb0)
            	/Users/keruch/sdk/go1.23.0/src/testing/testing.go:1690 +0xe4
            created by testing.(*T).Run in goroutine 38
            	/Users/keruch/sdk/go1.23.0/src/testing/testing.go:1743 +0x314
    --- FAIL: TestBackendTestSuite/TestTendermintBlockByNumber (0.00s)
        backend.go:171: test panicked: invalid rpc client, expected: tmrpcclient.SignClient, got: <nil>
            goroutine 139 [running]:
            runtime/debug.Stack()
            	/Users/keruch/sdk/go1.23.0/src/runtime/debug/stack.go:26 +0x64
            github.com/stretchr/testify/suite.failOnPanic(0x140012e1380, {0x105577a60, 0x14000d39640})
            	/Users/keruch/Go-workspace/pkg/mod/github.com/stretchr/testify@v1.9.0/suite/suite.go:89 +0x38
            github.com/stretchr/testify/suite.Run.func1.1()
            	/Users/keruch/Go-workspace/pkg/mod/github.com/stretchr/testify@v1.9.0/suite/suite.go:188 +0x230
            panic({0x105577a60?, 0x14000d39640?})
            	/Users/keruch/sdk/go1.23.0/src/runtime/panic.go:785 +0x124
            github.com/evmos/ethermint/rpc/backend.NewBackend(_, {_, _}, {{0x0, 0x0, 0x0}, {0x0, 0x0}, 0x0, {0x104d7e128, ...}, ...}, ...)
            	/Users/keruch/Development/Dymension/ethermint/rpc/backend/backend.go:171 +0x4b0
            github.com/evmos/ethermint/rpc/backend.(*BackendTestSuite).SetupTest(0x14000e75500)
            	/Users/keruch/Development/Dymension/ethermint/rpc/backend/backend_suite_test.go:82 +0x684
            github.com/stretchr/testify/suite.Run.func1(0x140012e1380)
            	/Users/keruch/Go-workspace/pkg/mod/github.com/stretchr/testify@v1.9.0/suite/suite.go:192 +0x170
            testing.tRunner(0x140012e1380, 0x14001291d40)
            	/Users/keruch/sdk/go1.23.0/src/testing/testing.go:1690 +0xe4
            created by testing.(*T).Run in goroutine 38
            	/Users/keruch/sdk/go1.23.0/src/testing/testing.go:1743 +0x314
    --- FAIL: TestBackendTestSuite/TestTendermintBlockResultByNumber (0.00s)
        backend.go:171: test panicked: invalid rpc client, expected: tmrpcclient.SignClient, got: <nil>
            goroutine 140 [running]:
            runtime/debug.Stack()
            	/Users/keruch/sdk/go1.23.0/src/runtime/debug/stack.go:26 +0x64
            github.com/stretchr/testify/suite.failOnPanic(0x14001302680, {0x105577a60, 0x14000d632f0})
            	/Users/keruch/Go-workspace/pkg/mod/github.com/stretchr/testify@v1.9.0/suite/suite.go:89 +0x38
            github.com/stretchr/testify/suite.Run.func1.1()
            	/Users/keruch/Go-workspace/pkg/mod/github.com/stretchr/testify@v1.9.0/suite/suite.go:188 +0x230
            panic({0x105577a60?, 0x14000d632f0?})
            	/Users/keruch/sdk/go1.23.0/src/runtime/panic.go:785 +0x124
            github.com/evmos/ethermint/rpc/backend.NewBackend(_, {_, _}, {{0x0, 0x0, 0x0}, {0x0, 0x0}, 0x0, {0x104d7e128, ...}, ...}, ...)
            	/Users/keruch/Development/Dymension/ethermint/rpc/backend/backend.go:171 +0x4b0
            github.com/evmos/ethermint/rpc/backend.(*BackendTestSuite).SetupTest(0x14000e75500)
            	/Users/keruch/Development/Dymension/ethermint/rpc/backend/backend_suite_test.go:82 +0x684
            github.com/stretchr/testify/suite.Run.func1(0x14001302680)
            	/Users/keruch/Go-workspace/pkg/mod/github.com/stretchr/testify@v1.9.0/suite/suite.go:192 +0x170
            testing.tRunner(0x14001302680, 0x14001291dd0)
            	/Users/keruch/sdk/go1.23.0/src/testing/testing.go:1690 +0xe4
            created by testing.(*T).Run in goroutine 38
            	/Users/keruch/sdk/go1.23.0/src/testing/testing.go:1743 +0x314
    --- FAIL: TestBackendTestSuite/TestTraceBlock (0.00s)
        backend.go:171: test panicked: invalid rpc client, expected: tmrpcclient.SignClient, got: <nil>
            goroutine 141 [running]:
            runtime/debug.Stack()
            	/Users/keruch/sdk/go1.23.0/src/runtime/debug/stack.go:26 +0x64
            github.com/stretchr/testify/suite.failOnPanic(0x14001303860, {0x105577a60, 0x14000d9f750})
            	/Users/keruch/Go-workspace/pkg/mod/github.com/stretchr/testify@v1.9.0/suite/suite.go:89 +0x38
            github.com/stretchr/testify/suite.Run.func1.1()
            	/Users/keruch/Go-workspace/pkg/mod/github.com/stretchr/testify@v1.9.0/suite/suite.go:188 +0x230
            panic({0x105577a60?, 0x14000d9f750?})
            	/Users/keruch/sdk/go1.23.0/src/runtime/panic.go:785 +0x124
            github.com/evmos/ethermint/rpc/backend.NewBackend(_, {_, _}, {{0x0, 0x0, 0x0}, {0x0, 0x0}, 0x0, {0x104d7e128, ...}, ...}, ...)
            	/Users/keruch/Development/Dymension/ethermint/rpc/backend/backend.go:171 +0x4b0
            github.com/evmos/ethermint/rpc/backend.(*BackendTestSuite).SetupTest(0x14000e75500)
            	/Users/keruch/Development/Dymension/ethermint/rpc/backend/backend_suite_test.go:82 +0x684
            github.com/stretchr/testify/suite.Run.func1(0x14001303860)
            	/Users/keruch/Go-workspace/pkg/mod/github.com/stretchr/testify@v1.9.0/suite/suite.go:192 +0x170
            testing.tRunner(0x14001303860, 0x14001291e60)
            	/Users/keruch/sdk/go1.23.0/src/testing/testing.go:1690 +0xe4
            created by testing.(*T).Run in goroutine 38
            	/Users/keruch/sdk/go1.23.0/src/testing/testing.go:1743 +0x314
    --- FAIL: TestBackendTestSuite/TestTraceTransaction (0.00s)
        backend.go:171: test panicked: invalid rpc client, expected: tmrpcclient.SignClient, got: <nil>
            goroutine 142 [running]:
            runtime/debug.Stack()
            	/Users/keruch/sdk/go1.23.0/src/runtime/debug/stack.go:26 +0x64
            github.com/stretchr/testify/suite.failOnPanic(0x1400132cb60, {0x105577a60, 0x14000e8e0b0})
            	/Users/keruch/Go-workspace/pkg/mod/github.com/stretchr/testify@v1.9.0/suite/suite.go:89 +0x38
            github.com/stretchr/testify/suite.Run.func1.1()
            	/Users/keruch/Go-workspace/pkg/mod/github.com/stretchr/testify@v1.9.0/suite/suite.go:188 +0x230
            panic({0x105577a60?, 0x14000e8e0b0?})
            	/Users/keruch/sdk/go1.23.0/src/runtime/panic.go:785 +0x124
            github.com/evmos/ethermint/rpc/backend.NewBackend(_, {_, _}, {{0x0, 0x0, 0x0}, {0x0, 0x0}, 0x0, {0x104d7e128, ...}, ...}, ...)
            	/Users/keruch/Development/Dymension/ethermint/rpc/backend/backend.go:171 +0x4b0
            github.com/evmos/ethermint/rpc/backend.(*BackendTestSuite).SetupTest(0x14000e75500)
            	/Users/keruch/Development/Dymension/ethermint/rpc/backend/backend_suite_test.go:82 +0x684
            github.com/stretchr/testify/suite.Run.func1(0x1400132cb60)
            	/Users/keruch/Go-workspace/pkg/mod/github.com/stretchr/testify@v1.9.0/suite/suite.go:192 +0x170
            testing.tRunner(0x1400132cb60, 0x14001291ef0)
            	/Users/keruch/sdk/go1.23.0/src/testing/testing.go:1690 +0xe4
            created by testing.(*T).Run in goroutine 38
            	/Users/keruch/sdk/go1.23.0/src/testing/testing.go:1743 +0x314
FAIL
FAIL	github.com/evmos/ethermint/rpc/backend	0.826s
ok  	github.com/evmos/ethermint/rpc/ethereum/pubsub	2.228s
ok  	github.com/evmos/ethermint/rpc/namespaces/ethereum/debug/debug_rpc_it_suite	15.626s
ok  	github.com/evmos/ethermint/rpc/namespaces/ethereum/eth/eth_rpc_it_suite	89.033s
ok  	github.com/evmos/ethermint/rpc/types	0.592s
ok  	github.com/evmos/ethermint/server/config	0.290s
ok  	github.com/evmos/ethermint/tests/rpc	0.356s
ok  	github.com/evmos/ethermint/types	0.350s
ok  	github.com/evmos/ethermint/utils	0.375s
ok  	github.com/evmos/ethermint/x/evm/client/cli	0.374s
ok  	github.com/evmos/ethermint/x/evm/it_suite_test	7.388s
Running Suite: Keeper Suite - /Users/keruch/Development/Dymension/ethermint/x/evm/keeper
========================================================================================
Random Seed: 1748855857

Will run 8 of 8 specs
------------------------------
• [PANICKED] [0.000 seconds]
Feemarket Performing EVM transactions with MinGasPrices (feemarket param) < BaseFee (feemarket) [BeforeEach] during CheckTx should accept transactions with gas Limit > 0 legacy tx
  [BeforeEach] /Users/keruch/Development/Dymension/ethermint/x/evm/keeper/integration_test.go:45
  [It] /Users/keruch/Development/Dymension/ethermint/x/evm/keeper/integration_test.go:67

  [PANICKED] Test Panicked
  In [BeforeEach] at: /Users/keruch/sdk/go1.23.0/src/runtime/panic.go:262 @ 06/02/25 11:17:40.861

  runtime error: invalid memory address or nil pointer dereference

  Full Stack Trace
    github.com/stretchr/testify/assert.(*Assertions).NoError(0x0, {0x0, 0x0}, {0x0, 0x0, 0x0})
    	/Users/keruch/Go-workspace/pkg/mod/github.com/stretchr/testify@v1.9.0/assert/assertion_forward.go:1068 +0x30
    github.com/evmos/ethermint/x/evm/keeper_test.(*KeeperTestSuite).SetupTest(0x14001219808)
    	/Users/keruch/Development/Dymension/ethermint/x/evm/keeper/keeper_test.go:94 +0x54
    github.com/evmos/ethermint/x/evm/keeper_test.setupTestWithContext({0x104dd7d30, 0x1}, {0x14002f2e060?}, {0x1400124ff20?})
    	/Users/keruch/Development/Dymension/ethermint/x/evm/keeper/integration_test.go:134 +0x84
    github.com/evmos/ethermint/x/evm/keeper_test.init.func1.1.1.1()
    	/Users/keruch/Development/Dymension/ethermint/x/evm/keeper/integration_test.go:53 +0xc0
------------------------------
• [PANICKED] [0.000 seconds]
Feemarket Performing EVM transactions with MinGasPrices (feemarket param) < BaseFee (feemarket) [BeforeEach] during CheckTx should accept transactions with gas Limit > 0 dynamic tx
  [BeforeEach] /Users/keruch/Development/Dymension/ethermint/x/evm/keeper/integration_test.go:45
  [It] /Users/keruch/Development/Dymension/ethermint/x/evm/keeper/integration_test.go:70

  [PANICKED] Test Panicked
  In [BeforeEach] at: /Users/keruch/sdk/go1.23.0/src/runtime/panic.go:262 @ 06/02/25 11:17:40.861

  runtime error: invalid memory address or nil pointer dereference

  Full Stack Trace
    github.com/stretchr/testify/assert.(*Assertions).NoError(0x0, {0x0, 0x0}, {0x0, 0x0, 0x0})
    	/Users/keruch/Go-workspace/pkg/mod/github.com/stretchr/testify@v1.9.0/assert/assertion_forward.go:1068 +0x30
    github.com/evmos/ethermint/x/evm/keeper_test.(*KeeperTestSuite).SetupTest(0x14001259808)
    	/Users/keruch/Development/Dymension/ethermint/x/evm/keeper/keeper_test.go:94 +0x54
    github.com/evmos/ethermint/x/evm/keeper_test.setupTestWithContext({0x104dd7d30, 0x1}, {0x14002f2e200?}, {0x1400124ff20?})
    	/Users/keruch/Development/Dymension/ethermint/x/evm/keeper/integration_test.go:134 +0x84
    github.com/evmos/ethermint/x/evm/keeper_test.init.func1.1.1.1()
    	/Users/keruch/Development/Dymension/ethermint/x/evm/keeper/integration_test.go:53 +0xc0
------------------------------
• [PANICKED] [0.000 seconds]
Feemarket Performing EVM transactions with MinGasPrices (feemarket param) < BaseFee (feemarket) [BeforeEach] during CheckTx should not accept transactions with gas Limit > 0 legacy tx
  [BeforeEach] /Users/keruch/Development/Dymension/ethermint/x/evm/keeper/integration_test.go:45
  [It] /Users/keruch/Development/Dymension/ethermint/x/evm/keeper/integration_test.go:83

  [PANICKED] Test Panicked
  In [BeforeEach] at: /Users/keruch/sdk/go1.23.0/src/runtime/panic.go:262 @ 06/02/25 11:17:40.861

  runtime error: invalid memory address or nil pointer dereference

  Full Stack Trace
    github.com/stretchr/testify/assert.(*Assertions).NoError(0x0, {0x0, 0x0}, {0x0, 0x0, 0x0})
    	/Users/keruch/Go-workspace/pkg/mod/github.com/stretchr/testify@v1.9.0/assert/assertion_forward.go:1068 +0x30
    github.com/evmos/ethermint/x/evm/keeper_test.(*KeeperTestSuite).SetupTest(0x1400125b808)
    	/Users/keruch/Development/Dymension/ethermint/x/evm/keeper/keeper_test.go:94 +0x54
    github.com/evmos/ethermint/x/evm/keeper_test.setupTestWithContext({0x104dd7d30, 0x1}, {0x14002f2e440?}, {0x1400124ff20?})
    	/Users/keruch/Development/Dymension/ethermint/x/evm/keeper/integration_test.go:134 +0x84
    github.com/evmos/ethermint/x/evm/keeper_test.init.func1.1.1.1()
    	/Users/keruch/Development/Dymension/ethermint/x/evm/keeper/integration_test.go:53 +0xc0
------------------------------
• [PANICKED] [0.000 seconds]
Feemarket Performing EVM transactions with MinGasPrices (feemarket param) < BaseFee (feemarket) [BeforeEach] during CheckTx should not accept transactions with gas Limit > 0 dynamic tx
  [BeforeEach] /Users/keruch/Development/Dymension/ethermint/x/evm/keeper/integration_test.go:45
  [It] /Users/keruch/Development/Dymension/ethermint/x/evm/keeper/integration_test.go:86

  [PANICKED] Test Panicked
  In [BeforeEach] at: /Users/keruch/sdk/go1.23.0/src/runtime/panic.go:262 @ 06/02/25 11:17:40.861

  runtime error: invalid memory address or nil pointer dereference

  Full Stack Trace
    github.com/stretchr/testify/assert.(*Assertions).NoError(0x0, {0x0, 0x0}, {0x0, 0x0, 0x0})
    	/Users/keruch/Go-workspace/pkg/mod/github.com/stretchr/testify@v1.9.0/assert/assertion_forward.go:1068 +0x30
    github.com/evmos/ethermint/x/evm/keeper_test.(*KeeperTestSuite).SetupTest(0x1400126d808)
    	/Users/keruch/Development/Dymension/ethermint/x/evm/keeper/keeper_test.go:94 +0x54
    github.com/evmos/ethermint/x/evm/keeper_test.setupTestWithContext({0x104dd7d30, 0x1}, {0x14002f2e620?}, {0x1400124ff20?})
    	/Users/keruch/Development/Dymension/ethermint/x/evm/keeper/integration_test.go:134 +0x84
    github.com/evmos/ethermint/x/evm/keeper_test.init.func1.1.1.1()
    	/Users/keruch/Development/Dymension/ethermint/x/evm/keeper/integration_test.go:53 +0xc0
------------------------------
• [PANICKED] [0.000 seconds]
Feemarket Performing EVM transactions with MinGasPrices (feemarket param) < BaseFee (feemarket) [BeforeEach] during DeliverTx should accept transactions with gas Limit > 0 legacy tx
  [BeforeEach] /Users/keruch/Development/Dymension/ethermint/x/evm/keeper/integration_test.go:45
  [It] /Users/keruch/Development/Dymension/ethermint/x/evm/keeper/integration_test.go:102

  [PANICKED] Test Panicked
  In [BeforeEach] at: /Users/keruch/sdk/go1.23.0/src/runtime/panic.go:262 @ 06/02/25 11:17:40.861

  runtime error: invalid memory address or nil pointer dereference

  Full Stack Trace
    github.com/stretchr/testify/assert.(*Assertions).NoError(0x0, {0x0, 0x0}, {0x0, 0x0, 0x0})
    	/Users/keruch/Go-workspace/pkg/mod/github.com/stretchr/testify@v1.9.0/assert/assertion_forward.go:1068 +0x30
    github.com/evmos/ethermint/x/evm/keeper_test.(*KeeperTestSuite).SetupTest(0x1400126f808)
    	/Users/keruch/Development/Dymension/ethermint/x/evm/keeper/keeper_test.go:94 +0x54
    github.com/evmos/ethermint/x/evm/keeper_test.setupTestWithContext({0x104dd7d30, 0x1}, {0x14002f2e820?}, {0x1400124ff20?})
    	/Users/keruch/Development/Dymension/ethermint/x/evm/keeper/integration_test.go:134 +0x84
    github.com/evmos/ethermint/x/evm/keeper_test.init.func1.1.1.1()
    	/Users/keruch/Development/Dymension/ethermint/x/evm/keeper/integration_test.go:53 +0xc0
------------------------------
• [PANICKED] [0.000 seconds]
Feemarket Performing EVM transactions with MinGasPrices (feemarket param) < BaseFee (feemarket) [BeforeEach] during DeliverTx should accept transactions with gas Limit > 0 dynamic tx
  [BeforeEach] /Users/keruch/Development/Dymension/ethermint/x/evm/keeper/integration_test.go:45
  [It] /Users/keruch/Development/Dymension/ethermint/x/evm/keeper/integration_test.go:105

  [PANICKED] Test Panicked
  In [BeforeEach] at: /Users/keruch/sdk/go1.23.0/src/runtime/panic.go:262 @ 06/02/25 11:17:40.861

  runtime error: invalid memory address or nil pointer dereference

  Full Stack Trace
    github.com/stretchr/testify/assert.(*Assertions).NoError(0x0, {0x0, 0x0}, {0x0, 0x0, 0x0})
    	/Users/keruch/Go-workspace/pkg/mod/github.com/stretchr/testify@v1.9.0/assert/assertion_forward.go:1068 +0x30
    github.com/evmos/ethermint/x/evm/keeper_test.(*KeeperTestSuite).SetupTest(0x14001275808)
    	/Users/keruch/Development/Dymension/ethermint/x/evm/keeper/keeper_test.go:94 +0x54
    github.com/evmos/ethermint/x/evm/keeper_test.setupTestWithContext({0x104dd7d30, 0x1}, {0x14002f2ea00?}, {0x1400124ff20?})
    	/Users/keruch/Development/Dymension/ethermint/x/evm/keeper/integration_test.go:134 +0x84
    github.com/evmos/ethermint/x/evm/keeper_test.init.func1.1.1.1()
    	/Users/keruch/Development/Dymension/ethermint/x/evm/keeper/integration_test.go:53 +0xc0
------------------------------
• [PANICKED] [0.000 seconds]
Feemarket Performing EVM transactions with MinGasPrices (feemarket param) < BaseFee (feemarket) [BeforeEach] during DeliverTx should not accept transactions with gas Limit > 0 legacy tx
  [BeforeEach] /Users/keruch/Development/Dymension/ethermint/x/evm/keeper/integration_test.go:45
  [It] /Users/keruch/Development/Dymension/ethermint/x/evm/keeper/integration_test.go:118

  [PANICKED] Test Panicked
  In [BeforeEach] at: /Users/keruch/sdk/go1.23.0/src/runtime/panic.go:262 @ 06/02/25 11:17:40.861

  runtime error: invalid memory address or nil pointer dereference

  Full Stack Trace
    github.com/stretchr/testify/assert.(*Assertions).NoError(0x0, {0x0, 0x0}, {0x0, 0x0, 0x0})
    	/Users/keruch/Go-workspace/pkg/mod/github.com/stretchr/testify@v1.9.0/assert/assertion_forward.go:1068 +0x30
    github.com/evmos/ethermint/x/evm/keeper_test.(*KeeperTestSuite).SetupTest(0x14001279808)
    	/Users/keruch/Development/Dymension/ethermint/x/evm/keeper/keeper_test.go:94 +0x54
    github.com/evmos/ethermint/x/evm/keeper_test.setupTestWithContext({0x104dd7d30, 0x1}, {0x14002f2ec00?}, {0x1400124ff20?})
    	/Users/keruch/Development/Dymension/ethermint/x/evm/keeper/integration_test.go:134 +0x84
    github.com/evmos/ethermint/x/evm/keeper_test.init.func1.1.1.1()
    	/Users/keruch/Development/Dymension/ethermint/x/evm/keeper/integration_test.go:53 +0xc0
------------------------------
• [PANICKED] [0.000 seconds]
Feemarket Performing EVM transactions with MinGasPrices (feemarket param) < BaseFee (feemarket) [BeforeEach] during DeliverTx should not accept transactions with gas Limit > 0 dynamic tx
  [BeforeEach] /Users/keruch/Development/Dymension/ethermint/x/evm/keeper/integration_test.go:45
  [It] /Users/keruch/Development/Dymension/ethermint/x/evm/keeper/integration_test.go:121

  [PANICKED] Test Panicked
  In [BeforeEach] at: /Users/keruch/sdk/go1.23.0/src/runtime/panic.go:262 @ 06/02/25 11:17:40.861

  runtime error: invalid memory address or nil pointer dereference

  Full Stack Trace
    github.com/stretchr/testify/assert.(*Assertions).NoError(0x0, {0x0, 0x0}, {0x0, 0x0, 0x0})
    	/Users/keruch/Go-workspace/pkg/mod/github.com/stretchr/testify@v1.9.0/assert/assertion_forward.go:1068 +0x30
    github.com/evmos/ethermint/x/evm/keeper_test.(*KeeperTestSuite).SetupTest(0x1400127f808)
    	/Users/keruch/Development/Dymension/ethermint/x/evm/keeper/keeper_test.go:94 +0x54
    github.com/evmos/ethermint/x/evm/keeper_test.setupTestWithContext({0x104dd7d30, 0x1}, {0x14002f2eda0?}, {0x1400124ff20?})
    	/Users/keruch/Development/Dymension/ethermint/x/evm/keeper/integration_test.go:134 +0x84
    github.com/evmos/ethermint/x/evm/keeper_test.init.func1.1.1.1()
    	/Users/keruch/Development/Dymension/ethermint/x/evm/keeper/integration_test.go:53 +0xc0
------------------------------

Summarizing 8 Failures:
  [PANICKED!] Feemarket Performing EVM transactions with MinGasPrices (feemarket param) < BaseFee (feemarket) [BeforeEach] during CheckTx should accept transactions with gas Limit > 0 legacy tx
  /Users/keruch/sdk/go1.23.0/src/runtime/panic.go:262
  [PANICKED!] Feemarket Performing EVM transactions with MinGasPrices (feemarket param) < BaseFee (feemarket) [BeforeEach] during CheckTx should accept transactions with gas Limit > 0 dynamic tx
  /Users/keruch/sdk/go1.23.0/src/runtime/panic.go:262
  [PANICKED!] Feemarket Performing EVM transactions with MinGasPrices (feemarket param) < BaseFee (feemarket) [BeforeEach] during CheckTx should not accept transactions with gas Limit > 0 legacy tx
  /Users/keruch/sdk/go1.23.0/src/runtime/panic.go:262
  [PANICKED!] Feemarket Performing EVM transactions with MinGasPrices (feemarket param) < BaseFee (feemarket) [BeforeEach] during CheckTx should not accept transactions with gas Limit > 0 dynamic tx
  /Users/keruch/sdk/go1.23.0/src/runtime/panic.go:262
  [PANICKED!] Feemarket Performing EVM transactions with MinGasPrices (feemarket param) < BaseFee (feemarket) [BeforeEach] during DeliverTx should accept transactions with gas Limit > 0 legacy tx
  /Users/keruch/sdk/go1.23.0/src/runtime/panic.go:262
  [PANICKED!] Feemarket Performing EVM transactions with MinGasPrices (feemarket param) < BaseFee (feemarket) [BeforeEach] during DeliverTx should accept transactions with gas Limit > 0 dynamic tx
  /Users/keruch/sdk/go1.23.0/src/runtime/panic.go:262
  [PANICKED!] Feemarket Performing EVM transactions with MinGasPrices (feemarket param) < BaseFee (feemarket) [BeforeEach] during DeliverTx should not accept transactions with gas Limit > 0 legacy tx
  /Users/keruch/sdk/go1.23.0/src/runtime/panic.go:262
  [PANICKED!] Feemarket Performing EVM transactions with MinGasPrices (feemarket param) < BaseFee (feemarket) [BeforeEach] during DeliverTx should not accept transactions with gas Limit > 0 dynamic tx
  /Users/keruch/sdk/go1.23.0/src/runtime/panic.go:262

Ran 8 of 8 Specs in 0.001 seconds
FAIL! -- 0 Passed | 8 Failed | 0 Pending | 0 Skipped
--- FAIL: TestKeeperTestSuite (3.15s)
    --- FAIL: TestKeeperTestSuite/TestDeleteAccount (0.05s)
        --- FAIL: TestKeeperTestSuite/TestDeleteAccount/remove_address (0.01s)
            statedb_test.go:942: 
                	Error Trace:	/Users/keruch/Development/Dymension/ethermint/x/evm/keeper/statedb_test.go:942
                	            				/Users/keruch/Go-workspace/pkg/mod/github.com/stretchr/testify@v1.9.0/suite/suite.go:115
                	Error:      	Received unexpected error:
                	            	
                	            	github.com/evmos/ethermint/x/evm/keeper.(*Keeper).DeleteAccount
                	            		/Users/keruch/Development/Dymension/ethermint/x/evm/keeper/statedb.go:208
                	            	github.com/evmos/ethermint/x/evm/keeper_test.(*KeeperTestSuite).TestDeleteAccount.func1
                	            		/Users/keruch/Development/Dymension/ethermint/x/evm/keeper/statedb_test.go:938
                	            	github.com/stretchr/testify/suite.(*Suite).Run.func1
                	            		/Users/keruch/Go-workspace/pkg/mod/github.com/stretchr/testify@v1.9.0/suite/suite.go:115
                	            	type *types.BaseAccount, address 0x71562b71999873DB5b286dF957af199Ec94617F7: account type is not a valid ethereum account
                	Test:       	TestKeeperTestSuite/TestDeleteAccount/remove_address
    --- FAIL: TestKeeperTestSuite/TestDeployNewVirtualFrontierBankContract (0.01s)
        --- FAIL: TestKeeperTestSuite/TestDeployNewVirtualFrontierBankContract/create_when_disabled_contract_creation (0.00s)
            panic.go:262: test panicked: runtime error: invalid memory address or nil pointer dereference
                goroutine 8169 [running]:
                runtime/debug.Stack()
                	/Users/keruch/sdk/go1.23.0/src/runtime/debug/stack.go:26 +0x64
                github.com/stretchr/testify/suite.failOnPanic(0x14001824340, {0x1050c8cc0, 0x1073367d0})
                	/Users/keruch/Go-workspace/pkg/mod/github.com/stretchr/testify@v1.9.0/suite/suite.go:89 +0x38
                github.com/stretchr/testify/suite.recoverAndFailOnPanic(0x14001824340)
                	/Users/keruch/Go-workspace/pkg/mod/github.com/stretchr/testify@v1.9.0/suite/suite.go:83 +0x40
                panic({0x1050c8cc0?, 0x1073367d0?})
                	/Users/keruch/sdk/go1.23.0/src/runtime/panic.go:785 +0x124
                github.com/cosmos/cosmos-sdk/baseapp.(*state).Context(_)
                	/Users/keruch/Go-workspace/pkg/mod/github.com/cosmos/cosmos-sdk@v0.50.11/baseapp/state.go:33 +0x3c
                github.com/cosmos/cosmos-sdk/baseapp.(*BaseApp).Commit(0x140015a0fc8)
                	/Users/keruch/Go-workspace/pkg/mod/github.com/cosmos/cosmos-sdk@v0.50.11/baseapp/abci.go:921 +0x44
                github.com/evmos/ethermint/testutil.commit({{0x105652bf0, 0x107583140}, {0x10566df70, 0x140011eeb00}, {{0x0, 0x0}, {0x0, 0x0}, 0x0, {0x0, ...}, ...}, ...}, ...)
                	/Users/keruch/Development/Dymension/ethermint/testutil/abci.go:234 +0x254
                github.com/evmos/ethermint/testutil.Commit({{0x105652bf0, 0x107583140}, {0x10566df70, 0x140011eeb00}, {{0x0, 0x0}, {0x0, 0x0}, 0x0, {0x0, ...}, ...}, ...}, ...)
                	/Users/keruch/Development/Dymension/ethermint/testutil/abci.go:32 +0x7c
                github.com/evmos/ethermint/x/evm/keeper_test.(*KeeperTestSuite).Commit(...)
                	/Users/keruch/Development/Dymension/ethermint/x/evm/keeper/keeper_test.go:194
                github.com/evmos/ethermint/x/evm/keeper_test.(*KeeperTestSuite).TestDeployNewVirtualFrontierBankContract.func1()
                	/Users/keruch/Development/Dymension/ethermint/x/evm/keeper/virtual_frontier_contract_test.go:396 +0x2a0
                github.com/stretchr/testify/suite.(*Suite).Run.func1(0x14001824340)
                	/Users/keruch/Go-workspace/pkg/mod/github.com/stretchr/testify@v1.9.0/suite/suite.go:115 +0x148
                testing.tRunner(0x14001824340, 0x14002158f60)
                	/Users/keruch/sdk/go1.23.0/src/testing/testing.go:1690 +0xe4
                created by testing.(*T).Run in goroutine 8034
                	/Users/keruch/sdk/go1.23.0/src/testing/testing.go:1743 +0x314
    --- FAIL: TestKeeperTestSuite/TestDeployNewVirtualFrontierContract (0.01s)
        --- FAIL: TestKeeperTestSuite/TestDeployNewVirtualFrontierContract/create_when_disabled_contract_creation (0.00s)
            panic.go:262: test panicked: runtime error: invalid memory address or nil pointer dereference
                goroutine 8384 [running]:
                runtime/debug.Stack()
                	/Users/keruch/sdk/go1.23.0/src/runtime/debug/stack.go:26 +0x64
                github.com/stretchr/testify/suite.failOnPanic(0x14001548680, {0x1050c8cc0, 0x1073367d0})
                	/Users/keruch/Go-workspace/pkg/mod/github.com/stretchr/testify@v1.9.0/suite/suite.go:89 +0x38
                github.com/stretchr/testify/suite.recoverAndFailOnPanic(0x14001548680)
                	/Users/keruch/Go-workspace/pkg/mod/github.com/stretchr/testify@v1.9.0/suite/suite.go:83 +0x40
                panic({0x1050c8cc0?, 0x1073367d0?})
                	/Users/keruch/sdk/go1.23.0/src/runtime/panic.go:785 +0x124
                github.com/cosmos/cosmos-sdk/baseapp.(*state).Context(_)
                	/Users/keruch/Go-workspace/pkg/mod/github.com/cosmos/cosmos-sdk@v0.50.11/baseapp/state.go:33 +0x3c
                github.com/cosmos/cosmos-sdk/baseapp.(*BaseApp).Commit(0x140006f58c8)
                	/Users/keruch/Go-workspace/pkg/mod/github.com/cosmos/cosmos-sdk@v0.50.11/baseapp/abci.go:921 +0x44
                github.com/evmos/ethermint/testutil.commit({{0x105652bf0, 0x107583140}, {0x10566df70, 0x1400181ecc0}, {{0x0, 0x0}, {0x0, 0x0}, 0x0, {0x0, ...}, ...}, ...}, ...)
                	/Users/keruch/Development/Dymension/ethermint/testutil/abci.go:234 +0x254
                github.com/evmos/ethermint/testutil.Commit({{0x105652bf0, 0x107583140}, {0x10566df70, 0x1400181ecc0}, {{0x0, 0x0}, {0x0, 0x0}, 0x0, {0x0, ...}, ...}, ...}, ...)
                	/Users/keruch/Development/Dymension/ethermint/testutil/abci.go:32 +0x7c
                github.com/evmos/ethermint/x/evm/keeper_test.(*KeeperTestSuite).Commit(...)
                	/Users/keruch/Development/Dymension/ethermint/x/evm/keeper/keeper_test.go:194
                github.com/evmos/ethermint/x/evm/keeper_test.(*KeeperTestSuite).TestDeployNewVirtualFrontierContract.func1()
                	/Users/keruch/Development/Dymension/ethermint/x/evm/keeper/virtual_frontier_contract_test.go:583 +0x2b8
                github.com/stretchr/testify/suite.(*Suite).Run.func1(0x14001548680)
                	/Users/keruch/Go-workspace/pkg/mod/github.com/stretchr/testify@v1.9.0/suite/suite.go:115 +0x148
                testing.tRunner(0x14001548680, 0x140017c43e0)
                	/Users/keruch/sdk/go1.23.0/src/testing/testing.go:1690 +0xe4
                created by testing.(*T).Run in goroutine 8259
                	/Users/keruch/sdk/go1.23.0/src/testing/testing.go:1743 +0x314
    --- FAIL: TestKeeperTestSuite/TestEVMConfig (0.01s)
        state_transition_test.go:530: 
            	Error Trace:	/Users/keruch/Development/Dymension/ethermint/x/evm/keeper/state_transition_test.go:530
            	Error:      	Not equal: 
            	            	expected: 0x71562b71999873DB5b286dF957af199Ec94617F7
            	            	actual  : 0xb88C2632b7EE89DdD179bddF22F32060c3047FB0
            	            	
            	            	Diff:
            	            	--- Expected
            	            	+++ Actual
            	            	@@ -1,4 +1,4 @@
            	            	 (common.Address) (len=20) {
            	            	- 00000000  71 56 2b 71 99 98 73 db  5b 28 6d f9 57 af 19 9e  |qV+q..s.[(m.W...|
            	            	- 00000010  c9 46 17 f7                                       |.F..|
            	            	+ 00000000  b8 8c 26 32 b7 ee 89 dd  d1 79 bd df 22 f3 20 60  |..&2.....y..". `|
            	            	+ 00000010  c3 04 7f b0                                       |....|
            	            	 }
            	Test:       	TestKeeperTestSuite/TestEVMConfig
    --- FAIL: TestKeeperTestSuite/TestGetCodeHash (0.01s)
        account.go:61: test panicked: collections: conflict: index uniqueness constrain violation: 0
            goroutine 17033 [running]:
            runtime/debug.Stack()
            	/Users/keruch/sdk/go1.23.0/src/runtime/debug/stack.go:26 +0x64
            github.com/stretchr/testify/suite.failOnPanic(0x140017f9860, {0x1050f3c20, 0x140019c21e0})
            	/Users/keruch/Go-workspace/pkg/mod/github.com/stretchr/testify@v1.9.0/suite/suite.go:89 +0x38
            github.com/stretchr/testify/suite.Run.func1.1()
            	/Users/keruch/Go-workspace/pkg/mod/github.com/stretchr/testify@v1.9.0/suite/suite.go:188 +0x230
            panic({0x1050f3c20?, 0x140019c21e0?})
            	/Users/keruch/sdk/go1.23.0/src/runtime/panic.go:785 +0x124
            github.com/cosmos/cosmos-sdk/x/auth/keeper.AccountKeeper.SetAccount({{0x1056295b8, 0x14001a879b0}, {0x105617460, 0x14001382068}, {0x10566d5d0, 0x14001a870b0}, 0x14001794f00, {0x10471a140, 0x6}, 0x105602f98, ...}, ...)
            	/Users/keruch/Go-workspace/pkg/mod/github.com/cosmos/cosmos-sdk@v0.50.11/x/auth/keeper/account.go:61 +0x80
            github.com/evmos/ethermint/x/evm/keeper_test.(*KeeperTestSuite).TestGetCodeHash(0x14000ffac08)
            	/Users/keruch/Development/Dymension/ethermint/x/evm/keeper/statedb_test.go:230 +0x14c
            reflect.Value.call({0x14000e053c0?, 0x140000b5928?, 0x0?}, {0x1047177f4, 0x4}, {0x140019bdf20, 0x1, 0x10454d9f0?})
            	/Users/keruch/sdk/go1.23.0/src/reflect/value.go:581 +0x97c
            reflect.Value.Call({0x14000e053c0?, 0x140000b5928?, 0x604?}, {0x140019bdf20?, 0x10699e0b0?, 0x1073e3120?})
            	/Users/keruch/sdk/go1.23.0/src/reflect/value.go:365 +0x94
            github.com/stretchr/testify/suite.Run.func1(0x140017f9860)
            	/Users/keruch/Go-workspace/pkg/mod/github.com/stretchr/testify@v1.9.0/suite/suite.go:202 +0x390
            testing.tRunner(0x140017f9860, 0x140012070e0)
            	/Users/keruch/sdk/go1.23.0/src/testing/testing.go:1690 +0xe4
            created by testing.(*T).Run in goroutine 54
            	/Users/keruch/sdk/go1.23.0/src/testing/testing.go:1743 +0x314
    --- FAIL: TestKeeperTestSuite/TestInitGenesis (0.13s)
        --- FAIL: TestKeeperTestSuite/TestInitGenesis/invalid_account_type (0.01s)
            account.go:61: test panicked: collections: conflict: index uniqueness constrain violation: 0
                goroutine 20784 [running]:
                runtime/debug.Stack()
                	/Users/keruch/sdk/go1.23.0/src/runtime/debug/stack.go:26 +0x64
                github.com/stretchr/testify/suite.failOnPanic(0x14001417040, {0x1050f3c20, 0x140024c5d80})
                	/Users/keruch/Go-workspace/pkg/mod/github.com/stretchr/testify@v1.9.0/suite/suite.go:89 +0x38
                github.com/stretchr/testify/suite.recoverAndFailOnPanic(0x14001417040)
                	/Users/keruch/Go-workspace/pkg/mod/github.com/stretchr/testify@v1.9.0/suite/suite.go:83 +0x40
                panic({0x1050f3c20?, 0x140024c5d80?})
                	/Users/keruch/sdk/go1.23.0/src/runtime/panic.go:785 +0x124
                github.com/cosmos/cosmos-sdk/x/auth/keeper.AccountKeeper.SetAccount({{0x1056295b8, 0x14000d6d540}, {0x105617460, 0x14001238dd0}, {0x10566d5d0, 0x140010d5dc0}, 0x14001099770, {0x10471a140, 0x6}, 0x105602f98, ...}, ...)
                	/Users/keruch/Go-workspace/pkg/mod/github.com/cosmos/cosmos-sdk@v0.50.11/x/auth/keeper/account.go:61 +0x80
                github.com/evmos/ethermint/x/evm/keeper_test.(*KeeperTestSuite).TestInitGenesis.func4()
                	/Users/keruch/Development/Dymension/ethermint/x/evm/keeper/genesis_test.go:74 +0x124
                github.com/evmos/ethermint/x/evm/keeper_test.(*KeeperTestSuite).TestInitGenesis.func8()
                	/Users/keruch/Development/Dymension/ethermint/x/evm/keeper/genesis_test.go:149 +0x78
                github.com/stretchr/testify/suite.(*Suite).Run.func1(0x14001417040)
                	/Users/keruch/Go-workspace/pkg/mod/github.com/stretchr/testify@v1.9.0/suite/suite.go:115 +0x148
                testing.tRunner(0x14001417040, 0x140017c50c0)
                	/Users/keruch/sdk/go1.23.0/src/testing/testing.go:1690 +0xe4
                created by testing.(*T).Run in goroutine 20228
                	/Users/keruch/sdk/go1.23.0/src/testing/testing.go:1743 +0x314
        --- FAIL: TestKeeperTestSuite/TestInitGenesis/ignore_empty_account_code_checking_with_non-empty_codehash (0.01s)
            account.go:61: test panicked: collections: conflict: index uniqueness constrain violation: 0
                goroutine 21191 [running]:
                runtime/debug.Stack()
                	/Users/keruch/sdk/go1.23.0/src/runtime/debug/stack.go:26 +0x64
                github.com/stretchr/testify/suite.failOnPanic(0x140023d6680, {0x1050f3c20, 0x140014970e0})
                	/Users/keruch/Go-workspace/pkg/mod/github.com/stretchr/testify@v1.9.0/suite/suite.go:89 +0x38
                github.com/stretchr/testify/suite.recoverAndFailOnPanic(0x140023d6680)
                	/Users/keruch/Go-workspace/pkg/mod/github.com/stretchr/testify@v1.9.0/suite/suite.go:83 +0x40
                panic({0x1050f3c20?, 0x140014970e0?})
                	/Users/keruch/sdk/go1.23.0/src/runtime/panic.go:785 +0x124
                github.com/cosmos/cosmos-sdk/x/auth/keeper.AccountKeeper.SetAccount({{0x1056295b8, 0x140018718f0}, {0x105617460, 0x140017850b8}, {0x10566d5d0, 0x14001870ee0}, 0x140023cfcb0, {0x10471a140, 0x6}, 0x105602f98, ...}, ...)
                	/Users/keruch/Go-workspace/pkg/mod/github.com/cosmos/cosmos-sdk@v0.50.11/x/auth/keeper/account.go:61 +0x80
                github.com/evmos/ethermint/x/evm/keeper_test.(*KeeperTestSuite).TestInitGenesis.func7()
                	/Users/keruch/Development/Dymension/ethermint/x/evm/keeper/genesis_test.go:129 +0x240
                github.com/evmos/ethermint/x/evm/keeper_test.(*KeeperTestSuite).TestInitGenesis.func8()
                	/Users/keruch/Development/Dymension/ethermint/x/evm/keeper/genesis_test.go:149 +0x78
                github.com/stretchr/testify/suite.(*Suite).Run.func1(0x140023d6680)
                	/Users/keruch/Go-workspace/pkg/mod/github.com/stretchr/testify@v1.9.0/suite/suite.go:115 +0x148
                testing.tRunner(0x140023d6680, 0x14002f8abc0)
                	/Users/keruch/sdk/go1.23.0/src/testing/testing.go:1690 +0xe4
                created by testing.(*T).Run in goroutine 20228
                	/Users/keruch/sdk/go1.23.0/src/testing/testing.go:1743 +0x314
    --- FAIL: TestKeeperTestSuite/TestKeeperSetCode (0.01s)
        account.go:61: test panicked: collections: conflict: index uniqueness constrain violation: 0
            goroutine 21869 [running]:
            runtime/debug.Stack()
            	/Users/keruch/sdk/go1.23.0/src/runtime/debug/stack.go:26 +0x64
            github.com/stretchr/testify/suite.failOnPanic(0x14002481860, {0x1050f3c20, 0x14002489ec0})
            	/Users/keruch/Go-workspace/pkg/mod/github.com/stretchr/testify@v1.9.0/suite/suite.go:89 +0x38
            github.com/stretchr/testify/suite.Run.func1.1()
            	/Users/keruch/Go-workspace/pkg/mod/github.com/stretchr/testify@v1.9.0/suite/suite.go:188 +0x230
            panic({0x1050f3c20?, 0x14002489ec0?})
            	/Users/keruch/sdk/go1.23.0/src/runtime/panic.go:785 +0x124
            github.com/cosmos/cosmos-sdk/x/auth/keeper.AccountKeeper.SetAccount({{0x1056295b8, 0x140021879b0}, {0x105617460, 0x140026ccc18}, {0x10566d5d0, 0x140021870d0}, 0x140025c33e0, {0x10471a140, 0x6}, 0x105602f98, ...}, ...)
            	/Users/keruch/Go-workspace/pkg/mod/github.com/cosmos/cosmos-sdk@v0.50.11/x/auth/keeper/account.go:61 +0x80
            github.com/evmos/ethermint/x/evm/keeper_test.(*KeeperTestSuite).TestKeeperSetCode(0x14000ffac08)
            	/Users/keruch/Development/Dymension/ethermint/x/evm/keeper/statedb_test.go:329 +0x14c
            reflect.Value.call({0x14000e053c0?, 0x140000b5a00?, 0x0?}, {0x1047177f4, 0x4}, {0x14001969f20, 0x1, 0x10454d9f0?})
            	/Users/keruch/sdk/go1.23.0/src/reflect/value.go:581 +0x97c
            reflect.Value.Call({0x14000e053c0?, 0x140000b5a00?, 0x604?}, {0x14001969f20?, 0x10699e0b0?, 0x1073e3120?})
            	/Users/keruch/sdk/go1.23.0/src/reflect/value.go:365 +0x94
            github.com/stretchr/testify/suite.Run.func1(0x14002481860)
            	/Users/keruch/Go-workspace/pkg/mod/github.com/stretchr/testify@v1.9.0/suite/suite.go:202 +0x390
            testing.tRunner(0x14002481860, 0x140012075f0)
            	/Users/keruch/sdk/go1.23.0/src/testing/testing.go:1690 +0xe4
            created by testing.(*T).Run in goroutine 54
            	/Users/keruch/sdk/go1.23.0/src/testing/testing.go:1743 +0x314
    --- FAIL: TestKeeperTestSuite/TestQueryCode (0.03s)
        --- FAIL: TestKeeperTestSuite/TestQueryCode/Case_success (0.01s)
            grpc_query_test.go:343: 
                	Error Trace:	/Users/keruch/Development/Dymension/ethermint/x/evm/keeper/grpc_query_test.go:343
                	            				/Users/keruch/Go-workspace/pkg/mod/github.com/stretchr/testify@v1.9.0/suite/suite.go:115
                	Error:      	Not equal: 
                	            	expected: []byte{0x63, 0x6f, 0x64, 0x65}
                	            	actual  : []byte(nil)
                	            	
                	            	Diff:
                	            	--- Expected
                	            	+++ Actual
                	            	@@ -1,4 +1,2 @@
                	            	-([]uint8) (len=4) {
                	            	- 00000000  63 6f 64 65                                       |code|
                	            	-}
                	            	+([]uint8) <nil>
                	            	 
                	Test:       	TestKeeperTestSuite/TestQueryCode/Case_success
    --- FAIL: TestKeeperTestSuite/TestQueryCosmosAccount (0.04s)
        --- FAIL: TestKeeperTestSuite/TestQueryCosmosAccount/Case_success_with_seq_and_account_number (0.01s)
            account.go:61: test panicked: collections: conflict: index uniqueness constrain violation: 1
                goroutine 24662 [running]:
                runtime/debug.Stack()
                	/Users/keruch/sdk/go1.23.0/src/runtime/debug/stack.go:26 +0x64
                github.com/stretchr/testify/suite.failOnPanic(0x140011df380, {0x1050f3c20, 0x14001826b80})
                	/Users/keruch/Go-workspace/pkg/mod/github.com/stretchr/testify@v1.9.0/suite/suite.go:89 +0x38
                github.com/stretchr/testify/suite.recoverAndFailOnPanic(0x140011df380)
                	/Users/keruch/Go-workspace/pkg/mod/github.com/stretchr/testify@v1.9.0/suite/suite.go:83 +0x40
                panic({0x1050f3c20?, 0x14001826b80?})
                	/Users/keruch/sdk/go1.23.0/src/runtime/panic.go:785 +0x124
                github.com/cosmos/cosmos-sdk/x/auth/keeper.AccountKeeper.SetAccount({{0x1056295b8, 0x140013f1960}, {0x105617460, 0x14002095128}, {0x10566d5d0, 0x140013f0e40}, 0x140028640c0, {0x10471a140, 0x6}, 0x105602f98, ...}, ...)
                	/Users/keruch/Go-workspace/pkg/mod/github.com/cosmos/cosmos-sdk@v0.50.11/x/auth/keeper/account.go:61 +0x80
                github.com/evmos/ethermint/x/evm/keeper_test.(*KeeperTestSuite).TestQueryCosmosAccount.func3()
                	/Users/keruch/Development/Dymension/ethermint/x/evm/keeper/grpc_query_test.go:139 +0x1f0
                github.com/evmos/ethermint/x/evm/keeper_test.(*KeeperTestSuite).TestQueryCosmosAccount.func4()
                	/Users/keruch/Development/Dymension/ethermint/x/evm/keeper/grpc_query_test.go:158 +0x54
                github.com/stretchr/testify/suite.(*Suite).Run.func1(0x140011df380)
                	/Users/keruch/Go-workspace/pkg/mod/github.com/stretchr/testify@v1.9.0/suite/suite.go:115 +0x148
                testing.tRunner(0x140011df380, 0x140024c4660)
                	/Users/keruch/sdk/go1.23.0/src/testing/testing.go:1690 +0xe4
                created by testing.(*T).Run in goroutine 24273
                	/Users/keruch/sdk/go1.23.0/src/testing/testing.go:1743 +0x314
    --- FAIL: TestKeeperTestSuite/TestQueryValidatorAccount (0.05s)
        --- FAIL: TestKeeperTestSuite/TestQueryValidatorAccount/Case_success (0.01s)
            grpc_query_test.go:484: 
                	Error Trace:	/Users/keruch/Development/Dymension/ethermint/x/evm/keeper/grpc_query_test.go:484
                	            				/Users/keruch/Go-workspace/pkg/mod/github.com/stretchr/testify@v1.9.0/suite/suite.go:115
                	Error:      	Not equal: 
                	            	expected: &types.QueryValidatorAccountResponse{AccountAddress:"cosmos1w9tzkuvenpeakkegdhu40tcenmy5v9lha3h7t9", Sequence:0x0, AccountNumber:0x0}
                	            	actual  : &types.QueryValidatorAccountResponse{AccountAddress:"cosmos16q7eun3xfatldmc9fw5tcjl3pnj3t45wakm2gz", Sequence:0x0, AccountNumber:0x0}
                	            	
                	            	Diff:
                	            	--- Expected
                	            	+++ Actual
                	            	@@ -1,3 +1,3 @@
                	            	 (*types.QueryValidatorAccountResponse)({
                	            	- AccountAddress: (string) (len=45) "cosmos1w9tzkuvenpeakkegdhu40tcenmy5v9lha3h7t9",
                	            	+ AccountAddress: (string) (len=45) "cosmos16q7eun3xfatldmc9fw5tcjl3pnj3t45wakm2gz",
                	            	  Sequence: (uint64) 0,
                	Test:       	TestKeeperTestSuite/TestQueryValidatorAccount/Case_success
        --- FAIL: TestKeeperTestSuite/TestQueryValidatorAccount/Case_success_with_seq_and_account_number (0.01s)
            account.go:61: test panicked: collections: conflict: index uniqueness constrain violation: 1
                goroutine 26122 [running]:
                runtime/debug.Stack()
                	/Users/keruch/sdk/go1.23.0/src/runtime/debug/stack.go:26 +0x64
                github.com/stretchr/testify/suite.failOnPanic(0x140017ab6c0, {0x1050f3c20, 0x140004bd880})
                	/Users/keruch/Go-workspace/pkg/mod/github.com/stretchr/testify@v1.9.0/suite/suite.go:89 +0x38
                github.com/stretchr/testify/suite.recoverAndFailOnPanic(0x140017ab6c0)
                	/Users/keruch/Go-workspace/pkg/mod/github.com/stretchr/testify@v1.9.0/suite/suite.go:83 +0x40
                panic({0x1050f3c20?, 0x140004bd880?})
                	/Users/keruch/sdk/go1.23.0/src/runtime/panic.go:785 +0x124
                github.com/cosmos/cosmos-sdk/x/auth/keeper.AccountKeeper.SetAccount({{0x1056295b8, 0x1400230f460}, {0x105617460, 0x140015168c0}, {0x10566d5d0, 0x1400230e790}, 0x1400144edb0, {0x10471a140, 0x6}, 0x105602f98, ...}, ...)
                	/Users/keruch/Go-workspace/pkg/mod/github.com/cosmos/cosmos-sdk@v0.50.11/x/auth/keeper/account.go:61 +0x80
                github.com/evmos/ethermint/x/evm/keeper_test.(*KeeperTestSuite).TestQueryValidatorAccount.func3()
                	/Users/keruch/Development/Dymension/ethermint/x/evm/keeper/grpc_query_test.go:457 +0x1f0
                github.com/evmos/ethermint/x/evm/keeper_test.(*KeeperTestSuite).TestQueryValidatorAccount.func4()
                	/Users/keruch/Development/Dymension/ethermint/x/evm/keeper/grpc_query_test.go:476 +0x54
                github.com/stretchr/testify/suite.(*Suite).Run.func1(0x140017ab6c0)
                	/Users/keruch/Go-workspace/pkg/mod/github.com/stretchr/testify@v1.9.0/suite/suite.go:115 +0x148
                testing.tRunner(0x140017ab6c0, 0x1400142a820)
                	/Users/keruch/sdk/go1.23.0/src/testing/testing.go:1690 +0xe4
                created by testing.(*T).Run in goroutine 25741
                	/Users/keruch/sdk/go1.23.0/src/testing/testing.go:1743 +0x314
    --- FAIL: TestKeeperTestSuite/TestSetCode (0.01s)
        account.go:61: test panicked: collections: conflict: index uniqueness constrain violation: 0
            goroutine 28709 [running]:
            runtime/debug.Stack()
            	/Users/keruch/sdk/go1.23.0/src/runtime/debug/stack.go:26 +0x64
            github.com/stretchr/testify/suite.failOnPanic(0x1400128cd00, {0x1050f3c20, 0x14002f2e0a0})
            	/Users/keruch/Go-workspace/pkg/mod/github.com/stretchr/testify@v1.9.0/suite/suite.go:89 +0x38
            github.com/stretchr/testify/suite.Run.func1.1()
            	/Users/keruch/Go-workspace/pkg/mod/github.com/stretchr/testify@v1.9.0/suite/suite.go:188 +0x230
            panic({0x1050f3c20?, 0x14002f2e0a0?})
            	/Users/keruch/sdk/go1.23.0/src/runtime/panic.go:785 +0x124
            github.com/cosmos/cosmos-sdk/x/auth/keeper.AccountKeeper.SetAccount({{0x1056295b8, 0x14002b5eaa0}, {0x105617460, 0x14001239178}, {0x10566d5d0, 0x14002b5e1e0}, 0x14002a845d0, {0x10471a140, 0x6}, 0x105602f98, ...}, ...)
            	/Users/keruch/Go-workspace/pkg/mod/github.com/cosmos/cosmos-sdk@v0.50.11/x/auth/keeper/account.go:61 +0x80
            github.com/evmos/ethermint/x/evm/keeper_test.(*KeeperTestSuite).TestSetCode(0x14000ffac08)
            	/Users/keruch/Development/Dymension/ethermint/x/evm/keeper/statedb_test.go:274 +0x14c
            reflect.Value.call({0x14000e053c0?, 0x140000b5c48?, 0x0?}, {0x1047177f4, 0x4}, {0x140020fbf20, 0x1, 0x10454d9f0?})
            	/Users/keruch/sdk/go1.23.0/src/reflect/value.go:581 +0x97c
            reflect.Value.Call({0x14000e053c0?, 0x140000b5c48?, 0x604?}, {0x140020fbf20?, 0x10699e0b0?, 0x1073e3120?})
            	/Users/keruch/sdk/go1.23.0/src/reflect/value.go:365 +0x94
            github.com/stretchr/testify/suite.Run.func1(0x1400128cd00)
            	/Users/keruch/Go-workspace/pkg/mod/github.com/stretchr/testify@v1.9.0/suite/suite.go:202 +0x390
            testing.tRunner(0x1400128cd00, 0x14001222000)
            	/Users/keruch/sdk/go1.23.0/src/testing/testing.go:1690 +0xe4
            created by testing.(*T).Run in goroutine 54
            	/Users/keruch/sdk/go1.23.0/src/testing/testing.go:1743 +0x314
    --- FAIL: TestKeeperTestSuite/TestSuicide (0.01s)
        statedb_test.go:482: 
            	Error Trace:	/Users/keruch/Development/Dymension/ethermint/x/evm/keeper/statedb_test.go:482
            	Error:      	Received unexpected error:
            	            	
            	            	github.com/evmos/ethermint/x/evm/keeper.(*Keeper).DeleteAccount
            	            		/Users/keruch/Development/Dymension/ethermint/x/evm/keeper/statedb.go:208
            	            	github.com/evmos/ethermint/x/evm/statedb.(*StateDB).Commit
            	            		/Users/keruch/Development/Dymension/ethermint/x/evm/statedb/statedb.go:466
            	            	github.com/evmos/ethermint/x/evm/keeper_test.(*KeeperTestSuite).TestSuicide
            	            		/Users/keruch/Development/Dymension/ethermint/x/evm/keeper/statedb_test.go:482
            	            	reflect.Value.call
            	            		/Users/keruch/sdk/go1.23.0/src/reflect/value.go:581
            	            	reflect.Value.Call
            	            		/Users/keruch/sdk/go1.23.0/src/reflect/value.go:365
            	            	github.com/stretchr/testify/suite.Run.func1
            	            		/Users/keruch/Go-workspace/pkg/mod/github.com/stretchr/testify@v1.9.0/suite/suite.go:202
            	            	failed to delete account: type *types.BaseAccount, address 0x71562b71999873DB5b286dF957af199Ec94617F7: account type is not a valid ethereum account
            	Test:       	TestKeeperTestSuite/TestSuicide
    --- FAIL: TestKeeperTestSuite/TestTraceBlock (0.13s)
        --- FAIL: TestKeeperTestSuite/TestTraceBlock/Case_default_trace (0.01s)
            panic.go:262: test panicked: runtime error: invalid memory address or nil pointer dereference
                goroutine 30052 [running]:
                runtime/debug.Stack()
                	/Users/keruch/sdk/go1.23.0/src/runtime/debug/stack.go:26 +0x64
                github.com/stretchr/testify/suite.failOnPanic(0x1400282cd00, {0x1050c8cc0, 0x1073367d0})
                	/Users/keruch/Go-workspace/pkg/mod/github.com/stretchr/testify@v1.9.0/suite/suite.go:89 +0x38
                github.com/stretchr/testify/suite.recoverAndFailOnPanic(0x1400282cd00)
                	/Users/keruch/Go-workspace/pkg/mod/github.com/stretchr/testify@v1.9.0/suite/suite.go:83 +0x40
                panic({0x1050c8cc0?, 0x1073367d0?})
                	/Users/keruch/sdk/go1.23.0/src/runtime/panic.go:785 +0x124
                github.com/cosmos/cosmos-sdk/baseapp.(*state).Context(_)
                	/Users/keruch/Go-workspace/pkg/mod/github.com/cosmos/cosmos-sdk@v0.50.11/baseapp/state.go:33 +0x3c
                github.com/cosmos/cosmos-sdk/baseapp.(*BaseApp).Commit(0x140025ad688)
                	/Users/keruch/Go-workspace/pkg/mod/github.com/cosmos/cosmos-sdk@v0.50.11/baseapp/abci.go:921 +0x44
                github.com/evmos/ethermint/testutil.commit({{0x105652bf0, 0x107583140}, {0x10566df70, 0x14001df9980}, {{0x0, 0x0}, {0x0, 0x0}, 0x0, {0x0, ...}, ...}, ...}, ...)
                	/Users/keruch/Development/Dymension/ethermint/testutil/abci.go:234 +0x254
                github.com/evmos/ethermint/testutil.Commit({{0x105652bf0, 0x107583140}, {0x10566df70, 0x14001df9980}, {{0x0, 0x0}, {0x0, 0x0}, 0x0, {0x0, ...}, ...}, ...}, ...)
                	/Users/keruch/Development/Dymension/ethermint/testutil/abci.go:32 +0x7c
                github.com/evmos/ethermint/x/evm/keeper_test.(*KeeperTestSuite).Commit(...)
                	/Users/keruch/Development/Dymension/ethermint/x/evm/keeper/keeper_test.go:194
                github.com/evmos/ethermint/x/evm/keeper_test.(*KeeperTestSuite).TestTraceBlock.func10()
                	/Users/keruch/Development/Dymension/ethermint/x/evm/keeper/grpc_query_test.go:1122 +0x4ec
                github.com/stretchr/testify/suite.(*Suite).Run.func1(0x1400282cd00)
                	/Users/keruch/Go-workspace/pkg/mod/github.com/stretchr/testify@v1.9.0/suite/suite.go:115 +0x148
                testing.tRunner(0x1400282cd00, 0x14002301ee0)
                	/Users/keruch/sdk/go1.23.0/src/testing/testing.go:1690 +0xe4
                created by testing.(*T).Run in goroutine 29918
                	/Users/keruch/sdk/go1.23.0/src/testing/testing.go:1743 +0x314
        --- FAIL: TestKeeperTestSuite/TestTraceBlock/Case_filtered_trace (0.01s)
            panic.go:262: test panicked: runtime error: invalid memory address or nil pointer dereference
                goroutine 30255 [running]:
                runtime/debug.Stack()
                	/Users/keruch/sdk/go1.23.0/src/runtime/debug/stack.go:26 +0x64
                github.com/stretchr/testify/suite.failOnPanic(0x1400282c9c0, {0x1050c8cc0, 0x1073367d0})
                	/Users/keruch/Go-workspace/pkg/mod/github.com/stretchr/testify@v1.9.0/suite/suite.go:89 +0x38
                github.com/stretchr/testify/suite.recoverAndFailOnPanic(0x1400282c9c0)
                	/Users/keruch/Go-workspace/pkg/mod/github.com/stretchr/testify@v1.9.0/suite/suite.go:83 +0x40
                panic({0x1050c8cc0?, 0x1073367d0?})
                	/Users/keruch/sdk/go1.23.0/src/runtime/panic.go:785 +0x124
                github.com/cosmos/cosmos-sdk/baseapp.(*state).Context(_)
                	/Users/keruch/Go-workspace/pkg/mod/github.com/cosmos/cosmos-sdk@v0.50.11/baseapp/state.go:33 +0x3c
                github.com/cosmos/cosmos-sdk/baseapp.(*BaseApp).Commit(0x14001a70908)
                	/Users/keruch/Go-workspace/pkg/mod/github.com/cosmos/cosmos-sdk@v0.50.11/baseapp/abci.go:921 +0x44
                github.com/evmos/ethermint/testutil.commit({{0x105652bf0, 0x107583140}, {0x10566df70, 0x14001133bc0}, {{0x0, 0x0}, {0x0, 0x0}, 0x0, {0x0, ...}, ...}, ...}, ...)
                	/Users/keruch/Development/Dymension/ethermint/testutil/abci.go:234 +0x254
                github.com/evmos/ethermint/testutil.Commit({{0x105652bf0, 0x107583140}, {0x10566df70, 0x14001133bc0}, {{0x0, 0x0}, {0x0, 0x0}, 0x0, {0x0, ...}, ...}, ...}, ...)
                	/Users/keruch/Development/Dymension/ethermint/testutil/abci.go:32 +0x7c
                github.com/evmos/ethermint/x/evm/keeper_test.(*KeeperTestSuite).Commit(...)
                	/Users/keruch/Development/Dymension/ethermint/x/evm/keeper/keeper_test.go:194
                github.com/evmos/ethermint/x/evm/keeper_test.(*KeeperTestSuite).TestTraceBlock.func10()
                	/Users/keruch/Development/Dymension/ethermint/x/evm/keeper/grpc_query_test.go:1122 +0x4ec
                github.com/stretchr/testify/suite.(*Suite).Run.func1(0x1400282c9c0)
                	/Users/keruch/Go-workspace/pkg/mod/github.com/stretchr/testify@v1.9.0/suite/suite.go:115 +0x148
                testing.tRunner(0x1400282c9c0, 0x14002f14320)
                	/Users/keruch/sdk/go1.23.0/src/testing/testing.go:1690 +0xe4
                created by testing.(*T).Run in goroutine 29918
                	/Users/keruch/sdk/go1.23.0/src/testing/testing.go:1743 +0x314
        --- FAIL: TestKeeperTestSuite/TestTraceBlock/Case_javascript_tracer (0.01s)
            panic.go:262: test panicked: runtime error: invalid memory address or nil pointer dereference
                goroutine 30473 [running]:
                runtime/debug.Stack()
                	/Users/keruch/sdk/go1.23.0/src/runtime/debug/stack.go:26 +0x64
                github.com/stretchr/testify/suite.failOnPanic(0x140019f44e0, {0x1050c8cc0, 0x1073367d0})
                	/Users/keruch/Go-workspace/pkg/mod/github.com/stretchr/testify@v1.9.0/suite/suite.go:89 +0x38
                github.com/stretchr/testify/suite.recoverAndFailOnPanic(0x140019f44e0)
                	/Users/keruch/Go-workspace/pkg/mod/github.com/stretchr/testify@v1.9.0/suite/suite.go:83 +0x40
                panic({0x1050c8cc0?, 0x1073367d0?})
                	/Users/keruch/sdk/go1.23.0/src/runtime/panic.go:785 +0x124
                github.com/cosmos/cosmos-sdk/baseapp.(*state).Context(_)
                	/Users/keruch/Go-workspace/pkg/mod/github.com/cosmos/cosmos-sdk@v0.50.11/baseapp/state.go:33 +0x3c
                github.com/cosmos/cosmos-sdk/baseapp.(*BaseApp).Commit(0x14001af4488)
                	/Users/keruch/Go-workspace/pkg/mod/github.com/cosmos/cosmos-sdk@v0.50.11/baseapp/abci.go:921 +0x44
                github.com/evmos/ethermint/testutil.commit({{0x105652bf0, 0x107583140}, {0x10566df70, 0x140024675c0}, {{0x0, 0x0}, {0x0, 0x0}, 0x0, {0x0, ...}, ...}, ...}, ...)
                	/Users/keruch/Development/Dymension/ethermint/testutil/abci.go:234 +0x254
                github.com/evmos/ethermint/testutil.Commit({{0x105652bf0, 0x107583140}, {0x10566df70, 0x140024675c0}, {{0x0, 0x0}, {0x0, 0x0}, 0x0, {0x0, ...}, ...}, ...}, ...)
                	/Users/keruch/Development/Dymension/ethermint/testutil/abci.go:32 +0x7c
                github.com/evmos/ethermint/x/evm/keeper_test.(*KeeperTestSuite).Commit(...)
                	/Users/keruch/Development/Dymension/ethermint/x/evm/keeper/keeper_test.go:194
                github.com/evmos/ethermint/x/evm/keeper_test.(*KeeperTestSuite).TestTraceBlock.func10()
                	/Users/keruch/Development/Dymension/ethermint/x/evm/keeper/grpc_query_test.go:1122 +0x4ec
                github.com/stretchr/testify/suite.(*Suite).Run.func1(0x140019f44e0)
                	/Users/keruch/Go-workspace/pkg/mod/github.com/stretchr/testify@v1.9.0/suite/suite.go:115 +0x148
                testing.tRunner(0x140019f44e0, 0x14002cf90e0)
                	/Users/keruch/sdk/go1.23.0/src/testing/testing.go:1690 +0xe4
                created by testing.(*T).Run in goroutine 29918
                	/Users/keruch/sdk/go1.23.0/src/testing/testing.go:1743 +0x314
        --- FAIL: TestKeeperTestSuite/TestTraceBlock/Case_default_trace_with_enableFeemarket_and_filtered_return (0.01s)
            panic.go:262: test panicked: runtime error: invalid memory address or nil pointer dereference
                goroutine 30689 [running]:
                runtime/debug.Stack()
                	/Users/keruch/sdk/go1.23.0/src/runtime/debug/stack.go:26 +0x64
                github.com/stretchr/testify/suite.failOnPanic(0x14001775040, {0x1050c8cc0, 0x1073367d0})
                	/Users/keruch/Go-workspace/pkg/mod/github.com/stretchr/testify@v1.9.0/suite/suite.go:89 +0x38
                github.com/stretchr/testify/suite.recoverAndFailOnPanic(0x14001775040)
                	/Users/keruch/Go-workspace/pkg/mod/github.com/stretchr/testify@v1.9.0/suite/suite.go:83 +0x40
                panic({0x1050c8cc0?, 0x1073367d0?})
                	/Users/keruch/sdk/go1.23.0/src/runtime/panic.go:785 +0x124
                github.com/cosmos/cosmos-sdk/baseapp.(*state).Context(_)
                	/Users/keruch/Go-workspace/pkg/mod/github.com/cosmos/cosmos-sdk@v0.50.11/baseapp/state.go:33 +0x3c
                github.com/cosmos/cosmos-sdk/baseapp.(*BaseApp).Commit(0x14001665208)
                	/Users/keruch/Go-workspace/pkg/mod/github.com/cosmos/cosmos-sdk@v0.50.11/baseapp/abci.go:921 +0x44
                github.com/evmos/ethermint/testutil.commit({{0x105652bf0, 0x107583140}, {0x10566df70, 0x140020770c0}, {{0x0, 0x0}, {0x0, 0x0}, 0x0, {0x0, ...}, ...}, ...}, ...)
                	/Users/keruch/Development/Dymension/ethermint/testutil/abci.go:234 +0x254
                github.com/evmos/ethermint/testutil.Commit({{0x105652bf0, 0x107583140}, {0x10566df70, 0x140020770c0}, {{0x0, 0x0}, {0x0, 0x0}, 0x0, {0x0, ...}, ...}, ...}, ...)
                	/Users/keruch/Development/Dymension/ethermint/testutil/abci.go:32 +0x7c
                github.com/evmos/ethermint/x/evm/keeper_test.(*KeeperTestSuite).Commit(...)
                	/Users/keruch/Development/Dymension/ethermint/x/evm/keeper/keeper_test.go:194
                github.com/evmos/ethermint/x/evm/keeper_test.(*KeeperTestSuite).TestTraceBlock.func10()
                	/Users/keruch/Development/Dymension/ethermint/x/evm/keeper/grpc_query_test.go:1122 +0x4ec
                github.com/stretchr/testify/suite.(*Suite).Run.func1(0x14001775040)
                	/Users/keruch/Go-workspace/pkg/mod/github.com/stretchr/testify@v1.9.0/suite/suite.go:115 +0x148
                testing.tRunner(0x14001775040, 0x14002be5c00)
                	/Users/keruch/sdk/go1.23.0/src/testing/testing.go:1690 +0xe4
                created by testing.(*T).Run in goroutine 29918
                	/Users/keruch/sdk/go1.23.0/src/testing/testing.go:1743 +0x314
        --- FAIL: TestKeeperTestSuite/TestTraceBlock/Case_javascript_tracer_with_enableFeemarket (0.01s)
            panic.go:262: test panicked: runtime error: invalid memory address or nil pointer dereference
                goroutine 30903 [running]:
                runtime/debug.Stack()
                	/Users/keruch/sdk/go1.23.0/src/runtime/debug/stack.go:26 +0x64
                github.com/stretchr/testify/suite.failOnPanic(0x140007e9860, {0x1050c8cc0, 0x1073367d0})
                	/Users/keruch/Go-workspace/pkg/mod/github.com/stretchr/testify@v1.9.0/suite/suite.go:89 +0x38
                github.com/stretchr/testify/suite.recoverAndFailOnPanic(0x140007e9860)
                	/Users/keruch/Go-workspace/pkg/mod/github.com/stretchr/testify@v1.9.0/suite/suite.go:83 +0x40
                panic({0x1050c8cc0?, 0x1073367d0?})
                	/Users/keruch/sdk/go1.23.0/src/runtime/panic.go:785 +0x124
                github.com/cosmos/cosmos-sdk/baseapp.(*state).Context(_)
                	/Users/keruch/Go-workspace/pkg/mod/github.com/cosmos/cosmos-sdk@v0.50.11/baseapp/state.go:33 +0x3c
                github.com/cosmos/cosmos-sdk/baseapp.(*BaseApp).Commit(0x140014f3448)
                	/Users/keruch/Go-workspace/pkg/mod/github.com/cosmos/cosmos-sdk@v0.50.11/baseapp/abci.go:921 +0x44
                github.com/evmos/ethermint/testutil.commit({{0x105652bf0, 0x107583140}, {0x10566df70, 0x140024e47c0}, {{0x0, 0x0}, {0x0, 0x0}, 0x0, {0x0, ...}, ...}, ...}, ...)
                	/Users/keruch/Development/Dymension/ethermint/testutil/abci.go:234 +0x254
                github.com/evmos/ethermint/testutil.Commit({{0x105652bf0, 0x107583140}, {0x10566df70, 0x140024e47c0}, {{0x0, 0x0}, {0x0, 0x0}, 0x0, {0x0, ...}, ...}, ...}, ...)
                	/Users/keruch/Development/Dymension/ethermint/testutil/abci.go:32 +0x7c
                github.com/evmos/ethermint/x/evm/keeper_test.(*KeeperTestSuite).Commit(...)
                	/Users/keruch/Development/Dymension/ethermint/x/evm/keeper/keeper_test.go:194
                github.com/evmos/ethermint/x/evm/keeper_test.(*KeeperTestSuite).TestTraceBlock.func10()
                	/Users/keruch/Development/Dymension/ethermint/x/evm/keeper/grpc_query_test.go:1122 +0x4ec
                github.com/stretchr/testify/suite.(*Suite).Run.func1(0x140007e9860)
                	/Users/keruch/Go-workspace/pkg/mod/github.com/stretchr/testify@v1.9.0/suite/suite.go:115 +0x148
                testing.tRunner(0x140007e9860, 0x14001696660)
                	/Users/keruch/sdk/go1.23.0/src/testing/testing.go:1690 +0xe4
                created by testing.(*T).Run in goroutine 29918
                	/Users/keruch/sdk/go1.23.0/src/testing/testing.go:1743 +0x314
        --- FAIL: TestKeeperTestSuite/TestTraceBlock/Case_tracer_with_multiple_transactions (0.01s)
            panic.go:262: test panicked: runtime error: invalid memory address or nil pointer dereference
                goroutine 31115 [running]:
                runtime/debug.Stack()
                	/Users/keruch/sdk/go1.23.0/src/runtime/debug/stack.go:26 +0x64
                github.com/stretchr/testify/suite.failOnPanic(0x140015d7ba0, {0x1050c8cc0, 0x1073367d0})
                	/Users/keruch/Go-workspace/pkg/mod/github.com/stretchr/testify@v1.9.0/suite/suite.go:89 +0x38
                github.com/stretchr/testify/suite.recoverAndFailOnPanic(0x140015d7ba0)
                	/Users/keruch/Go-workspace/pkg/mod/github.com/stretchr/testify@v1.9.0/suite/suite.go:83 +0x40
                panic({0x1050c8cc0?, 0x1073367d0?})
                	/Users/keruch/sdk/go1.23.0/src/runtime/panic.go:785 +0x124
                github.com/cosmos/cosmos-sdk/baseapp.(*state).Context(_)
                	/Users/keruch/Go-workspace/pkg/mod/github.com/cosmos/cosmos-sdk@v0.50.11/baseapp/state.go:33 +0x3c
                github.com/cosmos/cosmos-sdk/baseapp.(*BaseApp).Commit(0x140015ef448)
                	/Users/keruch/Go-workspace/pkg/mod/github.com/cosmos/cosmos-sdk@v0.50.11/baseapp/abci.go:921 +0x44
                github.com/evmos/ethermint/testutil.commit({{0x105652bf0, 0x107583140}, {0x10566df70, 0x14001089d00}, {{0x0, 0x0}, {0x0, 0x0}, 0x0, {0x0, ...}, ...}, ...}, ...)
                	/Users/keruch/Development/Dymension/ethermint/testutil/abci.go:234 +0x254
                github.com/evmos/ethermint/testutil.Commit({{0x105652bf0, 0x107583140}, {0x10566df70, 0x14001089d00}, {{0x0, 0x0}, {0x0, 0x0}, 0x0, {0x0, ...}, ...}, ...}, ...)
                	/Users/keruch/Development/Dymension/ethermint/testutil/abci.go:32 +0x7c
                github.com/evmos/ethermint/x/evm/keeper_test.(*KeeperTestSuite).Commit(...)
                	/Users/keruch/Development/Dymension/ethermint/x/evm/keeper/keeper_test.go:194
                github.com/evmos/ethermint/x/evm/keeper_test.(*KeeperTestSuite).TestTraceBlock.func10()
                	/Users/keruch/Development/Dymension/ethermint/x/evm/keeper/grpc_query_test.go:1122 +0x4ec
                github.com/stretchr/testify/suite.(*Suite).Run.func1(0x140015d7ba0)
                	/Users/keruch/Go-workspace/pkg/mod/github.com/stretchr/testify@v1.9.0/suite/suite.go:115 +0x148
                testing.tRunner(0x140015d7ba0, 0x140019c2a40)
                	/Users/keruch/sdk/go1.23.0/src/testing/testing.go:1690 +0xe4
                created by testing.(*T).Run in goroutine 29918
                	/Users/keruch/sdk/go1.23.0/src/testing/testing.go:1743 +0x314
        --- FAIL: TestKeeperTestSuite/TestTraceBlock/Case_invalid_trace_config_-_Negative_Limit (0.01s)
            panic.go:262: test panicked: runtime error: invalid memory address or nil pointer dereference
                goroutine 31327 [running]:
                runtime/debug.Stack()
                	/Users/keruch/sdk/go1.23.0/src/runtime/debug/stack.go:26 +0x64
                github.com/stretchr/testify/suite.failOnPanic(0x14001aa5ba0, {0x1050c8cc0, 0x1073367d0})
                	/Users/keruch/Go-workspace/pkg/mod/github.com/stretchr/testify@v1.9.0/suite/suite.go:89 +0x38
                github.com/stretchr/testify/suite.recoverAndFailOnPanic(0x14001aa5ba0)
                	/Users/keruch/Go-workspace/pkg/mod/github.com/stretchr/testify@v1.9.0/suite/suite.go:83 +0x40
                panic({0x1050c8cc0?, 0x1073367d0?})
                	/Users/keruch/sdk/go1.23.0/src/runtime/panic.go:785 +0x124
                github.com/cosmos/cosmos-sdk/baseapp.(*state).Context(_)
                	/Users/keruch/Go-workspace/pkg/mod/github.com/cosmos/cosmos-sdk@v0.50.11/baseapp/state.go:33 +0x3c
                github.com/cosmos/cosmos-sdk/baseapp.(*BaseApp).Commit(0x140016b5208)
                	/Users/keruch/Go-workspace/pkg/mod/github.com/cosmos/cosmos-sdk@v0.50.11/baseapp/abci.go:921 +0x44
                github.com/evmos/ethermint/testutil.commit({{0x105652bf0, 0x107583140}, {0x10566df70, 0x14001937680}, {{0x0, 0x0}, {0x0, 0x0}, 0x0, {0x0, ...}, ...}, ...}, ...)
                	/Users/keruch/Development/Dymension/ethermint/testutil/abci.go:234 +0x254
                github.com/evmos/ethermint/testutil.Commit({{0x105652bf0, 0x107583140}, {0x10566df70, 0x14001937680}, {{0x0, 0x0}, {0x0, 0x0}, 0x0, {0x0, ...}, ...}, ...}, ...)
                	/Users/keruch/Development/Dymension/ethermint/testutil/abci.go:32 +0x7c
                github.com/evmos/ethermint/x/evm/keeper_test.(*KeeperTestSuite).Commit(...)
                	/Users/keruch/Development/Dymension/ethermint/x/evm/keeper/keeper_test.go:194
                github.com/evmos/ethermint/x/evm/keeper_test.(*KeeperTestSuite).TestTraceBlock.func10()
                	/Users/keruch/Development/Dymension/ethermint/x/evm/keeper/grpc_query_test.go:1122 +0x4ec
                github.com/stretchr/testify/suite.(*Suite).Run.func1(0x14001aa5ba0)
                	/Users/keruch/Go-workspace/pkg/mod/github.com/stretchr/testify@v1.9.0/suite/suite.go:115 +0x148
                testing.tRunner(0x14001aa5ba0, 0x1400225b720)
                	/Users/keruch/sdk/go1.23.0/src/testing/testing.go:1690 +0xe4
                created by testing.(*T).Run in goroutine 29918
                	/Users/keruch/sdk/go1.23.0/src/testing/testing.go:1743 +0x314
        --- FAIL: TestKeeperTestSuite/TestTraceBlock/Case_invalid_trace_config_-_Invalid_Tracer (0.01s)
            panic.go:262: test panicked: runtime error: invalid memory address or nil pointer dereference
                goroutine 31542 [running]:
                runtime/debug.Stack()
                	/Users/keruch/sdk/go1.23.0/src/runtime/debug/stack.go:26 +0x64
                github.com/stretchr/testify/suite.failOnPanic(0x140015d6b60, {0x1050c8cc0, 0x1073367d0})
                	/Users/keruch/Go-workspace/pkg/mod/github.com/stretchr/testify@v1.9.0/suite/suite.go:89 +0x38
                github.com/stretchr/testify/suite.recoverAndFailOnPanic(0x140015d6b60)
                	/Users/keruch/Go-workspace/pkg/mod/github.com/stretchr/testify@v1.9.0/suite/suite.go:83 +0x40
                panic({0x1050c8cc0?, 0x1073367d0?})
                	/Users/keruch/sdk/go1.23.0/src/runtime/panic.go:785 +0x124
                github.com/cosmos/cosmos-sdk/baseapp.(*state).Context(_)
                	/Users/keruch/Go-workspace/pkg/mod/github.com/cosmos/cosmos-sdk@v0.50.11/baseapp/state.go:33 +0x3c
                github.com/cosmos/cosmos-sdk/baseapp.(*BaseApp).Commit(0x14001661448)
                	/Users/keruch/Go-workspace/pkg/mod/github.com/cosmos/cosmos-sdk@v0.50.11/baseapp/abci.go:921 +0x44
                github.com/evmos/ethermint/testutil.commit({{0x105652bf0, 0x107583140}, {0x10566df70, 0x14001132f00}, {{0x0, 0x0}, {0x0, 0x0}, 0x0, {0x0, ...}, ...}, ...}, ...)
                	/Users/keruch/Development/Dymension/ethermint/testutil/abci.go:234 +0x254
                github.com/evmos/ethermint/testutil.Commit({{0x105652bf0, 0x107583140}, {0x10566df70, 0x14001132f00}, {{0x0, 0x0}, {0x0, 0x0}, 0x0, {0x0, ...}, ...}, ...}, ...)
                	/Users/keruch/Development/Dymension/ethermint/testutil/abci.go:32 +0x7c
                github.com/evmos/ethermint/x/evm/keeper_test.(*KeeperTestSuite).Commit(...)
                	/Users/keruch/Development/Dymension/ethermint/x/evm/keeper/keeper_test.go:194
                github.com/evmos/ethermint/x/evm/keeper_test.(*KeeperTestSuite).TestTraceBlock.func10()
                	/Users/keruch/Development/Dymension/ethermint/x/evm/keeper/grpc_query_test.go:1122 +0x4ec
                github.com/stretchr/testify/suite.(*Suite).Run.func1(0x140015d6b60)
                	/Users/keruch/Go-workspace/pkg/mod/github.com/stretchr/testify@v1.9.0/suite/suite.go:115 +0x148
                testing.tRunner(0x140015d6b60, 0x1400262ac60)
                	/Users/keruch/sdk/go1.23.0/src/testing/testing.go:1690 +0xe4
                created by testing.(*T).Run in goroutine 29918
                	/Users/keruch/sdk/go1.23.0/src/testing/testing.go:1743 +0x314
        --- FAIL: TestKeeperTestSuite/TestTraceBlock/Case_invalid_chain_id (0.01s)
            panic.go:262: test panicked: runtime error: invalid memory address or nil pointer dereference
                goroutine 31763 [running]:
                runtime/debug.Stack()
                	/Users/keruch/sdk/go1.23.0/src/runtime/debug/stack.go:26 +0x64
                github.com/stretchr/testify/suite.failOnPanic(0x140015d76c0, {0x1050c8cc0, 0x1073367d0})
                	/Users/keruch/Go-workspace/pkg/mod/github.com/stretchr/testify@v1.9.0/suite/suite.go:89 +0x38
                github.com/stretchr/testify/suite.recoverAndFailOnPanic(0x140015d76c0)
                	/Users/keruch/Go-workspace/pkg/mod/github.com/stretchr/testify@v1.9.0/suite/suite.go:83 +0x40
                panic({0x1050c8cc0?, 0x1073367d0?})
                	/Users/keruch/sdk/go1.23.0/src/runtime/panic.go:785 +0x124
                github.com/cosmos/cosmos-sdk/baseapp.(*state).Context(_)
                	/Users/keruch/Go-workspace/pkg/mod/github.com/cosmos/cosmos-sdk@v0.50.11/baseapp/state.go:33 +0x3c
                github.com/cosmos/cosmos-sdk/baseapp.(*BaseApp).Commit(0x14001409448)
                	/Users/keruch/Go-workspace/pkg/mod/github.com/cosmos/cosmos-sdk@v0.50.11/baseapp/abci.go:921 +0x44
                github.com/evmos/ethermint/testutil.commit({{0x105652bf0, 0x107583140}, {0x10566df70, 0x1400238a400}, {{0x0, 0x0}, {0x0, 0x0}, 0x0, {0x0, ...}, ...}, ...}, ...)
                	/Users/keruch/Development/Dymension/ethermint/testutil/abci.go:234 +0x254
                github.com/evmos/ethermint/testutil.Commit({{0x105652bf0, 0x107583140}, {0x10566df70, 0x1400238a400}, {{0x0, 0x0}, {0x0, 0x0}, 0x0, {0x0, ...}, ...}, ...}, ...)
                	/Users/keruch/Development/Dymension/ethermint/testutil/abci.go:32 +0x7c
                github.com/evmos/ethermint/x/evm/keeper_test.(*KeeperTestSuite).Commit(...)
                	/Users/keruch/Development/Dymension/ethermint/x/evm/keeper/keeper_test.go:194
                github.com/evmos/ethermint/x/evm/keeper_test.(*KeeperTestSuite).TestTraceBlock.func10()
                	/Users/keruch/Development/Dymension/ethermint/x/evm/keeper/grpc_query_test.go:1122 +0x4ec
                github.com/stretchr/testify/suite.(*Suite).Run.func1(0x140015d76c0)
                	/Users/keruch/Go-workspace/pkg/mod/github.com/stretchr/testify@v1.9.0/suite/suite.go:115 +0x148
                testing.tRunner(0x140015d76c0, 0x1400103f3e0)
                	/Users/keruch/sdk/go1.23.0/src/testing/testing.go:1690 +0xe4
                created by testing.(*T).Run in goroutine 29918
                	/Users/keruch/sdk/go1.23.0/src/testing/testing.go:1743 +0x314
    --- FAIL: TestKeeperTestSuite/TestTraceTx (0.16s)
        --- FAIL: TestKeeperTestSuite/TestTraceTx/Case_default_trace (0.01s)
            panic.go:262: test panicked: runtime error: invalid memory address or nil pointer dereference
                goroutine 32101 [running]:
                runtime/debug.Stack()
                	/Users/keruch/sdk/go1.23.0/src/runtime/debug/stack.go:26 +0x64
                github.com/stretchr/testify/suite.failOnPanic(0x14001aa4000, {0x1050c8cc0, 0x1073367d0})
                	/Users/keruch/Go-workspace/pkg/mod/github.com/stretchr/testify@v1.9.0/suite/suite.go:89 +0x38
                github.com/stretchr/testify/suite.recoverAndFailOnPanic(0x14001aa4000)
                	/Users/keruch/Go-workspace/pkg/mod/github.com/stretchr/testify@v1.9.0/suite/suite.go:83 +0x40
                panic({0x1050c8cc0?, 0x1073367d0?})
                	/Users/keruch/sdk/go1.23.0/src/runtime/panic.go:785 +0x124
                github.com/cosmos/cosmos-sdk/baseapp.(*state).Context(_)
                	/Users/keruch/Go-workspace/pkg/mod/github.com/cosmos/cosmos-sdk@v0.50.11/baseapp/state.go:33 +0x3c
                github.com/cosmos/cosmos-sdk/baseapp.(*BaseApp).Commit(0x140019c4fc8)
                	/Users/keruch/Go-workspace/pkg/mod/github.com/cosmos/cosmos-sdk@v0.50.11/baseapp/abci.go:921 +0x44
                github.com/evmos/ethermint/testutil.commit({{0x105652bf0, 0x107583140}, {0x10566df70, 0x1400265b100}, {{0x0, 0x0}, {0x0, 0x0}, 0x0, {0x0, ...}, ...}, ...}, ...)
                	/Users/keruch/Development/Dymension/ethermint/testutil/abci.go:234 +0x254
                github.com/evmos/ethermint/testutil.Commit({{0x105652bf0, 0x107583140}, {0x10566df70, 0x1400265b100}, {{0x0, 0x0}, {0x0, 0x0}, 0x0, {0x0, ...}, ...}, ...}, ...)
                	/Users/keruch/Development/Dymension/ethermint/testutil/abci.go:32 +0x7c
                github.com/evmos/ethermint/x/evm/keeper_test.(*KeeperTestSuite).Commit(...)
                	/Users/keruch/Development/Dymension/ethermint/x/evm/keeper/keeper_test.go:194
                github.com/evmos/ethermint/x/evm/keeper_test.(*KeeperTestSuite).TestTraceTx.func12()
                	/Users/keruch/Development/Dymension/ethermint/x/evm/keeper/grpc_query_test.go:946 +0x4f0
                github.com/stretchr/testify/suite.(*Suite).Run.func1(0x14001aa4000)
                	/Users/keruch/Go-workspace/pkg/mod/github.com/stretchr/testify@v1.9.0/suite/suite.go:115 +0x148
                testing.tRunner(0x14001aa4000, 0x1400172b9e0)
                	/Users/keruch/sdk/go1.23.0/src/testing/testing.go:1690 +0xe4
                created by testing.(*T).Run in goroutine 31969
                	/Users/keruch/sdk/go1.23.0/src/testing/testing.go:1743 +0x314
        --- FAIL: TestKeeperTestSuite/TestTraceTx/Case_default_trace_with_filtered_response (0.01s)
            panic.go:262: test panicked: runtime error: invalid memory address or nil pointer dereference
                goroutine 32313 [running]:
                runtime/debug.Stack()
                	/Users/keruch/sdk/go1.23.0/src/runtime/debug/stack.go:26 +0x64
                github.com/stretchr/testify/suite.failOnPanic(0x1400282c9c0, {0x1050c8cc0, 0x1073367d0})
                	/Users/keruch/Go-workspace/pkg/mod/github.com/stretchr/testify@v1.9.0/suite/suite.go:89 +0x38
                github.com/stretchr/testify/suite.recoverAndFailOnPanic(0x1400282c9c0)
                	/Users/keruch/Go-workspace/pkg/mod/github.com/stretchr/testify@v1.9.0/suite/suite.go:83 +0x40
                panic({0x1050c8cc0?, 0x1073367d0?})
                	/Users/keruch/sdk/go1.23.0/src/runtime/panic.go:785 +0x124
                github.com/cosmos/cosmos-sdk/baseapp.(*state).Context(_)
                	/Users/keruch/Go-workspace/pkg/mod/github.com/cosmos/cosmos-sdk@v0.50.11/baseapp/state.go:33 +0x3c
                github.com/cosmos/cosmos-sdk/baseapp.(*BaseApp).Commit(0x1400135b208)
                	/Users/keruch/Go-workspace/pkg/mod/github.com/cosmos/cosmos-sdk@v0.50.11/baseapp/abci.go:921 +0x44
                github.com/evmos/ethermint/testutil.commit({{0x105652bf0, 0x107583140}, {0x10566df70, 0x14000029200}, {{0x0, 0x0}, {0x0, 0x0}, 0x0, {0x0, ...}, ...}, ...}, ...)
                	/Users/keruch/Development/Dymension/ethermint/testutil/abci.go:234 +0x254
                github.com/evmos/ethermint/testutil.Commit({{0x105652bf0, 0x107583140}, {0x10566df70, 0x14000029200}, {{0x0, 0x0}, {0x0, 0x0}, 0x0, {0x0, ...}, ...}, ...}, ...)
                	/Users/keruch/Development/Dymension/ethermint/testutil/abci.go:32 +0x7c
                github.com/evmos/ethermint/x/evm/keeper_test.(*KeeperTestSuite).Commit(...)
                	/Users/keruch/Development/Dymension/ethermint/x/evm/keeper/keeper_test.go:194
                github.com/evmos/ethermint/x/evm/keeper_test.(*KeeperTestSuite).TestTraceTx.func12()
                	/Users/keruch/Development/Dymension/ethermint/x/evm/keeper/grpc_query_test.go:946 +0x4f0
                github.com/stretchr/testify/suite.(*Suite).Run.func1(0x1400282c9c0)
                	/Users/keruch/Go-workspace/pkg/mod/github.com/stretchr/testify@v1.9.0/suite/suite.go:115 +0x148
                testing.tRunner(0x1400282c9c0, 0x140017c4780)
                	/Users/keruch/sdk/go1.23.0/src/testing/testing.go:1690 +0xe4
                created by testing.(*T).Run in goroutine 31969
                	/Users/keruch/sdk/go1.23.0/src/testing/testing.go:1743 +0x314
        --- FAIL: TestKeeperTestSuite/TestTraceTx/Case_javascript_tracer (0.01s)
            panic.go:262: test panicked: runtime error: invalid memory address or nil pointer dereference
                goroutine 32522 [running]:
                runtime/debug.Stack()
                	/Users/keruch/sdk/go1.23.0/src/runtime/debug/stack.go:26 +0x64
                github.com/stretchr/testify/suite.failOnPanic(0x14001a7c000, {0x1050c8cc0, 0x1073367d0})
                	/Users/keruch/Go-workspace/pkg/mod/github.com/stretchr/testify@v1.9.0/suite/suite.go:89 +0x38
                github.com/stretchr/testify/suite.recoverAndFailOnPanic(0x14001a7c000)
                	/Users/keruch/Go-workspace/pkg/mod/github.com/stretchr/testify@v1.9.0/suite/suite.go:83 +0x40
                panic({0x1050c8cc0?, 0x1073367d0?})
                	/Users/keruch/sdk/go1.23.0/src/runtime/panic.go:785 +0x124
                github.com/cosmos/cosmos-sdk/baseapp.(*state).Context(_)
                	/Users/keruch/Go-workspace/pkg/mod/github.com/cosmos/cosmos-sdk@v0.50.11/baseapp/state.go:33 +0x3c
                github.com/cosmos/cosmos-sdk/baseapp.(*BaseApp).Commit(0x14001aa0488)
                	/Users/keruch/Go-workspace/pkg/mod/github.com/cosmos/cosmos-sdk@v0.50.11/baseapp/abci.go:921 +0x44
                github.com/evmos/ethermint/testutil.commit({{0x105652bf0, 0x107583140}, {0x10566df70, 0x140017a5280}, {{0x0, 0x0}, {0x0, 0x0}, 0x0, {0x0, ...}, ...}, ...}, ...)
                	/Users/keruch/Development/Dymension/ethermint/testutil/abci.go:234 +0x254
                github.com/evmos/ethermint/testutil.Commit({{0x105652bf0, 0x107583140}, {0x10566df70, 0x140017a5280}, {{0x0, 0x0}, {0x0, 0x0}, 0x0, {0x0, ...}, ...}, ...}, ...)
                	/Users/keruch/Development/Dymension/ethermint/testutil/abci.go:32 +0x7c
                github.com/evmos/ethermint/x/evm/keeper_test.(*KeeperTestSuite).Commit(...)
                	/Users/keruch/Development/Dymension/ethermint/x/evm/keeper/keeper_test.go:194
                github.com/evmos/ethermint/x/evm/keeper_test.(*KeeperTestSuite).TestTraceTx.func12()
                	/Users/keruch/Development/Dymension/ethermint/x/evm/keeper/grpc_query_test.go:946 +0x4f0
                github.com/stretchr/testify/suite.(*Suite).Run.func1(0x14001a7c000)
                	/Users/keruch/Go-workspace/pkg/mod/github.com/stretchr/testify@v1.9.0/suite/suite.go:115 +0x148
                testing.tRunner(0x14001a7c000, 0x14002be5d80)
                	/Users/keruch/sdk/go1.23.0/src/testing/testing.go:1690 +0xe4
                created by testing.(*T).Run in goroutine 31969
                	/Users/keruch/sdk/go1.23.0/src/testing/testing.go:1743 +0x314
        --- FAIL: TestKeeperTestSuite/TestTraceTx/Case_default_trace_with_enableFeemarket (0.01s)
            panic.go:262: test panicked: runtime error: invalid memory address or nil pointer dereference
                goroutine 32728 [running]:
                runtime/debug.Stack()
                	/Users/keruch/sdk/go1.23.0/src/runtime/debug/stack.go:26 +0x64
                github.com/stretchr/testify/suite.failOnPanic(0x14001b3fd40, {0x1050c8cc0, 0x1073367d0})
                	/Users/keruch/Go-workspace/pkg/mod/github.com/stretchr/testify@v1.9.0/suite/suite.go:89 +0x38
                github.com/stretchr/testify/suite.recoverAndFailOnPanic(0x14001b3fd40)
                	/Users/keruch/Go-workspace/pkg/mod/github.com/stretchr/testify@v1.9.0/suite/suite.go:83 +0x40
                panic({0x1050c8cc0?, 0x1073367d0?})
                	/Users/keruch/sdk/go1.23.0/src/runtime/panic.go:785 +0x124
                github.com/cosmos/cosmos-sdk/baseapp.(*state).Context(_)
                	/Users/keruch/Go-workspace/pkg/mod/github.com/cosmos/cosmos-sdk@v0.50.11/baseapp/state.go:33 +0x3c
                github.com/cosmos/cosmos-sdk/baseapp.(*BaseApp).Commit(0x14001a5c248)
                	/Users/keruch/Go-workspace/pkg/mod/github.com/cosmos/cosmos-sdk@v0.50.11/baseapp/abci.go:921 +0x44
                github.com/evmos/ethermint/testutil.commit({{0x105652bf0, 0x107583140}, {0x10566df70, 0x14001112780}, {{0x0, 0x0}, {0x0, 0x0}, 0x0, {0x0, ...}, ...}, ...}, ...)
                	/Users/keruch/Development/Dymension/ethermint/testutil/abci.go:234 +0x254
                github.com/evmos/ethermint/testutil.Commit({{0x105652bf0, 0x107583140}, {0x10566df70, 0x14001112780}, {{0x0, 0x0}, {0x0, 0x0}, 0x0, {0x0, ...}, ...}, ...}, ...)
                	/Users/keruch/Development/Dymension/ethermint/testutil/abci.go:32 +0x7c
                github.com/evmos/ethermint/x/evm/keeper_test.(*KeeperTestSuite).Commit(...)
                	/Users/keruch/Development/Dymension/ethermint/x/evm/keeper/keeper_test.go:194
                github.com/evmos/ethermint/x/evm/keeper_test.(*KeeperTestSuite).TestTraceTx.func12()
                	/Users/keruch/Development/Dymension/ethermint/x/evm/keeper/grpc_query_test.go:946 +0x4f0
                github.com/stretchr/testify/suite.(*Suite).Run.func1(0x14001b3fd40)
                	/Users/keruch/Go-workspace/pkg/mod/github.com/stretchr/testify@v1.9.0/suite/suite.go:115 +0x148
                testing.tRunner(0x14001b3fd40, 0x14002615680)
                	/Users/keruch/sdk/go1.23.0/src/testing/testing.go:1690 +0xe4
                created by testing.(*T).Run in goroutine 31969
                	/Users/keruch/sdk/go1.23.0/src/testing/testing.go:1743 +0x314
        --- FAIL: TestKeeperTestSuite/TestTraceTx/Case_javascript_tracer_with_enableFeemarket (0.01s)
            panic.go:262: test panicked: runtime error: invalid memory address or nil pointer dereference
                goroutine 32949 [running]:
                runtime/debug.Stack()
                	/Users/keruch/sdk/go1.23.0/src/runtime/debug/stack.go:26 +0x64
                github.com/stretchr/testify/suite.failOnPanic(0x14001b3e1a0, {0x1050c8cc0, 0x1073367d0})
                	/Users/keruch/Go-workspace/pkg/mod/github.com/stretchr/testify@v1.9.0/suite/suite.go:89 +0x38
                github.com/stretchr/testify/suite.recoverAndFailOnPanic(0x14001b3e1a0)
                	/Users/keruch/Go-workspace/pkg/mod/github.com/stretchr/testify@v1.9.0/suite/suite.go:83 +0x40
                panic({0x1050c8cc0?, 0x1073367d0?})
                	/Users/keruch/sdk/go1.23.0/src/runtime/panic.go:785 +0x124
                github.com/cosmos/cosmos-sdk/baseapp.(*state).Context(_)
                	/Users/keruch/Go-workspace/pkg/mod/github.com/cosmos/cosmos-sdk@v0.50.11/baseapp/state.go:33 +0x3c
                github.com/cosmos/cosmos-sdk/baseapp.(*BaseApp).Commit(0x14001663208)
                	/Users/keruch/Go-workspace/pkg/mod/github.com/cosmos/cosmos-sdk@v0.50.11/baseapp/abci.go:921 +0x44
                github.com/evmos/ethermint/testutil.commit({{0x105652bf0, 0x107583140}, {0x10566df70, 0x14001937780}, {{0x0, 0x0}, {0x0, 0x0}, 0x0, {0x0, ...}, ...}, ...}, ...)
                	/Users/keruch/Development/Dymension/ethermint/testutil/abci.go:234 +0x254
                github.com/evmos/ethermint/testutil.Commit({{0x105652bf0, 0x107583140}, {0x10566df70, 0x14001937780}, {{0x0, 0x0}, {0x0, 0x0}, 0x0, {0x0, ...}, ...}, ...}, ...)
                	/Users/keruch/Development/Dymension/ethermint/testutil/abci.go:32 +0x7c
                github.com/evmos/ethermint/x/evm/keeper_test.(*KeeperTestSuite).Commit(...)
                	/Users/keruch/Development/Dymension/ethermint/x/evm/keeper/keeper_test.go:194
                github.com/evmos/ethermint/x/evm/keeper_test.(*KeeperTestSuite).TestTraceTx.func12()
                	/Users/keruch/Development/Dymension/ethermint/x/evm/keeper/grpc_query_test.go:946 +0x4f0
                github.com/stretchr/testify/suite.(*Suite).Run.func1(0x14001b3e1a0)
                	/Users/keruch/Go-workspace/pkg/mod/github.com/stretchr/testify@v1.9.0/suite/suite.go:115 +0x148
                testing.tRunner(0x14001b3e1a0, 0x140019c31e0)
                	/Users/keruch/sdk/go1.23.0/src/testing/testing.go:1690 +0xe4
                created by testing.(*T).Run in goroutine 31969
                	/Users/keruch/sdk/go1.23.0/src/testing/testing.go:1743 +0x314
        --- FAIL: TestKeeperTestSuite/TestTraceTx/Case_default_tracer_with_predecessors (0.01s)
            panic.go:262: test panicked: runtime error: invalid memory address or nil pointer dereference
                goroutine 33173 [running]:
                runtime/debug.Stack()
                	/Users/keruch/sdk/go1.23.0/src/runtime/debug/stack.go:26 +0x64
                github.com/stretchr/testify/suite.failOnPanic(0x140018f41a0, {0x1050c8cc0, 0x1073367d0})
                	/Users/keruch/Go-workspace/pkg/mod/github.com/stretchr/testify@v1.9.0/suite/suite.go:89 +0x38
                github.com/stretchr/testify/suite.recoverAndFailOnPanic(0x140018f41a0)
                	/Users/keruch/Go-workspace/pkg/mod/github.com/stretchr/testify@v1.9.0/suite/suite.go:83 +0x40
                panic({0x1050c8cc0?, 0x1073367d0?})
                	/Users/keruch/sdk/go1.23.0/src/runtime/panic.go:785 +0x124
                github.com/cosmos/cosmos-sdk/baseapp.(*state).Context(_)
                	/Users/keruch/Go-workspace/pkg/mod/github.com/cosmos/cosmos-sdk@v0.50.11/baseapp/state.go:33 +0x3c
                github.com/cosmos/cosmos-sdk/baseapp.(*BaseApp).Commit(0x14001a58248)
                	/Users/keruch/Go-workspace/pkg/mod/github.com/cosmos/cosmos-sdk@v0.50.11/baseapp/abci.go:921 +0x44
                github.com/evmos/ethermint/testutil.commit({{0x105652bf0, 0x107583140}, {0x10566df70, 0x14001893dc0}, {{0x0, 0x0}, {0x0, 0x0}, 0x0, {0x0, ...}, ...}, ...}, ...)
                	/Users/keruch/Development/Dymension/ethermint/testutil/abci.go:234 +0x254
                github.com/evmos/ethermint/testutil.Commit({{0x105652bf0, 0x107583140}, {0x10566df70, 0x14001893dc0}, {{0x0, 0x0}, {0x0, 0x0}, 0x0, {0x0, ...}, ...}, ...}, ...)
                	/Users/keruch/Development/Dymension/ethermint/testutil/abci.go:32 +0x7c
                github.com/evmos/ethermint/x/evm/keeper_test.(*KeeperTestSuite).Commit(...)
                	/Users/keruch/Development/Dymension/ethermint/x/evm/keeper/keeper_test.go:194
                github.com/evmos/ethermint/x/evm/keeper_test.(*KeeperTestSuite).TestTraceTx.func12()
                	/Users/keruch/Development/Dymension/ethermint/x/evm/keeper/grpc_query_test.go:946 +0x4f0
                github.com/stretchr/testify/suite.(*Suite).Run.func1(0x140018f41a0)
                	/Users/keruch/Go-workspace/pkg/mod/github.com/stretchr/testify@v1.9.0/suite/suite.go:115 +0x148
                testing.tRunner(0x140018f41a0, 0x14002854440)
                	/Users/keruch/sdk/go1.23.0/src/testing/testing.go:1690 +0xe4
                created by testing.(*T).Run in goroutine 31969
                	/Users/keruch/sdk/go1.23.0/src/testing/testing.go:1743 +0x314
        --- FAIL: TestKeeperTestSuite/TestTraceTx/Case_invalid_trace_config_-_Negative_Limit (0.01s)
            panic.go:262: test panicked: runtime error: invalid memory address or nil pointer dereference
                goroutine 33386 [running]:
                runtime/debug.Stack()
                	/Users/keruch/sdk/go1.23.0/src/runtime/debug/stack.go:26 +0x64
                github.com/stretchr/testify/suite.failOnPanic(0x140011df860, {0x1050c8cc0, 0x1073367d0})
                	/Users/keruch/Go-workspace/pkg/mod/github.com/stretchr/testify@v1.9.0/suite/suite.go:89 +0x38
                github.com/stretchr/testify/suite.recoverAndFailOnPanic(0x140011df860)
                	/Users/keruch/Go-workspace/pkg/mod/github.com/stretchr/testify@v1.9.0/suite/suite.go:83 +0x40
                panic({0x1050c8cc0?, 0x1073367d0?})
                	/Users/keruch/sdk/go1.23.0/src/runtime/panic.go:785 +0x124
                github.com/cosmos/cosmos-sdk/baseapp.(*state).Context(_)
                	/Users/keruch/Go-workspace/pkg/mod/github.com/cosmos/cosmos-sdk@v0.50.11/baseapp/state.go:33 +0x3c
                github.com/cosmos/cosmos-sdk/baseapp.(*BaseApp).Commit(0x1400162b688)
                	/Users/keruch/Go-workspace/pkg/mod/github.com/cosmos/cosmos-sdk@v0.50.11/baseapp/abci.go:921 +0x44
                github.com/evmos/ethermint/testutil.commit({{0x105652bf0, 0x107583140}, {0x10566df70, 0x14000029800}, {{0x0, 0x0}, {0x0, 0x0}, 0x0, {0x0, ...}, ...}, ...}, ...)
                	/Users/keruch/Development/Dymension/ethermint/testutil/abci.go:234 +0x254
                github.com/evmos/ethermint/testutil.Commit({{0x105652bf0, 0x107583140}, {0x10566df70, 0x14000029800}, {{0x0, 0x0}, {0x0, 0x0}, 0x0, {0x0, ...}, ...}, ...}, ...)
                	/Users/keruch/Development/Dymension/ethermint/testutil/abci.go:32 +0x7c
                github.com/evmos/ethermint/x/evm/keeper_test.(*KeeperTestSuite).Commit(...)
                	/Users/keruch/Development/Dymension/ethermint/x/evm/keeper/keeper_test.go:194
                github.com/evmos/ethermint/x/evm/keeper_test.(*KeeperTestSuite).TestTraceTx.func12()
                	/Users/keruch/Development/Dymension/ethermint/x/evm/keeper/grpc_query_test.go:946 +0x4f0
                github.com/stretchr/testify/suite.(*Suite).Run.func1(0x140011df860)
                	/Users/keruch/Go-workspace/pkg/mod/github.com/stretchr/testify@v1.9.0/suite/suite.go:115 +0x148
                testing.tRunner(0x140011df860, 0x14002f15be0)
                	/Users/keruch/sdk/go1.23.0/src/testing/testing.go:1690 +0xe4
                created by testing.(*T).Run in goroutine 31969
                	/Users/keruch/sdk/go1.23.0/src/testing/testing.go:1743 +0x314
        --- FAIL: TestKeeperTestSuite/TestTraceTx/Case_invalid_trace_config_-_Invalid_Tracer (0.01s)
            panic.go:262: test panicked: runtime error: invalid memory address or nil pointer dereference
                goroutine 33598 [running]:
                runtime/debug.Stack()
                	/Users/keruch/sdk/go1.23.0/src/runtime/debug/stack.go:26 +0x64
                github.com/stretchr/testify/suite.failOnPanic(0x140011de1a0, {0x1050c8cc0, 0x1073367d0})
                	/Users/keruch/Go-workspace/pkg/mod/github.com/stretchr/testify@v1.9.0/suite/suite.go:89 +0x38
                github.com/stretchr/testify/suite.recoverAndFailOnPanic(0x140011de1a0)
                	/Users/keruch/Go-workspace/pkg/mod/github.com/stretchr/testify@v1.9.0/suite/suite.go:83 +0x40
                panic({0x1050c8cc0?, 0x1073367d0?})
                	/Users/keruch/sdk/go1.23.0/src/runtime/panic.go:785 +0x124
                github.com/cosmos/cosmos-sdk/baseapp.(*state).Context(_)
                	/Users/keruch/Go-workspace/pkg/mod/github.com/cosmos/cosmos-sdk@v0.50.11/baseapp/state.go:33 +0x3c
                github.com/cosmos/cosmos-sdk/baseapp.(*BaseApp).Commit(0x14001a70248)
                	/Users/keruch/Go-workspace/pkg/mod/github.com/cosmos/cosmos-sdk@v0.50.11/baseapp/abci.go:921 +0x44
                github.com/evmos/ethermint/testutil.commit({{0x105652bf0, 0x107583140}, {0x10566df70, 0x140011136c0}, {{0x0, 0x0}, {0x0, 0x0}, 0x0, {0x0, ...}, ...}, ...}, ...)
                	/Users/keruch/Development/Dymension/ethermint/testutil/abci.go:234 +0x254
                github.com/evmos/ethermint/testutil.Commit({{0x105652bf0, 0x107583140}, {0x10566df70, 0x140011136c0}, {{0x0, 0x0}, {0x0, 0x0}, 0x0, {0x0, ...}, ...}, ...}, ...)
                	/Users/keruch/Development/Dymension/ethermint/testutil/abci.go:32 +0x7c
                github.com/evmos/ethermint/x/evm/keeper_test.(*KeeperTestSuite).Commit(...)
                	/Users/keruch/Development/Dymension/ethermint/x/evm/keeper/keeper_test.go:194
                github.com/evmos/ethermint/x/evm/keeper_test.(*KeeperTestSuite).TestTraceTx.func12()
                	/Users/keruch/Development/Dymension/ethermint/x/evm/keeper/grpc_query_test.go:946 +0x4f0
                github.com/stretchr/testify/suite.(*Suite).Run.func1(0x140011de1a0)
                	/Users/keruch/Go-workspace/pkg/mod/github.com/stretchr/testify@v1.9.0/suite/suite.go:115 +0x148
                testing.tRunner(0x140011de1a0, 0x140024c5660)
                	/Users/keruch/sdk/go1.23.0/src/testing/testing.go:1690 +0xe4
                created by testing.(*T).Run in goroutine 31969
                	/Users/keruch/sdk/go1.23.0/src/testing/testing.go:1743 +0x314
        --- FAIL: TestKeeperTestSuite/TestTraceTx/Case_invalid_trace_config_-_Invalid_Timeout (0.01s)
            panic.go:262: test panicked: runtime error: invalid memory address or nil pointer dereference
                goroutine 33795 [running]:
                runtime/debug.Stack()
                	/Users/keruch/sdk/go1.23.0/src/runtime/debug/stack.go:26 +0x64
                github.com/stretchr/testify/suite.failOnPanic(0x14001a78340, {0x1050c8cc0, 0x1073367d0})
                	/Users/keruch/Go-workspace/pkg/mod/github.com/stretchr/testify@v1.9.0/suite/suite.go:89 +0x38
                github.com/stretchr/testify/suite.recoverAndFailOnPanic(0x14001a78340)
                	/Users/keruch/Go-workspace/pkg/mod/github.com/stretchr/testify@v1.9.0/suite/suite.go:83 +0x40
                panic({0x1050c8cc0?, 0x1073367d0?})
                	/Users/keruch/sdk/go1.23.0/src/runtime/panic.go:785 +0x124
                github.com/cosmos/cosmos-sdk/baseapp.(*state).Context(_)
                	/Users/keruch/Go-workspace/pkg/mod/github.com/cosmos/cosmos-sdk@v0.50.11/baseapp/state.go:33 +0x3c
                github.com/cosmos/cosmos-sdk/baseapp.(*BaseApp).Commit(0x140017778c8)
                	/Users/keruch/Go-workspace/pkg/mod/github.com/cosmos/cosmos-sdk@v0.50.11/baseapp/abci.go:921 +0x44
                github.com/evmos/ethermint/testutil.commit({{0x105652bf0, 0x107583140}, {0x10566df70, 0x14002881380}, {{0x0, 0x0}, {0x0, 0x0}, 0x0, {0x0, ...}, ...}, ...}, ...)
                	/Users/keruch/Development/Dymension/ethermint/testutil/abci.go:234 +0x254
                github.com/evmos/ethermint/testutil.Commit({{0x105652bf0, 0x107583140}, {0x10566df70, 0x14002881380}, {{0x0, 0x0}, {0x0, 0x0}, 0x0, {0x0, ...}, ...}, ...}, ...)
                	/Users/keruch/Development/Dymension/ethermint/testutil/abci.go:32 +0x7c
                github.com/evmos/ethermint/x/evm/keeper_test.(*KeeperTestSuite).Commit(...)
                	/Users/keruch/Development/Dymension/ethermint/x/evm/keeper/keeper_test.go:194
                github.com/evmos/ethermint/x/evm/keeper_test.(*KeeperTestSuite).TestTraceTx.func12()
                	/Users/keruch/Development/Dymension/ethermint/x/evm/keeper/grpc_query_test.go:946 +0x4f0
                github.com/stretchr/testify/suite.(*Suite).Run.func1(0x14001a78340)
                	/Users/keruch/Go-workspace/pkg/mod/github.com/stretchr/testify@v1.9.0/suite/suite.go:115 +0x148
                testing.tRunner(0x14001a78340, 0x140019c2ac0)
                	/Users/keruch/sdk/go1.23.0/src/testing/testing.go:1690 +0xe4
                created by testing.(*T).Run in goroutine 31969
                	/Users/keruch/sdk/go1.23.0/src/testing/testing.go:1743 +0x314
        --- FAIL: TestKeeperTestSuite/TestTraceTx/Case_default_tracer_with_contract_creation_tx_as_predecessor_but_'create'_param_disabled (0.01s)
            panic.go:262: test panicked: runtime error: invalid memory address or nil pointer dereference
                goroutine 34008 [running]:
                runtime/debug.Stack()
                	/Users/keruch/sdk/go1.23.0/src/runtime/debug/stack.go:26 +0x64
                github.com/stretchr/testify/suite.failOnPanic(0x140014b9520, {0x1050c8cc0, 0x1073367d0})
                	/Users/keruch/Go-workspace/pkg/mod/github.com/stretchr/testify@v1.9.0/suite/suite.go:89 +0x38
                github.com/stretchr/testify/suite.recoverAndFailOnPanic(0x140014b9520)
                	/Users/keruch/Go-workspace/pkg/mod/github.com/stretchr/testify@v1.9.0/suite/suite.go:83 +0x40
                panic({0x1050c8cc0?, 0x1073367d0?})
                	/Users/keruch/sdk/go1.23.0/src/runtime/panic.go:785 +0x124
                github.com/cosmos/cosmos-sdk/baseapp.(*state).Context(_)
                	/Users/keruch/Go-workspace/pkg/mod/github.com/cosmos/cosmos-sdk@v0.50.11/baseapp/state.go:33 +0x3c
                github.com/cosmos/cosmos-sdk/baseapp.(*BaseApp).Commit(0x14001ae6488)
                	/Users/keruch/Go-workspace/pkg/mod/github.com/cosmos/cosmos-sdk@v0.50.11/baseapp/abci.go:921 +0x44
                github.com/evmos/ethermint/testutil.commit({{0x105652bf0, 0x107583140}, {0x10566df70, 0x140023bbf40}, {{0x0, 0x0}, {0x0, 0x0}, 0x0, {0x0, ...}, ...}, ...}, ...)
                	/Users/keruch/Development/Dymension/ethermint/testutil/abci.go:234 +0x254
                github.com/evmos/ethermint/testutil.Commit({{0x105652bf0, 0x107583140}, {0x10566df70, 0x140023bbf40}, {{0x0, 0x0}, {0x0, 0x0}, 0x0, {0x0, ...}, ...}, ...}, ...)
                	/Users/keruch/Development/Dymension/ethermint/testutil/abci.go:32 +0x7c
                github.com/evmos/ethermint/x/evm/keeper_test.(*KeeperTestSuite).Commit(...)
                	/Users/keruch/Development/Dymension/ethermint/x/evm/keeper/keeper_test.go:194
                github.com/evmos/ethermint/x/evm/keeper_test.(*KeeperTestSuite).TestTraceTx.func12()
                	/Users/keruch/Development/Dymension/ethermint/x/evm/keeper/grpc_query_test.go:946 +0x4f0
                github.com/stretchr/testify/suite.(*Suite).Run.func1(0x140014b9520)
                	/Users/keruch/Go-workspace/pkg/mod/github.com/stretchr/testify@v1.9.0/suite/suite.go:115 +0x148
                testing.tRunner(0x140014b9520, 0x1400150ea00)
                	/Users/keruch/sdk/go1.23.0/src/testing/testing.go:1690 +0xe4
                created by testing.(*T).Run in goroutine 31969
                	/Users/keruch/sdk/go1.23.0/src/testing/testing.go:1743 +0x314
        --- FAIL: TestKeeperTestSuite/TestTraceTx/Case_invalid_chain_id (0.01s)
            panic.go:262: test panicked: runtime error: invalid memory address or nil pointer dereference
                goroutine 34217 [running]:
                runtime/debug.Stack()
                	/Users/keruch/sdk/go1.23.0/src/runtime/debug/stack.go:26 +0x64
                github.com/stretchr/testify/suite.failOnPanic(0x1400282c4e0, {0x1050c8cc0, 0x1073367d0})
                	/Users/keruch/Go-workspace/pkg/mod/github.com/stretchr/testify@v1.9.0/suite/suite.go:89 +0x38
                github.com/stretchr/testify/suite.recoverAndFailOnPanic(0x1400282c4e0)
                	/Users/keruch/Go-workspace/pkg/mod/github.com/stretchr/testify@v1.9.0/suite/suite.go:83 +0x40
                panic({0x1050c8cc0?, 0x1073367d0?})
                	/Users/keruch/sdk/go1.23.0/src/runtime/panic.go:785 +0x124
                github.com/cosmos/cosmos-sdk/baseapp.(*state).Context(_)
                	/Users/keruch/Go-workspace/pkg/mod/github.com/cosmos/cosmos-sdk@v0.50.11/baseapp/state.go:33 +0x3c
                github.com/cosmos/cosmos-sdk/baseapp.(*BaseApp).Commit(0x14001605208)
                	/Users/keruch/Go-workspace/pkg/mod/github.com/cosmos/cosmos-sdk@v0.50.11/baseapp/abci.go:921 +0x44
                github.com/evmos/ethermint/testutil.commit({{0x105652bf0, 0x107583140}, {0x10566df70, 0x14002232b40}, {{0x0, 0x0}, {0x0, 0x0}, 0x0, {0x0, ...}, ...}, ...}, ...)
                	/Users/keruch/Development/Dymension/ethermint/testutil/abci.go:234 +0x254
                github.com/evmos/ethermint/testutil.Commit({{0x105652bf0, 0x107583140}, {0x10566df70, 0x14002232b40}, {{0x0, 0x0}, {0x0, 0x0}, 0x0, {0x0, ...}, ...}, ...}, ...)
                	/Users/keruch/Development/Dymension/ethermint/testutil/abci.go:32 +0x7c
                github.com/evmos/ethermint/x/evm/keeper_test.(*KeeperTestSuite).Commit(...)
                	/Users/keruch/Development/Dymension/ethermint/x/evm/keeper/keeper_test.go:194
                github.com/evmos/ethermint/x/evm/keeper_test.(*KeeperTestSuite).TestTraceTx.func12()
                	/Users/keruch/Development/Dymension/ethermint/x/evm/keeper/grpc_query_test.go:946 +0x4f0
                github.com/stretchr/testify/suite.(*Suite).Run.func1(0x1400282c4e0)
                	/Users/keruch/Go-workspace/pkg/mod/github.com/stretchr/testify@v1.9.0/suite/suite.go:115 +0x148
                testing.tRunner(0x1400282c4e0, 0x14002f141e0)
                	/Users/keruch/sdk/go1.23.0/src/testing/testing.go:1690 +0xe4
                created by testing.(*T).Run in goroutine 31969
                	/Users/keruch/sdk/go1.23.0/src/testing/testing.go:1743 +0x314
FAIL
FAIL	github.com/evmos/ethermint/x/evm/keeper	4.746s
ok  	github.com/evmos/ethermint/x/evm/keeper/vfc_it_suite_test	60.222s
ok  	github.com/evmos/ethermint/x/evm/statedb	0.989s
ok  	github.com/evmos/ethermint/x/evm/types	0.649s
Running Suite: Keeper Suite - /Users/keruch/Development/Dymension/ethermint/x/feemarket/keeper
==============================================================================================
Random Seed: 1748855862

Will run 38 of 38 specs
------------------------------
• [PANICKED] [0.011 seconds]
Feemarket Performing Cosmos transactions with min-gas-prices (local) < MinGasPrices (feemarket param) [BeforeEach] during CheckTx should reject transactions with gasPrice < MinGasPrices
  [BeforeEach] /Users/keruch/Development/Dymension/ethermint/x/feemarket/keeper/integration_test.go:34
  [It] /Users/keruch/Development/Dymension/ethermint/x/feemarket/keeper/integration_test.go:40

  [PANICKED] Test Panicked
  In [BeforeEach] at: /Users/keruch/Development/Dymension/ethermint/x/evm/keeper/keeper.go:134 @ 06/02/25 11:17:43.151

  : []: invalid chain ID [/Users/keruch/Development/Dymension/ethermint/types/chain_id.go:60]

  Full Stack Trace
    github.com/evmos/ethermint/x/evm/keeper.(*Keeper).WithChainID(_, {{0x108492fa0, 0x10a39ed80}, {0x1084ae1c0, 0x14000fb3200}, {{0x0, 0x0}, {0x0, 0x0}, 0x0, ...}, ...})
    	/Users/keruch/Development/Dymension/ethermint/x/evm/keeper/keeper.go:134 +0xd8
    github.com/evmos/ethermint/x/evm/keeper.(*Keeper).BeginBlock(_, {{0x108492fa0, 0x10a39ed80}, {0x1084ae1c0, 0x14000fb3200}, {{0x0, 0x0}, {0x0, 0x0}, 0x0, ...}, ...})
    	/Users/keruch/Development/Dymension/ethermint/x/evm/keeper/abci.go:30 +0x4c
    github.com/evmos/ethermint/x/evm.AppModule.BeginBlock({{}, 0x140019c38c0, {0x1084ad880, 0x140019c1680}, {0x1315cae40, 0x140019a8288}, {0x108457440, 0x14000d1cd80}}, {0x108492fd8?, 0x14001784388?})
    	/Users/keruch/Development/Dymension/ethermint/x/evm/module.go:162 +0xa0
    github.com/cosmos/cosmos-sdk/types/module.(*Manager).BeginBlock(_, {{0x108492fa0, 0x10a39ed80}, {0x1084ae1c0, 0x14000fb3200}, {{0x0, 0x0}, {0x0, 0x0}, 0x0, ...}, ...})
    	/Users/keruch/Go-workspace/pkg/mod/github.com/cosmos/cosmos-sdk@v0.50.11/types/module/module.go:778 +0x14c
    github.com/evmos/ethermint/app.(*EthermintApp).BeginBlocker(...)
    	/Users/keruch/Development/Dymension/ethermint/app/app.go:704
    github.com/evmos/ethermint/testutil.commit({{0x108492fa0, 0x10a39ed80}, {0x1084ae1c0, 0x14000fb3200}, {{0x0, 0x0}, {0x0, 0x0}, 0x0, {0x0, ...}, ...}, ...}, ...)
    	/Users/keruch/Development/Dymension/ethermint/testutil/abci.go:242 +0x2d8
    github.com/evmos/ethermint/testutil.Commit({{0x108492fa0, 0x10a39ed80}, {0x1084ae1c0, 0x14000fb3200}, {{0x0, 0x0}, {0x0, 0x0}, 0x0, {0x0, ...}, ...}, ...}, ...)
    	/Users/keruch/Development/Dymension/ethermint/testutil/abci.go:32 +0x7c
    github.com/evmos/ethermint/x/feemarket/keeper_test.(*KeeperTestSuite).CommitAfter(0x14001951808, 0x14?)
    	/Users/keruch/Development/Dymension/ethermint/x/feemarket/keeper/keeper_test.go:91 +0xa0
    github.com/evmos/ethermint/x/feemarket/keeper_test.(*KeeperTestSuite).Commit(...)
    	/Users/keruch/Development/Dymension/ethermint/x/feemarket/keeper/keeper_test.go:86
    github.com/evmos/ethermint/x/feemarket/keeper_test.setupTestWithContext({0x107c28eb8, 0x1}, {0x14001a6c040?}, {0x140019bfee8?})
    	/Users/keruch/Development/Dymension/ethermint/x/feemarket/keeper/integration_test.go:502 +0x768
    github.com/evmos/ethermint/x/feemarket/keeper_test.init.func1.1.1.1()
    	/Users/keruch/Development/Dymension/ethermint/x/feemarket/keeper/integration_test.go:35 +0x74
------------------------------
• [PANICKED] [0.011 seconds]
Feemarket Performing Cosmos transactions with min-gas-prices (local) < MinGasPrices (feemarket param) [BeforeEach] during CheckTx should accept transactions with gasPrice >= MinGasPrices
  [BeforeEach] /Users/keruch/Development/Dymension/ethermint/x/feemarket/keeper/integration_test.go:34
  [It] /Users/keruch/Development/Dymension/ethermint/x/feemarket/keeper/integration_test.go:51

  [PANICKED] Test Panicked
  In [BeforeEach] at: /Users/keruch/Development/Dymension/ethermint/x/evm/keeper/keeper.go:134 @ 06/02/25 11:17:43.162

  : []: invalid chain ID [/Users/keruch/Development/Dymension/ethermint/types/chain_id.go:60]

  Full Stack Trace
    github.com/evmos/ethermint/x/evm/keeper.(*Keeper).WithChainID(_, {{0x108492fa0, 0x10a39ed80}, {0x1084ae1c0, 0x14002489640}, {{0x0, 0x0}, {0x0, 0x0}, 0x0, ...}, ...})
    	/Users/keruch/Development/Dymension/ethermint/x/evm/keeper/keeper.go:134 +0xd8
    github.com/evmos/ethermint/x/evm/keeper.(*Keeper).BeginBlock(_, {{0x108492fa0, 0x10a39ed80}, {0x1084ae1c0, 0x14002489640}, {{0x0, 0x0}, {0x0, 0x0}, 0x0, ...}, ...})
    	/Users/keruch/Development/Dymension/ethermint/x/evm/keeper/abci.go:30 +0x4c
    github.com/evmos/ethermint/x/evm.AppModule.BeginBlock({{}, 0x140017e4ea0, {0x1084ad880, 0x14001b86780}, {0x1315cae40, 0x14000dab408}, {0x108457440, 0x1400203b800}}, {0x108492fd8?, 0x140015f8388?})
    	/Users/keruch/Development/Dymension/ethermint/x/evm/module.go:162 +0xa0
    github.com/cosmos/cosmos-sdk/types/module.(*Manager).BeginBlock(_, {{0x108492fa0, 0x10a39ed80}, {0x1084ae1c0, 0x14002489640}, {{0x0, 0x0}, {0x0, 0x0}, 0x0, ...}, ...})
    	/Users/keruch/Go-workspace/pkg/mod/github.com/cosmos/cosmos-sdk@v0.50.11/types/module/module.go:778 +0x14c
    github.com/evmos/ethermint/app.(*EthermintApp).BeginBlocker(...)
    	/Users/keruch/Development/Dymension/ethermint/app/app.go:704
    github.com/evmos/ethermint/testutil.commit({{0x108492fa0, 0x10a39ed80}, {0x1084ae1c0, 0x14002489640}, {{0x0, 0x0}, {0x0, 0x0}, 0x0, {0x0, ...}, ...}, ...}, ...)
    	/Users/keruch/Development/Dymension/ethermint/testutil/abci.go:242 +0x2d8
    github.com/evmos/ethermint/testutil.Commit({{0x108492fa0, 0x10a39ed80}, {0x1084ae1c0, 0x14002489640}, {{0x0, 0x0}, {0x0, 0x0}, 0x0, {0x0, ...}, ...}, ...}, ...)
    	/Users/keruch/Development/Dymension/ethermint/testutil/abci.go:32 +0x7c
    github.com/evmos/ethermint/x/feemarket/keeper_test.(*KeeperTestSuite).CommitAfter(0x14001630608, 0x14?)
    	/Users/keruch/Development/Dymension/ethermint/x/feemarket/keeper/keeper_test.go:91 +0xa0
    github.com/evmos/ethermint/x/feemarket/keeper_test.(*KeeperTestSuite).Commit(...)
    	/Users/keruch/Development/Dymension/ethermint/x/feemarket/keeper/keeper_test.go:86
    github.com/evmos/ethermint/x/feemarket/keeper_test.setupTestWithContext({0x107c28eb8, 0x1}, {0x140021057a0?}, {0x14001c61ee8?})
    	/Users/keruch/Development/Dymension/ethermint/x/feemarket/keeper/integration_test.go:502 +0x768
    github.com/evmos/ethermint/x/feemarket/keeper_test.init.func1.1.1.1()
    	/Users/keruch/Development/Dymension/ethermint/x/feemarket/keeper/integration_test.go:35 +0x74
------------------------------
• [PANICKED] [0.012 seconds]
Feemarket Performing Cosmos transactions with min-gas-prices (local) < MinGasPrices (feemarket param) [BeforeEach] during DeliverTx should reject transactions with gasPrice < MinGasPrices
  [BeforeEach] /Users/keruch/Development/Dymension/ethermint/x/feemarket/keeper/integration_test.go:34
  [It] /Users/keruch/Development/Dymension/ethermint/x/feemarket/keeper/integration_test.go:60

  [PANICKED] Test Panicked
  In [BeforeEach] at: /Users/keruch/Development/Dymension/ethermint/x/evm/keeper/keeper.go:134 @ 06/02/25 11:17:43.174

  : []: invalid chain ID [/Users/keruch/Development/Dymension/ethermint/types/chain_id.go:60]

  Full Stack Trace
    github.com/evmos/ethermint/x/evm/keeper.(*Keeper).WithChainID(_, {{0x108492fa0, 0x10a39ed80}, {0x1084ae1c0, 0x14001fef900}, {{0x0, 0x0}, {0x0, 0x0}, 0x0, ...}, ...})
    	/Users/keruch/Development/Dymension/ethermint/x/evm/keeper/keeper.go:134 +0xd8
    github.com/evmos/ethermint/x/evm/keeper.(*Keeper).BeginBlock(_, {{0x108492fa0, 0x10a39ed80}, {0x1084ae1c0, 0x14001fef900}, {{0x0, 0x0}, {0x0, 0x0}, 0x0, ...}, ...})
    	/Users/keruch/Development/Dymension/ethermint/x/evm/keeper/abci.go:30 +0x4c
    github.com/evmos/ethermint/x/evm.AppModule.BeginBlock({{}, 0x14001658ea0, {0x1084ad880, 0x1400052f400}, {0x1315cae40, 0x14002654c88}, {0x108457440, 0x140017b7080}}, {0x108492fd8?, 0x140015b2e08?})
    	/Users/keruch/Development/Dymension/ethermint/x/evm/module.go:162 +0xa0
    github.com/cosmos/cosmos-sdk/types/module.(*Manager).BeginBlock(_, {{0x108492fa0, 0x10a39ed80}, {0x1084ae1c0, 0x14001fef900}, {{0x0, 0x0}, {0x0, 0x0}, 0x0, ...}, ...})
    	/Users/keruch/Go-workspace/pkg/mod/github.com/cosmos/cosmos-sdk@v0.50.11/types/module/module.go:778 +0x14c
    github.com/evmos/ethermint/app.(*EthermintApp).BeginBlocker(...)
    	/Users/keruch/Development/Dymension/ethermint/app/app.go:704
    github.com/evmos/ethermint/testutil.commit({{0x108492fa0, 0x10a39ed80}, {0x1084ae1c0, 0x14001fef900}, {{0x0, 0x0}, {0x0, 0x0}, 0x0, {0x0, ...}, ...}, ...}, ...)
    	/Users/keruch/Development/Dymension/ethermint/testutil/abci.go:242 +0x2d8
    github.com/evmos/ethermint/testutil.Commit({{0x108492fa0, 0x10a39ed80}, {0x1084ae1c0, 0x14001fef900}, {{0x0, 0x0}, {0x0, 0x0}, 0x0, {0x0, ...}, ...}, ...}, ...)
    	/Users/keruch/Development/Dymension/ethermint/testutil/abci.go:32 +0x7c
    github.com/evmos/ethermint/x/feemarket/keeper_test.(*KeeperTestSuite).CommitAfter(0x140014e0608, 0x14?)
    	/Users/keruch/Development/Dymension/ethermint/x/feemarket/keeper/keeper_test.go:91 +0xa0
    github.com/evmos/ethermint/x/feemarket/keeper_test.(*KeeperTestSuite).Commit(...)
    	/Users/keruch/Development/Dymension/ethermint/x/feemarket/keeper/keeper_test.go:86
    github.com/evmos/ethermint/x/feemarket/keeper_test.setupTestWithContext({0x107c28eb8, 0x1}, {0x14000491f60?}, {0x14001c5fee8?})
    	/Users/keruch/Development/Dymension/ethermint/x/feemarket/keeper/integration_test.go:502 +0x768
    github.com/evmos/ethermint/x/feemarket/keeper_test.init.func1.1.1.1()
    	/Users/keruch/Development/Dymension/ethermint/x/feemarket/keeper/integration_test.go:35 +0x74
------------------------------
• [PANICKED] [0.012 seconds]
Feemarket Performing Cosmos transactions with min-gas-prices (local) < MinGasPrices (feemarket param) [BeforeEach] during DeliverTx should accept transactions with gasPrice >= MinGasPrices
  [BeforeEach] /Users/keruch/Development/Dymension/ethermint/x/feemarket/keeper/integration_test.go:34
  [It] /Users/keruch/Development/Dymension/ethermint/x/feemarket/keeper/integration_test.go:71

  [PANICKED] Test Panicked
  In [BeforeEach] at: /Users/keruch/Development/Dymension/ethermint/x/evm/keeper/keeper.go:134 @ 06/02/25 11:17:43.186

  : []: invalid chain ID [/Users/keruch/Development/Dymension/ethermint/types/chain_id.go:60]

  Full Stack Trace
    github.com/evmos/ethermint/x/evm/keeper.(*Keeper).WithChainID(_, {{0x108492fa0, 0x10a39ed80}, {0x1084ae1c0, 0x14002421b40}, {{0x0, 0x0}, {0x0, 0x0}, 0x0, ...}, ...})
    	/Users/keruch/Development/Dymension/ethermint/x/evm/keeper/keeper.go:134 +0xd8
    github.com/evmos/ethermint/x/evm/keeper.(*Keeper).BeginBlock(_, {{0x108492fa0, 0x10a39ed80}, {0x1084ae1c0, 0x14002421b40}, {{0x0, 0x0}, {0x0, 0x0}, 0x0, ...}, ...})
    	/Users/keruch/Development/Dymension/ethermint/x/evm/keeper/abci.go:30 +0x4c
    github.com/evmos/ethermint/x/evm.AppModule.BeginBlock({{}, 0x140015f4a20, {0x1084ad880, 0x14001bdf7c0}, {0x1315cae40, 0x14002696288}, {0x108457440, 0x1400141c780}}, {0x108492fd8?, 0x140017f6388?})
    	/Users/keruch/Development/Dymension/ethermint/x/evm/module.go:162 +0xa0
    github.com/cosmos/cosmos-sdk/types/module.(*Manager).BeginBlock(_, {{0x108492fa0, 0x10a39ed80}, {0x1084ae1c0, 0x14002421b40}, {{0x0, 0x0}, {0x0, 0x0}, 0x0, ...}, ...})
    	/Users/keruch/Go-workspace/pkg/mod/github.com/cosmos/cosmos-sdk@v0.50.11/types/module/module.go:778 +0x14c
    github.com/evmos/ethermint/app.(*EthermintApp).BeginBlocker(...)
    	/Users/keruch/Development/Dymension/ethermint/app/app.go:704
    github.com/evmos/ethermint/testutil.commit({{0x108492fa0, 0x10a39ed80}, {0x1084ae1c0, 0x14002421b40}, {{0x0, 0x0}, {0x0, 0x0}, 0x0, {0x0, ...}, ...}, ...}, ...)
    	/Users/keruch/Development/Dymension/ethermint/testutil/abci.go:242 +0x2d8
    github.com/evmos/ethermint/testutil.Commit({{0x108492fa0, 0x10a39ed80}, {0x1084ae1c0, 0x14002421b40}, {{0x0, 0x0}, {0x0, 0x0}, 0x0, {0x0, ...}, ...}, ...}, ...)
    	/Users/keruch/Development/Dymension/ethermint/testutil/abci.go:32 +0x7c
    github.com/evmos/ethermint/x/feemarket/keeper_test.(*KeeperTestSuite).CommitAfter(0x1400147e608, 0x14?)
    	/Users/keruch/Development/Dymension/ethermint/x/feemarket/keeper/keeper_test.go:91 +0xa0
    github.com/evmos/ethermint/x/feemarket/keeper_test.(*KeeperTestSuite).Commit(...)
    	/Users/keruch/Development/Dymension/ethermint/x/feemarket/keeper/keeper_test.go:86
    github.com/evmos/ethermint/x/feemarket/keeper_test.setupTestWithContext({0x107c28eb8, 0x1}, {0x14002104fa0?}, {0x14001c5fee8?})
    	/Users/keruch/Development/Dymension/ethermint/x/feemarket/keeper/integration_test.go:502 +0x768
    github.com/evmos/ethermint/x/feemarket/keeper_test.init.func1.1.1.1()
    	/Users/keruch/Development/Dymension/ethermint/x/feemarket/keeper/integration_test.go:35 +0x74
------------------------------
• [PANICKED] [0.012 seconds]
Feemarket Performing Cosmos transactions with min-gas-prices (local) == MinGasPrices (feemarket param) [BeforeEach] during CheckTx should reject transactions with gasPrice < min-gas-prices
  [BeforeEach] /Users/keruch/Development/Dymension/ethermint/x/feemarket/keeper/integration_test.go:81
  [It] /Users/keruch/Development/Dymension/ethermint/x/feemarket/keeper/integration_test.go:87

  [PANICKED] Test Panicked
  In [BeforeEach] at: /Users/keruch/Development/Dymension/ethermint/x/evm/keeper/keeper.go:134 @ 06/02/25 11:17:43.197

  : []: invalid chain ID [/Users/keruch/Development/Dymension/ethermint/types/chain_id.go:60]

  Full Stack Trace
    github.com/evmos/ethermint/x/evm/keeper.(*Keeper).WithChainID(_, {{0x108492fa0, 0x10a39ed80}, {0x1084ae1c0, 0x140015a5bc0}, {{0x0, 0x0}, {0x0, 0x0}, 0x0, ...}, ...})
    	/Users/keruch/Development/Dymension/ethermint/x/evm/keeper/keeper.go:134 +0xd8
    github.com/evmos/ethermint/x/evm/keeper.(*Keeper).BeginBlock(_, {{0x108492fa0, 0x10a39ed80}, {0x1084ae1c0, 0x140015a5bc0}, {{0x0, 0x0}, {0x0, 0x0}, 0x0, ...}, ...})
    	/Users/keruch/Development/Dymension/ethermint/x/evm/keeper/abci.go:30 +0x4c
    github.com/evmos/ethermint/x/evm.AppModule.BeginBlock({{}, 0x140017e6a20, {0x1084ad880, 0x14001b86f00}, {0x1315cae40, 0x14002655688}, {0x108457440, 0x1400182aae0}}, {0x108492fd8?, 0x140025e4e08?})
    	/Users/keruch/Development/Dymension/ethermint/x/evm/module.go:162 +0xa0
    github.com/cosmos/cosmos-sdk/types/module.(*Manager).BeginBlock(_, {{0x108492fa0, 0x10a39ed80}, {0x1084ae1c0, 0x140015a5bc0}, {{0x0, 0x0}, {0x0, 0x0}, 0x0, ...}, ...})
    	/Users/keruch/Go-workspace/pkg/mod/github.com/cosmos/cosmos-sdk@v0.50.11/types/module/module.go:778 +0x14c
    github.com/evmos/ethermint/app.(*EthermintApp).BeginBlocker(...)
    	/Users/keruch/Development/Dymension/ethermint/app/app.go:704
    github.com/evmos/ethermint/testutil.commit({{0x108492fa0, 0x10a39ed80}, {0x1084ae1c0, 0x140015a5bc0}, {{0x0, 0x0}, {0x0, 0x0}, 0x0, {0x0, ...}, ...}, ...}, ...)
    	/Users/keruch/Development/Dymension/ethermint/testutil/abci.go:242 +0x2d8
    github.com/evmos/ethermint/testutil.Commit({{0x108492fa0, 0x10a39ed80}, {0x1084ae1c0, 0x140015a5bc0}, {{0x0, 0x0}, {0x0, 0x0}, 0x0, {0x0, ...}, ...}, ...}, ...)
    	/Users/keruch/Development/Dymension/ethermint/testutil/abci.go:32 +0x7c
    github.com/evmos/ethermint/x/feemarket/keeper_test.(*KeeperTestSuite).CommitAfter(0x14001523208, 0x14?)
    	/Users/keruch/Development/Dymension/ethermint/x/feemarket/keeper/keeper_test.go:91 +0xa0
    github.com/evmos/ethermint/x/feemarket/keeper_test.(*KeeperTestSuite).Commit(...)
    	/Users/keruch/Development/Dymension/ethermint/x/feemarket/keeper/keeper_test.go:86
    github.com/evmos/ethermint/x/feemarket/keeper_test.setupTestWithContext({0x107c28ec0, 0x1}, {0x1400261a480?}, {0x14001c61ee8?})
    	/Users/keruch/Development/Dymension/ethermint/x/feemarket/keeper/integration_test.go:502 +0x768
    github.com/evmos/ethermint/x/feemarket/keeper_test.init.func1.1.2.1()
    	/Users/keruch/Development/Dymension/ethermint/x/feemarket/keeper/integration_test.go:82 +0x74
------------------------------
• [PANICKED] [0.011 seconds]
Feemarket Performing Cosmos transactions with min-gas-prices (local) == MinGasPrices (feemarket param) [BeforeEach] during CheckTx should accept transactions with gasPrice >= MinGasPrices
  [BeforeEach] /Users/keruch/Development/Dymension/ethermint/x/feemarket/keeper/integration_test.go:81
  [It] /Users/keruch/Development/Dymension/ethermint/x/feemarket/keeper/integration_test.go:98

  [PANICKED] Test Panicked
  In [BeforeEach] at: /Users/keruch/Development/Dymension/ethermint/x/evm/keeper/keeper.go:134 @ 06/02/25 11:17:43.209

  : []: invalid chain ID [/Users/keruch/Development/Dymension/ethermint/types/chain_id.go:60]

  Full Stack Trace
    github.com/evmos/ethermint/x/evm/keeper.(*Keeper).WithChainID(_, {{0x108492fa0, 0x10a39ed80}, {0x1084ae1c0, 0x140019b0b00}, {{0x0, 0x0}, {0x0, 0x0}, 0x0, ...}, ...})
    	/Users/keruch/Development/Dymension/ethermint/x/evm/keeper/keeper.go:134 +0xd8
    github.com/evmos/ethermint/x/evm/keeper.(*Keeper).BeginBlock(_, {{0x108492fa0, 0x10a39ed80}, {0x1084ae1c0, 0x140019b0b00}, {{0x0, 0x0}, {0x0, 0x0}, 0x0, ...}, ...})
    	/Users/keruch/Development/Dymension/ethermint/x/evm/keeper/abci.go:30 +0x4c
    github.com/evmos/ethermint/x/evm.AppModule.BeginBlock({{}, 0x14001613d40, {0x1084ad880, 0x14000cbe8c0}, {0x1315cae40, 0x140025ea508}, {0x108457440, 0x14001336600}}, {0x108492fd8?, 0x140017e6388?})
    	/Users/keruch/Development/Dymension/ethermint/x/evm/module.go:162 +0xa0
    github.com/cosmos/cosmos-sdk/types/module.(*Manager).BeginBlock(_, {{0x108492fa0, 0x10a39ed80}, {0x1084ae1c0, 0x140019b0b00}, {{0x0, 0x0}, {0x0, 0x0}, 0x0, ...}, ...})
    	/Users/keruch/Go-workspace/pkg/mod/github.com/cosmos/cosmos-sdk@v0.50.11/types/module/module.go:778 +0x14c
    github.com/evmos/ethermint/app.(*EthermintApp).BeginBlocker(...)
    	/Users/keruch/Development/Dymension/ethermint/app/app.go:704
    github.com/evmos/ethermint/testutil.commit({{0x108492fa0, 0x10a39ed80}, {0x1084ae1c0, 0x140019b0b00}, {{0x0, 0x0}, {0x0, 0x0}, 0x0, {0x0, ...}, ...}, ...}, ...)
    	/Users/keruch/Development/Dymension/ethermint/testutil/abci.go:242 +0x2d8
    github.com/evmos/ethermint/testutil.Commit({{0x108492fa0, 0x10a39ed80}, {0x1084ae1c0, 0x140019b0b00}, {{0x0, 0x0}, {0x0, 0x0}, 0x0, {0x0, ...}, ...}, ...}, ...)
    	/Users/keruch/Development/Dymension/ethermint/testutil/abci.go:32 +0x7c
    github.com/evmos/ethermint/x/feemarket/keeper_test.(*KeeperTestSuite).CommitAfter(0x14001610008, 0x14?)
    	/Users/keruch/Development/Dymension/ethermint/x/feemarket/keeper/keeper_test.go:91 +0xa0
    github.com/evmos/ethermint/x/feemarket/keeper_test.(*KeeperTestSuite).Commit(...)
    	/Users/keruch/Development/Dymension/ethermint/x/feemarket/keeper/keeper_test.go:86
    github.com/evmos/ethermint/x/feemarket/keeper_test.setupTestWithContext({0x107c28ec0, 0x1}, {0x1400151b080?}, {0x14001c61ee8?})
    	/Users/keruch/Development/Dymension/ethermint/x/feemarket/keeper/integration_test.go:502 +0x768
    github.com/evmos/ethermint/x/feemarket/keeper_test.init.func1.1.2.1()
    	/Users/keruch/Development/Dymension/ethermint/x/feemarket/keeper/integration_test.go:82 +0x74
------------------------------
• [PANICKED] [0.011 seconds]
Feemarket Performing Cosmos transactions with min-gas-prices (local) == MinGasPrices (feemarket param) [BeforeEach] during DeliverTx should reject transactions with gasPrice < MinGasPrices
  [BeforeEach] /Users/keruch/Development/Dymension/ethermint/x/feemarket/keeper/integration_test.go:81
  [It] /Users/keruch/Development/Dymension/ethermint/x/feemarket/keeper/integration_test.go:107

  [PANICKED] Test Panicked
  In [BeforeEach] at: /Users/keruch/Development/Dymension/ethermint/x/evm/keeper/keeper.go:134 @ 06/02/25 11:17:43.22

  : []: invalid chain ID [/Users/keruch/Development/Dymension/ethermint/types/chain_id.go:60]

  Full Stack Trace
    github.com/evmos/ethermint/x/evm/keeper.(*Keeper).WithChainID(_, {{0x108492fa0, 0x10a39ed80}, {0x1084ae1c0, 0x14000ca0b00}, {{0x0, 0x0}, {0x0, 0x0}, 0x0, ...}, ...})
    	/Users/keruch/Development/Dymension/ethermint/x/evm/keeper/keeper.go:134 +0xd8
    github.com/evmos/ethermint/x/evm/keeper.(*Keeper).BeginBlock(_, {{0x108492fa0, 0x10a39ed80}, {0x1084ae1c0, 0x14000ca0b00}, {{0x0, 0x0}, {0x0, 0x0}, 0x0, ...}, ...})
    	/Users/keruch/Development/Dymension/ethermint/x/evm/keeper/abci.go:30 +0x4c
    github.com/evmos/ethermint/x/evm.AppModule.BeginBlock({{}, 0x140017fe480, {0x1084ad880, 0x14000131e00}, {0x1315cae40, 0x14000dab408}, {0x108457440, 0x14000117020}}, {0x108492fd8?, 0x14001760388?})
    	/Users/keruch/Development/Dymension/ethermint/x/evm/module.go:162 +0xa0
    github.com/cosmos/cosmos-sdk/types/module.(*Manager).BeginBlock(_, {{0x108492fa0, 0x10a39ed80}, {0x1084ae1c0, 0x14000ca0b00}, {{0x0, 0x0}, {0x0, 0x0}, 0x0, ...}, ...})
    	/Users/keruch/Go-workspace/pkg/mod/github.com/cosmos/cosmos-sdk@v0.50.11/types/module/module.go:778 +0x14c
    github.com/evmos/ethermint/app.(*EthermintApp).BeginBlocker(...)
    	/Users/keruch/Development/Dymension/ethermint/app/app.go:704
    github.com/evmos/ethermint/testutil.commit({{0x108492fa0, 0x10a39ed80}, {0x1084ae1c0, 0x14000ca0b00}, {{0x0, 0x0}, {0x0, 0x0}, 0x0, {0x0, ...}, ...}, ...}, ...)
    	/Users/keruch/Development/Dymension/ethermint/testutil/abci.go:242 +0x2d8
    github.com/evmos/ethermint/testutil.Commit({{0x108492fa0, 0x10a39ed80}, {0x1084ae1c0, 0x14000ca0b00}, {{0x0, 0x0}, {0x0, 0x0}, 0x0, {0x0, ...}, ...}, ...}, ...)
    	/Users/keruch/Development/Dymension/ethermint/testutil/abci.go:32 +0x7c
    github.com/evmos/ethermint/x/feemarket/keeper_test.(*KeeperTestSuite).CommitAfter(0x140015b3208, 0x14?)
    	/Users/keruch/Development/Dymension/ethermint/x/feemarket/keeper/keeper_test.go:91 +0xa0
    github.com/evmos/ethermint/x/feemarket/keeper_test.(*KeeperTestSuite).Commit(...)
    	/Users/keruch/Development/Dymension/ethermint/x/feemarket/keeper/keeper_test.go:86
    github.com/evmos/ethermint/x/feemarket/keeper_test.setupTestWithContext({0x107c28ec0, 0x1}, {0x14001c556c0?}, {0x14001c5bee8?})
    	/Users/keruch/Development/Dymension/ethermint/x/feemarket/keeper/integration_test.go:502 +0x768
    github.com/evmos/ethermint/x/feemarket/keeper_test.init.func1.1.2.1()
    	/Users/keruch/Development/Dymension/ethermint/x/feemarket/keeper/integration_test.go:82 +0x74
------------------------------
• [PANICKED] [0.010 seconds]
Feemarket Performing Cosmos transactions with min-gas-prices (local) == MinGasPrices (feemarket param) [BeforeEach] during DeliverTx should accept transactions with gasPrice >= MinGasPrices
  [BeforeEach] /Users/keruch/Development/Dymension/ethermint/x/feemarket/keeper/integration_test.go:81
  [It] /Users/keruch/Development/Dymension/ethermint/x/feemarket/keeper/integration_test.go:118

  [PANICKED] Test Panicked
  In [BeforeEach] at: /Users/keruch/Development/Dymension/ethermint/x/evm/keeper/keeper.go:134 @ 06/02/25 11:17:43.23

  : []: invalid chain ID [/Users/keruch/Development/Dymension/ethermint/types/chain_id.go:60]

  Full Stack Trace
    github.com/evmos/ethermint/x/evm/keeper.(*Keeper).WithChainID(_, {{0x108492fa0, 0x10a39ed80}, {0x1084ae1c0, 0x14001df2940}, {{0x0, 0x0}, {0x0, 0x0}, 0x0, ...}, ...})
    	/Users/keruch/Development/Dymension/ethermint/x/evm/keeper/keeper.go:134 +0xd8
    github.com/evmos/ethermint/x/evm/keeper.(*Keeper).BeginBlock(_, {{0x108492fa0, 0x10a39ed80}, {0x1084ae1c0, 0x14001df2940}, {{0x0, 0x0}, {0x0, 0x0}, 0x0, ...}, ...})
    	/Users/keruch/Development/Dymension/ethermint/x/evm/keeper/abci.go:30 +0x4c
    github.com/evmos/ethermint/x/evm.AppModule.BeginBlock({{}, 0x140017ec6c0, {0x1084ad880, 0x140007e0500}, {0x1315cae40, 0x14001b4bb88}, {0x108457440, 0x1400213ed20}}, {0x108492fd8?, 0x1400166a388?})
    	/Users/keruch/Development/Dymension/ethermint/x/evm/module.go:162 +0xa0
    github.com/cosmos/cosmos-sdk/types/module.(*Manager).BeginBlock(_, {{0x108492fa0, 0x10a39ed80}, {0x1084ae1c0, 0x14001df2940}, {{0x0, 0x0}, {0x0, 0x0}, 0x0, ...}, ...})
    	/Users/keruch/Go-workspace/pkg/mod/github.com/cosmos/cosmos-sdk@v0.50.11/types/module/module.go:778 +0x14c
    github.com/evmos/ethermint/app.(*EthermintApp).BeginBlocker(...)
    	/Users/keruch/Development/Dymension/ethermint/app/app.go:704
    github.com/evmos/ethermint/testutil.commit({{0x108492fa0, 0x10a39ed80}, {0x1084ae1c0, 0x14001df2940}, {{0x0, 0x0}, {0x0, 0x0}, 0x0, {0x0, ...}, ...}, ...}, ...)
    	/Users/keruch/Development/Dymension/ethermint/testutil/abci.go:242 +0x2d8
    github.com/evmos/ethermint/testutil.Commit({{0x108492fa0, 0x10a39ed80}, {0x1084ae1c0, 0x14001df2940}, {{0x0, 0x0}, {0x0, 0x0}, 0x0, {0x0, ...}, ...}, ...}, ...)
    	/Users/keruch/Development/Dymension/ethermint/testutil/abci.go:32 +0x7c
    github.com/evmos/ethermint/x/feemarket/keeper_test.(*KeeperTestSuite).CommitAfter(0x140015e3208, 0x14?)
    	/Users/keruch/Development/Dymension/ethermint/x/feemarket/keeper/keeper_test.go:91 +0xa0
    github.com/evmos/ethermint/x/feemarket/keeper_test.(*KeeperTestSuite).Commit(...)
    	/Users/keruch/Development/Dymension/ethermint/x/feemarket/keeper/keeper_test.go:86
    github.com/evmos/ethermint/x/feemarket/keeper_test.setupTestWithContext({0x107c28ec0, 0x1}, {0x140020e33c0?}, {0x14001c61ee8?})
    	/Users/keruch/Development/Dymension/ethermint/x/feemarket/keeper/integration_test.go:502 +0x768
    github.com/evmos/ethermint/x/feemarket/keeper_test.init.func1.1.2.1()
    	/Users/keruch/Development/Dymension/ethermint/x/feemarket/keeper/integration_test.go:82 +0x74
------------------------------
• [PANICKED] [0.010 seconds]
Feemarket Performing Cosmos transactions with MinGasPrices (feemarket param) < min-gas-prices (local) [BeforeEach] during CheckTx should reject transactions with gasPrice < MinGasPrices
  [BeforeEach] /Users/keruch/Development/Dymension/ethermint/x/feemarket/keeper/integration_test.go:128
  [It] /Users/keruch/Development/Dymension/ethermint/x/feemarket/keeper/integration_test.go:133

  [PANICKED] Test Panicked
  In [BeforeEach] at: /Users/keruch/Development/Dymension/ethermint/x/evm/keeper/keeper.go:134 @ 06/02/25 11:17:43.241

  : []: invalid chain ID [/Users/keruch/Development/Dymension/ethermint/types/chain_id.go:60]

  Full Stack Trace
    github.com/evmos/ethermint/x/evm/keeper.(*Keeper).WithChainID(_, {{0x108492fa0, 0x10a39ed80}, {0x1084ae1c0, 0x140014043c0}, {{0x0, 0x0}, {0x0, 0x0}, 0x0, ...}, ...})
    	/Users/keruch/Development/Dymension/ethermint/x/evm/keeper/keeper.go:134 +0xd8
    github.com/evmos/ethermint/x/evm/keeper.(*Keeper).BeginBlock(_, {{0x108492fa0, 0x10a39ed80}, {0x1084ae1c0, 0x140014043c0}, {{0x0, 0x0}, {0x0, 0x0}, 0x0, ...}, ...})
    	/Users/keruch/Development/Dymension/ethermint/x/evm/keeper/abci.go:30 +0x4c
    github.com/evmos/ethermint/x/evm.AppModule.BeginBlock({{}, 0x140017ec900, {0x1084ad880, 0x140016357c0}, {0x1315cae40, 0x14000daaf08}, {0x108457440, 0x14000df8c60}}, {0x108492fd8?, 0x14001476388?})
    	/Users/keruch/Development/Dymension/ethermint/x/evm/module.go:162 +0xa0
    github.com/cosmos/cosmos-sdk/types/module.(*Manager).BeginBlock(_, {{0x108492fa0, 0x10a39ed80}, {0x1084ae1c0, 0x140014043c0}, {{0x0, 0x0}, {0x0, 0x0}, 0x0, ...}, ...})
    	/Users/keruch/Go-workspace/pkg/mod/github.com/cosmos/cosmos-sdk@v0.50.11/types/module/module.go:778 +0x14c
    github.com/evmos/ethermint/app.(*EthermintApp).BeginBlocker(...)
    	/Users/keruch/Development/Dymension/ethermint/app/app.go:704
    github.com/evmos/ethermint/testutil.commit({{0x108492fa0, 0x10a39ed80}, {0x1084ae1c0, 0x140014043c0}, {{0x0, 0x0}, {0x0, 0x0}, 0x0, {0x0, ...}, ...}, ...}, ...)
    	/Users/keruch/Development/Dymension/ethermint/testutil/abci.go:242 +0x2d8
    github.com/evmos/ethermint/testutil.Commit({{0x108492fa0, 0x10a39ed80}, {0x1084ae1c0, 0x140014043c0}, {{0x0, 0x0}, {0x0, 0x0}, 0x0, {0x0, ...}, ...}, ...}, ...)
    	/Users/keruch/Development/Dymension/ethermint/testutil/abci.go:32 +0x7c
    github.com/evmos/ethermint/x/feemarket/keeper_test.(*KeeperTestSuite).CommitAfter(0x14001531208, 0x14?)
    	/Users/keruch/Development/Dymension/ethermint/x/feemarket/keeper/keeper_test.go:91 +0xa0
    github.com/evmos/ethermint/x/feemarket/keeper_test.(*KeeperTestSuite).Commit(...)
    	/Users/keruch/Development/Dymension/ethermint/x/feemarket/keeper/keeper_test.go:86
    github.com/evmos/ethermint/x/feemarket/keeper_test.setupTestWithContext({0x107c31ec8, 0x1}, {0x1400250ace0?}, {0x14001c61ee8?})
    	/Users/keruch/Development/Dymension/ethermint/x/feemarket/keeper/integration_test.go:502 +0x768
    github.com/evmos/ethermint/x/feemarket/keeper_test.init.func1.1.3.1()
    	/Users/keruch/Development/Dymension/ethermint/x/feemarket/keeper/integration_test.go:129 +0x84
------------------------------
• [PANICKED] [0.010 seconds]
Feemarket Performing Cosmos transactions with MinGasPrices (feemarket param) < min-gas-prices (local) [BeforeEach] during CheckTx should reject transactions with MinGasPrices < gasPrice < baseFee
  [BeforeEach] /Users/keruch/Development/Dymension/ethermint/x/feemarket/keeper/integration_test.go:128
  [It] /Users/keruch/Development/Dymension/ethermint/x/feemarket/keeper/integration_test.go:144

  [PANICKED] Test Panicked
  In [BeforeEach] at: /Users/keruch/Development/Dymension/ethermint/x/evm/keeper/keeper.go:134 @ 06/02/25 11:17:43.251

  : []: invalid chain ID [/Users/keruch/Development/Dymension/ethermint/types/chain_id.go:60]

  Full Stack Trace
    github.com/evmos/ethermint/x/evm/keeper.(*Keeper).WithChainID(_, {{0x108492fa0, 0x10a39ed80}, {0x1084ae1c0, 0x14001df37c0}, {{0x0, 0x0}, {0x0, 0x0}, 0x0, ...}, ...})
    	/Users/keruch/Development/Dymension/ethermint/x/evm/keeper/keeper.go:134 +0xd8
    github.com/evmos/ethermint/x/evm/keeper.(*Keeper).BeginBlock(_, {{0x108492fa0, 0x10a39ed80}, {0x1084ae1c0, 0x14001df37c0}, {{0x0, 0x0}, {0x0, 0x0}, 0x0, ...}, ...})
    	/Users/keruch/Development/Dymension/ethermint/x/evm/keeper/abci.go:30 +0x4c
    github.com/evmos/ethermint/x/evm.AppModule.BeginBlock({{}, 0x140017d8d80, {0x1084ad880, 0x1400052f180}, {0x1315cae40, 0x140025b6288}, {0x108457440, 0x14000fcef60}}, {0x108492fd8?, 0x140017a9c08?})
    	/Users/keruch/Development/Dymension/ethermint/x/evm/module.go:162 +0xa0
    github.com/cosmos/cosmos-sdk/types/module.(*Manager).BeginBlock(_, {{0x108492fa0, 0x10a39ed80}, {0x1084ae1c0, 0x14001df37c0}, {{0x0, 0x0}, {0x0, 0x0}, 0x0, ...}, ...})
    	/Users/keruch/Go-workspace/pkg/mod/github.com/cosmos/cosmos-sdk@v0.50.11/types/module/module.go:778 +0x14c
    github.com/evmos/ethermint/app.(*EthermintApp).BeginBlocker(...)
    	/Users/keruch/Development/Dymension/ethermint/app/app.go:704
    github.com/evmos/ethermint/testutil.commit({{0x108492fa0, 0x10a39ed80}, {0x1084ae1c0, 0x14001df37c0}, {{0x0, 0x0}, {0x0, 0x0}, 0x0, {0x0, ...}, ...}, ...}, ...)
    	/Users/keruch/Development/Dymension/ethermint/testutil/abci.go:242 +0x2d8
    github.com/evmos/ethermint/testutil.Commit({{0x108492fa0, 0x10a39ed80}, {0x1084ae1c0, 0x14001df37c0}, {{0x0, 0x0}, {0x0, 0x0}, 0x0, {0x0, ...}, ...}, ...}, ...)
    	/Users/keruch/Development/Dymension/ethermint/testutil/abci.go:32 +0x7c
    github.com/evmos/ethermint/x/feemarket/keeper_test.(*KeeperTestSuite).CommitAfter(0x140013d1208, 0x14?)
    	/Users/keruch/Development/Dymension/ethermint/x/feemarket/keeper/keeper_test.go:91 +0xa0
    github.com/evmos/ethermint/x/feemarket/keeper_test.(*KeeperTestSuite).Commit(...)
    	/Users/keruch/Development/Dymension/ethermint/x/feemarket/keeper/keeper_test.go:86
    github.com/evmos/ethermint/x/feemarket/keeper_test.setupTestWithContext({0x107c31ec8, 0x1}, {0x140020e2360?}, {0x14001c5fee8?})
    	/Users/keruch/Development/Dymension/ethermint/x/feemarket/keeper/integration_test.go:502 +0x768
    github.com/evmos/ethermint/x/feemarket/keeper_test.init.func1.1.3.1()
    	/Users/keruch/Development/Dymension/ethermint/x/feemarket/keeper/integration_test.go:129 +0x84
------------------------------
• [PANICKED] [0.010 seconds]
Feemarket Performing Cosmos transactions with MinGasPrices (feemarket param) < min-gas-prices (local) [BeforeEach] during CheckTx should accept transactions with gasPrice >= baseFee
  [BeforeEach] /Users/keruch/Development/Dymension/ethermint/x/feemarket/keeper/integration_test.go:128
  [It] /Users/keruch/Development/Dymension/ethermint/x/feemarket/keeper/integration_test.go:155

  [PANICKED] Test Panicked
  In [BeforeEach] at: /Users/keruch/Development/Dymension/ethermint/x/evm/keeper/keeper.go:134 @ 06/02/25 11:17:43.262

  : []: invalid chain ID [/Users/keruch/Development/Dymension/ethermint/types/chain_id.go:60]

  Full Stack Trace
    github.com/evmos/ethermint/x/evm/keeper.(*Keeper).WithChainID(_, {{0x108492fa0, 0x10a39ed80}, {0x1084ae1c0, 0x14001fefb40}, {{0x0, 0x0}, {0x0, 0x0}, 0x0, ...}, ...})
    	/Users/keruch/Development/Dymension/ethermint/x/evm/keeper/keeper.go:134 +0xd8
    github.com/evmos/ethermint/x/evm/keeper.(*Keeper).BeginBlock(_, {{0x108492fa0, 0x10a39ed80}, {0x1084ae1c0, 0x14001fefb40}, {{0x0, 0x0}, {0x0, 0x0}, 0x0, ...}, ...})
    	/Users/keruch/Development/Dymension/ethermint/x/evm/keeper/abci.go:30 +0x4c
    github.com/evmos/ethermint/x/evm.AppModule.BeginBlock({{}, 0x14001866ea0, {0x1084ad880, 0x14001b863c0}, {0x1315cae40, 0x14001b4a288}, {0x108457440, 0x1400182a840}}, {0x108492fd8?, 0x140015e8388?})
    	/Users/keruch/Development/Dymension/ethermint/x/evm/module.go:162 +0xa0
    github.com/cosmos/cosmos-sdk/types/module.(*Manager).BeginBlock(_, {{0x108492fa0, 0x10a39ed80}, {0x1084ae1c0, 0x14001fefb40}, {{0x0, 0x0}, {0x0, 0x0}, 0x0, ...}, ...})
    	/Users/keruch/Go-workspace/pkg/mod/github.com/cosmos/cosmos-sdk@v0.50.11/types/module/module.go:778 +0x14c
    github.com/evmos/ethermint/app.(*EthermintApp).BeginBlocker(...)
    	/Users/keruch/Development/Dymension/ethermint/app/app.go:704
    github.com/evmos/ethermint/testutil.commit({{0x108492fa0, 0x10a39ed80}, {0x1084ae1c0, 0x14001fefb40}, {{0x0, 0x0}, {0x0, 0x0}, 0x0, {0x0, ...}, ...}, ...}, ...)
    	/Users/keruch/Development/Dymension/ethermint/testutil/abci.go:242 +0x2d8
    github.com/evmos/ethermint/testutil.Commit({{0x108492fa0, 0x10a39ed80}, {0x1084ae1c0, 0x14001fefb40}, {{0x0, 0x0}, {0x0, 0x0}, 0x0, {0x0, ...}, ...}, ...}, ...)
    	/Users/keruch/Development/Dymension/ethermint/testutil/abci.go:32 +0x7c
    github.com/evmos/ethermint/x/feemarket/keeper_test.(*KeeperTestSuite).CommitAfter(0x140016ca608, 0x14?)
    	/Users/keruch/Development/Dymension/ethermint/x/feemarket/keeper/keeper_test.go:91 +0xa0
    github.com/evmos/ethermint/x/feemarket/keeper_test.(*KeeperTestSuite).Commit(...)
    	/Users/keruch/Development/Dymension/ethermint/x/feemarket/keeper/keeper_test.go:86
    github.com/evmos/ethermint/x/feemarket/keeper_test.setupTestWithContext({0x107c31ec8, 0x1}, {0x140019104c0?}, {0x14001c5bee8?})
    	/Users/keruch/Development/Dymension/ethermint/x/feemarket/keeper/integration_test.go:502 +0x768
    github.com/evmos/ethermint/x/feemarket/keeper_test.init.func1.1.3.1()
    	/Users/keruch/Development/Dymension/ethermint/x/feemarket/keeper/integration_test.go:129 +0x84
------------------------------
• [PANICKED] [0.010 seconds]
Feemarket Performing Cosmos transactions with MinGasPrices (feemarket param) < min-gas-prices (local) [BeforeEach] during DeliverTx should reject transactions with gasPrice < MinGasPrices
  [BeforeEach] /Users/keruch/Development/Dymension/ethermint/x/feemarket/keeper/integration_test.go:128
  [It] /Users/keruch/Development/Dymension/ethermint/x/feemarket/keeper/integration_test.go:164

  [PANICKED] Test Panicked
  In [BeforeEach] at: /Users/keruch/Development/Dymension/ethermint/x/evm/keeper/keeper.go:134 @ 06/02/25 11:17:43.272

  : []: invalid chain ID [/Users/keruch/Development/Dymension/ethermint/types/chain_id.go:60]

  Full Stack Trace
    github.com/evmos/ethermint/x/evm/keeper.(*Keeper).WithChainID(_, {{0x108492fa0, 0x10a39ed80}, {0x1084ae1c0, 0x1400134b380}, {{0x0, 0x0}, {0x0, 0x0}, 0x0, ...}, ...})
    	/Users/keruch/Development/Dymension/ethermint/x/evm/keeper/keeper.go:134 +0xd8
    github.com/evmos/ethermint/x/evm/keeper.(*Keeper).BeginBlock(_, {{0x108492fa0, 0x10a39ed80}, {0x1084ae1c0, 0x1400134b380}, {{0x0, 0x0}, {0x0, 0x0}, 0x0, ...}, ...})
    	/Users/keruch/Development/Dymension/ethermint/x/evm/keeper/abci.go:30 +0x4c
    github.com/evmos/ethermint/x/evm.AppModule.BeginBlock({{}, 0x140017ed680, {0x1084ad880, 0x14000cbe640}, {0x1315cae40, 0x14000dab408}, {0x108457440, 0x140020bb800}}, {0x108492fd8?, 0x140015e4388?})
    	/Users/keruch/Development/Dymension/ethermint/x/evm/module.go:162 +0xa0
    github.com/cosmos/cosmos-sdk/types/module.(*Manager).BeginBlock(_, {{0x108492fa0, 0x10a39ed80}, {0x1084ae1c0, 0x1400134b380}, {{0x0, 0x0}, {0x0, 0x0}, 0x0, ...}, ...})
    	/Users/keruch/Go-workspace/pkg/mod/github.com/cosmos/cosmos-sdk@v0.50.11/types/module/module.go:778 +0x14c
    github.com/evmos/ethermint/app.(*EthermintApp).BeginBlocker(...)
    	/Users/keruch/Development/Dymension/ethermint/app/app.go:704
    github.com/evmos/ethermint/testutil.commit({{0x108492fa0, 0x10a39ed80}, {0x1084ae1c0, 0x1400134b380}, {{0x0, 0x0}, {0x0, 0x0}, 0x0, {0x0, ...}, ...}, ...}, ...)
    	/Users/keruch/Development/Dymension/ethermint/testutil/abci.go:242 +0x2d8
    github.com/evmos/ethermint/testutil.Commit({{0x108492fa0, 0x10a39ed80}, {0x1084ae1c0, 0x1400134b380}, {{0x0, 0x0}, {0x0, 0x0}, 0x0, {0x0, ...}, ...}, ...}, ...)
    	/Users/keruch/Development/Dymension/ethermint/testutil/abci.go:32 +0x7c
    github.com/evmos/ethermint/x/feemarket/keeper_test.(*KeeperTestSuite).CommitAfter(0x14001469208, 0x14?)
    	/Users/keruch/Development/Dymension/ethermint/x/feemarket/keeper/keeper_test.go:91 +0xa0
    github.com/evmos/ethermint/x/feemarket/keeper_test.(*KeeperTestSuite).Commit(...)
    	/Users/keruch/Development/Dymension/ethermint/x/feemarket/keeper/keeper_test.go:86
    github.com/evmos/ethermint/x/feemarket/keeper_test.setupTestWithContext({0x107c31ec8, 0x1}, {0x1400151ba40?}, {0x14001c5bee8?})
    	/Users/keruch/Development/Dymension/ethermint/x/feemarket/keeper/integration_test.go:502 +0x768
    github.com/evmos/ethermint/x/feemarket/keeper_test.init.func1.1.3.1()
    	/Users/keruch/Development/Dymension/ethermint/x/feemarket/keeper/integration_test.go:129 +0x84
------------------------------
• [PANICKED] [0.010 seconds]
Feemarket Performing Cosmos transactions with MinGasPrices (feemarket param) < min-gas-prices (local) [BeforeEach] during DeliverTx should reject transactions with MinGasPrices < gasPrice < baseFee
  [BeforeEach] /Users/keruch/Development/Dymension/ethermint/x/feemarket/keeper/integration_test.go:128
  [It] /Users/keruch/Development/Dymension/ethermint/x/feemarket/keeper/integration_test.go:175

  [PANICKED] Test Panicked
  In [BeforeEach] at: /Users/keruch/Development/Dymension/ethermint/x/evm/keeper/keeper.go:134 @ 06/02/25 11:17:43.282

  : []: invalid chain ID [/Users/keruch/Development/Dymension/ethermint/types/chain_id.go:60]

  Full Stack Trace
    github.com/evmos/ethermint/x/evm/keeper.(*Keeper).WithChainID(_, {{0x108492fa0, 0x10a39ed80}, {0x1084ae1c0, 0x140007612c0}, {{0x0, 0x0}, {0x0, 0x0}, 0x0, ...}, ...})
    	/Users/keruch/Development/Dymension/ethermint/x/evm/keeper/keeper.go:134 +0xd8
    github.com/evmos/ethermint/x/evm/keeper.(*Keeper).BeginBlock(_, {{0x108492fa0, 0x10a39ed80}, {0x1084ae1c0, 0x140007612c0}, {{0x0, 0x0}, {0x0, 0x0}, 0x0, ...}, ...})
    	/Users/keruch/Development/Dymension/ethermint/x/evm/keeper/abci.go:30 +0x4c
    github.com/evmos/ethermint/x/evm.AppModule.BeginBlock({{}, 0x14001867680, {0x1084ad880, 0x14001634f00}, {0x1315cae40, 0x14001ad1b88}, {0x108457440, 0x1400191ef60}}, {0x108492fd8?, 0x1400159e008?})
    	/Users/keruch/Development/Dymension/ethermint/x/evm/module.go:162 +0xa0
    github.com/cosmos/cosmos-sdk/types/module.(*Manager).BeginBlock(_, {{0x108492fa0, 0x10a39ed80}, {0x1084ae1c0, 0x140007612c0}, {{0x0, 0x0}, {0x0, 0x0}, 0x0, ...}, ...})
    	/Users/keruch/Go-workspace/pkg/mod/github.com/cosmos/cosmos-sdk@v0.50.11/types/module/module.go:778 +0x14c
    github.com/evmos/ethermint/app.(*EthermintApp).BeginBlocker(...)
    	/Users/keruch/Development/Dymension/ethermint/app/app.go:704
    github.com/evmos/ethermint/testutil.commit({{0x108492fa0, 0x10a39ed80}, {0x1084ae1c0, 0x140007612c0}, {{0x0, 0x0}, {0x0, 0x0}, 0x0, {0x0, ...}, ...}, ...}, ...)
    	/Users/keruch/Development/Dymension/ethermint/testutil/abci.go:242 +0x2d8
    github.com/evmos/ethermint/testutil.Commit({{0x108492fa0, 0x10a39ed80}, {0x1084ae1c0, 0x140007612c0}, {{0x0, 0x0}, {0x0, 0x0}, 0x0, {0x0, ...}, ...}, ...}, ...)
    	/Users/keruch/Development/Dymension/ethermint/testutil/abci.go:32 +0x7c
    github.com/evmos/ethermint/x/feemarket/keeper_test.(*KeeperTestSuite).CommitAfter(0x14001455208, 0x14?)
    	/Users/keruch/Development/Dymension/ethermint/x/feemarket/keeper/keeper_test.go:91 +0xa0
    github.com/evmos/ethermint/x/feemarket/keeper_test.(*KeeperTestSuite).Commit(...)
    	/Users/keruch/Development/Dymension/ethermint/x/feemarket/keeper/keeper_test.go:86
    github.com/evmos/ethermint/x/feemarket/keeper_test.setupTestWithContext({0x107c31ec8, 0x1}, {0x14000688f60?}, {0x14001c61ee8?})
    	/Users/keruch/Development/Dymension/ethermint/x/feemarket/keeper/integration_test.go:502 +0x768
    github.com/evmos/ethermint/x/feemarket/keeper_test.init.func1.1.3.1()
    	/Users/keruch/Development/Dymension/ethermint/x/feemarket/keeper/integration_test.go:129 +0x84
------------------------------
• [PANICKED] [0.010 seconds]
Feemarket Performing Cosmos transactions with MinGasPrices (feemarket param) < min-gas-prices (local) [BeforeEach] during DeliverTx should accept transactions with gasPrice >= baseFee
  [BeforeEach] /Users/keruch/Development/Dymension/ethermint/x/feemarket/keeper/integration_test.go:128
  [It] /Users/keruch/Development/Dymension/ethermint/x/feemarket/keeper/integration_test.go:185

  [PANICKED] Test Panicked
  In [BeforeEach] at: /Users/keruch/Development/Dymension/ethermint/x/evm/keeper/keeper.go:134 @ 06/02/25 11:17:43.293

  : []: invalid chain ID [/Users/keruch/Development/Dymension/ethermint/types/chain_id.go:60]

  Full Stack Trace
    github.com/evmos/ethermint/x/evm/keeper.(*Keeper).WithChainID(_, {{0x108492fa0, 0x10a39ed80}, {0x1084ae1c0, 0x14001404180}, {{0x0, 0x0}, {0x0, 0x0}, 0x0, ...}, ...})
    	/Users/keruch/Development/Dymension/ethermint/x/evm/keeper/keeper.go:134 +0xd8
    github.com/evmos/ethermint/x/evm/keeper.(*Keeper).BeginBlock(_, {{0x108492fa0, 0x10a39ed80}, {0x1084ae1c0, 0x14001404180}, {{0x0, 0x0}, {0x0, 0x0}, 0x0, ...}, ...})
    	/Users/keruch/Development/Dymension/ethermint/x/evm/keeper/abci.go:30 +0x4c
    github.com/evmos/ethermint/x/evm.AppModule.BeginBlock({{}, 0x14001866240, {0x1084ad880, 0x140007e1cc0}, {0x1315cae40, 0x14000dab188}, {0x108457440, 0x140020bbb00}}, {0x108492fd8?, 0x14001781888?})
    	/Users/keruch/Development/Dymension/ethermint/x/evm/module.go:162 +0xa0
    github.com/cosmos/cosmos-sdk/types/module.(*Manager).BeginBlock(_, {{0x108492fa0, 0x10a39ed80}, {0x1084ae1c0, 0x14001404180}, {{0x0, 0x0}, {0x0, 0x0}, 0x0, ...}, ...})
    	/Users/keruch/Go-workspace/pkg/mod/github.com/cosmos/cosmos-sdk@v0.50.11/types/module/module.go:778 +0x14c
    github.com/evmos/ethermint/app.(*EthermintApp).BeginBlocker(...)
    	/Users/keruch/Development/Dymension/ethermint/app/app.go:704
    github.com/evmos/ethermint/testutil.commit({{0x108492fa0, 0x10a39ed80}, {0x1084ae1c0, 0x14001404180}, {{0x0, 0x0}, {0x0, 0x0}, 0x0, {0x0, ...}, ...}, ...}, ...)
    	/Users/keruch/Development/Dymension/ethermint/testutil/abci.go:242 +0x2d8
    github.com/evmos/ethermint/testutil.Commit({{0x108492fa0, 0x10a39ed80}, {0x1084ae1c0, 0x14001404180}, {{0x0, 0x0}, {0x0, 0x0}, 0x0, {0x0, ...}, ...}, ...}, ...)
    	/Users/keruch/Development/Dymension/ethermint/testutil/abci.go:32 +0x7c
    github.com/evmos/ethermint/x/feemarket/keeper_test.(*KeeperTestSuite).CommitAfter(0x140015ec008, 0x14?)
    	/Users/keruch/Development/Dymension/ethermint/x/feemarket/keeper/keeper_test.go:91 +0xa0
    github.com/evmos/ethermint/x/feemarket/keeper_test.(*KeeperTestSuite).Commit(...)
    	/Users/keruch/Development/Dymension/ethermint/x/feemarket/keeper/keeper_test.go:86
    github.com/evmos/ethermint/x/feemarket/keeper_test.setupTestWithContext({0x107c31ec8, 0x1}, {0x140020e3140?}, {0x14001c61ee8?})
    	/Users/keruch/Development/Dymension/ethermint/x/feemarket/keeper/integration_test.go:502 +0x768
    github.com/evmos/ethermint/x/feemarket/keeper_test.init.func1.1.3.1()
    	/Users/keruch/Development/Dymension/ethermint/x/feemarket/keeper/integration_test.go:129 +0x84
------------------------------
• [PANICKED] [0.010 seconds]
Feemarket Performing EVM transactions with BaseFee (feemarket) < MinGasPrices (feemarket param) [BeforeEach] during CheckTx should reject transactions with EffectivePrice < MinGasPrices legacy tx
  [BeforeEach] /Users/keruch/Development/Dymension/ethermint/x/feemarket/keeper/integration_test.go:211
  [It] /Users/keruch/Development/Dymension/ethermint/x/feemarket/keeper/integration_test.go:237

  [PANICKED] Test Panicked
  In [BeforeEach] at: /Users/keruch/Development/Dymension/ethermint/x/evm/keeper/keeper.go:134 @ 06/02/25 11:17:43.303

  : []: invalid chain ID [/Users/keruch/Development/Dymension/ethermint/types/chain_id.go:60]

  Full Stack Trace
    github.com/evmos/ethermint/x/evm/keeper.(*Keeper).WithChainID(_, {{0x108492fa0, 0x10a39ed80}, {0x1084ae1c0, 0x14001a19680}, {{0x0, 0x0}, {0x0, 0x0}, 0x0, ...}, ...})
    	/Users/keruch/Development/Dymension/ethermint/x/evm/keeper/keeper.go:134 +0xd8
    github.com/evmos/ethermint/x/evm/keeper.(*Keeper).BeginBlock(_, {{0x108492fa0, 0x10a39ed80}, {0x1084ae1c0, 0x14001a19680}, {{0x0, 0x0}, {0x0, 0x0}, 0x0, ...}, ...})
    	/Users/keruch/Development/Dymension/ethermint/x/evm/keeper/abci.go:30 +0x4c
    github.com/evmos/ethermint/x/evm.AppModule.BeginBlock({{}, 0x14001a050e0, {0x1084ad880, 0x14001b86280}, {0x1315cae40, 0x140015aea08}, {0x108457440, 0x14001c26e40}}, {0x108492fd8?, 0x140013e5188?})
    	/Users/keruch/Development/Dymension/ethermint/x/evm/module.go:162 +0xa0
    github.com/cosmos/cosmos-sdk/types/module.(*Manager).BeginBlock(_, {{0x108492fa0, 0x10a39ed80}, {0x1084ae1c0, 0x14001a19680}, {{0x0, 0x0}, {0x0, 0x0}, 0x0, ...}, ...})
    	/Users/keruch/Go-workspace/pkg/mod/github.com/cosmos/cosmos-sdk@v0.50.11/types/module/module.go:778 +0x14c
    github.com/evmos/ethermint/app.(*EthermintApp).BeginBlocker(...)
    	/Users/keruch/Development/Dymension/ethermint/app/app.go:704
    github.com/evmos/ethermint/testutil.commit({{0x108492fa0, 0x10a39ed80}, {0x1084ae1c0, 0x14001a19680}, {{0x0, 0x0}, {0x0, 0x0}, 0x0, {0x0, ...}, ...}, ...}, ...)
    	/Users/keruch/Development/Dymension/ethermint/testutil/abci.go:242 +0x2d8
    github.com/evmos/ethermint/testutil.Commit({{0x108492fa0, 0x10a39ed80}, {0x1084ae1c0, 0x14001a19680}, {{0x0, 0x0}, {0x0, 0x0}, 0x0, {0x0, ...}, ...}, ...}, ...)
    	/Users/keruch/Development/Dymension/ethermint/testutil/abci.go:32 +0x7c
    github.com/evmos/ethermint/x/feemarket/keeper_test.(*KeeperTestSuite).CommitAfter(0x140017dec08, 0x14?)
    	/Users/keruch/Development/Dymension/ethermint/x/feemarket/keeper/keeper_test.go:91 +0xa0
    github.com/evmos/ethermint/x/feemarket/keeper_test.(*KeeperTestSuite).Commit(...)
    	/Users/keruch/Development/Dymension/ethermint/x/feemarket/keeper/keeper_test.go:86
    github.com/evmos/ethermint/x/feemarket/keeper_test.setupTestWithContext({0x107c28eb8, 0x1}, {0x14000688800?}, {0x14001c5ff20?})
    	/Users/keruch/Development/Dymension/ethermint/x/feemarket/keeper/integration_test.go:502 +0x768
    github.com/evmos/ethermint/x/feemarket/keeper_test.init.func1.2.1.1()
    	/Users/keruch/Development/Dymension/ethermint/x/feemarket/keeper/integration_test.go:219 +0xc0
------------------------------
• [PANICKED] [0.010 seconds]
Feemarket Performing EVM transactions with BaseFee (feemarket) < MinGasPrices (feemarket param) [BeforeEach] during CheckTx should reject transactions with EffectivePrice < MinGasPrices dynamic tx with GasFeeCap < MinGasPrices, no gasTipCap
  [BeforeEach] /Users/keruch/Development/Dymension/ethermint/x/feemarket/keeper/integration_test.go:211
  [It] /Users/keruch/Development/Dymension/ethermint/x/feemarket/keeper/integration_test.go:240

  [PANICKED] Test Panicked
  In [BeforeEach] at: /Users/keruch/Development/Dymension/ethermint/x/evm/keeper/keeper.go:134 @ 06/02/25 11:17:43.313

  : []: invalid chain ID [/Users/keruch/Development/Dymension/ethermint/types/chain_id.go:60]

  Full Stack Trace
    github.com/evmos/ethermint/x/evm/keeper.(*Keeper).WithChainID(_, {{0x108492fa0, 0x10a39ed80}, {0x1084ae1c0, 0x14001641280}, {{0x0, 0x0}, {0x0, 0x0}, 0x0, ...}, ...})
    	/Users/keruch/Development/Dymension/ethermint/x/evm/keeper/keeper.go:134 +0xd8
    github.com/evmos/ethermint/x/evm/keeper.(*Keeper).BeginBlock(_, {{0x108492fa0, 0x10a39ed80}, {0x1084ae1c0, 0x14001641280}, {{0x0, 0x0}, {0x0, 0x0}, 0x0, ...}, ...})
    	/Users/keruch/Development/Dymension/ethermint/x/evm/keeper/abci.go:30 +0x4c
    github.com/evmos/ethermint/x/evm.AppModule.BeginBlock({{}, 0x140025e1680, {0x1084ad880, 0x14000131e00}, {0x1315cae40, 0x14002483188}, {0x108457440, 0x140011a3c20}}, {0x108492fd8?, 0x14001614008?})
    	/Users/keruch/Development/Dymension/ethermint/x/evm/module.go:162 +0xa0
    github.com/cosmos/cosmos-sdk/types/module.(*Manager).BeginBlock(_, {{0x108492fa0, 0x10a39ed80}, {0x1084ae1c0, 0x14001641280}, {{0x0, 0x0}, {0x0, 0x0}, 0x0, ...}, ...})
    	/Users/keruch/Go-workspace/pkg/mod/github.com/cosmos/cosmos-sdk@v0.50.11/types/module/module.go:778 +0x14c
    github.com/evmos/ethermint/app.(*EthermintApp).BeginBlocker(...)
    	/Users/keruch/Development/Dymension/ethermint/app/app.go:704
    github.com/evmos/ethermint/testutil.commit({{0x108492fa0, 0x10a39ed80}, {0x1084ae1c0, 0x14001641280}, {{0x0, 0x0}, {0x0, 0x0}, 0x0, {0x0, ...}, ...}, ...}, ...)
    	/Users/keruch/Development/Dymension/ethermint/testutil/abci.go:242 +0x2d8
    github.com/evmos/ethermint/testutil.Commit({{0x108492fa0, 0x10a39ed80}, {0x1084ae1c0, 0x14001641280}, {{0x0, 0x0}, {0x0, 0x0}, 0x0, {0x0, ...}, ...}, ...}, ...)
    	/Users/keruch/Development/Dymension/ethermint/testutil/abci.go:32 +0x7c
    github.com/evmos/ethermint/x/feemarket/keeper_test.(*KeeperTestSuite).CommitAfter(0x140013fa008, 0x14?)
    	/Users/keruch/Development/Dymension/ethermint/x/feemarket/keeper/keeper_test.go:91 +0xa0
    github.com/evmos/ethermint/x/feemarket/keeper_test.(*KeeperTestSuite).Commit(...)
    	/Users/keruch/Development/Dymension/ethermint/x/feemarket/keeper/keeper_test.go:86
    github.com/evmos/ethermint/x/feemarket/keeper_test.setupTestWithContext({0x107c28eb8, 0x1}, {0x140011f1d00?}, {0x14001c61f20?})
    	/Users/keruch/Development/Dymension/ethermint/x/feemarket/keeper/integration_test.go:502 +0x768
    github.com/evmos/ethermint/x/feemarket/keeper_test.init.func1.2.1.1()
    	/Users/keruch/Development/Dymension/ethermint/x/feemarket/keeper/integration_test.go:219 +0xc0
------------------------------
• [PANICKED] [0.010 seconds]
Feemarket Performing EVM transactions with BaseFee (feemarket) < MinGasPrices (feemarket param) [BeforeEach] during CheckTx should reject transactions with EffectivePrice < MinGasPrices dynamic tx with GasFeeCap < MinGasPrices, max gasTipCap
  [BeforeEach] /Users/keruch/Development/Dymension/ethermint/x/feemarket/keeper/integration_test.go:211
  [It] /Users/keruch/Development/Dymension/ethermint/x/feemarket/keeper/integration_test.go:243

  [PANICKED] Test Panicked
  In [BeforeEach] at: /Users/keruch/Development/Dymension/ethermint/x/evm/keeper/keeper.go:134 @ 06/02/25 11:17:43.323

  : []: invalid chain ID [/Users/keruch/Development/Dymension/ethermint/types/chain_id.go:60]

  Full Stack Trace
    github.com/evmos/ethermint/x/evm/keeper.(*Keeper).WithChainID(_, {{0x108492fa0, 0x10a39ed80}, {0x1084ae1c0, 0x14001192f80}, {{0x0, 0x0}, {0x0, 0x0}, 0x0, ...}, ...})
    	/Users/keruch/Development/Dymension/ethermint/x/evm/keeper/keeper.go:134 +0xd8
    github.com/evmos/ethermint/x/evm/keeper.(*Keeper).BeginBlock(_, {{0x108492fa0, 0x10a39ed80}, {0x1084ae1c0, 0x14001192f80}, {{0x0, 0x0}, {0x0, 0x0}, 0x0, ...}, ...})
    	/Users/keruch/Development/Dymension/ethermint/x/evm/keeper/abci.go:30 +0x4c
    github.com/evmos/ethermint/x/evm.AppModule.BeginBlock({{}, 0x140019e2900, {0x1084ad880, 0x14001407e00}, {0x1315cae40, 0x140015af908}, {0x108457440, 0x1400182b440}}, {0x108492fd8?, 0x1400147a388?})
    	/Users/keruch/Development/Dymension/ethermint/x/evm/module.go:162 +0xa0
    github.com/cosmos/cosmos-sdk/types/module.(*Manager).BeginBlock(_, {{0x108492fa0, 0x10a39ed80}, {0x1084ae1c0, 0x14001192f80}, {{0x0, 0x0}, {0x0, 0x0}, 0x0, ...}, ...})
    	/Users/keruch/Go-workspace/pkg/mod/github.com/cosmos/cosmos-sdk@v0.50.11/types/module/module.go:778 +0x14c
    github.com/evmos/ethermint/app.(*EthermintApp).BeginBlocker(...)
    	/Users/keruch/Development/Dymension/ethermint/app/app.go:704
    github.com/evmos/ethermint/testutil.commit({{0x108492fa0, 0x10a39ed80}, {0x1084ae1c0, 0x14001192f80}, {{0x0, 0x0}, {0x0, 0x0}, 0x0, {0x0, ...}, ...}, ...}, ...)
    	/Users/keruch/Development/Dymension/ethermint/testutil/abci.go:242 +0x2d8
    github.com/evmos/ethermint/testutil.Commit({{0x108492fa0, 0x10a39ed80}, {0x1084ae1c0, 0x14001192f80}, {{0x0, 0x0}, {0x0, 0x0}, 0x0, {0x0, ...}, ...}, ...}, ...)
    	/Users/keruch/Development/Dymension/ethermint/testutil/abci.go:32 +0x7c
    github.com/evmos/ethermint/x/feemarket/keeper_test.(*KeeperTestSuite).CommitAfter(0x14001638c08, 0x14?)
    	/Users/keruch/Development/Dymension/ethermint/x/feemarket/keeper/keeper_test.go:91 +0xa0
    github.com/evmos/ethermint/x/feemarket/keeper_test.(*KeeperTestSuite).Commit(...)
    	/Users/keruch/Development/Dymension/ethermint/x/feemarket/keeper/keeper_test.go:86
    github.com/evmos/ethermint/x/feemarket/keeper_test.setupTestWithContext({0x107c28eb8, 0x1}, {0x14002128b00?}, {0x14001c61f20?})
    	/Users/keruch/Development/Dymension/ethermint/x/feemarket/keeper/integration_test.go:502 +0x768
    github.com/evmos/ethermint/x/feemarket/keeper_test.init.func1.2.1.1()
    	/Users/keruch/Development/Dymension/ethermint/x/feemarket/keeper/integration_test.go:219 +0xc0
------------------------------
• [PANICKED] [0.011 seconds]
Feemarket Performing EVM transactions with BaseFee (feemarket) < MinGasPrices (feemarket param) [BeforeEach] during CheckTx should reject transactions with EffectivePrice < MinGasPrices dynamic tx with GasFeeCap > MinGasPrices, EffectivePrice < MinGasPrices
  [BeforeEach] /Users/keruch/Development/Dymension/ethermint/x/feemarket/keeper/integration_test.go:211
  [It] /Users/keruch/Development/Dymension/ethermint/x/feemarket/keeper/integration_test.go:247

  [PANICKED] Test Panicked
  In [BeforeEach] at: /Users/keruch/Development/Dymension/ethermint/x/evm/keeper/keeper.go:134 @ 06/02/25 11:17:43.334

  : []: invalid chain ID [/Users/keruch/Development/Dymension/ethermint/types/chain_id.go:60]

  Full Stack Trace
    github.com/evmos/ethermint/x/evm/keeper.(*Keeper).WithChainID(_, {{0x108492fa0, 0x10a39ed80}, {0x1084ae1c0, 0x14002509ec0}, {{0x0, 0x0}, {0x0, 0x0}, 0x0, ...}, ...})
    	/Users/keruch/Development/Dymension/ethermint/x/evm/keeper/keeper.go:134 +0xd8
    github.com/evmos/ethermint/x/evm/keeper.(*Keeper).BeginBlock(_, {{0x108492fa0, 0x10a39ed80}, {0x1084ae1c0, 0x14002509ec0}, {{0x0, 0x0}, {0x0, 0x0}, 0x0, ...}, ...})
    	/Users/keruch/Development/Dymension/ethermint/x/evm/keeper/abci.go:30 +0x4c
    github.com/evmos/ethermint/x/evm.AppModule.BeginBlock({{}, 0x140017965a0, {0x1084ad880, 0x140015df400}, {0x1315cae40, 0x14002535908}, {0x108457440, 0x14001d4b080}}, {0x108492fd8?, 0x140017e2008?})
    	/Users/keruch/Development/Dymension/ethermint/x/evm/module.go:162 +0xa0
    github.com/cosmos/cosmos-sdk/types/module.(*Manager).BeginBlock(_, {{0x108492fa0, 0x10a39ed80}, {0x1084ae1c0, 0x14002509ec0}, {{0x0, 0x0}, {0x0, 0x0}, 0x0, ...}, ...})
    	/Users/keruch/Go-workspace/pkg/mod/github.com/cosmos/cosmos-sdk@v0.50.11/types/module/module.go:778 +0x14c
    github.com/evmos/ethermint/app.(*EthermintApp).BeginBlocker(...)
    	/Users/keruch/Development/Dymension/ethermint/app/app.go:704
    github.com/evmos/ethermint/testutil.commit({{0x108492fa0, 0x10a39ed80}, {0x1084ae1c0, 0x14002509ec0}, {{0x0, 0x0}, {0x0, 0x0}, 0x0, {0x0, ...}, ...}, ...}, ...)
    	/Users/keruch/Development/Dymension/ethermint/testutil/abci.go:242 +0x2d8
    github.com/evmos/ethermint/testutil.Commit({{0x108492fa0, 0x10a39ed80}, {0x1084ae1c0, 0x14002509ec0}, {{0x0, 0x0}, {0x0, 0x0}, 0x0, {0x0, ...}, ...}, ...}, ...)
    	/Users/keruch/Development/Dymension/ethermint/testutil/abci.go:32 +0x7c
    github.com/evmos/ethermint/x/feemarket/keeper_test.(*KeeperTestSuite).CommitAfter(0x140014d4c08, 0x14?)
    	/Users/keruch/Development/Dymension/ethermint/x/feemarket/keeper/keeper_test.go:91 +0xa0
    github.com/evmos/ethermint/x/feemarket/keeper_test.(*KeeperTestSuite).Commit(...)
    	/Users/keruch/Development/Dymension/ethermint/x/feemarket/keeper/keeper_test.go:86
    github.com/evmos/ethermint/x/feemarket/keeper_test.setupTestWithContext({0x107c28eb8, 0x1}, {0x140011f1da0?}, {0x14001c5bf20?})
    	/Users/keruch/Development/Dymension/ethermint/x/feemarket/keeper/integration_test.go:502 +0x768
    github.com/evmos/ethermint/x/feemarket/keeper_test.init.func1.2.1.1()
    	/Users/keruch/Development/Dymension/ethermint/x/feemarket/keeper/integration_test.go:219 +0xc0
------------------------------
• [PANICKED] [0.012 seconds]
Feemarket Performing EVM transactions with BaseFee (feemarket) < MinGasPrices (feemarket param) [BeforeEach] during CheckTx should accept transactions with gasPrice >= MinGasPrices legacy tx
  [BeforeEach] /Users/keruch/Development/Dymension/ethermint/x/feemarket/keeper/integration_test.go:211
  [It] /Users/keruch/Development/Dymension/ethermint/x/feemarket/keeper/integration_test.go:261

  [PANICKED] Test Panicked
  In [BeforeEach] at: /Users/keruch/Development/Dymension/ethermint/x/evm/keeper/keeper.go:134 @ 06/02/25 11:17:43.346

  : []: invalid chain ID [/Users/keruch/Development/Dymension/ethermint/types/chain_id.go:60]

  Full Stack Trace
    github.com/evmos/ethermint/x/evm/keeper.(*Keeper).WithChainID(_, {{0x108492fa0, 0x10a39ed80}, {0x1084ae1c0, 0x14000d90d80}, {{0x0, 0x0}, {0x0, 0x0}, 0x0, ...}, ...})
    	/Users/keruch/Development/Dymension/ethermint/x/evm/keeper/keeper.go:134 +0xd8
    github.com/evmos/ethermint/x/evm/keeper.(*Keeper).BeginBlock(_, {{0x108492fa0, 0x10a39ed80}, {0x1084ae1c0, 0x14000d90d80}, {{0x0, 0x0}, {0x0, 0x0}, 0x0, ...}, ...})
    	/Users/keruch/Development/Dymension/ethermint/x/evm/keeper/abci.go:30 +0x4c
    github.com/evmos/ethermint/x/evm.AppModule.BeginBlock({{}, 0x14001797b00, {0x1084ad880, 0x14001b87900}, {0x1315cae40, 0x14002482508}, {0x108457440, 0x1400141cae0}}, {0x108492fd8?, 0x140017e4388?})
    	/Users/keruch/Development/Dymension/ethermint/x/evm/module.go:162 +0xa0
    github.com/cosmos/cosmos-sdk/types/module.(*Manager).BeginBlock(_, {{0x108492fa0, 0x10a39ed80}, {0x1084ae1c0, 0x14000d90d80}, {{0x0, 0x0}, {0x0, 0x0}, 0x0, ...}, ...})
    	/Users/keruch/Go-workspace/pkg/mod/github.com/cosmos/cosmos-sdk@v0.50.11/types/module/module.go:778 +0x14c
    github.com/evmos/ethermint/app.(*EthermintApp).BeginBlocker(...)
    	/Users/keruch/Development/Dymension/ethermint/app/app.go:704
    github.com/evmos/ethermint/testutil.commit({{0x108492fa0, 0x10a39ed80}, {0x1084ae1c0, 0x14000d90d80}, {{0x0, 0x0}, {0x0, 0x0}, 0x0, {0x0, ...}, ...}, ...}, ...)
    	/Users/keruch/Development/Dymension/ethermint/testutil/abci.go:242 +0x2d8
    github.com/evmos/ethermint/testutil.Commit({{0x108492fa0, 0x10a39ed80}, {0x1084ae1c0, 0x14000d90d80}, {{0x0, 0x0}, {0x0, 0x0}, 0x0, {0x0, ...}, ...}, ...}, ...)
    	/Users/keruch/Development/Dymension/ethermint/testutil/abci.go:32 +0x7c
    github.com/evmos/ethermint/x/feemarket/keeper_test.(*KeeperTestSuite).CommitAfter(0x1400182d808, 0x14?)
    	/Users/keruch/Development/Dymension/ethermint/x/feemarket/keeper/keeper_test.go:91 +0xa0
    github.com/evmos/ethermint/x/feemarket/keeper_test.(*KeeperTestSuite).Commit(...)
    	/Users/keruch/Development/Dymension/ethermint/x/feemarket/keeper/keeper_test.go:86
    github.com/evmos/ethermint/x/feemarket/keeper_test.setupTestWithContext({0x107c28eb8, 0x1}, {0x14002129160?}, {0x14001c5bf20?})
    	/Users/keruch/Development/Dymension/ethermint/x/feemarket/keeper/integration_test.go:502 +0x768
    github.com/evmos/ethermint/x/feemarket/keeper_test.init.func1.2.1.1()
    	/Users/keruch/Development/Dymension/ethermint/x/feemarket/keeper/integration_test.go:219 +0xc0
------------------------------
• [PANICKED] [0.011 seconds]
Feemarket Performing EVM transactions with BaseFee (feemarket) < MinGasPrices (feemarket param) [BeforeEach] during CheckTx should accept transactions with gasPrice >= MinGasPrices dynamic tx with GasFeeCap > MinGasPrices, EffectivePrice > MinGasPrices
  [BeforeEach] /Users/keruch/Development/Dymension/ethermint/x/feemarket/keeper/integration_test.go:211
  [It] /Users/keruch/Development/Dymension/ethermint/x/feemarket/keeper/integration_test.go:267

  [PANICKED] Test Panicked
  In [BeforeEach] at: /Users/keruch/Development/Dymension/ethermint/x/evm/keeper/keeper.go:134 @ 06/02/25 11:17:43.357

  : []: invalid chain ID [/Users/keruch/Development/Dymension/ethermint/types/chain_id.go:60]

  Full Stack Trace
    github.com/evmos/ethermint/x/evm/keeper.(*Keeper).WithChainID(_, {{0x108492fa0, 0x10a39ed80}, {0x1084ae1c0, 0x140026b9880}, {{0x0, 0x0}, {0x0, 0x0}, 0x0, ...}, ...})
    	/Users/keruch/Development/Dymension/ethermint/x/evm/keeper/keeper.go:134 +0xd8
    github.com/evmos/ethermint/x/evm/keeper.(*Keeper).BeginBlock(_, {{0x108492fa0, 0x10a39ed80}, {0x1084ae1c0, 0x140026b9880}, {{0x0, 0x0}, {0x0, 0x0}, 0x0, ...}, ...})
    	/Users/keruch/Development/Dymension/ethermint/x/evm/keeper/abci.go:30 +0x4c
    github.com/evmos/ethermint/x/evm.AppModule.BeginBlock({{}, 0x140018ec000, {0x1084ad880, 0x14001b86140}, {0x1315cae40, 0x14000dab688}, {0x108457440, 0x14001705d40}}, {0x108492fd8?, 0x140016ca388?})
    	/Users/keruch/Development/Dymension/ethermint/x/evm/module.go:162 +0xa0
    github.com/cosmos/cosmos-sdk/types/module.(*Manager).BeginBlock(_, {{0x108492fa0, 0x10a39ed80}, {0x1084ae1c0, 0x140026b9880}, {{0x0, 0x0}, {0x0, 0x0}, 0x0, ...}, ...})
    	/Users/keruch/Go-workspace/pkg/mod/github.com/cosmos/cosmos-sdk@v0.50.11/types/module/module.go:778 +0x14c
    github.com/evmos/ethermint/app.(*EthermintApp).BeginBlocker(...)
    	/Users/keruch/Development/Dymension/ethermint/app/app.go:704
    github.com/evmos/ethermint/testutil.commit({{0x108492fa0, 0x10a39ed80}, {0x1084ae1c0, 0x140026b9880}, {{0x0, 0x0}, {0x0, 0x0}, 0x0, {0x0, ...}, ...}, ...}, ...)
    	/Users/keruch/Development/Dymension/ethermint/testutil/abci.go:242 +0x2d8
    github.com/evmos/ethermint/testutil.Commit({{0x108492fa0, 0x10a39ed80}, {0x1084ae1c0, 0x140026b9880}, {{0x0, 0x0}, {0x0, 0x0}, 0x0, {0x0, ...}, ...}, ...}, ...)
    	/Users/keruch/Development/Dymension/ethermint/testutil/abci.go:32 +0x7c
    github.com/evmos/ethermint/x/feemarket/keeper_test.(*KeeperTestSuite).CommitAfter(0x14001950008, 0x14?)
    	/Users/keruch/Development/Dymension/ethermint/x/feemarket/keeper/keeper_test.go:91 +0xa0
    github.com/evmos/ethermint/x/feemarket/keeper_test.(*KeeperTestSuite).Commit(...)
    	/Users/keruch/Development/Dymension/ethermint/x/feemarket/keeper/keeper_test.go:86
    github.com/evmos/ethermint/x/feemarket/keeper_test.setupTestWithContext({0x107c28eb8, 0x1}, {0x140022bbe60?}, {0x14001c5bf20?})
    	/Users/keruch/Development/Dymension/ethermint/x/feemarket/keeper/integration_test.go:502 +0x768
    github.com/evmos/ethermint/x/feemarket/keeper_test.init.func1.2.1.1()
    	/Users/keruch/Development/Dymension/ethermint/x/feemarket/keeper/integration_test.go:219 +0xc0
------------------------------
• [PANICKED] [0.011 seconds]
Feemarket Performing EVM transactions with BaseFee (feemarket) < MinGasPrices (feemarket param) [BeforeEach] during DeliverTx should reject transactions with gasPrice < MinGasPrices legacy tx
  [BeforeEach] /Users/keruch/Development/Dymension/ethermint/x/feemarket/keeper/integration_test.go:211
  [It] /Users/keruch/Development/Dymension/ethermint/x/feemarket/keeper/integration_test.go:287

  [PANICKED] Test Panicked
  In [BeforeEach] at: /Users/keruch/Development/Dymension/ethermint/x/evm/keeper/keeper.go:134 @ 06/02/25 11:17:43.368

  : []: invalid chain ID [/Users/keruch/Development/Dymension/ethermint/types/chain_id.go:60]

  Full Stack Trace
    github.com/evmos/ethermint/x/evm/keeper.(*Keeper).WithChainID(_, {{0x108492fa0, 0x10a39ed80}, {0x1084ae1c0, 0x140016974c0}, {{0x0, 0x0}, {0x0, 0x0}, 0x0, ...}, ...})
    	/Users/keruch/Development/Dymension/ethermint/x/evm/keeper/keeper.go:134 +0xd8
    github.com/evmos/ethermint/x/evm/keeper.(*Keeper).BeginBlock(_, {{0x108492fa0, 0x10a39ed80}, {0x1084ae1c0, 0x140016974c0}, {{0x0, 0x0}, {0x0, 0x0}, 0x0, ...}, ...})
    	/Users/keruch/Development/Dymension/ethermint/x/evm/keeper/abci.go:30 +0x4c
    github.com/evmos/ethermint/x/evm.AppModule.BeginBlock({{}, 0x140019e9320, {0x1084ad880, 0x14000cbe640}, {0x1315cae40, 0x140026fd908}, {0x108457440, 0x140001170e0}}, {0x108492fd8?, 0x140017d6708?})
    	/Users/keruch/Development/Dymension/ethermint/x/evm/module.go:162 +0xa0
    github.com/cosmos/cosmos-sdk/types/module.(*Manager).BeginBlock(_, {{0x108492fa0, 0x10a39ed80}, {0x1084ae1c0, 0x140016974c0}, {{0x0, 0x0}, {0x0, 0x0}, 0x0, ...}, ...})
    	/Users/keruch/Go-workspace/pkg/mod/github.com/cosmos/cosmos-sdk@v0.50.11/types/module/module.go:778 +0x14c
    github.com/evmos/ethermint/app.(*EthermintApp).BeginBlocker(...)
    	/Users/keruch/Development/Dymension/ethermint/app/app.go:704
    github.com/evmos/ethermint/testutil.commit({{0x108492fa0, 0x10a39ed80}, {0x1084ae1c0, 0x140016974c0}, {{0x0, 0x0}, {0x0, 0x0}, 0x0, {0x0, ...}, ...}, ...}, ...)
    	/Users/keruch/Development/Dymension/ethermint/testutil/abci.go:242 +0x2d8
    github.com/evmos/ethermint/testutil.Commit({{0x108492fa0, 0x10a39ed80}, {0x1084ae1c0, 0x140016974c0}, {{0x0, 0x0}, {0x0, 0x0}, 0x0, {0x0, ...}, ...}, ...}, ...)
    	/Users/keruch/Development/Dymension/ethermint/testutil/abci.go:32 +0x7c
    github.com/evmos/ethermint/x/feemarket/keeper_test.(*KeeperTestSuite).CommitAfter(0x14001712c08, 0x14?)
    	/Users/keruch/Development/Dymension/ethermint/x/feemarket/keeper/keeper_test.go:91 +0xa0
    github.com/evmos/ethermint/x/feemarket/keeper_test.(*KeeperTestSuite).Commit(...)
    	/Users/keruch/Development/Dymension/ethermint/x/feemarket/keeper/keeper_test.go:86
    github.com/evmos/ethermint/x/feemarket/keeper_test.setupTestWithContext({0x107c28eb8, 0x1}, {0x140014161e0?}, {0x14001c5bf20?})
    	/Users/keruch/Development/Dymension/ethermint/x/feemarket/keeper/integration_test.go:502 +0x768
    github.com/evmos/ethermint/x/feemarket/keeper_test.init.func1.2.1.1()
    	/Users/keruch/Development/Dymension/ethermint/x/feemarket/keeper/integration_test.go:219 +0xc0
------------------------------
• [PANICKED] [0.011 seconds]
Feemarket Performing EVM transactions with BaseFee (feemarket) < MinGasPrices (feemarket param) [BeforeEach] during DeliverTx should reject transactions with gasPrice < MinGasPrices dynamic tx with GasFeeCap < MinGasPrices, no gasTipCap
  [BeforeEach] /Users/keruch/Development/Dymension/ethermint/x/feemarket/keeper/integration_test.go:211
  [It] /Users/keruch/Development/Dymension/ethermint/x/feemarket/keeper/integration_test.go:290

  [PANICKED] Test Panicked
  In [BeforeEach] at: /Users/keruch/Development/Dymension/ethermint/x/evm/keeper/keeper.go:134 @ 06/02/25 11:17:43.38

  : []: invalid chain ID [/Users/keruch/Development/Dymension/ethermint/types/chain_id.go:60]

  Full Stack Trace
    github.com/evmos/ethermint/x/evm/keeper.(*Keeper).WithChainID(_, {{0x108492fa0, 0x10a39ed80}, {0x1084ae1c0, 0x14002383d80}, {{0x0, 0x0}, {0x0, 0x0}, 0x0, ...}, ...})
    	/Users/keruch/Development/Dymension/ethermint/x/evm/keeper/keeper.go:134 +0xd8
    github.com/evmos/ethermint/x/evm/keeper.(*Keeper).BeginBlock(_, {{0x108492fa0, 0x10a39ed80}, {0x1084ae1c0, 0x14002383d80}, {{0x0, 0x0}, {0x0, 0x0}, 0x0, ...}, ...})
    	/Users/keruch/Development/Dymension/ethermint/x/evm/keeper/abci.go:30 +0x4c
    github.com/evmos/ethermint/x/evm.AppModule.BeginBlock({{}, 0x140019e90e0, {0x1084ad880, 0x140015df180}, {0x1315cae40, 0x14000dab688}, {0x108457440, 0x14001c26060}}, {0x108492fd8?, 0x1400159a388?})
    	/Users/keruch/Development/Dymension/ethermint/x/evm/module.go:162 +0xa0
    github.com/cosmos/cosmos-sdk/types/module.(*Manager).BeginBlock(_, {{0x108492fa0, 0x10a39ed80}, {0x1084ae1c0, 0x14002383d80}, {{0x0, 0x0}, {0x0, 0x0}, 0x0, ...}, ...})
    	/Users/keruch/Go-workspace/pkg/mod/github.com/cosmos/cosmos-sdk@v0.50.11/types/module/module.go:778 +0x14c
    github.com/evmos/ethermint/app.(*EthermintApp).BeginBlocker(...)
    	/Users/keruch/Development/Dymension/ethermint/app/app.go:704
    github.com/evmos/ethermint/testutil.commit({{0x108492fa0, 0x10a39ed80}, {0x1084ae1c0, 0x14002383d80}, {{0x0, 0x0}, {0x0, 0x0}, 0x0, {0x0, ...}, ...}, ...}, ...)
    	/Users/keruch/Development/Dymension/ethermint/testutil/abci.go:242 +0x2d8
    github.com/evmos/ethermint/testutil.Commit({{0x108492fa0, 0x10a39ed80}, {0x1084ae1c0, 0x14002383d80}, {{0x0, 0x0}, {0x0, 0x0}, 0x0, {0x0, ...}, ...}, ...}, ...)
    	/Users/keruch/Development/Dymension/ethermint/testutil/abci.go:32 +0x7c
    github.com/evmos/ethermint/x/feemarket/keeper_test.(*KeeperTestSuite).CommitAfter(0x140017e2008, 0x14?)
    	/Users/keruch/Development/Dymension/ethermint/x/feemarket/keeper/keeper_test.go:91 +0xa0
    github.com/evmos/ethermint/x/feemarket/keeper_test.(*KeeperTestSuite).Commit(...)
    	/Users/keruch/Development/Dymension/ethermint/x/feemarket/keeper/keeper_test.go:86
    github.com/evmos/ethermint/x/feemarket/keeper_test.setupTestWithContext({0x107c28eb8, 0x1}, {0x14001a6cd20?}, {0x14001c5bf20?})
    	/Users/keruch/Development/Dymension/ethermint/x/feemarket/keeper/integration_test.go:502 +0x768
    github.com/evmos/ethermint/x/feemarket/keeper_test.init.func1.2.1.1()
    	/Users/keruch/Development/Dymension/ethermint/x/feemarket/keeper/integration_test.go:219 +0xc0
------------------------------
• [PANICKED] [0.011 seconds]
Feemarket Performing EVM transactions with BaseFee (feemarket) < MinGasPrices (feemarket param) [BeforeEach] during DeliverTx should reject transactions with gasPrice < MinGasPrices dynamic tx with GasFeeCap < MinGasPrices, max gasTipCap
  [BeforeEach] /Users/keruch/Development/Dymension/ethermint/x/feemarket/keeper/integration_test.go:211
  [It] /Users/keruch/Development/Dymension/ethermint/x/feemarket/keeper/integration_test.go:293

  [PANICKED] Test Panicked
  In [BeforeEach] at: /Users/keruch/Development/Dymension/ethermint/x/evm/keeper/keeper.go:134 @ 06/02/25 11:17:43.39

  : []: invalid chain ID [/Users/keruch/Development/Dymension/ethermint/types/chain_id.go:60]

  Full Stack Trace
    github.com/evmos/ethermint/x/evm/keeper.(*Keeper).WithChainID(_, {{0x108492fa0, 0x10a39ed80}, {0x1084ae1c0, 0x140026d2bc0}, {{0x0, 0x0}, {0x0, 0x0}, 0x0, ...}, ...})
    	/Users/keruch/Development/Dymension/ethermint/x/evm/keeper/keeper.go:134 +0xd8
    github.com/evmos/ethermint/x/evm/keeper.(*Keeper).BeginBlock(_, {{0x108492fa0, 0x10a39ed80}, {0x1084ae1c0, 0x140026d2bc0}, {{0x0, 0x0}, {0x0, 0x0}, 0x0, ...}, ...})
    	/Users/keruch/Development/Dymension/ethermint/x/evm/keeper/abci.go:30 +0x4c
    github.com/evmos/ethermint/x/evm.AppModule.BeginBlock({{}, 0x14001714240, {0x1084ad880, 0x14001bdf900}, {0x1315cae40, 0x14002695908}, {0x108457440, 0x1400196e540}}, {0x108492fd8?, 0x1400139b888?})
    	/Users/keruch/Development/Dymension/ethermint/x/evm/module.go:162 +0xa0
    github.com/cosmos/cosmos-sdk/types/module.(*Manager).BeginBlock(_, {{0x108492fa0, 0x10a39ed80}, {0x1084ae1c0, 0x140026d2bc0}, {{0x0, 0x0}, {0x0, 0x0}, 0x0, ...}, ...})
    	/Users/keruch/Go-workspace/pkg/mod/github.com/cosmos/cosmos-sdk@v0.50.11/types/module/module.go:778 +0x14c
    github.com/evmos/ethermint/app.(*EthermintApp).BeginBlocker(...)
    	/Users/keruch/Development/Dymension/ethermint/app/app.go:704
    github.com/evmos/ethermint/testutil.commit({{0x108492fa0, 0x10a39ed80}, {0x1084ae1c0, 0x140026d2bc0}, {{0x0, 0x0}, {0x0, 0x0}, 0x0, {0x0, ...}, ...}, ...}, ...)
    	/Users/keruch/Development/Dymension/ethermint/testutil/abci.go:242 +0x2d8
    github.com/evmos/ethermint/testutil.Commit({{0x108492fa0, 0x10a39ed80}, {0x1084ae1c0, 0x140026d2bc0}, {{0x0, 0x0}, {0x0, 0x0}, 0x0, {0x0, ...}, ...}, ...}, ...)
    	/Users/keruch/Development/Dymension/ethermint/testutil/abci.go:32 +0x7c
    github.com/evmos/ethermint/x/feemarket/keeper_test.(*KeeperTestSuite).CommitAfter(0x140015b2c08, 0x14?)
    	/Users/keruch/Development/Dymension/ethermint/x/feemarket/keeper/keeper_test.go:91 +0xa0
    github.com/evmos/ethermint/x/feemarket/keeper_test.(*KeeperTestSuite).Commit(...)
    	/Users/keruch/Development/Dymension/ethermint/x/feemarket/keeper/keeper_test.go:86
    github.com/evmos/ethermint/x/feemarket/keeper_test.setupTestWithContext({0x107c28eb8, 0x1}, {0x14000d275e0?}, {0x14001c5ff20?})
    	/Users/keruch/Development/Dymension/ethermint/x/feemarket/keeper/integration_test.go:502 +0x768
    github.com/evmos/ethermint/x/feemarket/keeper_test.init.func1.2.1.1()
    	/Users/keruch/Development/Dymension/ethermint/x/feemarket/keeper/integration_test.go:219 +0xc0
------------------------------
• [PANICKED] [0.011 seconds]
Feemarket Performing EVM transactions with BaseFee (feemarket) < MinGasPrices (feemarket param) [BeforeEach] during DeliverTx should accept transactions with gasPrice >= MinGasPrices legacy tx
  [BeforeEach] /Users/keruch/Development/Dymension/ethermint/x/feemarket/keeper/integration_test.go:211
  [It] /Users/keruch/Development/Dymension/ethermint/x/feemarket/keeper/integration_test.go:308

  [PANICKED] Test Panicked
  In [BeforeEach] at: /Users/keruch/Development/Dymension/ethermint/x/evm/keeper/keeper.go:134 @ 06/02/25 11:17:43.402

  : []: invalid chain ID [/Users/keruch/Development/Dymension/ethermint/types/chain_id.go:60]

  Full Stack Trace
    github.com/evmos/ethermint/x/evm/keeper.(*Keeper).WithChainID(_, {{0x108492fa0, 0x10a39ed80}, {0x1084ae1c0, 0x14001512fc0}, {{0x0, 0x0}, {0x0, 0x0}, 0x0, ...}, ...})
    	/Users/keruch/Development/Dymension/ethermint/x/evm/keeper/keeper.go:134 +0xd8
    github.com/evmos/ethermint/x/evm/keeper.(*Keeper).BeginBlock(_, {{0x108492fa0, 0x10a39ed80}, {0x1084ae1c0, 0x14001512fc0}, {{0x0, 0x0}, {0x0, 0x0}, 0x0, ...}, ...})
    	/Users/keruch/Development/Dymension/ethermint/x/evm/keeper/abci.go:30 +0x4c
    github.com/evmos/ethermint/x/evm.AppModule.BeginBlock({{}, 0x14000fd5560, {0x1084ad880, 0x140027c1040}, {0x1315cae40, 0x140026fd908}, {0x108457440, 0x14001d137a0}}, {0x108492fd8?, 0x14001534a88?})
    	/Users/keruch/Development/Dymension/ethermint/x/evm/module.go:162 +0xa0
    github.com/cosmos/cosmos-sdk/types/module.(*Manager).BeginBlock(_, {{0x108492fa0, 0x10a39ed80}, {0x1084ae1c0, 0x14001512fc0}, {{0x0, 0x0}, {0x0, 0x0}, 0x0, ...}, ...})
    	/Users/keruch/Go-workspace/pkg/mod/github.com/cosmos/cosmos-sdk@v0.50.11/types/module/module.go:778 +0x14c
    github.com/evmos/ethermint/app.(*EthermintApp).BeginBlocker(...)
    	/Users/keruch/Development/Dymension/ethermint/app/app.go:704
    github.com/evmos/ethermint/testutil.commit({{0x108492fa0, 0x10a39ed80}, {0x1084ae1c0, 0x14001512fc0}, {{0x0, 0x0}, {0x0, 0x0}, 0x0, {0x0, ...}, ...}, ...}, ...)
    	/Users/keruch/Development/Dymension/ethermint/testutil/abci.go:242 +0x2d8
    github.com/evmos/ethermint/testutil.Commit({{0x108492fa0, 0x10a39ed80}, {0x1084ae1c0, 0x14001512fc0}, {{0x0, 0x0}, {0x0, 0x0}, 0x0, {0x0, ...}, ...}, ...}, ...)
    	/Users/keruch/Development/Dymension/ethermint/testutil/abci.go:32 +0x7c
    github.com/evmos/ethermint/x/feemarket/keeper_test.(*KeeperTestSuite).CommitAfter(0x140013a8608, 0x14?)
    	/Users/keruch/Development/Dymension/ethermint/x/feemarket/keeper/keeper_test.go:91 +0xa0
    github.com/evmos/ethermint/x/feemarket/keeper_test.(*KeeperTestSuite).Commit(...)
    	/Users/keruch/Development/Dymension/ethermint/x/feemarket/keeper/keeper_test.go:86
    github.com/evmos/ethermint/x/feemarket/keeper_test.setupTestWithContext({0x107c28eb8, 0x1}, {0x14001812340?}, {0x14001c5bf20?})
    	/Users/keruch/Development/Dymension/ethermint/x/feemarket/keeper/integration_test.go:502 +0x768
    github.com/evmos/ethermint/x/feemarket/keeper_test.init.func1.2.1.1()
    	/Users/keruch/Development/Dymension/ethermint/x/feemarket/keeper/integration_test.go:219 +0xc0
------------------------------
• [PANICKED] [0.012 seconds]
Feemarket Performing EVM transactions with BaseFee (feemarket) < MinGasPrices (feemarket param) [BeforeEach] during DeliverTx should accept transactions with gasPrice >= MinGasPrices dynamic tx, EffectivePrice > MinGasPrices
  [BeforeEach] /Users/keruch/Development/Dymension/ethermint/x/feemarket/keeper/integration_test.go:211
  [It] /Users/keruch/Development/Dymension/ethermint/x/feemarket/keeper/integration_test.go:311

  [PANICKED] Test Panicked
  In [BeforeEach] at: /Users/keruch/Development/Dymension/ethermint/x/evm/keeper/keeper.go:134 @ 06/02/25 11:17:43.413

  : []: invalid chain ID [/Users/keruch/Development/Dymension/ethermint/types/chain_id.go:60]

  Full Stack Trace
    github.com/evmos/ethermint/x/evm/keeper.(*Keeper).WithChainID(_, {{0x108492fa0, 0x10a39ed80}, {0x1084ae1c0, 0x1400179adc0}, {{0x0, 0x0}, {0x0, 0x0}, 0x0, ...}, ...})
    	/Users/keruch/Development/Dymension/ethermint/x/evm/keeper/keeper.go:134 +0xd8
    github.com/evmos/ethermint/x/evm/keeper.(*Keeper).BeginBlock(_, {{0x108492fa0, 0x10a39ed80}, {0x1084ae1c0, 0x1400179adc0}, {{0x0, 0x0}, {0x0, 0x0}, 0x0, ...}, ...})
    	/Users/keruch/Development/Dymension/ethermint/x/evm/keeper/abci.go:30 +0x4c
    github.com/evmos/ethermint/x/evm.AppModule.BeginBlock({{}, 0x14001a78a20, {0x1084ad880, 0x140015dfe00}, {0x1315cae40, 0x14000dab688}, {0x108457440, 0x14000dc0900}}, {0x108492fd8?, 0x140017d9188?})
    	/Users/keruch/Development/Dymension/ethermint/x/evm/module.go:162 +0xa0
    github.com/cosmos/cosmos-sdk/types/module.(*Manager).BeginBlock(_, {{0x108492fa0, 0x10a39ed80}, {0x1084ae1c0, 0x1400179adc0}, {{0x0, 0x0}, {0x0, 0x0}, 0x0, ...}, ...})
    	/Users/keruch/Go-workspace/pkg/mod/github.com/cosmos/cosmos-sdk@v0.50.11/types/module/module.go:778 +0x14c
    github.com/evmos/ethermint/app.(*EthermintApp).BeginBlocker(...)
    	/Users/keruch/Development/Dymension/ethermint/app/app.go:704
    github.com/evmos/ethermint/testutil.commit({{0x108492fa0, 0x10a39ed80}, {0x1084ae1c0, 0x1400179adc0}, {{0x0, 0x0}, {0x0, 0x0}, 0x0, {0x0, ...}, ...}, ...}, ...)
    	/Users/keruch/Development/Dymension/ethermint/testutil/abci.go:242 +0x2d8
    github.com/evmos/ethermint/testutil.Commit({{0x108492fa0, 0x10a39ed80}, {0x1084ae1c0, 0x1400179adc0}, {{0x0, 0x0}, {0x0, 0x0}, 0x0, {0x0, ...}, ...}, ...}, ...)
    	/Users/keruch/Development/Dymension/ethermint/testutil/abci.go:32 +0x7c
    github.com/evmos/ethermint/x/feemarket/keeper_test.(*KeeperTestSuite).CommitAfter(0x140015d8008, 0x14?)
    	/Users/keruch/Development/Dymension/ethermint/x/feemarket/keeper/keeper_test.go:91 +0xa0
    github.com/evmos/ethermint/x/feemarket/keeper_test.(*KeeperTestSuite).Commit(...)
    	/Users/keruch/Development/Dymension/ethermint/x/feemarket/keeper/keeper_test.go:86
    github.com/evmos/ethermint/x/feemarket/keeper_test.setupTestWithContext({0x107c28eb8, 0x1}, {0x14001c546e0?}, {0x14001c61f20?})
    	/Users/keruch/Development/Dymension/ethermint/x/feemarket/keeper/integration_test.go:502 +0x768
    github.com/evmos/ethermint/x/feemarket/keeper_test.init.func1.2.1.1()
    	/Users/keruch/Development/Dymension/ethermint/x/feemarket/keeper/integration_test.go:219 +0xc0
------------------------------
• [PANICKED] [0.011 seconds]
Feemarket Performing EVM transactions with MinGasPrices (feemarket param) < BaseFee (feemarket) [BeforeEach] during CheckTx should reject transactions with gasPrice < MinGasPrices legacy tx
  [BeforeEach] /Users/keruch/Development/Dymension/ethermint/x/feemarket/keeper/integration_test.go:325
  [It] /Users/keruch/Development/Dymension/ethermint/x/feemarket/keeper/integration_test.go:351

  [PANICKED] Test Panicked
  In [BeforeEach] at: /Users/keruch/Development/Dymension/ethermint/x/evm/keeper/keeper.go:134 @ 06/02/25 11:17:43.425

  : []: invalid chain ID [/Users/keruch/Development/Dymension/ethermint/types/chain_id.go:60]

  Full Stack Trace
    github.com/evmos/ethermint/x/evm/keeper.(*Keeper).WithChainID(_, {{0x108492fa0, 0x10a39ed80}, {0x1084ae1c0, 0x14001a6aec0}, {{0x0, 0x0}, {0x0, 0x0}, 0x0, ...}, ...})
    	/Users/keruch/Development/Dymension/ethermint/x/evm/keeper/keeper.go:134 +0xd8
    github.com/evmos/ethermint/x/evm/keeper.(*Keeper).BeginBlock(_, {{0x108492fa0, 0x10a39ed80}, {0x1084ae1c0, 0x14001a6aec0}, {{0x0, 0x0}, {0x0, 0x0}, 0x0, ...}, ...})
    	/Users/keruch/Development/Dymension/ethermint/x/evm/keeper/abci.go:30 +0x4c
    github.com/evmos/ethermint/x/evm.AppModule.BeginBlock({{}, 0x1400170f7a0, {0x1084ad880, 0x140027c0140}, {0x1315cae40, 0x14000dabb88}, {0x108457440, 0x140022c4de0}}, {0x108492fd8?, 0x14001476388?})
    	/Users/keruch/Development/Dymension/ethermint/x/evm/module.go:162 +0xa0
    github.com/cosmos/cosmos-sdk/types/module.(*Manager).BeginBlock(_, {{0x108492fa0, 0x10a39ed80}, {0x1084ae1c0, 0x14001a6aec0}, {{0x0, 0x0}, {0x0, 0x0}, 0x0, ...}, ...})
    	/Users/keruch/Go-workspace/pkg/mod/github.com/cosmos/cosmos-sdk@v0.50.11/types/module/module.go:778 +0x14c
    github.com/evmos/ethermint/app.(*EthermintApp).BeginBlocker(...)
    	/Users/keruch/Development/Dymension/ethermint/app/app.go:704
    github.com/evmos/ethermint/testutil.commit({{0x108492fa0, 0x10a39ed80}, {0x1084ae1c0, 0x14001a6aec0}, {{0x0, 0x0}, {0x0, 0x0}, 0x0, {0x0, ...}, ...}, ...}, ...)
    	/Users/keruch/Development/Dymension/ethermint/testutil/abci.go:242 +0x2d8
    github.com/evmos/ethermint/testutil.Commit({{0x108492fa0, 0x10a39ed80}, {0x1084ae1c0, 0x14001a6aec0}, {{0x0, 0x0}, {0x0, 0x0}, 0x0, {0x0, ...}, ...}, ...}, ...)
    	/Users/keruch/Development/Dymension/ethermint/testutil/abci.go:32 +0x7c
    github.com/evmos/ethermint/x/feemarket/keeper_test.(*KeeperTestSuite).CommitAfter(0x140017e4008, 0x14?)
    	/Users/keruch/Development/Dymension/ethermint/x/feemarket/keeper/keeper_test.go:91 +0xa0
    github.com/evmos/ethermint/x/feemarket/keeper_test.(*KeeperTestSuite).Commit(...)
    	/Users/keruch/Development/Dymension/ethermint/x/feemarket/keeper/keeper_test.go:86
    github.com/evmos/ethermint/x/feemarket/keeper_test.setupTestWithContext({0x107c28eb8, 0x1}, {0x14001799920?}, {0x14001c5ff20?})
    	/Users/keruch/Development/Dymension/ethermint/x/feemarket/keeper/integration_test.go:502 +0x768
    github.com/evmos/ethermint/x/feemarket/keeper_test.init.func1.2.2.1()
    	/Users/keruch/Development/Dymension/ethermint/x/feemarket/keeper/integration_test.go:333 +0xc0
------------------------------
• [PANICKED] [0.012 seconds]
Feemarket Performing EVM transactions with MinGasPrices (feemarket param) < BaseFee (feemarket) [BeforeEach] during CheckTx should reject transactions with gasPrice < MinGasPrices dynamic tx with GasFeeCap < MinGasPrices, no gasTipCap
  [BeforeEach] /Users/keruch/Development/Dymension/ethermint/x/feemarket/keeper/integration_test.go:325
  [It] /Users/keruch/Development/Dymension/ethermint/x/feemarket/keeper/integration_test.go:354

  [PANICKED] Test Panicked
  In [BeforeEach] at: /Users/keruch/Development/Dymension/ethermint/x/evm/keeper/keeper.go:134 @ 06/02/25 11:17:43.436

  : []: invalid chain ID [/Users/keruch/Development/Dymension/ethermint/types/chain_id.go:60]

  Full Stack Trace
    github.com/evmos/ethermint/x/evm/keeper.(*Keeper).WithChainID(_, {{0x108492fa0, 0x10a39ed80}, {0x1084ae1c0, 0x14001a18f40}, {{0x0, 0x0}, {0x0, 0x0}, 0x0, ...}, ...})
    	/Users/keruch/Development/Dymension/ethermint/x/evm/keeper/keeper.go:134 +0xd8
    github.com/evmos/ethermint/x/evm/keeper.(*Keeper).BeginBlock(_, {{0x108492fa0, 0x10a39ed80}, {0x1084ae1c0, 0x14001a18f40}, {{0x0, 0x0}, {0x0, 0x0}, 0x0, ...}, ...})
    	/Users/keruch/Development/Dymension/ethermint/x/evm/keeper/abci.go:30 +0x4c
    github.com/evmos/ethermint/x/evm.AppModule.BeginBlock({{}, 0x14001796120, {0x1084ad880, 0x14001bdf680}, {0x1315cae40, 0x14002778c88}, {0x108457440, 0x140014a3500}}, {0x108492fd8?, 0x140017de008?})
    	/Users/keruch/Development/Dymension/ethermint/x/evm/module.go:162 +0xa0
    github.com/cosmos/cosmos-sdk/types/module.(*Manager).BeginBlock(_, {{0x108492fa0, 0x10a39ed80}, {0x1084ae1c0, 0x14001a18f40}, {{0x0, 0x0}, {0x0, 0x0}, 0x0, ...}, ...})
    	/Users/keruch/Go-workspace/pkg/mod/github.com/cosmos/cosmos-sdk@v0.50.11/types/module/module.go:778 +0x14c
    github.com/evmos/ethermint/app.(*EthermintApp).BeginBlocker(...)
    	/Users/keruch/Development/Dymension/ethermint/app/app.go:704
    github.com/evmos/ethermint/testutil.commit({{0x108492fa0, 0x10a39ed80}, {0x1084ae1c0, 0x14001a18f40}, {{0x0, 0x0}, {0x0, 0x0}, 0x0, {0x0, ...}, ...}, ...}, ...)
    	/Users/keruch/Development/Dymension/ethermint/testutil/abci.go:242 +0x2d8
    github.com/evmos/ethermint/testutil.Commit({{0x108492fa0, 0x10a39ed80}, {0x1084ae1c0, 0x14001a18f40}, {{0x0, 0x0}, {0x0, 0x0}, 0x0, {0x0, ...}, ...}, ...}, ...)
    	/Users/keruch/Development/Dymension/ethermint/testutil/abci.go:32 +0x7c
    github.com/evmos/ethermint/x/feemarket/keeper_test.(*KeeperTestSuite).CommitAfter(0x140014d4008, 0x14?)
    	/Users/keruch/Development/Dymension/ethermint/x/feemarket/keeper/keeper_test.go:91 +0xa0
    github.com/evmos/ethermint/x/feemarket/keeper_test.(*KeeperTestSuite).Commit(...)
    	/Users/keruch/Development/Dymension/ethermint/x/feemarket/keeper/keeper_test.go:86
    github.com/evmos/ethermint/x/feemarket/keeper_test.setupTestWithContext({0x107c28eb8, 0x1}, {0x14001910c20?}, {0x14001c5bf20?})
    	/Users/keruch/Development/Dymension/ethermint/x/feemarket/keeper/integration_test.go:502 +0x768
    github.com/evmos/ethermint/x/feemarket/keeper_test.init.func1.2.2.1()
    	/Users/keruch/Development/Dymension/ethermint/x/feemarket/keeper/integration_test.go:333 +0xc0
------------------------------
• [PANICKED] [0.012 seconds]
Feemarket Performing EVM transactions with MinGasPrices (feemarket param) < BaseFee (feemarket) [BeforeEach] during CheckTx should reject transactions with gasPrice < MinGasPrices dynamic tx with GasFeeCap < MinGasPrices, max gasTipCap
  [BeforeEach] /Users/keruch/Development/Dymension/ethermint/x/feemarket/keeper/integration_test.go:325
  [It] /Users/keruch/Development/Dymension/ethermint/x/feemarket/keeper/integration_test.go:357

  [PANICKED] Test Panicked
  In [BeforeEach] at: /Users/keruch/Development/Dymension/ethermint/x/evm/keeper/keeper.go:134 @ 06/02/25 11:17:43.448

  : []: invalid chain ID [/Users/keruch/Development/Dymension/ethermint/types/chain_id.go:60]

  Full Stack Trace
    github.com/evmos/ethermint/x/evm/keeper.(*Keeper).WithChainID(_, {{0x108492fa0, 0x10a39ed80}, {0x1084ae1c0, 0x140023837c0}, {{0x0, 0x0}, {0x0, 0x0}, 0x0, ...}, ...})
    	/Users/keruch/Development/Dymension/ethermint/x/evm/keeper/keeper.go:134 +0xd8
    github.com/evmos/ethermint/x/evm/keeper.(*Keeper).BeginBlock(_, {{0x108492fa0, 0x10a39ed80}, {0x1084ae1c0, 0x140023837c0}, {{0x0, 0x0}, {0x0, 0x0}, 0x0, ...}, ...})
    	/Users/keruch/Development/Dymension/ethermint/x/evm/keeper/abci.go:30 +0x4c
    github.com/evmos/ethermint/x/evm.AppModule.BeginBlock({{}, 0x140019e9d40, {0x1084ad880, 0x140027c1680}, {0x1315cae40, 0x14000dab688}, {0x108457440, 0x1400213ee40}}, {0x108492fd8?, 0x140018e0008?})
    	/Users/keruch/Development/Dymension/ethermint/x/evm/module.go:162 +0xa0
    github.com/cosmos/cosmos-sdk/types/module.(*Manager).BeginBlock(_, {{0x108492fa0, 0x10a39ed80}, {0x1084ae1c0, 0x140023837c0}, {{0x0, 0x0}, {0x0, 0x0}, 0x0, ...}, ...})
    	/Users/keruch/Go-workspace/pkg/mod/github.com/cosmos/cosmos-sdk@v0.50.11/types/module/module.go:778 +0x14c
    github.com/evmos/ethermint/app.(*EthermintApp).BeginBlocker(...)
    	/Users/keruch/Development/Dymension/ethermint/app/app.go:704
    github.com/evmos/ethermint/testutil.commit({{0x108492fa0, 0x10a39ed80}, {0x1084ae1c0, 0x140023837c0}, {{0x0, 0x0}, {0x0, 0x0}, 0x0, {0x0, ...}, ...}, ...}, ...)
    	/Users/keruch/Development/Dymension/ethermint/testutil/abci.go:242 +0x2d8
    github.com/evmos/ethermint/testutil.Commit({{0x108492fa0, 0x10a39ed80}, {0x1084ae1c0, 0x140023837c0}, {{0x0, 0x0}, {0x0, 0x0}, 0x0, {0x0, ...}, ...}, ...}, ...)
    	/Users/keruch/Development/Dymension/ethermint/testutil/abci.go:32 +0x7c
    github.com/evmos/ethermint/x/feemarket/keeper_test.(*KeeperTestSuite).CommitAfter(0x140017ee008, 0x14?)
    	/Users/keruch/Development/Dymension/ethermint/x/feemarket/keeper/keeper_test.go:91 +0xa0
    github.com/evmos/ethermint/x/feemarket/keeper_test.(*KeeperTestSuite).Commit(...)
    	/Users/keruch/Development/Dymension/ethermint/x/feemarket/keeper/keeper_test.go:86
    github.com/evmos/ethermint/x/feemarket/keeper_test.setupTestWithContext({0x107c28eb8, 0x1}, {0x14001799840?}, {0x14001c61f20?})
    	/Users/keruch/Development/Dymension/ethermint/x/feemarket/keeper/integration_test.go:502 +0x768
    github.com/evmos/ethermint/x/feemarket/keeper_test.init.func1.2.2.1()
    	/Users/keruch/Development/Dymension/ethermint/x/feemarket/keeper/integration_test.go:333 +0xc0
------------------------------
• [PANICKED] [0.011 seconds]
Feemarket Performing EVM transactions with MinGasPrices (feemarket param) < BaseFee (feemarket) [BeforeEach] during CheckTx should reject transactions with MinGasPrices < tx gasPrice < EffectivePrice legacy tx
  [BeforeEach] /Users/keruch/Development/Dymension/ethermint/x/feemarket/keeper/integration_test.go:325
  [It] /Users/keruch/Development/Dymension/ethermint/x/feemarket/keeper/integration_test.go:375

  [PANICKED] Test Panicked
  In [BeforeEach] at: /Users/keruch/Development/Dymension/ethermint/x/evm/keeper/keeper.go:134 @ 06/02/25 11:17:43.459

  : []: invalid chain ID [/Users/keruch/Development/Dymension/ethermint/types/chain_id.go:60]

  Full Stack Trace
    github.com/evmos/ethermint/x/evm/keeper.(*Keeper).WithChainID(_, {{0x108492fa0, 0x10a39ed80}, {0x1084ae1c0, 0x140020edf00}, {{0x0, 0x0}, {0x0, 0x0}, 0x0, ...}, ...})
    	/Users/keruch/Development/Dymension/ethermint/x/evm/keeper/keeper.go:134 +0xd8
    github.com/evmos/ethermint/x/evm/keeper.(*Keeper).BeginBlock(_, {{0x108492fa0, 0x10a39ed80}, {0x1084ae1c0, 0x140020edf00}, {{0x0, 0x0}, {0x0, 0x0}, 0x0, ...}, ...})
    	/Users/keruch/Development/Dymension/ethermint/x/evm/keeper/abci.go:30 +0x4c
    github.com/evmos/ethermint/x/evm.AppModule.BeginBlock({{}, 0x14001a047e0, {0x1084ad880, 0x14000131e00}, {0x1315cae40, 0x14002778508}, {0x108457440, 0x14001f4e240}}, {0x108492fd8?, 0x140013ee388?})
    	/Users/keruch/Development/Dymension/ethermint/x/evm/module.go:162 +0xa0
    github.com/cosmos/cosmos-sdk/types/module.(*Manager).BeginBlock(_, {{0x108492fa0, 0x10a39ed80}, {0x1084ae1c0, 0x140020edf00}, {{0x0, 0x0}, {0x0, 0x0}, 0x0, ...}, ...})
    	/Users/keruch/Go-workspace/pkg/mod/github.com/cosmos/cosmos-sdk@v0.50.11/types/module/module.go:778 +0x14c
    github.com/evmos/ethermint/app.(*EthermintApp).BeginBlocker(...)
    	/Users/keruch/Development/Dymension/ethermint/app/app.go:704
    github.com/evmos/ethermint/testutil.commit({{0x108492fa0, 0x10a39ed80}, {0x1084ae1c0, 0x140020edf00}, {{0x0, 0x0}, {0x0, 0x0}, 0x0, {0x0, ...}, ...}, ...}, ...)
    	/Users/keruch/Development/Dymension/ethermint/testutil/abci.go:242 +0x2d8
    github.com/evmos/ethermint/testutil.Commit({{0x108492fa0, 0x10a39ed80}, {0x1084ae1c0, 0x140020edf00}, {{0x0, 0x0}, {0x0, 0x0}, 0x0, {0x0, ...}, ...}, ...}, ...)
    	/Users/keruch/Development/Dymension/ethermint/testutil/abci.go:32 +0x7c
    github.com/evmos/ethermint/x/feemarket/keeper_test.(*KeeperTestSuite).CommitAfter(0x14001951808, 0x14?)
    	/Users/keruch/Development/Dymension/ethermint/x/feemarket/keeper/keeper_test.go:91 +0xa0
    github.com/evmos/ethermint/x/feemarket/keeper_test.(*KeeperTestSuite).Commit(...)
    	/Users/keruch/Development/Dymension/ethermint/x/feemarket/keeper/keeper_test.go:86
    github.com/evmos/ethermint/x/feemarket/keeper_test.setupTestWithContext({0x107c28eb8, 0x1}, {0x14002105300?}, {0x14001c5bf20?})
    	/Users/keruch/Development/Dymension/ethermint/x/feemarket/keeper/integration_test.go:502 +0x768
    github.com/evmos/ethermint/x/feemarket/keeper_test.init.func1.2.2.1()
    	/Users/keruch/Development/Dymension/ethermint/x/feemarket/keeper/integration_test.go:333 +0xc0
------------------------------
• [PANICKED] [0.011 seconds]
Feemarket Performing EVM transactions with MinGasPrices (feemarket param) < BaseFee (feemarket) [BeforeEach] during CheckTx should reject transactions with MinGasPrices < tx gasPrice < EffectivePrice dynamic tx
  [BeforeEach] /Users/keruch/Development/Dymension/ethermint/x/feemarket/keeper/integration_test.go:325
  [It] /Users/keruch/Development/Dymension/ethermint/x/feemarket/keeper/integration_test.go:378

  [PANICKED] Test Panicked
  In [BeforeEach] at: /Users/keruch/Development/Dymension/ethermint/x/evm/keeper/keeper.go:134 @ 06/02/25 11:17:43.47

  : []: invalid chain ID [/Users/keruch/Development/Dymension/ethermint/types/chain_id.go:60]

  Full Stack Trace
    github.com/evmos/ethermint/x/evm/keeper.(*Keeper).WithChainID(_, {{0x108492fa0, 0x10a39ed80}, {0x1084ae1c0, 0x1400033f780}, {{0x0, 0x0}, {0x0, 0x0}, 0x0, ...}, ...})
    	/Users/keruch/Development/Dymension/ethermint/x/evm/keeper/keeper.go:134 +0xd8
    github.com/evmos/ethermint/x/evm/keeper.(*Keeper).BeginBlock(_, {{0x108492fa0, 0x10a39ed80}, {0x1084ae1c0, 0x1400033f780}, {{0x0, 0x0}, {0x0, 0x0}, 0x0, ...}, ...})
    	/Users/keruch/Development/Dymension/ethermint/x/evm/keeper/abci.go:30 +0x4c
    github.com/evmos/ethermint/x/evm.AppModule.BeginBlock({{}, 0x14001482fc0, {0x1084ad880, 0x14001634dc0}, {0x1315cae40, 0x14002806a08}, {0x108457440, 0x140022e19e0}}, {0x108492fd8?, 0x1400136e708?})
    	/Users/keruch/Development/Dymension/ethermint/x/evm/module.go:162 +0xa0
    github.com/cosmos/cosmos-sdk/types/module.(*Manager).BeginBlock(_, {{0x108492fa0, 0x10a39ed80}, {0x1084ae1c0, 0x1400033f780}, {{0x0, 0x0}, {0x0, 0x0}, 0x0, ...}, ...})
    	/Users/keruch/Go-workspace/pkg/mod/github.com/cosmos/cosmos-sdk@v0.50.11/types/module/module.go:778 +0x14c
    github.com/evmos/ethermint/app.(*EthermintApp).BeginBlocker(...)
    	/Users/keruch/Development/Dymension/ethermint/app/app.go:704
    github.com/evmos/ethermint/testutil.commit({{0x108492fa0, 0x10a39ed80}, {0x1084ae1c0, 0x1400033f780}, {{0x0, 0x0}, {0x0, 0x0}, 0x0, {0x0, ...}, ...}, ...}, ...)
    	/Users/keruch/Development/Dymension/ethermint/testutil/abci.go:242 +0x2d8
    github.com/evmos/ethermint/testutil.Commit({{0x108492fa0, 0x10a39ed80}, {0x1084ae1c0, 0x1400033f780}, {{0x0, 0x0}, {0x0, 0x0}, 0x0, {0x0, ...}, ...}, ...}, ...)
    	/Users/keruch/Development/Dymension/ethermint/testutil/abci.go:32 +0x7c
    github.com/evmos/ethermint/x/feemarket/keeper_test.(*KeeperTestSuite).CommitAfter(0x140013a8c08, 0x14?)
    	/Users/keruch/Development/Dymension/ethermint/x/feemarket/keeper/keeper_test.go:91 +0xa0
    github.com/evmos/ethermint/x/feemarket/keeper_test.(*KeeperTestSuite).Commit(...)
    	/Users/keruch/Development/Dymension/ethermint/x/feemarket/keeper/keeper_test.go:86
    github.com/evmos/ethermint/x/feemarket/keeper_test.setupTestWithContext({0x107c28eb8, 0x1}, {0x140020e3440?}, {0x14001c61f20?})
    	/Users/keruch/Development/Dymension/ethermint/x/feemarket/keeper/integration_test.go:502 +0x768
    github.com/evmos/ethermint/x/feemarket/keeper_test.init.func1.2.2.1()
    	/Users/keruch/Development/Dymension/ethermint/x/feemarket/keeper/integration_test.go:333 +0xc0
------------------------------
• [PANICKED] [0.011 seconds]
Feemarket Performing EVM transactions with MinGasPrices (feemarket param) < BaseFee (feemarket) [BeforeEach] during CheckTx should accept transactions with gasPrice >= EffectivePrice legacy tx
  [BeforeEach] /Users/keruch/Development/Dymension/ethermint/x/feemarket/keeper/integration_test.go:325
  [It] /Users/keruch/Development/Dymension/ethermint/x/feemarket/keeper/integration_test.go:392

  [PANICKED] Test Panicked
  In [BeforeEach] at: /Users/keruch/Development/Dymension/ethermint/x/evm/keeper/keeper.go:134 @ 06/02/25 11:17:43.481

  : []: invalid chain ID [/Users/keruch/Development/Dymension/ethermint/types/chain_id.go:60]

  Full Stack Trace
    github.com/evmos/ethermint/x/evm/keeper.(*Keeper).WithChainID(_, {{0x108492fa0, 0x10a39ed80}, {0x1084ae1c0, 0x1400149a180}, {{0x0, 0x0}, {0x0, 0x0}, 0x0, ...}, ...})
    	/Users/keruch/Development/Dymension/ethermint/x/evm/keeper/keeper.go:134 +0xd8
    github.com/evmos/ethermint/x/evm/keeper.(*Keeper).BeginBlock(_, {{0x108492fa0, 0x10a39ed80}, {0x1084ae1c0, 0x1400149a180}, {{0x0, 0x0}, {0x0, 0x0}, 0x0, ...}, ...})
    	/Users/keruch/Development/Dymension/ethermint/x/evm/keeper/abci.go:30 +0x4c
    github.com/evmos/ethermint/x/evm.AppModule.BeginBlock({{}, 0x140009bed80, {0x1084ad880, 0x14000131cc0}, {0x1315cae40, 0x14002779408}, {0x108457440, 0x140014a29c0}}, {0x108492fd8?, 0x140014f8008?})
    	/Users/keruch/Development/Dymension/ethermint/x/evm/module.go:162 +0xa0
    github.com/cosmos/cosmos-sdk/types/module.(*Manager).BeginBlock(_, {{0x108492fa0, 0x10a39ed80}, {0x1084ae1c0, 0x1400149a180}, {{0x0, 0x0}, {0x0, 0x0}, 0x0, ...}, ...})
    	/Users/keruch/Go-workspace/pkg/mod/github.com/cosmos/cosmos-sdk@v0.50.11/types/module/module.go:778 +0x14c
    github.com/evmos/ethermint/app.(*EthermintApp).BeginBlocker(...)
    	/Users/keruch/Development/Dymension/ethermint/app/app.go:704
    github.com/evmos/ethermint/testutil.commit({{0x108492fa0, 0x10a39ed80}, {0x1084ae1c0, 0x1400149a180}, {{0x0, 0x0}, {0x0, 0x0}, 0x0, {0x0, ...}, ...}, ...}, ...)
    	/Users/keruch/Development/Dymension/ethermint/testutil/abci.go:242 +0x2d8
    github.com/evmos/ethermint/testutil.Commit({{0x108492fa0, 0x10a39ed80}, {0x1084ae1c0, 0x1400149a180}, {{0x0, 0x0}, {0x0, 0x0}, 0x0, {0x0, ...}, ...}, ...}, ...)
    	/Users/keruch/Development/Dymension/ethermint/testutil/abci.go:32 +0x7c
    github.com/evmos/ethermint/x/feemarket/keeper_test.(*KeeperTestSuite).CommitAfter(0x14001378608, 0x14?)
    	/Users/keruch/Development/Dymension/ethermint/x/feemarket/keeper/keeper_test.go:91 +0xa0
    github.com/evmos/ethermint/x/feemarket/keeper_test.(*KeeperTestSuite).Commit(...)
    	/Users/keruch/Development/Dymension/ethermint/x/feemarket/keeper/keeper_test.go:86
    github.com/evmos/ethermint/x/feemarket/keeper_test.setupTestWithContext({0x107c28eb8, 0x1}, {0x14001910b40?}, {0x14001c5bf20?})
    	/Users/keruch/Development/Dymension/ethermint/x/feemarket/keeper/integration_test.go:502 +0x768
    github.com/evmos/ethermint/x/feemarket/keeper_test.init.func1.2.2.1()
    	/Users/keruch/Development/Dymension/ethermint/x/feemarket/keeper/integration_test.go:333 +0xc0
------------------------------
• [PANICKED] [0.010 seconds]
Feemarket Performing EVM transactions with MinGasPrices (feemarket param) < BaseFee (feemarket) [BeforeEach] during CheckTx should accept transactions with gasPrice >= EffectivePrice dynamic tx
  [BeforeEach] /Users/keruch/Development/Dymension/ethermint/x/feemarket/keeper/integration_test.go:325
  [It] /Users/keruch/Development/Dymension/ethermint/x/feemarket/keeper/integration_test.go:395

  [PANICKED] Test Panicked
  In [BeforeEach] at: /Users/keruch/Development/Dymension/ethermint/x/evm/keeper/keeper.go:134 @ 06/02/25 11:17:43.491

  : []: invalid chain ID [/Users/keruch/Development/Dymension/ethermint/types/chain_id.go:60]

  Full Stack Trace
    github.com/evmos/ethermint/x/evm/keeper.(*Keeper).WithChainID(_, {{0x108492fa0, 0x10a39ed80}, {0x1084ae1c0, 0x14001815340}, {{0x0, 0x0}, {0x0, 0x0}, 0x0, ...}, ...})
    	/Users/keruch/Development/Dymension/ethermint/x/evm/keeper/keeper.go:134 +0xd8
    github.com/evmos/ethermint/x/evm/keeper.(*Keeper).BeginBlock(_, {{0x108492fa0, 0x10a39ed80}, {0x1084ae1c0, 0x14001815340}, {{0x0, 0x0}, {0x0, 0x0}, 0x0, ...}, ...})
    	/Users/keruch/Development/Dymension/ethermint/x/evm/keeper/abci.go:30 +0x4c
    github.com/evmos/ethermint/x/evm.AppModule.BeginBlock({{}, 0x14001ca1c20, {0x1084ad880, 0x140014e3400}, {0x1315cae40, 0x14002778c88}, {0x108457440, 0x14001f2ef00}}, {0x108492fd8?, 0x140015f8388?})
    	/Users/keruch/Development/Dymension/ethermint/x/evm/module.go:162 +0xa0
    github.com/cosmos/cosmos-sdk/types/module.(*Manager).BeginBlock(_, {{0x108492fa0, 0x10a39ed80}, {0x1084ae1c0, 0x14001815340}, {{0x0, 0x0}, {0x0, 0x0}, 0x0, ...}, ...})
    	/Users/keruch/Go-workspace/pkg/mod/github.com/cosmos/cosmos-sdk@v0.50.11/types/module/module.go:778 +0x14c
    github.com/evmos/ethermint/app.(*EthermintApp).BeginBlocker(...)
    	/Users/keruch/Development/Dymension/ethermint/app/app.go:704
    github.com/evmos/ethermint/testutil.commit({{0x108492fa0, 0x10a39ed80}, {0x1084ae1c0, 0x14001815340}, {{0x0, 0x0}, {0x0, 0x0}, 0x0, {0x0, ...}, ...}, ...}, ...)
    	/Users/keruch/Development/Dymension/ethermint/testutil/abci.go:242 +0x2d8
    github.com/evmos/ethermint/testutil.Commit({{0x108492fa0, 0x10a39ed80}, {0x1084ae1c0, 0x14001815340}, {{0x0, 0x0}, {0x0, 0x0}, 0x0, {0x0, ...}, ...}, ...}, ...)
    	/Users/keruch/Development/Dymension/ethermint/testutil/abci.go:32 +0x7c
    github.com/evmos/ethermint/x/feemarket/keeper_test.(*KeeperTestSuite).CommitAfter(0x14001534008, 0x14?)
    	/Users/keruch/Development/Dymension/ethermint/x/feemarket/keeper/keeper_test.go:91 +0xa0
    github.com/evmos/ethermint/x/feemarket/keeper_test.(*KeeperTestSuite).Commit(...)
    	/Users/keruch/Development/Dymension/ethermint/x/feemarket/keeper/keeper_test.go:86
    github.com/evmos/ethermint/x/feemarket/keeper_test.setupTestWithContext({0x107c28eb8, 0x1}, {0x140020e2560?}, {0x14001c5bf20?})
    	/Users/keruch/Development/Dymension/ethermint/x/feemarket/keeper/integration_test.go:502 +0x768
    github.com/evmos/ethermint/x/feemarket/keeper_test.init.func1.2.2.1()
    	/Users/keruch/Development/Dymension/ethermint/x/feemarket/keeper/integration_test.go:333 +0xc0
------------------------------
• [PANICKED] [0.010 seconds]
Feemarket Performing EVM transactions with MinGasPrices (feemarket param) < BaseFee (feemarket) [BeforeEach] during DeliverTx should reject transactions with gasPrice < MinGasPrices legacy tx
  [BeforeEach] /Users/keruch/Development/Dymension/ethermint/x/feemarket/keeper/integration_test.go:325
  [It] /Users/keruch/Development/Dymension/ethermint/x/feemarket/keeper/integration_test.go:415

  [PANICKED] Test Panicked
  In [BeforeEach] at: /Users/keruch/Development/Dymension/ethermint/x/evm/keeper/keeper.go:134 @ 06/02/25 11:17:43.502

  : []: invalid chain ID [/Users/keruch/Development/Dymension/ethermint/types/chain_id.go:60]

  Full Stack Trace
    github.com/evmos/ethermint/x/evm/keeper.(*Keeper).WithChainID(_, {{0x108492fa0, 0x10a39ed80}, {0x1084ae1c0, 0x14001a6a3c0}, {{0x0, 0x0}, {0x0, 0x0}, 0x0, ...}, ...})
    	/Users/keruch/Development/Dymension/ethermint/x/evm/keeper/keeper.go:134 +0xd8
    github.com/evmos/ethermint/x/evm/keeper.(*Keeper).BeginBlock(_, {{0x108492fa0, 0x10a39ed80}, {0x1084ae1c0, 0x14001a6a3c0}, {{0x0, 0x0}, {0x0, 0x0}, 0x0, ...}, ...})
    	/Users/keruch/Development/Dymension/ethermint/x/evm/keeper/abci.go:30 +0x4c
    github.com/evmos/ethermint/x/evm.AppModule.BeginBlock({{}, 0x14001714c60, {0x1084ad880, 0x1400052f2c0}, {0x1315cae40, 0x1400234ec88}, {0x108457440, 0x14000117080}}, {0x108492fd8?, 0x14001712388?})
    	/Users/keruch/Development/Dymension/ethermint/x/evm/module.go:162 +0xa0
    github.com/cosmos/cosmos-sdk/types/module.(*Manager).BeginBlock(_, {{0x108492fa0, 0x10a39ed80}, {0x1084ae1c0, 0x14001a6a3c0}, {{0x0, 0x0}, {0x0, 0x0}, 0x0, ...}, ...})
    	/Users/keruch/Go-workspace/pkg/mod/github.com/cosmos/cosmos-sdk@v0.50.11/types/module/module.go:778 +0x14c
    github.com/evmos/ethermint/app.(*EthermintApp).BeginBlocker(...)
    	/Users/keruch/Development/Dymension/ethermint/app/app.go:704
    github.com/evmos/ethermint/testutil.commit({{0x108492fa0, 0x10a39ed80}, {0x1084ae1c0, 0x14001a6a3c0}, {{0x0, 0x0}, {0x0, 0x0}, 0x0, {0x0, ...}, ...}, ...}, ...)
    	/Users/keruch/Development/Dymension/ethermint/testutil/abci.go:242 +0x2d8
    github.com/evmos/ethermint/testutil.Commit({{0x108492fa0, 0x10a39ed80}, {0x1084ae1c0, 0x14001a6a3c0}, {{0x0, 0x0}, {0x0, 0x0}, 0x0, {0x0, ...}, ...}, ...}, ...)
    	/Users/keruch/Development/Dymension/ethermint/testutil/abci.go:32 +0x7c
    github.com/evmos/ethermint/x/feemarket/keeper_test.(*KeeperTestSuite).CommitAfter(0x140015ea008, 0x14?)
    	/Users/keruch/Development/Dymension/ethermint/x/feemarket/keeper/keeper_test.go:91 +0xa0
    github.com/evmos/ethermint/x/feemarket/keeper_test.(*KeeperTestSuite).Commit(...)
    	/Users/keruch/Development/Dymension/ethermint/x/feemarket/keeper/keeper_test.go:86
    github.com/evmos/ethermint/x/feemarket/keeper_test.setupTestWithContext({0x107c28eb8, 0x1}, {0x14000c912a0?}, {0x14001c5bf20?})
    	/Users/keruch/Development/Dymension/ethermint/x/feemarket/keeper/integration_test.go:502 +0x768
    github.com/evmos/ethermint/x/feemarket/keeper_test.init.func1.2.2.1()
    	/Users/keruch/Development/Dymension/ethermint/x/feemarket/keeper/integration_test.go:333 +0xc0
------------------------------
• [PANICKED] [0.010 seconds]
Feemarket Performing EVM transactions with MinGasPrices (feemarket param) < BaseFee (feemarket) [BeforeEach] during DeliverTx should reject transactions with gasPrice < MinGasPrices dynamic tx
  [BeforeEach] /Users/keruch/Development/Dymension/ethermint/x/feemarket/keeper/integration_test.go:325
  [It] /Users/keruch/Development/Dymension/ethermint/x/feemarket/keeper/integration_test.go:418

  [PANICKED] Test Panicked
  In [BeforeEach] at: /Users/keruch/Development/Dymension/ethermint/x/evm/keeper/keeper.go:134 @ 06/02/25 11:17:43.512

  : []: invalid chain ID [/Users/keruch/Development/Dymension/ethermint/types/chain_id.go:60]

  Full Stack Trace
    github.com/evmos/ethermint/x/evm/keeper.(*Keeper).WithChainID(_, {{0x108492fa0, 0x10a39ed80}, {0x1084ae1c0, 0x140011fcd40}, {{0x0, 0x0}, {0x0, 0x0}, 0x0, ...}, ...})
    	/Users/keruch/Development/Dymension/ethermint/x/evm/keeper/keeper.go:134 +0xd8
    github.com/evmos/ethermint/x/evm/keeper.(*Keeper).BeginBlock(_, {{0x108492fa0, 0x10a39ed80}, {0x1084ae1c0, 0x140011fcd40}, {{0x0, 0x0}, {0x0, 0x0}, 0x0, ...}, ...})
    	/Users/keruch/Development/Dymension/ethermint/x/evm/keeper/abci.go:30 +0x4c
    github.com/evmos/ethermint/x/evm.AppModule.BeginBlock({{}, 0x14001483d40, {0x1084ad880, 0x14001635040}, {0x1315cae40, 0x14002778a08}, {0x108457440, 0x14000dc1ec0}}, {0x108492fd8?, 0x14002342008?})
    	/Users/keruch/Development/Dymension/ethermint/x/evm/module.go:162 +0xa0
    github.com/cosmos/cosmos-sdk/types/module.(*Manager).BeginBlock(_, {{0x108492fa0, 0x10a39ed80}, {0x1084ae1c0, 0x140011fcd40}, {{0x0, 0x0}, {0x0, 0x0}, 0x0, ...}, ...})
    	/Users/keruch/Go-workspace/pkg/mod/github.com/cosmos/cosmos-sdk@v0.50.11/types/module/module.go:778 +0x14c
    github.com/evmos/ethermint/app.(*EthermintApp).BeginBlocker(...)
    	/Users/keruch/Development/Dymension/ethermint/app/app.go:704
    github.com/evmos/ethermint/testutil.commit({{0x108492fa0, 0x10a39ed80}, {0x1084ae1c0, 0x140011fcd40}, {{0x0, 0x0}, {0x0, 0x0}, 0x0, {0x0, ...}, ...}, ...}, ...)
    	/Users/keruch/Development/Dymension/ethermint/testutil/abci.go:242 +0x2d8
    github.com/evmos/ethermint/testutil.Commit({{0x108492fa0, 0x10a39ed80}, {0x1084ae1c0, 0x140011fcd40}, {{0x0, 0x0}, {0x0, 0x0}, 0x0, {0x0, ...}, ...}, ...}, ...)
    	/Users/keruch/Development/Dymension/ethermint/testutil/abci.go:32 +0x7c
    github.com/evmos/ethermint/x/feemarket/keeper_test.(*KeeperTestSuite).CommitAfter(0x14001786c08, 0x14?)
    	/Users/keruch/Development/Dymension/ethermint/x/feemarket/keeper/keeper_test.go:91 +0xa0
    github.com/evmos/ethermint/x/feemarket/keeper_test.(*KeeperTestSuite).Commit(...)
    	/Users/keruch/Development/Dymension/ethermint/x/feemarket/keeper/keeper_test.go:86
    github.com/evmos/ethermint/x/feemarket/keeper_test.setupTestWithContext({0x107c28eb8, 0x1}, {0x14001a6d0e0?}, {0x14001c5bf20?})
    	/Users/keruch/Development/Dymension/ethermint/x/feemarket/keeper/integration_test.go:502 +0x768
    github.com/evmos/ethermint/x/feemarket/keeper_test.init.func1.2.2.1()
    	/Users/keruch/Development/Dymension/ethermint/x/feemarket/keeper/integration_test.go:333 +0xc0
------------------------------
• [PANICKED] [0.010 seconds]
Feemarket Performing EVM transactions with MinGasPrices (feemarket param) < BaseFee (feemarket) [BeforeEach] during DeliverTx should reject transactions with MinGasPrices < gasPrice < EffectivePrice legacy tx
  [BeforeEach] /Users/keruch/Development/Dymension/ethermint/x/feemarket/keeper/integration_test.go:325
  [It] /Users/keruch/Development/Dymension/ethermint/x/feemarket/keeper/integration_test.go:437

  [PANICKED] Test Panicked
  In [BeforeEach] at: /Users/keruch/Development/Dymension/ethermint/x/evm/keeper/keeper.go:134 @ 06/02/25 11:17:43.522

  : []: invalid chain ID [/Users/keruch/Development/Dymension/ethermint/types/chain_id.go:60]

  Full Stack Trace
    github.com/evmos/ethermint/x/evm/keeper.(*Keeper).WithChainID(_, {{0x108492fa0, 0x10a39ed80}, {0x1084ae1c0, 0x1400149bc40}, {{0x0, 0x0}, {0x0, 0x0}, 0x0, ...}, ...})
    	/Users/keruch/Development/Dymension/ethermint/x/evm/keeper/keeper.go:134 +0xd8
    github.com/evmos/ethermint/x/evm/keeper.(*Keeper).BeginBlock(_, {{0x108492fa0, 0x10a39ed80}, {0x1084ae1c0, 0x1400149bc40}, {{0x0, 0x0}, {0x0, 0x0}, 0x0, ...}, ...})
    	/Users/keruch/Development/Dymension/ethermint/x/evm/keeper/abci.go:30 +0x4c
    github.com/evmos/ethermint/x/evm.AppModule.BeginBlock({{}, 0x14001a786c0, {0x1084ad880, 0x14000cbe500}, {0x1315cae40, 0x14000daaf08}, {0x108457440, 0x140022c0840}}, {0x108492fd8?, 0x14001462388?})
    	/Users/keruch/Development/Dymension/ethermint/x/evm/module.go:162 +0xa0
    github.com/cosmos/cosmos-sdk/types/module.(*Manager).BeginBlock(_, {{0x108492fa0, 0x10a39ed80}, {0x1084ae1c0, 0x1400149bc40}, {{0x0, 0x0}, {0x0, 0x0}, 0x0, ...}, ...})
    	/Users/keruch/Go-workspace/pkg/mod/github.com/cosmos/cosmos-sdk@v0.50.11/types/module/module.go:778 +0x14c
    github.com/evmos/ethermint/app.(*EthermintApp).BeginBlocker(...)
    	/Users/keruch/Development/Dymension/ethermint/app/app.go:704
    github.com/evmos/ethermint/testutil.commit({{0x108492fa0, 0x10a39ed80}, {0x1084ae1c0, 0x1400149bc40}, {{0x0, 0x0}, {0x0, 0x0}, 0x0, {0x0, ...}, ...}, ...}, ...)
    	/Users/keruch/Development/Dymension/ethermint/testutil/abci.go:242 +0x2d8
    github.com/evmos/ethermint/testutil.Commit({{0x108492fa0, 0x10a39ed80}, {0x1084ae1c0, 0x1400149bc40}, {{0x0, 0x0}, {0x0, 0x0}, 0x0, {0x0, ...}, ...}, ...}, ...)
    	/Users/keruch/Development/Dymension/ethermint/testutil/abci.go:32 +0x7c
    github.com/evmos/ethermint/x/feemarket/keeper_test.(*KeeperTestSuite).CommitAfter(0x1400236b808, 0x14?)
    	/Users/keruch/Development/Dymension/ethermint/x/feemarket/keeper/keeper_test.go:91 +0xa0
    github.com/evmos/ethermint/x/feemarket/keeper_test.(*KeeperTestSuite).Commit(...)
    	/Users/keruch/Development/Dymension/ethermint/x/feemarket/keeper/keeper_test.go:86
    github.com/evmos/ethermint/x/feemarket/keeper_test.setupTestWithContext({0x107c28eb8, 0x1}, {0x140026d7880?}, {0x14001c61f20?})
    	/Users/keruch/Development/Dymension/ethermint/x/feemarket/keeper/integration_test.go:502 +0x768
    github.com/evmos/ethermint/x/feemarket/keeper_test.init.func1.2.2.1()
    	/Users/keruch/Development/Dymension/ethermint/x/feemarket/keeper/integration_test.go:333 +0xc0
------------------------------
• [PANICKED] [0.010 seconds]
Feemarket Performing EVM transactions with MinGasPrices (feemarket param) < BaseFee (feemarket) [BeforeEach] during DeliverTx should reject transactions with MinGasPrices < gasPrice < EffectivePrice dynamic tx
  [BeforeEach] /Users/keruch/Development/Dymension/ethermint/x/feemarket/keeper/integration_test.go:325
  [It] /Users/keruch/Development/Dymension/ethermint/x/feemarket/keeper/integration_test.go:440

  [PANICKED] Test Panicked
  In [BeforeEach] at: /Users/keruch/Development/Dymension/ethermint/x/evm/keeper/keeper.go:134 @ 06/02/25 11:17:43.533

  : []: invalid chain ID [/Users/keruch/Development/Dymension/ethermint/types/chain_id.go:60]

  Full Stack Trace
    github.com/evmos/ethermint/x/evm/keeper.(*Keeper).WithChainID(_, {{0x108492fa0, 0x10a39ed80}, {0x1084ae1c0, 0x14001caf240}, {{0x0, 0x0}, {0x0, 0x0}, 0x0, ...}, ...})
    	/Users/keruch/Development/Dymension/ethermint/x/evm/keeper/keeper.go:134 +0xd8
    github.com/evmos/ethermint/x/evm/keeper.(*Keeper).BeginBlock(_, {{0x108492fa0, 0x10a39ed80}, {0x1084ae1c0, 0x14001caf240}, {{0x0, 0x0}, {0x0, 0x0}, 0x0, ...}, ...})
    	/Users/keruch/Development/Dymension/ethermint/x/evm/keeper/abci.go:30 +0x4c
    github.com/evmos/ethermint/x/evm.AppModule.BeginBlock({{}, 0x1400163b7a0, {0x1084ad880, 0x140016357c0}, {0x1315cae40, 0x140027d8c88}, {0x108457440, 0x14001d128a0}}, {0x108492fd8?, 0x14001390008?})
    	/Users/keruch/Development/Dymension/ethermint/x/evm/module.go:162 +0xa0
    github.com/cosmos/cosmos-sdk/types/module.(*Manager).BeginBlock(_, {{0x108492fa0, 0x10a39ed80}, {0x1084ae1c0, 0x14001caf240}, {{0x0, 0x0}, {0x0, 0x0}, 0x0, ...}, ...})
    	/Users/keruch/Go-workspace/pkg/mod/github.com/cosmos/cosmos-sdk@v0.50.11/types/module/module.go:778 +0x14c
    github.com/evmos/ethermint/app.(*EthermintApp).BeginBlocker(...)
    	/Users/keruch/Development/Dymension/ethermint/app/app.go:704
    github.com/evmos/ethermint/testutil.commit({{0x108492fa0, 0x10a39ed80}, {0x1084ae1c0, 0x14001caf240}, {{0x0, 0x0}, {0x0, 0x0}, 0x0, {0x0, ...}, ...}, ...}, ...)
    	/Users/keruch/Development/Dymension/ethermint/testutil/abci.go:242 +0x2d8
    github.com/evmos/ethermint/testutil.Commit({{0x108492fa0, 0x10a39ed80}, {0x1084ae1c0, 0x14001caf240}, {{0x0, 0x0}, {0x0, 0x0}, 0x0, {0x0, ...}, ...}, ...}, ...)
    	/Users/keruch/Development/Dymension/ethermint/testutil/abci.go:32 +0x7c
    github.com/evmos/ethermint/x/feemarket/keeper_test.(*KeeperTestSuite).CommitAfter(0x1400146c008, 0x14?)
    	/Users/keruch/Development/Dymension/ethermint/x/feemarket/keeper/keeper_test.go:91 +0xa0
    github.com/evmos/ethermint/x/feemarket/keeper_test.(*KeeperTestSuite).Commit(...)
    	/Users/keruch/Development/Dymension/ethermint/x/feemarket/keeper/keeper_test.go:86
    github.com/evmos/ethermint/x/feemarket/keeper_test.setupTestWithContext({0x107c28eb8, 0x1}, {0x140011f0aa0?}, {0x14001c5bf20?})
    	/Users/keruch/Development/Dymension/ethermint/x/feemarket/keeper/integration_test.go:502 +0x768
    github.com/evmos/ethermint/x/feemarket/keeper_test.init.func1.2.2.1()
    	/Users/keruch/Development/Dymension/ethermint/x/feemarket/keeper/integration_test.go:333 +0xc0
------------------------------
• [PANICKED] [0.011 seconds]
Feemarket Performing EVM transactions with MinGasPrices (feemarket param) < BaseFee (feemarket) [BeforeEach] during DeliverTx should accept transactions with gasPrice >= EffectivePrice legacy tx
  [BeforeEach] /Users/keruch/Development/Dymension/ethermint/x/feemarket/keeper/integration_test.go:325
  [It] /Users/keruch/Development/Dymension/ethermint/x/feemarket/keeper/integration_test.go:454

  [PANICKED] Test Panicked
  In [BeforeEach] at: /Users/keruch/Development/Dymension/ethermint/x/evm/keeper/keeper.go:134 @ 06/02/25 11:17:43.543

  : []: invalid chain ID [/Users/keruch/Development/Dymension/ethermint/types/chain_id.go:60]

  Full Stack Trace
    github.com/evmos/ethermint/x/evm/keeper.(*Keeper).WithChainID(_, {{0x108492fa0, 0x10a39ed80}, {0x1084ae1c0, 0x1400111b8c0}, {{0x0, 0x0}, {0x0, 0x0}, 0x0, ...}, ...})
    	/Users/keruch/Development/Dymension/ethermint/x/evm/keeper/keeper.go:134 +0xd8
    github.com/evmos/ethermint/x/evm/keeper.(*Keeper).BeginBlock(_, {{0x108492fa0, 0x10a39ed80}, {0x1084ae1c0, 0x1400111b8c0}, {{0x0, 0x0}, {0x0, 0x0}, 0x0, ...}, ...})
    	/Users/keruch/Development/Dymension/ethermint/x/evm/keeper/abci.go:30 +0x4c
    github.com/evmos/ethermint/x/evm.AppModule.BeginBlock({{}, 0x140014cbe60, {0x1084ad880, 0x14002463b80}, {0x1315cae40, 0x1400254aa08}, {0x108457440, 0x1400203b4a0}}, {0x108492fd8?, 0x140013ba708?})
    	/Users/keruch/Development/Dymension/ethermint/x/evm/module.go:162 +0xa0
    github.com/cosmos/cosmos-sdk/types/module.(*Manager).BeginBlock(_, {{0x108492fa0, 0x10a39ed80}, {0x1084ae1c0, 0x1400111b8c0}, {{0x0, 0x0}, {0x0, 0x0}, 0x0, ...}, ...})
    	/Users/keruch/Go-workspace/pkg/mod/github.com/cosmos/cosmos-sdk@v0.50.11/types/module/module.go:778 +0x14c
    github.com/evmos/ethermint/app.(*EthermintApp).BeginBlocker(...)
    	/Users/keruch/Development/Dymension/ethermint/app/app.go:704
    github.com/evmos/ethermint/testutil.commit({{0x108492fa0, 0x10a39ed80}, {0x1084ae1c0, 0x1400111b8c0}, {{0x0, 0x0}, {0x0, 0x0}, 0x0, {0x0, ...}, ...}, ...}, ...)
    	/Users/keruch/Development/Dymension/ethermint/testutil/abci.go:242 +0x2d8
    github.com/evmos/ethermint/testutil.Commit({{0x108492fa0, 0x10a39ed80}, {0x1084ae1c0, 0x1400111b8c0}, {{0x0, 0x0}, {0x0, 0x0}, 0x0, {0x0, ...}, ...}, ...}, ...)
    	/Users/keruch/Development/Dymension/ethermint/testutil/abci.go:32 +0x7c
    github.com/evmos/ethermint/x/feemarket/keeper_test.(*KeeperTestSuite).CommitAfter(0x1400139cc08, 0x14?)
    	/Users/keruch/Development/Dymension/ethermint/x/feemarket/keeper/keeper_test.go:91 +0xa0
    github.com/evmos/ethermint/x/feemarket/keeper_test.(*KeeperTestSuite).Commit(...)
    	/Users/keruch/Development/Dymension/ethermint/x/feemarket/keeper/keeper_test.go:86
    github.com/evmos/ethermint/x/feemarket/keeper_test.setupTestWithContext({0x107c28eb8, 0x1}, {0x140026d7980?}, {0x14001c5ff20?})
    	/Users/keruch/Development/Dymension/ethermint/x/feemarket/keeper/integration_test.go:502 +0x768
    github.com/evmos/ethermint/x/feemarket/keeper_test.init.func1.2.2.1()
    	/Users/keruch/Development/Dymension/ethermint/x/feemarket/keeper/integration_test.go:333 +0xc0
------------------------------
• [PANICKED] [0.012 seconds]
Feemarket Performing EVM transactions with MinGasPrices (feemarket param) < BaseFee (feemarket) [BeforeEach] during DeliverTx should accept transactions with gasPrice >= EffectivePrice dynamic tx
  [BeforeEach] /Users/keruch/Development/Dymension/ethermint/x/feemarket/keeper/integration_test.go:325
  [It] /Users/keruch/Development/Dymension/ethermint/x/feemarket/keeper/integration_test.go:457

  [PANICKED] Test Panicked
  In [BeforeEach] at: /Users/keruch/Development/Dymension/ethermint/x/evm/keeper/keeper.go:134 @ 06/02/25 11:17:43.555

  : []: invalid chain ID [/Users/keruch/Development/Dymension/ethermint/types/chain_id.go:60]

  Full Stack Trace
    github.com/evmos/ethermint/x/evm/keeper.(*Keeper).WithChainID(_, {{0x108492fa0, 0x10a39ed80}, {0x1084ae1c0, 0x1400134b8c0}, {{0x0, 0x0}, {0x0, 0x0}, 0x0, ...}, ...})
    	/Users/keruch/Development/Dymension/ethermint/x/evm/keeper/keeper.go:134 +0xd8
    github.com/evmos/ethermint/x/evm/keeper.(*Keeper).BeginBlock(_, {{0x108492fa0, 0x10a39ed80}, {0x1084ae1c0, 0x1400134b8c0}, {{0x0, 0x0}, {0x0, 0x0}, 0x0, ...}, ...})
    	/Users/keruch/Development/Dymension/ethermint/x/evm/keeper/abci.go:30 +0x4c
    github.com/evmos/ethermint/x/evm.AppModule.BeginBlock({{}, 0x1400163afc0, {0x1084ad880, 0x14001635900}, {0x1315cae40, 0x140027d8c88}, {0x108457440, 0x140022f5200}}, {0x108492fd8?, 0x1400142e008?})
    	/Users/keruch/Development/Dymension/ethermint/x/evm/module.go:162 +0xa0
    github.com/cosmos/cosmos-sdk/types/module.(*Manager).BeginBlock(_, {{0x108492fa0, 0x10a39ed80}, {0x1084ae1c0, 0x1400134b8c0}, {{0x0, 0x0}, {0x0, 0x0}, 0x0, ...}, ...})
    	/Users/keruch/Go-workspace/pkg/mod/github.com/cosmos/cosmos-sdk@v0.50.11/types/module/module.go:778 +0x14c
    github.com/evmos/ethermint/app.(*EthermintApp).BeginBlocker(...)
    	/Users/keruch/Development/Dymension/ethermint/app/app.go:704
    github.com/evmos/ethermint/testutil.commit({{0x108492fa0, 0x10a39ed80}, {0x1084ae1c0, 0x1400134b8c0}, {{0x0, 0x0}, {0x0, 0x0}, 0x0, {0x0, ...}, ...}, ...}, ...)
    	/Users/keruch/Development/Dymension/ethermint/testutil/abci.go:242 +0x2d8
    github.com/evmos/ethermint/testutil.Commit({{0x108492fa0, 0x10a39ed80}, {0x1084ae1c0, 0x1400134b8c0}, {{0x0, 0x0}, {0x0, 0x0}, 0x0, {0x0, ...}, ...}, ...}, ...)
    	/Users/keruch/Development/Dymension/ethermint/testutil/abci.go:32 +0x7c
    github.com/evmos/ethermint/x/feemarket/keeper_test.(*KeeperTestSuite).CommitAfter(0x140013bec08, 0x14?)
    	/Users/keruch/Development/Dymension/ethermint/x/feemarket/keeper/keeper_test.go:91 +0xa0
    github.com/evmos/ethermint/x/feemarket/keeper_test.(*KeeperTestSuite).Commit(...)
    	/Users/keruch/Development/Dymension/ethermint/x/feemarket/keeper/keeper_test.go:86
    github.com/evmos/ethermint/x/feemarket/keeper_test.setupTestWithContext({0x107c28eb8, 0x1}, {0x140021051e0?}, {0x14001c61f20?})
    	/Users/keruch/Development/Dymension/ethermint/x/feemarket/keeper/integration_test.go:502 +0x768
    github.com/evmos/ethermint/x/feemarket/keeper_test.init.func1.2.2.1()
    	/Users/keruch/Development/Dymension/ethermint/x/feemarket/keeper/integration_test.go:333 +0xc0
------------------------------

Summarizing 38 Failures:
  [PANICKED!] Feemarket Performing Cosmos transactions with min-gas-prices (local) < MinGasPrices (feemarket param) [BeforeEach] during CheckTx should reject transactions with gasPrice < MinGasPrices
  /Users/keruch/Development/Dymension/ethermint/x/evm/keeper/keeper.go:134
  [PANICKED!] Feemarket Performing Cosmos transactions with min-gas-prices (local) < MinGasPrices (feemarket param) [BeforeEach] during CheckTx should accept transactions with gasPrice >= MinGasPrices
  /Users/keruch/Development/Dymension/ethermint/x/evm/keeper/keeper.go:134
  [PANICKED!] Feemarket Performing Cosmos transactions with min-gas-prices (local) < MinGasPrices (feemarket param) [BeforeEach] during DeliverTx should reject transactions with gasPrice < MinGasPrices
  /Users/keruch/Development/Dymension/ethermint/x/evm/keeper/keeper.go:134
  [PANICKED!] Feemarket Performing Cosmos transactions with min-gas-prices (local) < MinGasPrices (feemarket param) [BeforeEach] during DeliverTx should accept transactions with gasPrice >= MinGasPrices
  /Users/keruch/Development/Dymension/ethermint/x/evm/keeper/keeper.go:134
  [PANICKED!] Feemarket Performing Cosmos transactions with min-gas-prices (local) == MinGasPrices (feemarket param) [BeforeEach] during CheckTx should reject transactions with gasPrice < min-gas-prices
  /Users/keruch/Development/Dymension/ethermint/x/evm/keeper/keeper.go:134
  [PANICKED!] Feemarket Performing Cosmos transactions with min-gas-prices (local) == MinGasPrices (feemarket param) [BeforeEach] during CheckTx should accept transactions with gasPrice >= MinGasPrices
  /Users/keruch/Development/Dymension/ethermint/x/evm/keeper/keeper.go:134
  [PANICKED!] Feemarket Performing Cosmos transactions with min-gas-prices (local) == MinGasPrices (feemarket param) [BeforeEach] during DeliverTx should reject transactions with gasPrice < MinGasPrices
  /Users/keruch/Development/Dymension/ethermint/x/evm/keeper/keeper.go:134
  [PANICKED!] Feemarket Performing Cosmos transactions with min-gas-prices (local) == MinGasPrices (feemarket param) [BeforeEach] during DeliverTx should accept transactions with gasPrice >= MinGasPrices
  /Users/keruch/Development/Dymension/ethermint/x/evm/keeper/keeper.go:134
  [PANICKED!] Feemarket Performing Cosmos transactions with MinGasPrices (feemarket param) < min-gas-prices (local) [BeforeEach] during CheckTx should reject transactions with gasPrice < MinGasPrices
  /Users/keruch/Development/Dymension/ethermint/x/evm/keeper/keeper.go:134
  [PANICKED!] Feemarket Performing Cosmos transactions with MinGasPrices (feemarket param) < min-gas-prices (local) [BeforeEach] during CheckTx should reject transactions with MinGasPrices < gasPrice < baseFee
  /Users/keruch/Development/Dymension/ethermint/x/evm/keeper/keeper.go:134
  [PANICKED!] Feemarket Performing Cosmos transactions with MinGasPrices (feemarket param) < min-gas-prices (local) [BeforeEach] during CheckTx should accept transactions with gasPrice >= baseFee
  /Users/keruch/Development/Dymension/ethermint/x/evm/keeper/keeper.go:134
  [PANICKED!] Feemarket Performing Cosmos transactions with MinGasPrices (feemarket param) < min-gas-prices (local) [BeforeEach] during DeliverTx should reject transactions with gasPrice < MinGasPrices
  /Users/keruch/Development/Dymension/ethermint/x/evm/keeper/keeper.go:134
  [PANICKED!] Feemarket Performing Cosmos transactions with MinGasPrices (feemarket param) < min-gas-prices (local) [BeforeEach] during DeliverTx should reject transactions with MinGasPrices < gasPrice < baseFee
  /Users/keruch/Development/Dymension/ethermint/x/evm/keeper/keeper.go:134
  [PANICKED!] Feemarket Performing Cosmos transactions with MinGasPrices (feemarket param) < min-gas-prices (local) [BeforeEach] during DeliverTx should accept transactions with gasPrice >= baseFee
  /Users/keruch/Development/Dymension/ethermint/x/evm/keeper/keeper.go:134
  [PANICKED!] Feemarket Performing EVM transactions with BaseFee (feemarket) < MinGasPrices (feemarket param) [BeforeEach] during CheckTx should reject transactions with EffectivePrice < MinGasPrices legacy tx
  /Users/keruch/Development/Dymension/ethermint/x/evm/keeper/keeper.go:134
  [PANICKED!] Feemarket Performing EVM transactions with BaseFee (feemarket) < MinGasPrices (feemarket param) [BeforeEach] during CheckTx should reject transactions with EffectivePrice < MinGasPrices dynamic tx with GasFeeCap < MinGasPrices, no gasTipCap
  /Users/keruch/Development/Dymension/ethermint/x/evm/keeper/keeper.go:134
  [PANICKED!] Feemarket Performing EVM transactions with BaseFee (feemarket) < MinGasPrices (feemarket param) [BeforeEach] during CheckTx should reject transactions with EffectivePrice < MinGasPrices dynamic tx with GasFeeCap < MinGasPrices, max gasTipCap
  /Users/keruch/Development/Dymension/ethermint/x/evm/keeper/keeper.go:134
  [PANICKED!] Feemarket Performing EVM transactions with BaseFee (feemarket) < MinGasPrices (feemarket param) [BeforeEach] during CheckTx should reject transactions with EffectivePrice < MinGasPrices dynamic tx with GasFeeCap > MinGasPrices, EffectivePrice < MinGasPrices
  /Users/keruch/Development/Dymension/ethermint/x/evm/keeper/keeper.go:134
  [PANICKED!] Feemarket Performing EVM transactions with BaseFee (feemarket) < MinGasPrices (feemarket param) [BeforeEach] during CheckTx should accept transactions with gasPrice >= MinGasPrices legacy tx
  /Users/keruch/Development/Dymension/ethermint/x/evm/keeper/keeper.go:134
  [PANICKED!] Feemarket Performing EVM transactions with BaseFee (feemarket) < MinGasPrices (feemarket param) [BeforeEach] during CheckTx should accept transactions with gasPrice >= MinGasPrices dynamic tx with GasFeeCap > MinGasPrices, EffectivePrice > MinGasPrices
  /Users/keruch/Development/Dymension/ethermint/x/evm/keeper/keeper.go:134
  [PANICKED!] Feemarket Performing EVM transactions with BaseFee (feemarket) < MinGasPrices (feemarket param) [BeforeEach] during DeliverTx should reject transactions with gasPrice < MinGasPrices legacy tx
  /Users/keruch/Development/Dymension/ethermint/x/evm/keeper/keeper.go:134
  [PANICKED!] Feemarket Performing EVM transactions with BaseFee (feemarket) < MinGasPrices (feemarket param) [BeforeEach] during DeliverTx should reject transactions with gasPrice < MinGasPrices dynamic tx with GasFeeCap < MinGasPrices, no gasTipCap
  /Users/keruch/Development/Dymension/ethermint/x/evm/keeper/keeper.go:134
  [PANICKED!] Feemarket Performing EVM transactions with BaseFee (feemarket) < MinGasPrices (feemarket param) [BeforeEach] during DeliverTx should reject transactions with gasPrice < MinGasPrices dynamic tx with GasFeeCap < MinGasPrices, max gasTipCap
  /Users/keruch/Development/Dymension/ethermint/x/evm/keeper/keeper.go:134
  [PANICKED!] Feemarket Performing EVM transactions with BaseFee (feemarket) < MinGasPrices (feemarket param) [BeforeEach] during DeliverTx should accept transactions with gasPrice >= MinGasPrices legacy tx
  /Users/keruch/Development/Dymension/ethermint/x/evm/keeper/keeper.go:134
  [PANICKED!] Feemarket Performing EVM transactions with BaseFee (feemarket) < MinGasPrices (feemarket param) [BeforeEach] during DeliverTx should accept transactions with gasPrice >= MinGasPrices dynamic tx, EffectivePrice > MinGasPrices
  /Users/keruch/Development/Dymension/ethermint/x/evm/keeper/keeper.go:134
  [PANICKED!] Feemarket Performing EVM transactions with MinGasPrices (feemarket param) < BaseFee (feemarket) [BeforeEach] during CheckTx should reject transactions with gasPrice < MinGasPrices legacy tx
  /Users/keruch/Development/Dymension/ethermint/x/evm/keeper/keeper.go:134
  [PANICKED!] Feemarket Performing EVM transactions with MinGasPrices (feemarket param) < BaseFee (feemarket) [BeforeEach] during CheckTx should reject transactions with gasPrice < MinGasPrices dynamic tx with GasFeeCap < MinGasPrices, no gasTipCap
  /Users/keruch/Development/Dymension/ethermint/x/evm/keeper/keeper.go:134
  [PANICKED!] Feemarket Performing EVM transactions with MinGasPrices (feemarket param) < BaseFee (feemarket) [BeforeEach] during CheckTx should reject transactions with gasPrice < MinGasPrices dynamic tx with GasFeeCap < MinGasPrices, max gasTipCap
  /Users/keruch/Development/Dymension/ethermint/x/evm/keeper/keeper.go:134
  [PANICKED!] Feemarket Performing EVM transactions with MinGasPrices (feemarket param) < BaseFee (feemarket) [BeforeEach] during CheckTx should reject transactions with MinGasPrices < tx gasPrice < EffectivePrice legacy tx
  /Users/keruch/Development/Dymension/ethermint/x/evm/keeper/keeper.go:134
  [PANICKED!] Feemarket Performing EVM transactions with MinGasPrices (feemarket param) < BaseFee (feemarket) [BeforeEach] during CheckTx should reject transactions with MinGasPrices < tx gasPrice < EffectivePrice dynamic tx
  /Users/keruch/Development/Dymension/ethermint/x/evm/keeper/keeper.go:134
  [PANICKED!] Feemarket Performing EVM transactions with MinGasPrices (feemarket param) < BaseFee (feemarket) [BeforeEach] during CheckTx should accept transactions with gasPrice >= EffectivePrice legacy tx
  /Users/keruch/Development/Dymension/ethermint/x/evm/keeper/keeper.go:134
  [PANICKED!] Feemarket Performing EVM transactions with MinGasPrices (feemarket param) < BaseFee (feemarket) [BeforeEach] during CheckTx should accept transactions with gasPrice >= EffectivePrice dynamic tx
  /Users/keruch/Development/Dymension/ethermint/x/evm/keeper/keeper.go:134
  [PANICKED!] Feemarket Performing EVM transactions with MinGasPrices (feemarket param) < BaseFee (feemarket) [BeforeEach] during DeliverTx should reject transactions with gasPrice < MinGasPrices legacy tx
  /Users/keruch/Development/Dymension/ethermint/x/evm/keeper/keeper.go:134
  [PANICKED!] Feemarket Performing EVM transactions with MinGasPrices (feemarket param) < BaseFee (feemarket) [BeforeEach] during DeliverTx should reject transactions with gasPrice < MinGasPrices dynamic tx
  /Users/keruch/Development/Dymension/ethermint/x/evm/keeper/keeper.go:134
  [PANICKED!] Feemarket Performing EVM transactions with MinGasPrices (feemarket param) < BaseFee (feemarket) [BeforeEach] during DeliverTx should reject transactions with MinGasPrices < gasPrice < EffectivePrice legacy tx
  /Users/keruch/Development/Dymension/ethermint/x/evm/keeper/keeper.go:134
  [PANICKED!] Feemarket Performing EVM transactions with MinGasPrices (feemarket param) < BaseFee (feemarket) [BeforeEach] during DeliverTx should reject transactions with MinGasPrices < gasPrice < EffectivePrice dynamic tx
  /Users/keruch/Development/Dymension/ethermint/x/evm/keeper/keeper.go:134
  [PANICKED!] Feemarket Performing EVM transactions with MinGasPrices (feemarket param) < BaseFee (feemarket) [BeforeEach] during DeliverTx should accept transactions with gasPrice >= EffectivePrice legacy tx
  /Users/keruch/Development/Dymension/ethermint/x/evm/keeper/keeper.go:134
  [PANICKED!] Feemarket Performing EVM transactions with MinGasPrices (feemarket param) < BaseFee (feemarket) [BeforeEach] during DeliverTx should accept transactions with gasPrice >= EffectivePrice dynamic tx
  /Users/keruch/Development/Dymension/ethermint/x/evm/keeper/keeper.go:134

Ran 38 of 38 Specs in 0.415 seconds
FAIL! -- 0 Passed | 38 Failed | 0 Pending | 0 Skipped
--- FAIL: TestKeeperTestSuite (0.63s)
FAIL
FAIL	github.com/evmos/ethermint/x/feemarket/keeper	1.542s
ok  	github.com/evmos/ethermint/x/feemarket/types	0.318s
FAIL
